12-13 15:22:05.704   214   233 W Looper  : Slow dispatch took 107ms android.ui h=android.view.Choreographer$FrameHandler c=android.view.Choreographer$FrameDisplayEventReceiver@a9b7903 m=0
12-13 15:22:05.732   351   496 W SharedPreferencesLogger: Tried to log unloggable object=false
12-13 15:22:05.733   351   496 W SharedPreferencesLogger: Tried to log unloggable object=map12
12-13 15:22:05.733   351   351 D AbstractBtDlgCtr: Unable to get current config index. Current codec Config is null.
12-13 15:22:05.733   351   496 W SharedPreferencesLogger: Tried to log unloggable object=false
12-13 15:22:05.734   351   351 D AbstractBtDlgCtr: Unable to get current config index. Current codec Config is null.
12-13 15:22:05.734   351   496 W SharedPreferencesLogger: Tried to log unloggable object=avrcp15
12-13 15:22:05.735   351   351 D AbstractBtDlgCtr: Unable to get current config index. Current codec Config is null.
12-13 15:22:05.737   620  1130 I Gralloc4: mapper 4.x is not supported
12-13 15:22:05.737   620  1130 W Gralloc3: mapper 3.x is not supported
12-13 15:22:05.738   620  1130 W Gralloc4: allocator 3.x is not supported
12-13 15:22:05.738   351   496 W SharedPreferencesLogger: Tried to log unloggable object=disabled
12-13 15:22:05.738   620  1130 W Gralloc3: allocator 3.x is not supported
12-13 15:22:05.741   351  1181 W SharedPreferencesLogger: Tried to log unloggable object=
12-13 15:22:05.743   351  1181 W SharedPreferencesLogger: Tried to log unloggable object=hide
12-13 15:22:05.743   351   351 W Settings: Setting bugreport_in_power_menu has moved from android.provider.Settings.Secure to android.provider.Settings.Global.
12-13 15:22:05.744   351  1181 W SharedPreferencesLogger: Tried to log unloggable object=device_default
12-13 15:22:05.800   620  1130 D HostConnection: createUnique: call
12-13 15:22:05.801   620  1130 D librcm  : SocketClient connected to host port 22469
12-13 15:22:05.801   620  1130 D HostConnection: HostConnection::get() New Host Connection established 0x7a03b10e7b50, tid 1130
12-13 15:22:05.801   620  1130 D HostConnection: HostComposition ext ANDROID_EMU_host_composition_v1 ANDROID_EMU_host_composition_v2 ANDROID_EMU_virtio_gpu_next ANDROID_EMU_sync_buffer_data GL_OES_EGL_image_external_essl3 GL_OES_vertex_array_object GL_KHR_texture_compression_astc_ldr GL_EXT_texture_compression_bptc GL_EXT_texture_compression_s3tc ANDROID_EMU_host_side_tracing ANDROID_EMU_gles_max_version_3_0 
12-13 15:22:05.878   351   487 D skia    : Shader compilation error
12-13 15:22:05.878   351   487 D skia    : ------------------------
12-13 15:22:05.878   351   487 D skia    : Errors:
12-13 15:22:05.878   351   487 D skia    : 
12-13 15:22:05.880   620  1112 V SettingsRedirectionHandler: Receive SettingsMessage ClosedCaptions
12-13 15:22:05.886   351   487 D skia    : Shader compilation error
12-13 15:22:05.886   351   487 D skia    : ------------------------
12-13 15:22:05.886   351   487 D skia    : Errors:
12-13 15:22:05.886   351   487 D skia    : 
12-13 15:22:05.889   351   487 D skia    : Shader compilation error
12-13 15:22:05.889   351   487 D skia    : ------------------------
12-13 15:22:05.889   351   487 D skia    : Errors:
12-13 15:22:05.889   351   487 D skia    : 
12-13 15:22:05.903   351   487 D skia    : Shader compilation error
12-13 15:22:05.903   351   487 D skia    : ------------------------
12-13 15:22:05.903   351   487 D skia    : Errors:
12-13 15:22:05.903   351   487 D skia    : 
12-13 15:22:05.906   351   487 D skia    : Shader compilation error
12-13 15:22:05.906   351   487 D skia    : ------------------------
12-13 15:22:05.906   351   487 D skia    : Errors:
12-13 15:22:05.906   351   487 D skia    : 
12-13 15:22:05.917   351   487 D skia    : Shader compilation error
12-13 15:22:05.917   351   487 D skia    : ------------------------
12-13 15:22:05.917   351   487 D skia    : Errors:
12-13 15:22:05.917   351   487 D skia    : 
12-13 15:22:05.947   351   351 E Settings: Error while retrieving application info for package com.android.settings.intelligence
12-13 15:22:05.947   351   351 E Settings: android.content.pm.PackageManager$NameNotFoundException: com.android.settings.intelligence
12-13 15:22:05.947   351   351 E Settings: 	at android.app.ApplicationPackageManager.getApplicationInfoAsUser(ApplicationPackageManager.java:423)
12-13 15:22:05.947   351   351 E Settings: 	at android.app.ApplicationPackageManager.getApplicationInfo(ApplicationPackageManager.java:412)
12-13 15:22:05.947   351   351 E Settings: 	at com.android.settings.Utils.isPackageEnabled(Utils.java:1041)
12-13 15:22:05.947   351   351 E Settings: 	at com.android.settings.search.actionbar.SearchMenuController.onCreateOptionsMenu(SearchMenuController.java:74)
12-13 15:22:05.947   351   351 E Settings: 	at com.android.settingslib.core.lifecycle.Lifecycle.onCreateOptionsMenu(Lifecycle.java:187)
12-13 15:22:05.947   351   351 E Settings: 	at com.android.settingslib.core.lifecycle.ObservablePreferenceFragment.onCreateOptionsMenu(ObservablePreferenceFragment.java:115)
12-13 15:22:05.947   351   351 E Settings: 	at androidx.fragment.app.Fragment.performCreateOptionsMenu(Fragment.java:3034)
12-13 15:22:05.947   351   351 E Settings: 	at androidx.fragment.app.FragmentManager.dispatchCreateOptionsMenu(FragmentManager.java:3099)
12-13 15:22:05.947   351   351 E Settings: 	at androidx.fragment.app.FragmentController.dispatchCreateOptionsMenu(FragmentController.java:391)
12-13 15:22:05.947   351   351 E Settings: 	at androidx.fragment.app.FragmentActivity.onCreatePanelMenu(FragmentActivity.java:253)
12-13 15:22:05.947   351   351 E Settings: 	at android.view.WindowCallbackWrapper.onCreatePanelMenu(WindowCallbackWrapper.java:78)
12-13 15:22:05.947   351   351 E Settings: 	at com.android.internal.app.ToolbarActionBar.populateOptionsMenu(ToolbarActionBar.java:454)
12-13 15:22:05.947   351   351 E Settings: 	at com.android.internal.app.ToolbarActionBar$1.run(ToolbarActionBar.java:57)
12-13 15:22:05.947   351   351 E Settings: 	at android.os.Handler.handleCallback(Handler.java:938)
12-13 15:22:05.947   351   351 E Settings: 	at android.os.Handler.dispatchMessage(Handler.java:99)
12-13 15:22:05.947   351   351 E Settings: 	at android.os.Looper.loop(Looper.java:223)
12-13 15:22:05.947   351   351 E Settings: 	at android.app.ActivityThread.main(ActivityThread.java:7664)
12-13 15:22:05.947   351   351 E Settings: 	at java.lang.reflect.Method.invoke(Native Method)
12-13 15:22:05.947   351   351 E Settings: 	at com.android.internal.os.RuntimeInit$MethodAndArgsCaller.run(RuntimeInit.java:592)
12-13 15:22:05.947   351   351 E Settings: 	at com.android.internal.os.ZygoteInit.main(ZygoteInit.java:947)
12-13 15:22:06.003   467  1204 D NetworkMonitor/100: PROBE_DNS www.google.com 5ms OK 127.0.0.1
12-13 15:22:06.003   467  1205 D NetworkMonitor/100: PROBE_DNS connectivitycheck.gstatic.com 6ms OK 203.208.41.66
12-13 15:22:06.005   467  1204 D NetworkMonitor/100: PROBE_HTTPS https://www.google.com/generate_204 Probe failed with exception java.net.ConnectException: Failed to connect to www.google.com/127.0.0.1:443
12-13 15:22:06.180   910   932 I d.process.acor: Waiting for a blocking GC ProfileSaver
12-13 15:22:06.214   965   984 I ackageinstalle: Waiting for a blocking GC ProfileSaver
12-13 15:22:06.223   790  1209 I HollywoodAppstore.ScheduleAlarmsService: Recently handled this, but continuing to check if a handler is enforced
12-13 15:22:06.223   790  1209 I HollywoodAppstore.ScheduleAlarmsService: Calling 12 handlers
12-13 15:22:06.223   790  1209 I HollywoodAppstore.PackageAvailabilityChecker: Scheduling an immediate task to reconcile package availability
12-13 15:22:06.225   790  1209 I HollywoodAppstore.JobSchedulerHelper: Non-Periodic JobScheduler.schedule(5, 100) returned 1
12-13 15:22:06.225   790  1209 I HollywoodAppstore.ScheduleAlarmsService: All Done
12-13 15:22:06.228   790  1213 I HollywoodAppstore.PackageAvailabilityChecker: Registering broadcast receivers.
12-13 15:22:06.229   790  1213 I HollywoodAppstore.PackageAvailabilityChecker: Sequence No: 0 Boot Count: 25 Last Reconciled: 1639370602005
12-13 15:22:06.229   790  1213 I HollywoodAppstore.PackageAvailabilityChecker: Detected reboot. Going for full reconcile.
12-13 15:22:06.390   467  1205 D NetworkMonitor/100: PROBE_HTTP http://connectivitycheck.gstatic.com/generate_204 time=386ms ret=204 request={Connection=[close], User-Agent=[Mozilla/5.0 (X11; Linux x86_64) AppleWebKit/537.36 (KHTML, like Gecko) Chrome/60.0.3112.32 Safari/537.36]} headers={null=[HTTP/1.1 204 No Content], Connection=[close], Content-Length=[0], Date=[Mon, 13 Dec 2021 07:22:04 GMT], X-Android-Received-Millis=[1639380126390], X-Android-Response-Source=[NETWORK 204], X-Android-Selected-Protocol=[http/1.1], X-Android-Sent-Millis=[1639380126134]}
12-13 15:22:06.392   467  1203 D NetworkMonitor/100: PROBE_FALLBACK http://www.google.com/gen_204 Probe failed with exception java.net.ConnectException: Failed to connect to www.google.com/127.0.0.1:80
12-13 15:22:06.393   467  1203 D NetworkMonitor/100: isCaptivePortal: isSuccessful()=false isPortal()=false RedirectUrl=null isPartialConnectivity()=true Time=395ms
12-13 15:22:05.978   620  1112 I chatty  : uid=1000(system) ApiMessageHandl identical 2 lines
12-13 15:22:05.980   620  1112 V SettingsRedirectionHandler: Receive SettingsMessage ClosedCaptions
12-13 15:22:06.393   214   296 D ConnectivityService: [100 WIFI] validation failed
12-13 15:22:06.894  1116  1123 I adbd    : adbd_auth: received a new framework connection
12-13 15:22:06.894  1116  1123 I adbd    : adbd_auth: received new framework fd 20 (current = -1)
12-13 15:22:07.234   214   610 E TaskPersister: File error accessing recents directory (directory doesn't exist?).
12-13 15:22:07.237   351   351 E BluetoothAdapter: Bluetooth binder is null
12-13 15:22:07.246   214   757 I DisplayManagerService: Display device removed: DisplayDeviceInfo{"com.android.settings:1": uniqueId="virtual:com.microsoft.windows.systemapp:com.android.settings:1", 1050 x 640, modeId 2, defaultModeId 2, supportedModes [{id=2, width=1050, height=640, fps=60.0}], colorMode 0, supportedColorModes [0], HdrCapabilities null, allmSupported false, gameContentTypeSupported false, density 240, 240.0 x 240.0 dpi, appVsyncOff 0, presDeadline 16666666, touch VIRTUAL, rotation 0, type VIRTUAL, deviceProductInfo null, state OFF, owner com.microsoft.windows.systemapp (uid 1000), FLAG_ROTATES_WITH_CONTENT, FLAG_SECURE, FLAG_OWN_CONTENT_ONLY}
12-13 15:22:07.246   214   235 W DisplayManagerService: Attempted to change non-existent display device: DisplayDeviceInfo{"com.android.settings:1": uniqueId="virtual:com.microsoft.windows.systemapp:com.android.settings:1", 1050 x 640, modeId 2, defaultModeId 2, supportedModes [{id=2, width=1050, height=640, fps=60.0}], colorMode 0, supportedColorModes [0], HdrCapabilities null, allmSupported false, gameContentTypeSupported false, density 240, 240.0 x 240.0 dpi, appVsyncOff 0, presDeadline 16666666, touch VIRTUAL, rotation 0, type VIRTUAL, deviceProductInfo null, state OFF, owner com.microsoft.windows.systemapp (uid 1000), FLAG_ROTATES_WITH_CONTENT, FLAG_SECURE, FLAG_OWN_CONTENT_ONLY}
12-13 15:22:07.246   214   235 W DisplayManagerService: Attempted to change non-existent display device: DisplayDeviceInfo{"com.android.settings:1": uniqueId="virtual:com.microsoft.windows.systemapp:com.android.settings:1", 1050 x 640, modeId 2, defaultModeId 2, supportedModes [{id=2, width=1050, height=640, fps=60.0}], colorMode 0, supportedColorModes [0], HdrCapabilities null, allmSupported false, gameContentTypeSupported false, density 240, 240.0 x 240.0 dpi, appVsyncOff 0, presDeadline 16666666, touch VIRTUAL, rotation 0, type VIRTUAL, deviceProductInfo null, state OFF, owner com.microsoft.windows.systemapp (uid 1000), FLAG_ROTATES_WITH_CONTENT, FLAG_SECURE, FLAG_OWN_CONTENT_ONLY}
12-13 15:22:07.247   214   214 W WindowManager: removeWindowToken: Attempted to remove non-existing token: android.os.Binder@51b02dc
12-13 15:22:07.252   620  1112 V SettingsRedirectionHandler: Receive SettingsMessage ClosedCaptions
12-13 15:22:07.279   620  1112 I chatty  : uid=1000(system) ApiMessageHandl identical 2 lines
12-13 15:22:07.434   620  1112 V SettingsRedirectionHandler: Receive SettingsMessage ClosedCaptions
12-13 15:22:07.436   214   235 E SensorNotificationService: Invalid local geomagnetic field, ignore.
12-13 15:22:07.437   620  1112 V SettingsRedirectionHandler: Receive SettingsMessage ClosedCaptions
12-13 15:22:07.446   375   565 D EGL_emulation: app_time_stats: avg=127.66ms min=14.81ms max=1638.72ms count=18
12-13 15:22:08.401   467  1221 D NetworkMonitor/100: PROBE_DNS connectivitycheck.gstatic.com 4ms OK 203.208.41.66
12-13 15:22:08.401   467  1220 D NetworkMonitor/100: PROBE_DNS www.google.com 5ms OK 127.0.0.1
12-13 15:22:08.403   467  1220 D NetworkMonitor/100: PROBE_HTTPS https://www.google.com/generate_204 Probe failed with exception java.net.ConnectException: Failed to connect to www.google.com/127.0.0.1:443
12-13 15:22:08.509   467  1221 D NetworkMonitor/100: PROBE_HTTP http://connectivitycheck.gstatic.com/generate_204 time=108ms ret=204 request={Connection=[close], User-Agent=[Mozilla/5.0 (X11; Linux x86_64) AppleWebKit/537.36 (KHTML, like Gecko) Chrome/60.0.3112.32 Safari/537.36]} headers={null=[HTTP/1.1 204 No Content], Connection=[close], Content-Length=[0], Date=[Mon, 13 Dec 2021 07:22:06 GMT], X-Android-Received-Millis=[1639380128509], X-Android-Response-Source=[NETWORK 204], X-Android-Selected-Protocol=[http/1.1], X-Android-Sent-Millis=[1639380128441]}
12-13 15:22:07.440   620  1112 V SettingsRedirectionHandler: Receive SettingsMessage ClosedCaptions
12-13 15:22:09.114   214   228 W OverlayManager: service 'idmap' died
12-13 15:22:10.286   214   610 E TaskPersister: File error accessing recents directory (directory doesn't exist?).
12-13 15:22:10.292   620  1112 V SettingsRedirectionHandler: Receive SettingsMessage ClosedCaptions
12-13 15:22:12.242   351   365 W System  : A resource failed to call release. 
12-13 15:22:13.564   620  1112 I chatty  : uid=1000(system) ApiMessageHandl identical 9 lines
12-13 15:22:13.823   620  1112 V SettingsRedirectionHandler: Receive SettingsMessage ClosedCaptions
12-13 15:22:14.129   626  1168 V IntentRedirectionHandler: Receive IntentMessage LaunchPackage
12-13 15:22:14.130   620  1112 V SettingsRedirectionHandler: Receive SettingsMessage ClosedCaptions
12-13 15:22:14.131   214   228 I ActivityTaskManager: START u0 {act=android.intent.action.MAIN cat=[android.intent.category.LAUNCHER] flg=0x10010000 pkg=com.eivaagames.RealChess3D.dbzq.m cmp=com.eivaagames.RealChess3D.dbzq.m/com.kuaiyouxi.gamepad.sdk.shell.KyxShellActivity} from uid 10029
12-13 15:22:14.133   620  1112 V SettingsRedirectionHandler: Receive SettingsMessage ClosedCaptions
12-13 15:22:14.140   620  1112 I chatty  : uid=1000(system) ApiMessageHandl identical 5 lines
12-13 15:22:14.143   620  1112 V SettingsRedirectionHandler: Receive SettingsMessage ClosedCaptions
12-13 15:22:14.179   214   228 I DisplayManagerService: Display device added: DisplayDeviceInfo{"com.eivaagames.RealChess3D.dbzq.m:2": uniqueId="virtual:com.microsoft.windows.systemapp:com.eivaagames.RealChess3D.dbzq.m:2", 1280 x 781, modeId 3, defaultModeId 3, supportedModes [{id=3, width=1280, height=781, fps=60.0}], colorMode 0, supportedColorModes [0], HdrCapabilities null, allmSupported false, gameContentTypeSupported false, density 240, 240.0 x 240.0 dpi, appVsyncOff 0, presDeadline 16666666, touch VIRTUAL, rotation 0, type VIRTUAL, deviceProductInfo null, state OFF, owner com.microsoft.windows.systemapp (uid 1000), FLAG_ROTATES_WITH_CONTENT, FLAG_SECURE, FLAG_OWN_CONTENT_ONLY}
12-13 15:22:14.183   214   228 I WindowManager: Override config changes=20005df8 {0.0 ?mcc?mnc ?localeList ?layoutDir sw520dp w853dp h520dp 240dpi lrg land ?uimode ?night finger qwerty/v/v -nav/h winConfig={ mBounds=Rect(0, 0 - 1280, 781) mAppBounds=Rect(0, 0 - 1280, 781) mWindowingMode=fullscreen mDisplayWindowingMode=fullscreen mActivityType=undefined mAlwaysOnTop=undefined mRotation=ROTATION_0}} for displayId=2
12-13 15:22:14.184   375   375 W DisplayController: Skipping Display Configuration change on non-added display.
12-13 15:22:14.188   214   228 I ActivityTaskManager: START u0 {flg=0x18000000 cmp=com.microsoft.windows.userapp/.PlaceholderActivity} from uid 1000
12-13 15:22:14.189   214   228 W ActivityTaskManager: Tried to set launchTime (0) < mLastActivityLaunchTime (9714)
12-13 15:22:14.203   214   235 I DisplayManagerService: Display device changed state: "com.eivaagames.RealChess3D.dbzq.m:2", ON
12-13 15:22:14.205   214   724 I ActivityTaskManager: moveTaskToBack: Task{ce290ed #29 visible=false type=standard mode=fullscreen translucent=true I=com.microsoft.windows.userapp/.PlaceholderActivity U=0 StackId=29 sz=1}
12-13 15:22:14.212   214   235 D CompatibilityChangeReporter: Compat change id reported: 135634846; UID 10036; state: DISABLED
12-13 15:22:14.212   214   242 D CompatibilityChangeReporter: Compat change id reported: 143937733; UID 10036; state: DISABLED
12-13 15:22:14.215    70    70 D Zygote  : Forked child process 1230
12-13 15:22:14.216   214   242 I ActivityManager: Start proc 1230:com.eivaagames.RealChess3D.dbzq.m/u0a36 for pre-top-activity {com.eivaagames.RealChess3D.dbzq.m/com.kuaiyouxi.gamepad.sdk.shell.KyxShellActivity}
12-13 15:22:14.218  1230  1230 I chatty  : uid=10036(com.eivaagames.RealChess3D.dbzq.m) expire 31 lines
12-13 15:22:14.232   620  1112 V SettingsRedirectionHandler: Receive SettingsMessage ClosedCaptions
12-13 15:22:14.234   620  1112 V SettingsRedirectionHandler: Receive SettingsMessage ClosedCaptions
12-13 15:22:14.304   214   757 D CompatibilityChangeReporter: Compat change id reported: 149924527; UID 10036; state: ENABLED
12-13 15:22:14.304   214   757 D CompatibilityChangeReporter: Compat change id reported: 132649864; UID 10036; state: DISABLED
12-13 15:22:14.313   620  1112 V SettingsRedirectionHandler: Receive SettingsMessage ClosedCaptions
12-13 15:22:14.316   214   277 I chatty  : uid=1000(system) InputDispatcher expire 14 lines
12-13 15:22:14.316  1230  1256 I chatty  : uid=10036(com.eivaagames.RealChess3D.dbzq.m) expire 3 lines
12-13 15:22:14.327  1230  1258 I chatty  : uid=10036(com.eivaagames.RealChess3D.dbzq.m) expire 2 lines
12-13 15:22:14.335  1230  1260 I chatty  : uid=10036(com.eivaagames.RealChess3D.dbzq.m) expire 3 lines
12-13 15:22:14.341  1230  1254 I chatty  : uid=10036(com.eivaagames.RealChess3D.dbzq.m) RenderThread expire 18 lines
12-13 15:22:14.344    31    31 I chatty  : uid=1000(system) hwservicemanage expire 9 lines
12-13 15:22:14.426   214   240 I chatty  : uid=1000(system) android.bg expire 7 lines
12-13 15:22:14.315   620  1112 V SettingsRedirectionHandler: Receive SettingsMessage ClosedCaptions
12-13 15:22:14.427   214   724 I ActivityTaskManager: START u0 {cmp=com.eivaagames.RealChess3D.dbzq.m/com.kuaiyouxi.gamepad.sdk.LauncherActivity} from uid 10036
12-13 15:22:14.430   214   724 W ActivityTaskManager: Tried to set launchTime (0) < mLastActivityLaunchTime (18350)
12-13 15:22:14.558   214   489 I ActivityTaskManager: START u0 {act=android.content.pm.action.REQUEST_PERMISSIONS pkg=com.android.permissioncontroller cmp=com.android.permissioncontroller/.permission.ui.GrantPermissionsActivity (has extras)} from uid 10036
12-13 15:22:14.592  1230  1302 I chatty  : uid=10036(com.eivaagames.RealChess3D.dbzq.m) pool-10-thread- expire 3 lines
12-13 15:22:14.594   985  1301 D libEGL  : loaded /vendor/lib64/egl/libEGL_emulation.so
12-13 15:22:14.595   985  1301 D libEGL  : loaded /vendor/lib64/egl/libGLESv1_CM_emulation.so
12-13 15:22:14.596   985  1301 D libEGL  : loaded /vendor/lib64/egl/libGLESv2_emulation.so
12-13 15:22:14.616   985   985 V GrantPermissionsActivity: Permission grant result requestId=-3059963548814949650 callingUid=10036 callingPackage=com.eivaagames.RealChess3D.dbzq.m permission=android.permission.ACCESS_FINE_LOCATION isImplicit=false result=1
12-13 15:22:14.622   985   985 V GrantPermissionsActivity: Permission grant result requestId=-3059963548814949650 callingUid=10036 callingPackage=com.eivaagames.RealChess3D.dbzq.m permission=android.permission.ACCESS_COARSE_LOCATION isImplicit=true result=5
12-13 15:22:14.622   985   985 V GrantPermissionsActivity: Permission grant result requestId=-3059963548814949650 callingUid=10036 callingPackage=com.eivaagames.RealChess3D.dbzq.m permission=android.permission.ACCESS_BACKGROUND_LOCATION isImplicit=true result=2
12-13 15:22:14.886  1230  1253 I chatty  : uid=10036(com.eivaagames.RealChess3D.dbzq.m) expire 1 line
12-13 15:22:14.887   132   433 W ServiceManager: Permission failure: android.permission.SYSTEM_CAMERA from uid=10036 pid=1230
12-13 15:22:14.927  1053  1053 D CompatibilityChangeReporter: Compat change id reported: 150939131; UID 10018; state: DISABLED
12-13 15:22:14.943   214   278 I chatty  : uid=1000(system) InputReader expire 1 line
12-13 15:22:14.946   214   233 I chatty  : uid=1000(system) android.ui expire 3 lines
12-13 15:22:14.947   985  1003 I PermissionControllerServiceImpl: Updating user sensitive for uid 1000
12-13 15:22:14.961  1230  1312 I chatty  : uid=10036(com.eivaagames.RealChess3D.dbzq.m) expire 4 lines
12-13 15:22:14.975  1230  1316 I chatty  : uid=10036(com.eivaagames.RealChess3D.dbzq.m) pool-16-thread- expire 2 lines
12-13 15:22:15.021  1230  1320 I chatty  : uid=10036(com.eivaagames.RealChess3D.dbzq.m) pool-20-thread- expire 2 lines
12-13 15:22:15.244  1230  1329 I chatty  : uid=10036(com.eivaagames.RealChess3D.dbzq.m) expire 1 line
12-13 15:22:15.244  1230  1330 W Analytics-Api-UpdateManager: mDownloader exception
12-13 15:22:15.244  1230  1330 W Analytics-Api-UpdateManager: java.io.IOException: Cleartext HTTP traffic to f5.market.xiaomi.com not permitted
12-13 15:22:15.244  1230  1330 W Analytics-Api-UpdateManager: 	at com.android.okhttp.HttpHandler$CleartextURLFilter.checkURLPermitted(HttpHandler.java:127)
12-13 15:22:15.244  1230  1330 W Analytics-Api-UpdateManager: 	at com.android.okhttp.internal.huc.HttpURLConnectionImpl.execute(HttpURLConnectionImpl.java:462)
12-13 15:22:15.244  1230  1330 W Analytics-Api-UpdateManager: 	at com.android.okhttp.internal.huc.HttpURLConnectionImpl.connect(HttpURLConnectionImpl.java:131)
12-13 15:22:15.244  1230  1330 W Analytics-Api-UpdateManager: 	at com.xiaomi.analytics.a.d$2.run(Unknown Source:231)
12-13 15:22:15.244  1230  1330 W Analytics-Api-UpdateManager: 	at java.util.concurrent.ThreadPoolExecutor.runWorker(ThreadPoolExecutor.java:1167)
12-13 15:22:15.244  1230  1330 W Analytics-Api-UpdateManager: 	at java.util.concurrent.ThreadPoolExecutor$Worker.run(ThreadPoolExecutor.java:641)
12-13 15:22:15.244  1230  1330 W Analytics-Api-UpdateManager: 	at java.lang.Thread.run(Thread.java:923)
12-13 15:22:15.853  1230  1254 D EGL_emulation: app_time_stats: avg=85.93ms min=29.42ms max=94.59ms count=13
12-13 15:22:16.595   620  1112 V SettingsRedirectionHandler: Receive SettingsMessage ClosedCaptions
12-13 15:22:16.944  1230  1254 D EGL_emulation: app_time_stats: avg=90.84ms min=78.09ms max=95.23ms count=12
12-13 15:22:16.597   620  1112 V SettingsRedirectionHandler: Receive SettingsMessage ClosedCaptions
12-13 15:22:17.777   214   610 E TaskPersister: File error accessing recents directory (directory doesn't exist?).
12-13 15:22:17.954  1230  1254 D EGL_emulation: app_time_stats: avg=91.76ms min=91.17ms max=93.48ms count=11
12-13 15:22:18.524   467  1219 D NetworkMonitor/100: PROBE_FALLBACK http://play.googleapis.com/generate_204 Probe failed with exception java.net.SocketTimeoutException: failed to connect to play.googleapis.com/142.250.66.106 (port 80) from /172.17.48.119 (port 44222) after 10000ms
12-13 15:22:18.525   467  1219 D NetworkMonitor/100: isCaptivePortal: isSuccessful()=false isPortal()=false RedirectUrl=null isPartialConnectivity()=true Time=10130ms
12-13 15:22:18.525   214   296 D ConnectivityService: [100 WIFI] validation failed
12-13 15:22:18.961  1230  1254 D EGL_emulation: app_time_stats: avg=91.44ms min=87.86ms max=94.81ms count=11
12-13 15:22:19.608   620  1112 V SettingsRedirectionHandler: Receive SettingsMessage ClosedCaptions
12-13 15:22:19.984  1230  1254 D EGL_emulation: app_time_stats: avg=92.84ms min=89.72ms max=97.98ms count=11
12-13 15:22:20.567   214   291 I chatty  : uid=1000(system) WifiHandlerThre expire 4 lines
12-13 15:22:20.614   214   288 I chatty  : uid=1000(system) NetworkPolicy expire 2 lines
12-13 15:22:20.994  1230  1254 D EGL_emulation: app_time_stats: avg=91.73ms min=76.75ms max=96.72ms count=11
12-13 15:22:22.078  1230  1254 D EGL_emulation: app_time_stats: avg=90.19ms min=77.50ms max=95.12ms count=12
12-13 15:22:22.536   467  1334 D NetworkMonitor/100: PROBE_DNS connectivitycheck.gstatic.com 5ms OK 203.208.41.66
12-13 15:22:22.537   467  1333 D NetworkMonitor/100: PROBE_DNS www.google.com 6ms OK 127.0.0.1
12-13 15:22:22.539   467  1333 D NetworkMonitor/100: PROBE_HTTPS https://www.google.com/generate_204 Probe failed with exception java.net.ConnectException: Failed to connect to www.google.com/127.0.0.1:443
12-13 15:22:22.643   467  1334 D NetworkMonitor/100: PROBE_HTTP http://connectivitycheck.gstatic.com/generate_204 time=106ms ret=204 request={Connection=[close], User-Agent=[Mozilla/5.0 (X11; Linux x86_64) AppleWebKit/537.36 (KHTML, like Gecko) Chrome/60.0.3112.32 Safari/537.36]} headers={null=[HTTP/1.1 204 No Content], Connection=[close], Content-Length=[0], Date=[Mon, 13 Dec 2021 07:22:20 GMT], X-Android-Received-Millis=[1639380142643], X-Android-Response-Source=[NETWORK 204], X-Android-Selected-Protocol=[http/1.1], X-Android-Sent-Millis=[1639380142575]}
12-13 15:22:22.645   467  1332 D NetworkMonitor/100: PROBE_FALLBACK http://www.google.com/gen_204 Probe failed with exception java.net.ConnectException: Failed to connect to www.google.com/127.0.0.1:80
12-13 15:22:22.645   467  1332 D NetworkMonitor/100: isCaptivePortal: isSuccessful()=false isPortal()=false RedirectUrl=null isPartialConnectivity()=true Time=115ms
12-13 15:22:19.609   620  1112 V SettingsRedirectionHandler: Receive SettingsMessage ClosedCaptions
12-13 15:22:22.646   214   296 D ConnectivityService: [100 WIFI] validation failed
12-13 15:22:22.970  1230  1312 D EventBus: No subscriber index available, reverting to dynamic look-up
12-13 15:22:22.974  1230  1318 E ActivityThread: Failed to find provider info for com.miui.analytics.server.AnalyticsProvider
12-13 15:22:22.975  1230  1318 E chameleon-plugin--URLClient-[pool-17-thread-1]: performRequest
12-13 15:22:22.975  1230  1318 E chameleon-plugin--URLClient-[pool-17-thread-1]: java.io.IOException: Cleartext HTTP traffic to api.ad.xiaomi.com not permitted
12-13 15:22:22.975  1230  1318 E chameleon-plugin--URLClient-[pool-17-thread-1]: 	at com.android.okhttp.HttpHandler$CleartextURLFilter.checkURLPermitted(HttpHandler.java:127)
12-13 15:22:22.975  1230  1318 E chameleon-plugin--URLClient-[pool-17-thread-1]: 	at com.android.okhttp.internal.huc.HttpURLConnectionImpl.execute(HttpURLConnectionImpl.java:462)
12-13 15:22:22.975  1230  1318 E chameleon-plugin--URLClient-[pool-17-thread-1]: 	at com.android.okhttp.internal.huc.HttpURLConnectionImpl.connect(HttpURLConnectionImpl.java:131)
12-13 15:22:22.975  1230  1318 E chameleon-plugin--URLClient-[pool-17-thread-1]: 	at com.miui.zeus.utils.http.URLClient.performRequest(URLClient.java:115)
12-13 15:22:22.975  1230  1318 E chameleon-plugin--URLClient-[pool-17-thread-1]: 	at com.miui.zeus.utils.http.Server.connect(Server.java:65)
12-13 15:22:22.975  1230  1318 E chameleon-plugin--URLClient-[pool-17-thread-1]: 	at com.miui.zeus.utils.http.Server.connect(Server.java:50)
12-13 15:22:22.975  1230  1318 E chameleon-plugin--URLClient-[pool-17-thread-1]: 	at com.miui.zeus.utils.http.Server.connect(Server.java:45)
12-13 15:22:22.975  1230  1318 E chameleon-plugin--URLClient-[pool-17-thread-1]: 	at com.miui.mimo.plugin.server.MimoAdServer.connect(MimoAdServer.java:77)
12-13 15:22:22.975  1230  1318 E chameleon-plugin--URLClient-[pool-17-thread-1]: 	at com.miui.mimo.plugin.server.MimoAdServer.requestAd(MimoAdServer.java:64)
12-13 15:22:22.975  1230  1318 E chameleon-plugin--URLClient-[pool-17-thread-1]: 	at com.miui.mimo.plugin.invoker.MimoAdInvoker.getAdResponseInRealTime(MimoAdInvoker.java:111)
12-13 15:22:22.975  1230  1318 E chameleon-plugin--URLClient-[pool-17-thread-1]: 	at com.miui.mimo.plugin.invoker.MimoAdInvoker.startRequest(MimoAdInvoker.java:67)
12-13 15:22:22.975  1230  1318 E chameleon-plugin--URLClient-[pool-17-thread-1]: 	at com.miui.mimo.plugin.PluginMimoNativeAdImpl$1.execute(PluginMimoNativeAdImpl.java:77)
12-13 15:22:22.975  1230  1318 E chameleon-plugin--URLClient-[pool-17-thread-1]: 	at com.miui.zeus.utils.concurrent.ThrowableCaughtRunnable.run(ThrowableCaughtRunnable.java:30)
12-13 15:22:22.975  1230  1318 E chameleon-plugin--URLClient-[pool-17-thread-1]: 	at java.util.concurrent.ThreadPoolExecutor.runWorker(ThreadPoolExecutor.java:1167)
12-13 15:22:22.975  1230  1318 E chameleon-plugin--URLClient-[pool-17-thread-1]: 	at java.util.concurrent.ThreadPoolExecutor$Worker.run(ThreadPoolExecutor.java:641)
12-13 15:22:22.975  1230  1318 E chameleon-plugin--URLClient-[pool-17-thread-1]: 	at java.lang.Thread.run(Thread.java:923)
12-13 15:22:22.975  1230  1318 W chameleon-plugin--MimoAdServer@SV-[pool-17-thread-1]: response null
12-13 15:22:22.976  1230  1318 E chameleon-plugin--PluginMimoNativeAdImpl-[pool-17-thread-1]: response failed
12-13 15:22:22.976  1230  1340 E chameleon-plugin--MimoAdInvoker-[pool-17-thread-2]: +++++++++++++++++++++++++++++++++++++++++++++++++++                                                ++                                                ++                                                +++++++++++++++++++++++++++++++++++++++++++++++++++
12-13 15:22:22.980  1230  1340 E ActivityThread: Failed to find provider info for com.miui.analytics.server.AnalyticsProvider
12-13 15:22:22.981  1230  1340 E chameleon-plugin--URLClient-[pool-17-thread-2]: performRequest
12-13 15:22:22.981  1230  1340 E chameleon-plugin--URLClient-[pool-17-thread-2]: java.io.IOException: Cleartext HTTP traffic to api.ad.xiaomi.com not permitted
12-13 15:22:22.981  1230  1340 E chameleon-plugin--URLClient-[pool-17-thread-2]: 	at com.android.okhttp.HttpHandler$CleartextURLFilter.checkURLPermitted(HttpHandler.java:127)
12-13 15:22:22.981  1230  1340 E chameleon-plugin--URLClient-[pool-17-thread-2]: 	at com.android.okhttp.internal.huc.HttpURLConnectionImpl.execute(HttpURLConnectionImpl.java:462)
12-13 15:22:22.981  1230  1340 E chameleon-plugin--URLClient-[pool-17-thread-2]: 	at com.android.okhttp.internal.huc.HttpURLConnectionImpl.connect(HttpURLConnectionImpl.java:131)
12-13 15:22:22.981  1230  1340 E chameleon-plugin--URLClient-[pool-17-thread-2]: 	at com.miui.zeus.utils.http.URLClient.performRequest(URLClient.java:115)
12-13 15:22:22.981  1230  1340 E chameleon-plugin--URLClient-[pool-17-thread-2]: 	at com.miui.zeus.utils.http.Server.connect(Server.java:65)
12-13 15:22:22.981  1230  1340 E chameleon-plugin--URLClient-[pool-17-thread-2]: 	at com.miui.zeus.utils.http.Server.connect(Server.java:50)
12-13 15:22:22.981  1230  1340 E chameleon-plugin--URLClient-[pool-17-thread-2]: 	at com.miui.zeus.utils.http.Server.connect(Server.java:45)
12-13 15:22:22.981  1230  1340 E chameleon-plugin--URLClient-[pool-17-thread-2]: 	at com.miui.mimo.plugin.server.MimoAdServer.connect(MimoAdServer.java:77)
12-13 15:22:22.981  1230  1340 E chameleon-plugin--URLClient-[pool-17-thread-2]: 	at com.miui.mimo.plugin.server.MimoAdServer.requestAd(MimoAdServer.java:64)
12-13 15:22:22.981  1230  1340 E chameleon-plugin--URLClient-[pool-17-thread-2]: 	at com.miui.mimo.plugin.invoker.MimoAdInvoker.getAdResponseInRealTime(MimoAdInvoker.java:111)
12-13 15:22:22.981  1230  1340 E chameleon-plugin--URLClient-[pool-17-thread-2]: 	at com.miui.mimo.plugin.invoker.MimoAdInvoker.startRequest(MimoAdInvoker.java:67)
12-13 15:22:22.981  1230  1340 E chameleon-plugin--URLClient-[pool-17-thread-2]: 	at com.miui.mimo.plugin.PluginMimoNativeAdImpl$1.execute(PluginMimoNativeAdImpl.java:77)
12-13 15:22:22.981  1230  1340 E chameleon-plugin--URLClient-[pool-17-thread-2]: 	at com.miui.zeus.utils.concurrent.ThrowableCaughtRunnable.run(ThrowableCaughtRunnable.java:30)
12-13 15:22:22.981  1230  1340 E chameleon-plugin--URLClient-[pool-17-thread-2]: 	at java.util.concurrent.ThreadPoolExecutor.runWorker(ThreadPoolExecutor.java:1167)
12-13 15:22:22.981  1230  1340 E chameleon-plugin--URLClient-[pool-17-thread-2]: 	at java.util.concurrent.ThreadPoolExecutor$Worker.run(ThreadPoolExecutor.java:641)
12-13 15:22:22.981  1230  1340 E chameleon-plugin--URLClient-[pool-17-thread-2]: 	at java.lang.Thread.run(Thread.java:923)
12-13 15:22:22.981  1230  1340 W chameleon-plugin--MimoAdServer@SV-[pool-17-thread-2]: response null
12-13 15:22:22.981  1230  1340 E chameleon-plugin--PluginMimoNativeAdImpl-[pool-17-thread-2]: response failed
12-13 15:22:22.981  1230  1318 E chameleon-plugin--MimoAdInvoker-[pool-17-thread-1]: +++++++++++++++++++++++++++++++++++++++++++++++++++                                                ++                                                ++                                                +++++++++++++++++++++++++++++++++++++++++++++++++++
12-13 15:22:22.987   214   227 I ActivityTaskManager: START u0 {act=android.intent.action.MAIN cat=[android.intent.category.LAUNCHER] flg=0x10000000 cmp=com.eivaagames.RealChess3D.dbzq.m/com.unity3d.player.UnityPlayerActivity} from uid 10036
12-13 15:22:22.991   214   236 I chatty  : uid=1000(system) android.anim expire 2 lines
12-13 15:22:23.006   214   489 W ActivityTaskManager: Tried to set launchTime (0) < mLastActivityLaunchTime (18556)
12-13 15:22:23.007  1230  1254 D skia    : Shader compilation error
12-13 15:22:23.007  1230  1254 D skia    : ------------------------
12-13 15:22:23.007  1230  1254 D skia    : Errors:
12-13 15:22:23.007  1230  1254 D skia    : 
12-13 15:22:23.029  1230  1230 W Unity   : Failed to get permission info for com.android.vending.BILLING, manifest likely missing custom permission declaration
12-13 15:22:23.029  1230  1230 W Unity   : Permission com.android.vending.BILLING ignored
12-13 15:22:23.030  1230  1230 W Unity   : Failed to get permission info for android.permission.ACCESS_COARSE_UPDATES, manifest likely missing custom permission declaration
12-13 15:22:23.030  1230  1230 W Unity   : Permission android.permission.ACCESS_COARSE_UPDATES ignored
12-13 15:22:23.065   214   489 I ActivityTaskManager: START u0 {act=android.content.pm.action.REQUEST_PERMISSIONS pkg=com.android.permissioncontroller cmp=com.android.permissioncontroller/.permission.ui.GrantPermissionsActivity (has extras)} from uid 10036
12-13 15:22:23.093   214   489 W ActivityTaskManager: Tried to set launchTime (0) < mLastActivityLaunchTime (18712)
12-13 15:22:23.100  1230  1254 D EGL_emulation: app_time_stats: avg=67.98ms min=1.86ms max=99.62ms count=15
12-13 15:22:23.106   985   985 V GrantPermissionsActivity: Permission grant result requestId=3670327213706161120 callingUid=10036 callingPackage=com.eivaagames.RealChess3D.dbzq.m permission=android.permission.ACCESS_BACKGROUND_LOCATION isImplicit=false result=2
12-13 15:22:23.146  1230  1353 I Unity   : SystemInfo CPU = Intel x86 SSE3, Cores = 16, Memory = 5993mb
12-13 15:22:23.146  1230  1353 I Unity   : ApplicationInfo com.eivaagames.RealChess3D.dbzq.m version 1.1 build db467738-23ef-4094-b0af-38f5006ae458
12-13 15:22:23.146  1230  1353 I Unity   : Built from '2017.3/patch-release' branch, Version '2017.3.1p4 (7f25373c3e03)', Build type 'Release', Scripting Backend 'mono'
12-13 15:22:23.201  1230  1353 D HostConnection: createUnique: call
12-13 15:22:23.202  1230  1353 D librcm  : SocketClient connected to host port 22469
12-13 15:22:23.202  1230  1353 D HostConnection: HostConnection::get() New Host Connection established 0xe932b660, tid 1353
12-13 15:22:23.203  1230  1353 D HostConnection: HostComposition ext ANDROID_EMU_host_composition_v1 ANDROID_EMU_host_composition_v2 ANDROID_EMU_virtio_gpu_next ANDROID_EMU_sync_buffer_data GL_OES_EGL_image_external_essl3 GL_OES_vertex_array_object GL_KHR_texture_compression_astc_ldr GL_EXT_texture_compression_bptc GL_EXT_texture_compression_s3tc ANDROID_EMU_host_side_tracing ANDROID_EMU_gles_max_version_3_0 
12-13 15:22:23.204  1230  1353 D EGL_emulation: eglCreateContext: 0xe932c1c0: maj 3 min 0 rcv 3
12-13 15:22:23.207  1230  1353 D EGL_emulation: eglCreateContext: 0xe932cd90: maj 3 min 0 rcv 3
12-13 15:22:23.208  1230  1353 D EGL_emulation: eglMakeCurrent: 0xe932cd90: ver 3 0 (tinfo 0xe71ed040) (first time)
12-13 15:22:23.209  1230  1353 D Unity   : GL_EXT_debug_marker GL_EXT_robustness GL_OES_EGL_sync GL_OES_EGL_image GL_OES_EGL_image_external GL_OES_depth24 GL_OES_depth32 GL_OES_element_index_uint GL_OES_texture_float GL_OES_texture_float_linear GL_OES_compressed_paletted_texture GL_OES_compressed_ETC1_RGB8_texture GL_OES_depth_texture GL_OES_texture_half_float GL_OES_texture_half_float_linear GL_OES_packed_depth_stencil GL_OES_standard_derivatives GL_OES_texture_npot GL_OES_rgb8_rgba8 GL_EXT_color_buffer_float GL_EXT_color_buffer_half_float GL_EXT_texture_format_BGRA8888 GL_APPLE_texture_format_BGRA8888 ANDROID_EMU_host_composition_v1 ANDROID_EMU_host_composition_v2 ANDROID_EMU_virtio_gpu_next ANDROID_EMU_sync_buffer_data GL_OES_EGL_image_external_essl3 GL_OES_vertex_array_object GL_KHR_texture_compression_astc_ldr GL_EXT_texture_compression_bptc GL_EXT_texture_compression_s3tc ANDROID_EMU_host_side_tracing ANDROID_EMU_gles_max_version_3_0 
12-13 15:22:23.239    89   312 W AudioFlinger: createTrack_l(): mismatch between requested flags (00000008) and output flags (00000002)
12-13 15:22:23.240    89   312 D AudioFlinger: Client defaulted notificationFrames to 1588 for frameCount 3176
12-13 15:22:23.240    89   312 D AF::TrackHandle: OpPlayAudio: track:55 usage:1 not muted
12-13 15:22:23.242  1230  1411 W AudioTrack: Use of stream types is deprecated for operations other than volume control
12-13 15:22:23.242  1230  1411 W AudioTrack: See the documentation of AudioTrack() for what to use instead with android.media.AudioAttributes to qualify your playback use case
12-13 15:22:23.243    89   312 W APM::AudioPolicyEngine: getDevicesForStrategy() unknown strategy: -1
12-13 15:22:23.243    89   312 W APM::AudioPolicyEngine: getDevicesForStrategy() unknown strategy: -1
12-13 15:22:23.244    80    80 E FMQ     : grantorIdx must be less than 3
12-13 15:22:23.244    80    80 E FMQ     : grantorIdx must be less than 3
12-13 15:22:23.244    89   229 E FMQ     : grantorIdx must be less than 3
12-13 15:22:23.463   214   227 I ActivityTaskManager: START u0 {act=android.content.pm.action.REQUEST_PERMISSIONS pkg=com.android.permissioncontroller cmp=com.android.permissioncontroller/.permission.ui.GrantPermissionsActivity (has extras)} from uid 10036
12-13 15:22:23.463   214   227 W ActivityTaskManager: startActivity called from finishing ActivityRecord{947438a u0 com.eivaagames.RealChess3D.dbzq.m/com.kuaiyouxi.gamepad.sdk.LauncherActivity t28 f}}; forcing Intent.FLAG_ACTIVITY_NEW_TASK for: Intent { act=android.content.pm.action.REQUEST_PERMISSIONS flg=0x800000 pkg=com.android.permissioncontroller cmp=com.android.permissioncontroller/.permission.ui.GrantPermissionsActivity (has extras) }
12-13 15:22:23.244    89   229 E FMQ     : grantorIdx must be less than 3
12-13 15:22:23.966   214   235 W ActivityTaskManager: Activity pause timeout for ActivityRecord{75c9c58 u0 com.eivaagames.RealChess3D.dbzq.m/com.unity3d.player.UnityPlayerActivity t28}
12-13 15:22:23.966   214   235 W ActivityTaskManager: Tried to set launchTime (0) < mLastActivityLaunchTime (27219)
12-13 15:22:23.970   985   985 I GrantPermissionsActivity: No package: null
12-13 15:22:23.970   985   985 I GrantPermissionsActivity: android.content.pm.PackageManager$NameNotFoundException
12-13 15:22:23.970   985   985 I GrantPermissionsActivity: 	at android.app.ApplicationPackageManager.getPackageInfoAsUser(ApplicationPackageManager.java:206)
12-13 15:22:23.970   985   985 I GrantPermissionsActivity: 	at android.app.ApplicationPackageManager.getPackageInfo(ApplicationPackageManager.java:178)
12-13 15:22:23.970   985   985 I GrantPermissionsActivity: 	at com.android.permissioncontroller.permission.ui.GrantPermissionsActivity.getCallingPackageInfo(GrantPermissionsActivity.java:1150)
12-13 15:22:23.970   985   985 I GrantPermissionsActivity: 	at com.android.permissioncontroller.permission.ui.GrantPermissionsActivity.onCreate(GrantPermissionsActivity.java:328)
12-13 15:22:23.970   985   985 I GrantPermissionsActivity: 	at android.app.Activity.performCreate(Activity.java:7994)
12-13 15:22:23.970   985   985 I GrantPermissionsActivity: 	at android.app.Activity.performCreate(Activity.java:7978)
12-13 15:22:23.970   985   985 I GrantPermissionsActivity: 	at android.app.Instrumentation.callActivityOnCreate(Instrumentation.java:1309)
12-13 15:22:23.970   985   985 I GrantPermissionsActivity: 	at android.app.ActivityThread.performLaunchActivity(ActivityThread.java:3404)
12-13 15:22:23.970   985   985 I GrantPermissionsActivity: 	at android.app.ActivityThread.handleLaunchActivity(ActivityThread.java:3595)
12-13 15:22:23.970   985   985 I GrantPermissionsActivity: 	at android.app.servertransaction.LaunchActivityItem.execute(LaunchActivityItem.java:85)
12-13 15:22:23.970   985   985 I GrantPermissionsActivity: 	at android.app.servertransaction.TransactionExecutor.executeCallbacks(TransactionExecutor.java:135)
12-13 15:22:23.970   985   985 I GrantPermissionsActivity: 	at android.app.servertransaction.TransactionExecutor.execute(TransactionExecutor.java:95)
12-13 15:22:23.970   985   985 I GrantPermissionsActivity: 	at android.app.ActivityThread$H.handleMessage(ActivityThread.java:2066)
12-13 15:22:23.970   985   985 I GrantPermissionsActivity: 	at android.os.Handler.dispatchMessage(Handler.java:106)
12-13 15:22:23.970   985   985 I GrantPermissionsActivity: 	at android.os.Looper.loop(Looper.java:223)
12-13 15:22:23.970   985   985 I GrantPermissionsActivity: 	at android.app.ActivityThread.main(ActivityThread.java:7664)
12-13 15:22:23.970   985   985 I GrantPermissionsActivity: 	at java.lang.reflect.Method.invoke(Native Method)
12-13 15:22:23.970   985   985 I GrantPermissionsActivity: 	at com.android.internal.os.RuntimeInit$MethodAndArgsCaller.run(RuntimeInit.java:592)
12-13 15:22:23.970   985   985 I GrantPermissionsActivity: 	at com.android.internal.os.ZygoteInit.main(ZygoteInit.java:947)
12-13 15:22:24.331  1230  1411 D AudioTrack: stop(8): called with 26624 frames delivered
12-13 15:22:24.333  1230  1230 I Choreographer: Skipped 103 frames!  The application may be doing too much work on its main thread.
12-13 15:22:24.336  1230  1353 V MediaRouter: Selecting route: RouteInfo{ name=, description=null, status=null, category=RouteCategory{ name= types=ROUTE_TYPE_LIVE_AUDIO ROUTE_TYPE_LIVE_VIDEO  groupable=false }, supportedTypes=ROUTE_TYPE_LIVE_AUDIO ROUTE_TYPE_LIVE_VIDEO , presentationDisplay=null }
12-13 15:22:24.419    89   731 W AudioFlinger: createTrack_l(): mismatch between requested flags (00000008) and output flags (00000002)
12-13 15:22:24.419    89   731 D AudioFlinger: Client defaulted notificationFrames to 1588 for frameCount 3176
12-13 15:22:24.419    89   731 D AF::TrackHandle: OpPlayAudio: track:56 usage:1 not muted
12-13 15:22:24.421  1230  1425 W AudioTrack: Use of stream types is deprecated for operations other than volume control
12-13 15:22:24.421  1230  1425 W AudioTrack: See the documentation of AudioTrack() for what to use instead with android.media.AudioAttributes to qualify your playback use case
12-13 15:22:24.421  1230  1230 V MediaRouter: Selecting route: RouteInfo{ name=, description=null, status=null, category=RouteCategory{ name= types=ROUTE_TYPE_LIVE_AUDIO ROUTE_TYPE_LIVE_VIDEO  groupable=false }, supportedTypes=ROUTE_TYPE_LIVE_AUDIO ROUTE_TYPE_LIVE_VIDEO , presentationDisplay=null }
12-13 15:22:24.529  1230  1254 D EGL_emulation: app_time_stats: avg=478.63ms min=29.95ms max=1364.00ms count=3
12-13 15:22:25.258  1230  1428 W Settings: Setting android_id has moved from android.provider.Settings.System to android.provider.Settings.Secure, returning read-only value.
12-13 15:22:25.517  1230  1353 D EGL_emulation: app_time_stats: avg=30.04ms min=25.87ms max=58.99ms count=36
12-13 15:22:26.480   620  1112 V SettingsRedirectionHandler: Receive SettingsMessage ClosedCaptions
12-13 15:22:26.483   620  1112 V SettingsRedirectionHandler: Receive SettingsMessage ClosedCaptions
12-13 15:22:26.521   214   610 E TaskPersister: File error accessing recents directory (directory doesn't exist?).
12-13 15:22:26.522  1230  1353 D EGL_emulation: app_time_stats: avg=32.35ms min=29.11ms max=47.06ms count=31
12-13 15:22:27.632  1230  1353 D EGL_emulation: app_time_stats: avg=36.87ms min=28.41ms max=120.05ms count=30
12-13 15:22:27.749   620  1112 V SettingsRedirectionHandler: Receive SettingsMessage ClosedCaptions
12-13 15:22:28.645  1230  1353 D EGL_emulation: app_time_stats: avg=40.43ms min=32.20ms max=112.09ms count=25
12-13 15:22:29.651  1230  1353 D EGL_emulation: app_time_stats: avg=50.24ms min=31.52ms max=130.41ms count=20
12-13 15:22:30.653  1230  1353 D EGL_emulation: app_time_stats: avg=34.45ms min=23.08ms max=122.38ms count=29
12-13 15:22:30.659   467  1438 D NetworkMonitor/100: PROBE_DNS connectivitycheck.gstatic.com 4ms OK 203.208.41.66
12-13 15:22:30.659   467  1437 D NetworkMonitor/100: PROBE_DNS www.google.com 5ms OK 127.0.0.1
12-13 15:22:30.662   467  1437 D NetworkMonitor/100: PROBE_HTTPS https://www.google.com/generate_204 Probe failed with exception java.net.ConnectException: Failed to connect to www.google.com/127.0.0.1:443
12-13 15:22:30.764   467  1438 D NetworkMonitor/100: PROBE_HTTP http://connectivitycheck.gstatic.com/generate_204 time=105ms ret=204 request={Connection=[close], User-Agent=[Mozilla/5.0 (X11; Linux x86_64) AppleWebKit/537.36 (KHTML, like Gecko) Chrome/60.0.3112.32 Safari/537.36]} headers={null=[HTTP/1.1 204 No Content], Connection=[close], Content-Length=[0], Date=[Mon, 13 Dec 2021 07:22:28 GMT], X-Android-Received-Millis=[1639380150764], X-Android-Response-Source=[NETWORK 204], X-Android-Selected-Protocol=[http/1.1], X-Android-Sent-Millis=[1639380150697]}
12-13 15:22:30.775  1230  1417 W Choreographer: Frame time is 0.251469 ms in the future!  Check that graphics HAL is generating vsync timestamps using the correct timebase.
12-13 15:22:31.289    89   229 D AudioFlinger: mixer(0x788a74ff7040) throttle end: throttle time(46)
12-13 15:22:31.706  1230  1353 D EGL_emulation: app_time_stats: avg=55.35ms min=23.40ms max=305.04ms count=19
12-13 15:22:32.441   214   228 I chatty  : uid=1000(system) Binder:214_2 expire 12 lines
12-13 15:22:32.744  1230  1353 D EGL_emulation: app_time_stats: avg=73.98ms min=61.84ms max=108.44ms count=14
12-13 15:22:33.783  1230  1353 D EGL_emulation: app_time_stats: avg=61.01ms min=54.30ms max=63.96ms count=17
12-13 15:22:34.794  1230  1353 D EGL_emulation: app_time_stats: avg=63.10ms min=60.83ms max=63.96ms count=16
12-13 15:22:35.803  1230  1353 D EGL_emulation: app_time_stats: avg=62.88ms min=61.12ms max=63.96ms count=16
12-13 15:22:36.859  1230  1353 D EGL_emulation: app_time_stats: avg=65.85ms min=60.90ms max=79.57ms count=16
12-13 15:22:37.867  1230  1353 D EGL_emulation: app_time_stats: avg=62.86ms min=56.11ms max=70.38ms count=16
12-13 15:22:38.876  1230  1353 D EGL_emulation: app_time_stats: avg=62.92ms min=61.69ms max=63.81ms count=16
12-13 15:22:39.885  1230  1353 D EGL_emulation: app_time_stats: avg=62.93ms min=61.70ms max=63.99ms count=16
12-13 15:22:40.774   467  1436 D NetworkMonitor/100: PROBE_FALLBACK http://play.googleapis.com/generate_204 Probe failed with exception java.net.SocketTimeoutException: failed to connect to play.googleapis.com/142.250.66.106 (port 80) from /172.17.48.119 (port 44250) after 10000ms
12-13 15:22:40.774   467  1436 D NetworkMonitor/100: isCaptivePortal: isSuccessful()=false isPortal()=false RedirectUrl=null isPartialConnectivity()=true Time=10121ms
12-13 15:22:35.567   620  1112 I chatty  : uid=1000(system) ApiMessageHandl identical 10 lines
12-13 15:22:35.569   620  1112 V SettingsRedirectionHandler: Receive SettingsMessage ClosedCaptions
12-13 15:22:40.775   214   296 D ConnectivityService: [100 WIFI] validation failed
12-13 15:22:40.890  1230  1353 D EGL_emulation: app_time_stats: avg=62.70ms min=61.44ms max=63.95ms count=16
12-13 15:22:41.898  1230  1353 D EGL_emulation: app_time_stats: avg=62.84ms min=61.38ms max=64.19ms count=16
12-13 15:22:42.905  1230  1353 D EGL_emulation: app_time_stats: avg=62.83ms min=55.74ms max=70.09ms count=16
12-13 15:22:43.917  1230  1353 D EGL_emulation: app_time_stats: avg=63.09ms min=61.83ms max=63.89ms count=16
12-13 15:22:44.941  1230  1353 D EGL_emulation: app_time_stats: avg=63.90ms min=61.02ms max=72.70ms count=16
12-13 15:22:45.994  1230  1353 D EGL_emulation: app_time_stats: avg=55.29ms min=52.17ms max=66.76ms count=19
12-13 15:22:47.042  1230  1353 D EGL_emulation: app_time_stats: avg=55.08ms min=51.98ms max=62.64ms count=19
12-13 15:22:47.994  1230  1344 D SDKAssist: showBanner
12-13 15:22:48.061  1230  1353 D EGL_emulation: app_time_stats: avg=56.49ms min=52.00ms max=71.11ms count=18
12-13 15:22:49.112  1230  1353 D EGL_emulation: app_time_stats: avg=58.26ms min=52.84ms max=73.06ms count=18
12-13 15:22:50.164  1230  1353 D EGL_emulation: app_time_stats: avg=58.33ms min=53.48ms max=85.91ms count=18
12-13 15:22:51.150   790   890 I Metrics:BatchTransmitte: QueuePusher.sendBatches - Drained batch queue.; Number of HIGH_NON_ANONYMOUS queue batches sent: 0
12-13 15:22:51.151   790   889 I Metrics:BatchTransmitte: QueuePusher.sendBatches - Drained batch queue.; Number of HIGH_ANONYMOUS queue batches sent: 0
