12-13 15:21:59.939   214   214 I SystemServerTiming: OnBootPhase_480_com.android.server.appbinding.AppBindingService$Lifecycle
12-13 15:21:59.939   214   214 I SystemServerTiming: StartBootPhaseSystemServicesReady
12-13 15:21:59.939   214   214 I SystemServiceManager: Starting phase 500
12-13 15:21:59.939   214   214 I SystemServerTiming: OnBootPhase_500
12-13 15:21:59.939   214   214 I SystemServerTiming: OnBootPhase_500_com.android.server.security.FileIntegrityService
12-13 15:21:59.939   214   214 I SystemServerTiming: OnBootPhase_500_com.android.server.pm.Installer
12-13 15:21:59.939   214   214 I SystemServerTiming: OnBootPhase_500_com.android.server.os.DeviceIdentifiersPolicyService
12-13 15:21:59.939   214   214 I SystemServerTiming: OnBootPhase_500_com.android.server.uri.UriGrantsManagerService$Lifecycle
12-13 15:21:59.939   214   214 I SystemServerTiming: OnBootPhase_500_com.android.server.wm.ActivityTaskManagerService$Lifecycle
12-13 15:21:59.939   214   214 I SystemServerTiming: OnBootPhase_500_com.android.server.am.ActivityManagerService$Lifecycle
12-13 15:21:59.939   214   214 I SystemServerTiming: OnBootPhase_500_com.android.server.pm.DataLoaderManagerService
12-13 15:21:59.940   214   214 I SystemServerTiming: OnBootPhase_500_com.android.server.power.PowerManagerService
12-13 15:21:59.940   214   214 I SystemServerTiming: OnBootPhase_500_com.android.server.power.ThermalManagerService
12-13 15:21:59.940   214   214 I SystemServerTiming: OnBootPhase_500_com.android.server.recoverysystem.RecoverySystemService$Lifecycle
12-13 15:21:59.940   214   214 I SystemServerTiming: OnBootPhase_500_com.android.server.lights.LightsService
12-13 15:21:59.940   214   214 I SystemServerTiming: OnBootPhase_500_com.android.server.display.DisplayManagerService
12-13 15:21:59.940   214   214 I SystemServerTiming: OnBootPhase_500_com.android.server.pm.UserManagerService$LifeCycle
12-13 15:21:59.940   214   214 I SystemServerTiming: OnBootPhase_500_com.android.server.om.OverlayManagerService
12-13 15:21:59.940   214   214 I SystemServerTiming: OnBootPhase_500_com.android.server.SensorPrivacyService
12-13 15:21:59.940   214   214 I SystemServerTiming: OnBootPhase_500_com.android.server.SystemConfigService
12-13 15:21:59.940   214   214 I SystemServerTiming: OnBootPhase_500_com.android.server.BatteryService
12-13 15:21:59.940   214   214 I SystemServerTiming: OnBootPhase_500_com.android.server.usage.UsageStatsService
12-13 15:21:59.940   214   214 D AppStandbyController: Setting app idle enabled state
12-13 15:21:59.941   214   214 E HistoricalRegistry: Interaction before persistence initialized
12-13 15:21:59.941   214   214 I SystemServerTiming: OnBootPhase_500_com.android.server.webkit.WebViewUpdateService
12-13 15:21:59.941   214   214 I SystemServerTiming: OnBootPhase_500_com.android.server.CachedDeviceStateService
12-13 15:21:59.941   214   214 I SystemServerTiming: OnBootPhase_500_com.android.server.BinderCallsStatsService$LifeCycle
12-13 15:21:59.942   214   214 I SystemServerTiming: OnBootPhase_500_com.android.server.LooperStatsService$Lifecycle
12-13 15:21:59.942   214   214 I SystemServerTiming: OnBootPhase_500_com.android.server.rollback.RollbackManagerService
12-13 15:21:59.942   214   214 I SystemServerTiming: OnBootPhase_500_com.android.server.os.BugreportManagerService
12-13 15:21:59.942   214   214 I SystemServerTiming: OnBootPhase_500_com.android.server.gpu.GpuService
12-13 15:21:59.942   214   214 I SystemServerTiming: OnBootPhase_500_com.android.server.security.KeyChainSystemService
12-13 15:21:59.942   214   214 I SystemServerTiming: OnBootPhase_500_com.android.server.telecom.TelecomLoaderService
12-13 15:21:59.942   214   214 I SystemServerTiming: OnBootPhase_500_com.android.server.accounts.AccountManagerService$Lifecycle
12-13 15:21:59.942   214   214 I SystemServerTiming: OnBootPhase_500_com.android.server.content.ContentService$Lifecycle
12-13 15:21:59.942   214   214 I SystemServerTiming: OnBootPhase_500_com.android.server.DropBoxManagerService
12-13 15:21:59.942   214   214 I SystemServerTiming: OnBootPhase_500_com.android.server.AlarmManagerService
12-13 15:21:59.943   214   214 I SystemServerTiming: OnBootPhase_500_com.android.server.connectivity.IpConnectivityMetrics
12-13 15:21:59.944   214   214 I SystemServerTiming: OnBootPhase_500_com.android.server.net.watchlist.NetworkWatchlistService$Lifecycle
12-13 15:21:59.944   214   214 I SystemServerTiming: OnBootPhase_500_com.android.server.PinnerService
12-13 15:21:59.944   214   214 I SystemServerTiming: OnBootPhase_500_com.google.android.startop.iorap.IorapForwardingService
12-13 15:21:59.944   214   214 I SystemServerTiming: OnBootPhase_500_com.android.server.integrity.AppIntegrityManagerService
12-13 15:21:59.944   214   214 I SystemServerTiming: OnBootPhase_500_com.android.server.inputmethod.InputMethodManagerService$Lifecycle
12-13 15:21:59.944   214   214 I SystemServerTiming: OnBootPhase_500_com.android.server.accessibility.AccessibilityManagerService$Lifecycle
12-13 15:21:59.944   214   214 I SystemServerTiming: OnBootPhase_500_com.android.server.StorageManagerService$Lifecycle
12-13 15:21:59.944   214   214 I SystemServerTiming: OnBootPhase_500_com.android.server.usage.StorageStatsService$Lifecycle
12-13 15:21:59.944   214   214 I SystemServerTiming: OnBootPhase_500_com.android.server.UiModeManagerService
12-13 15:21:59.945   214   214 I ActivityTaskManager: Config changes=200 {1.0 ?mcc?mnc [zh_CN] ldltr sw533dp w533dp h829dp 240dpi lrg port night finger qwerty/v/v -nav/h winConfig={ mBounds=Rect(0, 0 - 800, 1280) mAppBounds=Rect(0, 0 - 800, 1280) mWindowingMode=fullscreen mDisplayWindowingMode=fullscreen mActivityType=undefined mAlwaysOnTop=undefined mRotation=ROTATION_0} s.6}
12-13 15:21:59.945   214   214 I WindowManager: Override config changes=200 {1.0 ?mcc?mnc [zh_CN] ldltr sw533dp w533dp h829dp 240dpi lrg port night finger qwerty/v/v -nav/h winConfig={ mBounds=Rect(0, 0 - 800, 1280) mAppBounds=Rect(0, 0 - 800, 1280) mWindowingMode=fullscreen mDisplayWindowingMode=fullscreen mActivityType=undefined mAlwaysOnTop=undefined mRotation=ROTATION_0} s.6} for displayId=0
12-13 15:21:59.946   214   214 I SystemServerTiming: OnBootPhase_500_com.android.server.locksettings.LockSettingsService$Lifecycle
12-13 15:21:59.946   214   214 I SystemServerTiming: OnBootPhase_500_com.android.server.testharness.TestHarnessModeService
12-13 15:21:59.946   214   214 D TestHarnessModeService: Setting up test harness mode
12-13 15:21:59.946   214   214 D TestHarnessModeService: Getting PersistentDataBlockManagerInternal from LocalServices
12-13 15:21:59.946   214   214 E TestHarnessModeService: Failed to start Test Harness Mode; no implementation of PersistentDataBlockManagerInternal was bound!
12-13 15:21:59.946   214   214 I SystemServerTiming: OnBootPhase_500_com.android.server.DeviceIdleController
12-13 15:21:59.946   214   214 E HistoricalRegistry: Interaction before persistence initialized
12-13 15:21:59.947   214   214 I SystemServerTiming: OnBootPhase_500_com.android.server.devicepolicy.DevicePolicyManagerService$Lifecycle
12-13 15:21:59.947   214   214 I SystemServerTiming: OnBootPhase_500_com.android.server.textservices.TextServicesManagerService$Lifecycle
12-13 15:21:59.947   214   214 I SystemServerTiming: OnBootPhase_500_com.android.server.textclassifier.TextClassificationManagerService$Lifecycle
12-13 15:21:59.947   214   214 I SystemServerTiming: OnBootPhase_500_com.android.server.NetworkScoreService$Lifecycle
12-13 15:21:59.947   214   214 I SystemServerTiming: OnBootPhase_500_com.android.server.wifi.WifiService
12-13 15:21:59.947   214   214 I SystemServerTiming: OnBootPhase_500_com.android.server.wifi.scanner.WifiScanningService
12-13 15:21:59.947   214   214 I SystemServerTiming: OnBootPhase_500_com.android.server.ethernet.EthernetService
12-13 15:21:59.949   214   296 D ConnectivityService: Got NetworkProvider Messenger for Ethernet
12-13 15:21:59.949   214   325 I chatty  : uid=1000(system) EthernetService expire 7 lines
12-13 15:21:59.949   214   214 I SystemServerTiming: OnBootPhase_500_com.android.server.notification.NotificationManagerService
12-13 15:21:59.951   214   291 I chatty  : uid=1000(system) WifiHandlerThre expire 116 lines
12-13 15:21:59.951   214   214 I SystemServerTiming: OnBootPhase_500_com.android.server.storage.DeviceStorageMonitorService
12-13 15:21:59.951   214   214 I SystemServerTiming: OnBootPhase_500_com.android.server.location.LocationManagerService$Lifecycle
12-13 15:21:59.952   214   214 E HistoricalRegistry: Interaction before persistence initialized
12-13 15:21:59.952   214   214 I SystemServerTiming: OnBootPhase_500_com.android.server.timedetector.TimeDetectorService$Lifecycle
12-13 15:21:59.952   214   214 I SystemServerTiming: OnBootPhase_500_com.android.server.timezonedetector.TimeZoneDetectorService$Lifecycle
12-13 15:21:59.952   214   214 I SystemServerTiming: OnBootPhase_500_com.android.server.search.SearchManagerService$Lifecycle
12-13 15:21:59.952   214   214 I SystemServerTiming: OnBootPhase_500_com.android.server.audio.AudioService$Lifecycle
12-13 15:21:59.952   214   214 I SystemServerTiming: OnBootPhase_500_com.android.server.soundtrigger_middleware.SoundTriggerMiddlewareService$Lifecycle
12-13 15:21:59.952   214   214 I SystemServerTiming: OnBootPhase_500_com.android.server.DockObserver
12-13 15:21:59.952   214   214 I SystemServerTiming: OnBootPhase_500_com.android.server.adb.AdbService$Lifecycle
12-13 15:21:59.952   214   214 I SystemServerTiming: OnBootPhase_500_com.android.server.twilight.TwilightService
12-13 15:21:59.952   214   214 I SystemServerTiming: OnBootPhase_500_com.android.server.display.color.ColorDisplayService
12-13 15:21:59.952   214   214 I SystemServerTiming: OnBootPhase_500_com.android.server.job.JobSchedulerService
12-13 15:21:59.953   214   214 E HistoricalRegistry: Interaction before persistence initialized
12-13 15:21:59.953   214   214 I SystemServerTiming: OnBootPhase_500_com.android.server.soundtrigger.SoundTriggerService
12-13 15:21:59.953   214   214 D SoundTriggerService: onBootPhase: 500 : false
12-13 15:21:59.953   214   214 I SystemServerTiming: OnBootPhase_500_com.android.server.trust.TrustManagerService
12-13 15:21:59.953   214   214 I SystemServerTiming: OnBootPhase_500_com.android.server.appwidget.AppWidgetService
12-13 15:21:59.953   214   214 I SystemServerTiming: OnBootPhase_500_com.android.server.role.RoleManagerService
12-13 15:21:59.953   214   214 I SystemServerTiming: OnBootPhase_500_com.android.server.voiceinteraction.VoiceInteractionManagerService
12-13 15:21:59.953   214   214 I SystemServerTiming: OnBootPhase_500_com.android.server.GestureLauncherService
12-13 15:21:59.953   214   214 I SystemServerTiming: OnBootPhase_500_com.android.server.SensorNotificationService
12-13 15:21:59.953   214   214 I SystemServerTiming: OnBootPhase_500_com.android.server.emergency.EmergencyAffordanceService
12-13 15:21:59.953   214   214 I SystemServerTiming: OnBootPhase_500_com.android.server.dreams.DreamManagerService
12-13 15:21:59.953   214   214 I SystemServerTiming: OnBootPhase_500_com.android.server.print.PrintManagerService
12-13 15:21:59.953   214   214 I SystemServerTiming: OnBootPhase_500_com.android.server.restrictions.RestrictionsManagerService
12-13 15:21:59.953   214   214 I SystemServerTiming: OnBootPhase_500_com.android.server.media.MediaSessionService
12-13 15:21:59.953   214   214 I SystemServerTiming: OnBootPhase_500_com.android.server.blob.BlobStoreManagerService
12-13 15:21:59.953   214   214 I SystemServerTiming: OnBootPhase_500_com.android.server.biometrics.BiometricService
12-13 15:21:59.953   214   214 I SystemServerTiming: OnBootPhase_500_com.android.server.biometrics.AuthService
12-13 15:21:59.953   214   214 I SystemServerTiming: OnBootPhase_500_com.android.server.pm.ShortcutService$Lifecycle
12-13 15:21:59.953   214   214 I SystemServerTiming: OnBootPhase_500_com.android.server.pm.LauncherAppsService
12-13 15:21:59.953   214   214 I SystemServerTiming: OnBootPhase_500_com.android.server.pm.CrossProfileAppsService
12-13 15:21:59.953   214   214 I SystemServerTiming: OnBootPhase_500_com.android.server.people.PeopleService
12-13 15:21:59.953   214   214 I SystemServerTiming: OnBootPhase_500_com.android.server.media.projection.MediaProjectionManagerService
12-13 15:21:59.953   214   214 I SystemServerTiming: OnBootPhase_500_com.android.server.slice.SliceManagerService$Lifecycle
12-13 15:21:59.953   214   214 I SystemServerTiming: OnBootPhase_500_com.android.server.camera.CameraServiceProxy
12-13 15:21:59.953   214   214 I SystemServerTiming: OnBootPhase_500_com.android.server.stats.StatsCompanion$Lifecycle
12-13 15:21:59.953   214   214 I SystemServerTiming: OnBootPhase_500_com.android.server.stats.pull.StatsPullAtomService
12-13 15:21:59.953   214   214 I SystemServerTiming: OnBootPhase_500_com.android.server.incident.IncidentCompanionService
12-13 15:21:59.953   214   214 I SystemServerTiming: OnBootPhase_500_com.android.server.MmsServiceBroker
12-13 15:21:59.953   214   214 I SystemServerTiming: OnBootPhase_500_com.android.server.autofill.AutofillManagerService
12-13 15:21:59.953   214   214 I SystemServerTiming: OnBootPhase_500_com.android.server.clipboard.ClipboardService
12-13 15:21:59.953   214   214 I SystemServerTiming: OnBootPhase_500_com.android.server.appbinding.AppBindingService$Lifecycle
12-13 15:21:59.953   214   214 I SystemServerTiming: MakeWindowManagerServiceReady
12-13 15:21:59.954   214   240 E KernelCpuThreadReader: Failed to initialize KernelCpuThreadReader
12-13 15:21:59.954   214   240 E KernelCpuThreadReader: java.nio.file.NoSuchFileException: /proc/self/time_in_state
12-13 15:21:59.954   214   240 E KernelCpuThreadReader: 	at sun.nio.fs.UnixFileSystemProvider.newByteChannel(UnixFileSystemProvider.java:214)
12-13 15:21:59.954   214   240 E KernelCpuThreadReader: 	at java.nio.file.Files.newByteChannel(Files.java:361)
12-13 15:21:59.954   214   240 E KernelCpuThreadReader: 	at java.nio.file.Files.newByteChannel(Files.java:407)
12-13 15:21:59.954   214   240 E KernelCpuThreadReader: 	at java.nio.file.Files.readAllBytes(Files.java:3152)
12-13 15:21:59.954   214   240 E KernelCpuThreadReader: 	at com.android.internal.os.ProcTimeInStateReader.initializeTimeInStateFormat(ProcTimeInStateReader.java:163)
12-13 15:21:59.954   214   240 E KernelCpuThreadReader: 	at com.android.internal.os.ProcTimeInStateReader.<init>(ProcTimeInStateReader.java:110)
12-13 15:21:59.954   214   240 E KernelCpuThreadReader: 	at com.android.internal.os.KernelCpuThreadReader.<init>(KernelCpuThreadReader.java:138)
12-13 15:21:59.954   214   240 E KernelCpuThreadReader: 	at com.android.internal.os.KernelCpuThreadReader.create(KernelCpuThreadReader.java:151)
12-13 15:21:59.954   214   240 E KernelCpuThreadReader: 	at com.android.internal.os.KernelCpuThreadReaderSettingsObserver.<init>(KernelCpuThreadReaderSettingsObserver.java:95)
12-13 15:21:59.954   214   240 E KernelCpuThreadReader: 	at com.android.internal.os.KernelCpuThreadReaderSettingsObserver.getSettingsModifiedReader(KernelCpuThreadReaderSettingsObserver.java:80)
12-13 15:21:59.954   214   240 E KernelCpuThreadReader: 	at com.android.server.stats.pull.StatsPullAtomService.initializePullersState(StatsPullAtomService.java:729)
12-13 15:21:59.954   214   240 E KernelCpuThreadReader: 	at com.android.server.stats.pull.StatsPullAtomService.lambda$onBootPhase$0$StatsPullAtomService(StatsPullAtomService.java:676)
12-13 15:21:59.954   214   240 E KernelCpuThreadReader: 	at com.android.server.stats.pull.-$$Lambda$StatsPullAtomService$DD__7RQZDPvJeL9pnb_7J1voUNE.run(Unknown Source:2)
12-13 15:21:59.954   214   240 E KernelCpuThreadReader: 	at android.os.Handler.handleCallback(Handler.java:938)
12-13 15:21:59.954   214   240 E KernelCpuThreadReader: 	at android.os.Handler.dispatchMessage(Handler.java:99)
12-13 15:21:59.954   214   240 E KernelCpuThreadReader: 	at android.os.Looper.loop(Looper.java:223)
12-13 15:21:59.954   214   240 E KernelCpuThreadReader: 	at android.os.HandlerThread.run(HandlerThread.java:67)
12-13 15:21:59.955   214   214 I SystemServerTiming: MakePowerManagerServiceReady
12-13 15:21:59.955   214   240 I chatty  : uid=1000(system) android.bg expire 16 lines
12-13 15:21:59.956   214   240 I HealthServiceWrapper: health: HealthServiceWrapper listening to instance default
12-13 15:21:59.956   214   214 E DisplayPowerController: failed to set up display white-balance: java.lang.IllegalStateException: cannot find light sensor
12-13 15:21:59.956   214   232 I chatty  : uid=1000(system) android.fg expire 34 lines
12-13 15:21:59.956   214   240 D StatsPullAtomService: Registering pullers with statsd
12-13 15:21:59.956   214   330 I chatty  : uid=1000(system) HealthServiceHw expire 1 line
12-13 15:21:59.957    88    88 I power-service.windows: Power isBoostSupported: 0
12-13 15:21:59.957   214   296 D ConnectivityService: NetReassign [no changes]
12-13 15:21:59.957   214   240 I StatsPullAtomService: register thermal listener successfully
12-13 15:21:59.958   214   247 W KernelCpuProcStringReader: File not found. It's normal if not implemented: /proc/uid_concurrent_policy_time
12-13 15:21:59.958   214   247 E KernelCpuSpeedReader: Failed to read cpu-freq: /sys/devices/system/cpu/cpu0/cpufreq/stats/time_in_state: open failed: ENOENT (No such file or directory)
12-13 15:21:59.958   152   152 I wificond: create scanner for interface with index: 14
12-13 15:21:59.958   152   152 I wificond: subscribe scan result for interface with index: 14
12-13 15:21:59.959    46    51 E android.system.suspend@1.0-service: Error opening kernel wakelock stats for: wakeup2: Permission denied
12-13 15:21:59.959    46    51 E android.system.suspend@1.0-service: Error opening kernel wakelock stats for: wakeup0: Permission denied
12-13 15:21:59.959    46    51 E android.system.suspend@1.0-service: Error opening kernel wakelock stats for: wakeup3: Permission denied
12-13 15:21:59.959    46    51 E android.system.suspend@1.0-service: Error opening kernel wakelock stats for: wakeup1: Permission denied
12-13 15:21:59.960   214   214 I SystemServerTiming: StartPermissionPolicyService
12-13 15:21:59.960   214   214 I SystemServiceManager: Starting com.android.server.policy.PermissionPolicyService
12-13 15:21:59.960   214   250 W KeyguardServiceDelegate: onScreenTurningOn(): no keyguard service!
12-13 15:21:59.960   214   233 I chatty  : uid=1000(system) android.ui expire 12 lines
12-13 15:21:59.961   214   250 V DisplayPowerController: Brightness [0.39763778] reason changing to: 'override', previous reason: '0'.
12-13 15:21:59.961    88    88 I power-service.windows: Power isModeSupported: 9
12-13 15:21:59.961   214   214 I SystemServerTiming: MakePackageManagerServiceReady
12-13 15:21:59.962   214   295 I chatty  : uid=1000(system) WifiScanningSer expire 8 lines
12-13 15:21:59.965   214   214 I PackageManager: Permission ownership changed. Updating all permissions.
12-13 15:21:59.971   214   332 I chatty  : uid=1000(system) RenderThread expire 15 lines
12-13 15:21:59.973   214   214 V UserDataPreparer: Found /data/user_de/0 with serial number 0
12-13 15:21:59.973   214   214 V UserDataPreparer: Found /data/user/0 with serial number 0
12-13 15:21:59.973   214   214 V UserDataPreparer: Found /data/system_de/0 with serial number 0
12-13 15:21:59.973   214   214 V UserDataPreparer: Found /data/system_ce/0 with serial number 0
12-13 15:21:59.973   214   214 V UserDataPreparer: Found /data/misc_ce/0 with serial number 0
12-13 15:21:59.974   214   214 I SystemServerTiming: MakeDisplayManagerServiceReady
12-13 15:21:59.975   214   214 I SystemServerTiming: StartDeviceSpecificServices
12-13 15:21:59.975   214   214 I SystemServerTiming: StartDeviceSpecificServices com.microsoft.windows.service.SystemServerService
12-13 15:21:59.981   338   338 I wpa_supplicant: Processing hidl events on FD 3
12-13 15:21:59.982   338   338 I HidlServiceManagement: Registered android.hardware.wifi.supplicant@1.3::ISupplicant/default
12-13 15:21:59.982   338   338 I wpa_supplicant: Successfully initialized wpa_supplicant
12-13 15:21:59.982   214   331 I chatty  : uid=1000(system) HwBinder:214_2 expire 2 lines
12-13 15:21:59.983   214   214 I SystemServiceManager: Starting com.microsoft.windows.service.SystemServerService
12-13 15:21:59.983   214   214 I SystemServerTiming: StartBootPhaseDeviceSpecificServicesReady
12-13 15:21:59.983   214   214 I SystemServiceManager: Starting phase 520
12-13 15:21:59.983   214   214 I SystemServerTiming: OnBootPhase_520
12-13 15:21:59.983   214   214 I SystemServerTiming: OnBootPhase_520_com.android.server.security.FileIntegrityService
12-13 15:21:59.983   214   214 I SystemServerTiming: OnBootPhase_520_com.android.server.pm.Installer
12-13 15:21:59.983   214   214 I SystemServerTiming: OnBootPhase_520_com.android.server.os.DeviceIdentifiersPolicyService
12-13 15:21:59.983   214   214 I SystemServerTiming: OnBootPhase_520_com.android.server.uri.UriGrantsManagerService$Lifecycle
12-13 15:21:59.983   214   214 I SystemServerTiming: OnBootPhase_520_com.android.server.wm.ActivityTaskManagerService$Lifecycle
12-13 15:21:59.983   214   214 I SystemServerTiming: OnBootPhase_520_com.android.server.am.ActivityManagerService$Lifecycle
12-13 15:21:59.983   214   214 I SystemServerTiming: OnBootPhase_520_com.android.server.pm.DataLoaderManagerService
12-13 15:21:59.983   214   214 I SystemServerTiming: OnBootPhase_520_com.android.server.power.PowerManagerService
12-13 15:21:59.983   214   214 I SystemServerTiming: OnBootPhase_520_com.android.server.power.ThermalManagerService
12-13 15:21:59.983   214   214 I SystemServerTiming: OnBootPhase_520_com.android.server.recoverysystem.RecoverySystemService$Lifecycle
12-13 15:21:59.983   214   214 I SystemServerTiming: OnBootPhase_520_com.android.server.lights.LightsService
12-13 15:21:59.983   214   214 I SystemServerTiming: OnBootPhase_520_com.android.server.display.DisplayManagerService
12-13 15:21:59.983   214   214 I SystemServerTiming: OnBootPhase_520_com.android.server.pm.UserManagerService$LifeCycle
12-13 15:21:59.983   214   214 I SystemServerTiming: OnBootPhase_520_com.android.server.om.OverlayManagerService
12-13 15:21:59.983   214   214 I SystemServerTiming: OnBootPhase_520_com.android.server.SensorPrivacyService
12-13 15:21:59.983   214   214 I SystemServerTiming: OnBootPhase_520_com.android.server.SystemConfigService
12-13 15:21:59.983   214   214 I SystemServerTiming: OnBootPhase_520_com.android.server.BatteryService
12-13 15:21:59.983   214   214 I SystemServerTiming: OnBootPhase_520_com.android.server.usage.UsageStatsService
12-13 15:21:59.983   214   214 I SystemServerTiming: OnBootPhase_520_com.android.server.webkit.WebViewUpdateService
12-13 15:21:59.983   214   214 I SystemServerTiming: OnBootPhase_520_com.android.server.CachedDeviceStateService
12-13 15:21:59.983   214   214 I SystemServerTiming: OnBootPhase_520_com.android.server.BinderCallsStatsService$LifeCycle
12-13 15:21:59.983   214   214 I SystemServerTiming: OnBootPhase_520_com.android.server.LooperStatsService$Lifecycle
12-13 15:21:59.983   214   214 I SystemServerTiming: OnBootPhase_520_com.android.server.rollback.RollbackManagerService
12-13 15:21:59.983   214   214 I SystemServerTiming: OnBootPhase_520_com.android.server.os.BugreportManagerService
12-13 15:21:59.983   214   214 I SystemServerTiming: OnBootPhase_520_com.android.server.gpu.GpuService
12-13 15:21:59.983   214   214 I SystemServerTiming: OnBootPhase_520_com.android.server.security.KeyChainSystemService
12-13 15:21:59.983   214   214 I SystemServerTiming: OnBootPhase_520_com.android.server.telecom.TelecomLoaderService
12-13 15:21:59.983   214   214 I SystemServerTiming: OnBootPhase_520_com.android.server.accounts.AccountManagerService$Lifecycle
12-13 15:21:59.983   214   214 I SystemServerTiming: OnBootPhase_520_com.android.server.content.ContentService$Lifecycle
12-13 15:21:59.983   214   214 I SystemServerTiming: OnBootPhase_520_com.android.server.DropBoxManagerService
12-13 15:21:59.983   214   214 I SystemServerTiming: OnBootPhase_520_com.android.server.AlarmManagerService
12-13 15:21:59.983   214   214 I SystemServerTiming: OnBootPhase_520_com.android.server.connectivity.IpConnectivityMetrics
12-13 15:21:59.983   214   214 I SystemServerTiming: OnBootPhase_520_com.android.server.net.watchlist.NetworkWatchlistService$Lifecycle
12-13 15:21:59.983   214   214 I SystemServerTiming: OnBootPhase_520_com.android.server.PinnerService
12-13 15:21:59.983   214   214 I SystemServerTiming: OnBootPhase_520_com.google.android.startop.iorap.IorapForwardingService
12-13 15:21:59.983   214   214 I SystemServerTiming: OnBootPhase_520_com.android.server.integrity.AppIntegrityManagerService
12-13 15:21:59.983   214   214 I SystemServerTiming: OnBootPhase_520_com.android.server.inputmethod.InputMethodManagerService$Lifecycle
12-13 15:21:59.983   214   214 I SystemServerTiming: OnBootPhase_520_com.android.server.accessibility.AccessibilityManagerService$Lifecycle
12-13 15:21:59.983   214   214 I SystemServerTiming: OnBootPhase_520_com.android.server.StorageManagerService$Lifecycle
12-13 15:21:59.983   214   214 I SystemServerTiming: OnBootPhase_520_com.android.server.usage.StorageStatsService$Lifecycle
12-13 15:21:59.983   214   214 I SystemServerTiming: OnBootPhase_520_com.android.server.UiModeManagerService
12-13 15:21:59.983   214   214 I SystemServerTiming: OnBootPhase_520_com.android.server.locksettings.LockSettingsService$Lifecycle
12-13 15:21:59.983   214   214 I SystemServerTiming: OnBootPhase_520_com.android.server.testharness.TestHarnessModeService
12-13 15:21:59.983   214   214 I SystemServerTiming: OnBootPhase_520_com.android.server.DeviceIdleController
12-13 15:21:59.983   214   214 I SystemServerTiming: OnBootPhase_520_com.android.server.devicepolicy.DevicePolicyManagerService$Lifecycle
12-13 15:21:59.983   214   214 I SystemServerTiming: OnBootPhase_520_com.android.server.textservices.TextServicesManagerService$Lifecycle
12-13 15:21:59.983   214   214 I SystemServerTiming: OnBootPhase_520_com.android.server.textclassifier.TextClassificationManagerService$Lifecycle
12-13 15:21:59.983   214   214 I SystemServerTiming: OnBootPhase_520_com.android.server.NetworkScoreService$Lifecycle
12-13 15:21:59.983   214   214 I SystemServerTiming: OnBootPhase_520_com.android.server.wifi.WifiService
12-13 15:21:59.983   214   214 I SystemServerTiming: OnBootPhase_520_com.android.server.wifi.scanner.WifiScanningService
12-13 15:21:59.983   214   214 I SystemServerTiming: OnBootPhase_520_com.android.server.ethernet.EthernetService
12-13 15:21:59.983   214   214 I SystemServerTiming: OnBootPhase_520_com.android.server.notification.NotificationManagerService
12-13 15:21:59.983   214   214 I SystemServerTiming: OnBootPhase_520_com.android.server.storage.DeviceStorageMonitorService
12-13 15:21:59.983   214   214 I SystemServerTiming: OnBootPhase_520_com.android.server.location.LocationManagerService$Lifecycle
12-13 15:21:59.983   214   214 I SystemServerTiming: OnBootPhase_520_com.android.server.timedetector.TimeDetectorService$Lifecycle
12-13 15:21:59.983   214   214 I SystemServerTiming: OnBootPhase_520_com.android.server.timezonedetector.TimeZoneDetectorService$Lifecycle
12-13 15:21:59.983   214   214 I SystemServerTiming: OnBootPhase_520_com.android.server.search.SearchManagerService$Lifecycle
12-13 15:21:59.983   214   214 I SystemServerTiming: OnBootPhase_520_com.android.server.audio.AudioService$Lifecycle
12-13 15:21:59.983   214   214 I SystemServerTiming: OnBootPhase_520_com.android.server.soundtrigger_middleware.SoundTriggerMiddlewareService$Lifecycle
12-13 15:21:59.983   214   214 I SystemServerTiming: OnBootPhase_520_com.android.server.DockObserver
12-13 15:21:59.983   214   214 I SystemServerTiming: OnBootPhase_520_com.android.server.adb.AdbService$Lifecycle
12-13 15:21:59.983   214   214 I SystemServerTiming: OnBootPhase_520_com.android.server.twilight.TwilightService
12-13 15:21:59.983   214   214 I SystemServerTiming: OnBootPhase_520_com.android.server.display.color.ColorDisplayService
12-13 15:21:59.983   214   214 I SystemServerTiming: OnBootPhase_520_com.android.server.job.JobSchedulerService
12-13 15:21:59.983   214   214 I SystemServerTiming: OnBootPhase_520_com.android.server.soundtrigger.SoundTriggerService
12-13 15:21:59.984   214   214 D SoundTriggerService: onBootPhase: 520 : false
12-13 15:21:59.984   214   214 W SoundTriggerHelper: listModules status=0, # of modules=0
12-13 15:21:59.984   214   214 I SystemServerTiming: OnBootPhase_520_com.android.server.trust.TrustManagerService
12-13 15:21:59.984   214   214 I SystemServerTiming: OnBootPhase_520_com.android.server.appwidget.AppWidgetService
12-13 15:21:59.984   214   214 I SystemServerTiming: OnBootPhase_520_com.android.server.role.RoleManagerService
12-13 15:21:59.984   214   214 I SystemServerTiming: OnBootPhase_520_com.android.server.voiceinteraction.VoiceInteractionManagerService
12-13 15:21:59.984   214   214 I SystemServerTiming: OnBootPhase_520_com.android.server.GestureLauncherService
12-13 15:21:59.984   214   214 I SystemServerTiming: OnBootPhase_520_com.android.server.SensorNotificationService
12-13 15:21:59.984   214   214 I SystemServerTiming: OnBootPhase_520_com.android.server.emergency.EmergencyAffordanceService
12-13 15:21:59.984   214   214 I SystemServerTiming: OnBootPhase_520_com.android.server.dreams.DreamManagerService
12-13 15:21:59.984   214   214 I SystemServerTiming: OnBootPhase_520_com.android.server.print.PrintManagerService
12-13 15:21:59.984   214   214 I SystemServerTiming: OnBootPhase_520_com.android.server.restrictions.RestrictionsManagerService
12-13 15:21:59.984   214   214 I SystemServerTiming: OnBootPhase_520_com.android.server.media.MediaSessionService
12-13 15:21:59.984   214   214 I SystemServerTiming: OnBootPhase_520_com.android.server.blob.BlobStoreManagerService
12-13 15:21:59.984   214   214 I SystemServerTiming: OnBootPhase_520_com.android.server.biometrics.BiometricService
12-13 15:21:59.984   214   214 I SystemServerTiming: OnBootPhase_520_com.android.server.biometrics.AuthService
12-13 15:21:59.984   214   214 I SystemServerTiming: OnBootPhase_520_com.android.server.pm.ShortcutService$Lifecycle
12-13 15:21:59.984   214   214 I SystemServerTiming: OnBootPhase_520_com.android.server.pm.LauncherAppsService
12-13 15:21:59.984   214   214 I SystemServerTiming: OnBootPhase_520_com.android.server.pm.CrossProfileAppsService
12-13 15:21:59.984   214   214 I SystemServerTiming: OnBootPhase_520_com.android.server.people.PeopleService
12-13 15:21:59.984   214   214 I SystemServerTiming: OnBootPhase_520_com.android.server.media.projection.MediaProjectionManagerService
12-13 15:21:59.984   214   214 I SystemServerTiming: OnBootPhase_520_com.android.server.slice.SliceManagerService$Lifecycle
12-13 15:21:59.984   214   214 I SystemServerTiming: OnBootPhase_520_com.android.server.camera.CameraServiceProxy
12-13 15:21:59.984   214   214 I SystemServerTiming: OnBootPhase_520_com.android.server.stats.StatsCompanion$Lifecycle
12-13 15:21:59.984   214   214 I SystemServerTiming: OnBootPhase_520_com.android.server.stats.pull.StatsPullAtomService
12-13 15:21:59.984   214   214 I SystemServerTiming: OnBootPhase_520_com.android.server.incident.IncidentCompanionService
12-13 15:21:59.984   214   214 I SystemServerTiming: OnBootPhase_520_com.android.server.MmsServiceBroker
12-13 15:21:59.984   214   214 I SystemServerTiming: OnBootPhase_520_com.android.server.autofill.AutofillManagerService
12-13 15:21:59.984   214   214 I SystemServerTiming: OnBootPhase_520_com.android.server.clipboard.ClipboardService
12-13 15:21:59.984   214   214 I SystemServerTiming: OnBootPhase_520_com.android.server.appbinding.AppBindingService$Lifecycle
12-13 15:21:59.984   214   214 I SystemServerTiming: OnBootPhase_520_com.android.server.policy.PermissionPolicyService
12-13 15:21:59.984   214   214 I SystemServerTiming: OnBootPhase_520_com.android.server.pm.StagingManager$Lifecycle
12-13 15:21:59.984   214   214 I SystemServerTiming: OnBootPhase_520_com.microsoft.windows.service.SystemServerService
12-13 15:21:59.984   214   214 V SystemServerService: PHASE_DEVICE_SPECIFIC_SERVICES_READY
12-13 15:21:59.984   214   214 I SystemServerTiming: PhaseActivityManagerReady
12-13 15:21:59.985   214   214 I SystemServerTiming: controllersReady
12-13 15:21:59.986   214   339 I SystemServerTimingAsync: InitThreadPoolExec:Update app-ops uidState in case package com.eivaagames.RealChess3D.dbzq.m changed
12-13 15:21:59.986   214   340 I SystemServerTimingAsync: InitThreadPoolExec:Update app-ops uidState in case package com.android.providers.media.module changed
12-13 15:21:59.986   214   341 I SystemServerTimingAsync: InitThreadPoolExec:Update app-ops uidState in case package com.android.systemui changed
12-13 15:21:59.986   214   342 I SystemServerTimingAsync: InitThreadPoolExec:Update app-ops uidState in case package com.microsoft.windows.userapp changed
12-13 15:21:59.987   214   343 I SystemServerTimingAsync: InitThreadPoolExec:Update app-ops uidState in case package com.google.android.accessibility.talkback changed
12-13 15:21:59.987   214   344 I SystemServerTimingAsync: InitThreadPoolExec:Update app-ops uidState in case package com.amazon.venezia changed
12-13 15:21:59.987   214   345 I SystemServerTimingAsync: InitThreadPoolExec:Update app-ops uidState in case package com.amazon.device.messaging changed
12-13 15:21:59.987   214   346 I SystemServerTimingAsync: InitThreadPoolExec:Update app-ops uidState in case package com.android.providers.calendar changed
12-13 15:21:59.987   214   262 I SystemServerTimingAsync: InitThreadPoolExec:Update app-ops uidState in case package com.android.providers.media changed
12-13 15:21:59.987   214   239 I SystemServerTimingAsync: InitThreadPoolExec:Update app-ops uidState in case package com.android.providers.contacts changed
12-13 15:21:59.987   214   260 I SystemServerTimingAsync: InitThreadPoolExec:Update app-ops uidState in case package com.android.providers.downloads changed
12-13 15:21:59.987   214   346 I SystemServerTimingAsync: InitThreadPoolExec:Update app-ops uidState in case package com.android.providers.downloads.ui changed
12-13 15:21:59.987   214   262 I SystemServerTimingAsync: InitThreadPoolExec:Update app-ops uidState in case package com.microsoft.windows.systemapp changed
12-13 15:21:59.987   214   346 I SystemServerTimingAsync: InitThreadPoolExec:Update app-ops uidState in case package com.android.settings changed
12-13 15:21:59.987   214   268 I SystemServerTimingAsync: InitThreadPoolExec:Update app-ops uidState in case package com.android.dynsystem changed
12-13 15:21:59.987   214   340 I SystemServerTimingAsync: InitThreadPoolExec:Update app-ops uidState in case package android changed
12-13 15:21:59.987   214   346 I SystemServerTimingAsync: InitThreadPoolExec:Update app-ops uidState in case package com.android.location.fused changed
12-13 15:21:59.987   214   342 I SystemServerTimingAsync: InitThreadPoolExec:Update app-ops uidState in case package com.android.wallpaperbackup changed
12-13 15:21:59.987   214   214 I SystemServerTiming: killProcesses
12-13 15:21:59.987   214   214 I ActivityManager: System now ready
12-13 15:21:59.987   214   214 I SystemServerTiming: updateTopComponentForFactoryTest
12-13 15:21:59.987   214   214 I SystemServerTiming: registerActivityLaunchObserver
12-13 15:21:59.987   214   214 I SystemServerTiming: watchDeviceProvisioning
12-13 15:21:59.993   214   282 I chatty  : uid=1000(system) Binder:214_3 expire 5 lines
12-13 15:21:59.993    67    67 I statsd  : Statsd starts to listen to socket.
12-13 15:21:59.995   214   214 I SystemServerTiming: retrieveSettings
12-13 15:21:59.996   214   214 I ActivityTaskManager: Config changes=100 {1.0 ?mcc?mnc [zh_CN] ldltr sw533dp w533dp h829dp 240dpi lrg port night finger qwerty/v/v -nav/h winConfig={ mBounds=Rect(0, 0 - 800, 1280) mAppBounds=Rect(0, 0 - 800, 1280) mWindowingMode=fullscreen mDisplayWindowingMode=fullscreen mActivityType=undefined mAlwaysOnTop=undefined mRotation=ROTATION_0} s.8}
12-13 15:21:59.997   214   214 I WindowManager: Override config changes=100 {1.0 ?mcc?mnc [zh_CN] ldltr sw533dp w533dp h829dp 240dpi lrg port night finger qwerty/v/v -nav/h winConfig={ mBounds=Rect(0, 0 - 800, 1280) mAppBounds=Rect(0, 0 - 800, 1280) mWindowingMode=fullscreen mDisplayWindowingMode=fullscreen mActivityType=undefined mAlwaysOnTop=undefined mRotation=ROTATION_0} s.8} for displayId=0
12-13 15:21:59.997   214   214 V WindowManager: Orientation start waiting for draw, mDrawState=DRAW_PENDING in Window{ee23a05 u0 PointerLocation - display 0}, surfaceController Surface(name=PointerLocation - display 0)/@0xeb2040b
12-13 15:21:59.998   214   241 D CompatibilityChangeReporter: Compat change id reported: 135634846; UID 1000; state: DISABLED
12-13 15:21:59.999   214   214 I SystemServerTiming: Ugm.onSystemReady
12-13 15:21:59.999   214   214 I SystemServerTiming: updateForceBackgroundCheck
12-13 15:22:00.000   214   214 I SystemServer: Making services ready
12-13 15:22:00.000   214   214 I SystemServerTiming: StartActivityManagerReadyPhase
12-13 15:22:00.000   214   214 I SystemServiceManager: Starting phase 550
12-13 15:22:00.000   214   214 I SystemServerTiming: OnBootPhase_550
12-13 15:22:00.000   214   214 I SystemServerTiming: OnBootPhase_550_com.android.server.security.FileIntegrityService
12-13 15:22:00.000   214   214 I SystemServerTiming: OnBootPhase_550_com.android.server.pm.Installer
12-13 15:22:00.000   214   214 I SystemServerTiming: OnBootPhase_550_com.android.server.os.DeviceIdentifiersPolicyService
12-13 15:22:00.000   214   214 I SystemServerTiming: OnBootPhase_550_com.android.server.uri.UriGrantsManagerService$Lifecycle
12-13 15:22:00.000   214   214 I SystemServerTiming: OnBootPhase_550_com.android.server.wm.ActivityTaskManagerService$Lifecycle
12-13 15:22:00.000   214   214 I SystemServerTiming: OnBootPhase_550_com.android.server.am.ActivityManagerService$Lifecycle
12-13 15:22:00.000   214   214 I SystemServerTiming: OnBootPhase_550_com.android.server.pm.DataLoaderManagerService
12-13 15:22:00.000   214   214 I SystemServerTiming: OnBootPhase_550_com.android.server.power.PowerManagerService
12-13 15:22:00.000   214   214 I SystemServerTiming: OnBootPhase_550_com.android.server.power.ThermalManagerService
12-13 15:22:00.001   214   214 E ThermalHalWrapper: Thermal HAL 2.0 service not connected.
12-13 15:22:00.002   214   214 E ThermalHalWrapper: Thermal HAL 1.1 service not connected.
12-13 15:22:00.002   214   214 E ThermalHalWrapper: Thermal HAL 1.0 service not connected.
12-13 15:22:00.002   214   214 W ThermalManagerService: No Thermal HAL service on this device
12-13 15:22:00.002   214   214 I SystemServerTiming: OnBootPhase_550_com.android.server.recoverysystem.RecoverySystemService$Lifecycle
12-13 15:22:00.002   214   214 I SystemServerTiming: OnBootPhase_550_com.android.server.lights.LightsService
12-13 15:22:00.002   214   214 I SystemServerTiming: OnBootPhase_550_com.android.server.display.DisplayManagerService
12-13 15:22:00.002   214   214 I SystemServerTiming: OnBootPhase_550_com.android.server.pm.UserManagerService$LifeCycle
12-13 15:22:00.002   214   214 I SystemServerTiming: OnBootPhase_550_com.android.server.om.OverlayManagerService
12-13 15:22:00.002   214   214 I SystemServerTiming: OnBootPhase_550_com.android.server.SensorPrivacyService
12-13 15:22:00.002   214   214 I SystemServerTiming: OnBootPhase_550_com.android.server.SystemConfigService
12-13 15:22:00.002   214   214 I SystemServerTiming: OnBootPhase_550_com.android.server.BatteryService
12-13 15:22:00.003   214   214 I SystemServerTiming: OnBootPhase_550_com.android.server.usage.UsageStatsService
12-13 15:22:00.003   214   214 I SystemServerTiming: OnBootPhase_550_com.android.server.webkit.WebViewUpdateService
12-13 15:22:00.003   214   214 I SystemServerTiming: OnBootPhase_550_com.android.server.CachedDeviceStateService
12-13 15:22:00.003   214   214 I SystemServerTiming: OnBootPhase_550_com.android.server.BinderCallsStatsService$LifeCycle
12-13 15:22:00.003   214   214 I SystemServerTiming: OnBootPhase_550_com.android.server.LooperStatsService$Lifecycle
12-13 15:22:00.003   214   214 I SystemServerTiming: OnBootPhase_550_com.android.server.rollback.RollbackManagerService
12-13 15:22:00.003   214   214 I SystemServerTiming: OnBootPhase_550_com.android.server.os.BugreportManagerService
12-13 15:22:00.003   214   214 I SystemServerTiming: OnBootPhase_550_com.android.server.gpu.GpuService
12-13 15:22:00.003   214   214 I SystemServerTiming: OnBootPhase_550_com.android.server.security.KeyChainSystemService
12-13 15:22:00.003   214   214 I SystemServerTiming: OnBootPhase_550_com.android.server.telecom.TelecomLoaderService
12-13 15:22:00.003   214   214 W ActivityManager: Unable to start service Intent { act=com.android.ITelecomService cmp=com.android.server.telecom/.components.TelecomService } U=0: not found
12-13 15:22:00.003   214   214 I SystemServerTiming: OnBootPhase_550_com.android.server.accounts.AccountManagerService$Lifecycle
12-13 15:22:00.003   214   214 I SystemServerTiming: OnBootPhase_550_com.android.server.content.ContentService$Lifecycle
12-13 15:22:00.003    69    69 D Zygote  : Forked child process 351
12-13 15:22:00.005   214   242 I ActivityManager: Start proc 351:com.android.settings/1000 for broadcast {com.android.settings/com.android.settings.fuelgauge.batterytip.AnomalyConfigReceiver}
12-13 15:22:00.007   351   351 I chatty  : uid=1000(system) com.android.settings expire 42 lines
12-13 15:22:00.017   214   214 I SystemServerTiming: OnBootPhase_550_com.android.server.DropBoxManagerService
12-13 15:22:00.017   214   214 I SystemServerTiming: OnBootPhase_550_com.android.server.AlarmManagerService
12-13 15:22:00.017   214   214 I SystemServerTiming: OnBootPhase_550_com.android.server.connectivity.IpConnectivityMetrics
12-13 15:22:00.017   214   214 I SystemServerTiming: OnBootPhase_550_com.android.server.net.watchlist.NetworkWatchlistService$Lifecycle
12-13 15:22:00.019   214   214 I SystemServerTiming: OnBootPhase_550_com.android.server.PinnerService
12-13 15:22:00.019   214   214 I SystemServerTiming: OnBootPhase_550_com.google.android.startop.iorap.IorapForwardingService
12-13 15:22:00.019   214   214 I SystemServerTiming: OnBootPhase_550_com.android.server.integrity.AppIntegrityManagerService
12-13 15:22:00.019   214   214 I SystemServerTiming: OnBootPhase_550_com.android.server.inputmethod.InputMethodManagerService$Lifecycle
12-13 15:22:00.020   214   214 W InputMethodUtils: Found no fallback locale. imis=[]
12-13 15:22:00.020   214   214 W InputMethodUtils: No software keyboard is found. imis=[] systemLocale=zh_CN fallbackLocale=null
12-13 15:22:00.021   214   214 I SystemServerTiming: OnBootPhase_550_com.android.server.accessibility.AccessibilityManagerService$Lifecycle
12-13 15:22:00.021   214   214 I SystemServerTiming: OnBootPhase_550_com.android.server.StorageManagerService$Lifecycle
12-13 15:22:00.021   214   214 I SystemServerTiming: OnBootPhase_550_com.android.server.usage.StorageStatsService$Lifecycle
12-13 15:22:00.021   214   214 I SystemServerTiming: OnBootPhase_550_com.android.server.UiModeManagerService
12-13 15:22:00.021   214   214 I SystemServerTiming: OnBootPhase_550_com.android.server.locksettings.LockSettingsService$Lifecycle
12-13 15:22:00.021   214   214 I SystemServerTiming: OnBootPhase_550_com.android.server.testharness.TestHarnessModeService
12-13 15:22:00.021   214   214 I SystemServerTiming: OnBootPhase_550_com.android.server.DeviceIdleController
12-13 15:22:00.021   214   214 I SystemServerTiming: OnBootPhase_550_com.android.server.devicepolicy.DevicePolicyManagerService$Lifecycle
12-13 15:22:00.021   214   214 I SystemServerTiming: OnBootPhase_550_com.android.server.textservices.TextServicesManagerService$Lifecycle
12-13 15:22:00.021   214   214 I SystemServerTiming: OnBootPhase_550_com.android.server.textclassifier.TextClassificationManagerService$Lifecycle
12-13 15:22:00.021   214   214 I SystemServerTiming: OnBootPhase_550_com.android.server.NetworkScoreService$Lifecycle
12-13 15:22:00.021   214   214 I SystemServerTiming: OnBootPhase_550_com.android.server.wifi.WifiService
12-13 15:22:00.021   214   214 I SystemServerTiming: OnBootPhase_550_com.android.server.wifi.scanner.WifiScanningService
12-13 15:22:00.021   214   214 I SystemServerTiming: OnBootPhase_550_com.android.server.ethernet.EthernetService
12-13 15:22:00.021   214   214 I SystemServerTiming: OnBootPhase_550_com.android.server.notification.NotificationManagerService
12-13 15:22:00.021   214   214 I SystemServerTiming: OnBootPhase_550_com.android.server.storage.DeviceStorageMonitorService
12-13 15:22:00.021   214   214 I SystemServerTiming: OnBootPhase_550_com.android.server.location.LocationManagerService$Lifecycle
12-13 15:22:00.021   214   214 I SystemServerTiming: OnBootPhase_550_com.android.server.timedetector.TimeDetectorService$Lifecycle
12-13 15:22:00.021   214   214 I SystemServerTiming: OnBootPhase_550_com.android.server.timezonedetector.TimeZoneDetectorService$Lifecycle
12-13 15:22:00.021   214   214 I SystemServerTiming: OnBootPhase_550_com.android.server.search.SearchManagerService$Lifecycle
12-13 15:22:00.021   214   214 I SystemServerTiming: OnBootPhase_550_com.android.server.audio.AudioService$Lifecycle
12-13 15:22:00.021   214   214 I SystemServerTiming: OnBootPhase_550_com.android.server.soundtrigger_middleware.SoundTriggerMiddlewareService$Lifecycle
12-13 15:22:00.021   214   214 I SystemServerTiming: OnBootPhase_550_com.android.server.DockObserver
12-13 15:22:00.021   214   214 I SystemServerTiming: OnBootPhase_550_com.android.server.adb.AdbService$Lifecycle
12-13 15:22:00.021   214   214 I SystemServerTiming: OnBootPhase_550_com.android.server.twilight.TwilightService
12-13 15:22:00.021   214   214 I SystemServerTiming: OnBootPhase_550_com.android.server.display.color.ColorDisplayService
12-13 15:22:00.021   214   214 I SystemServerTiming: OnBootPhase_550_com.android.server.job.JobSchedulerService
12-13 15:22:00.021   214   283 D StorageManagerService: Isolated storage local flag 0 and remote flag 0 resolved to true
12-13 15:22:00.021   214   214 I SystemServerTiming: OnBootPhase_550_com.android.server.soundtrigger.SoundTriggerService
12-13 15:22:00.021   214   214 D SoundTriggerService: onBootPhase: 550 : false
12-13 15:22:00.021   214   214 I SystemServerTiming: OnBootPhase_550_com.android.server.trust.TrustManagerService
12-13 15:22:00.021   214   214 I SystemServerTiming: OnBootPhase_550_com.android.server.appwidget.AppWidgetService
12-13 15:22:00.021   214   214 I SystemServerTiming: OnBootPhase_550_com.android.server.role.RoleManagerService
12-13 15:22:00.021   214   214 I SystemServerTiming: OnBootPhase_550_com.android.server.voiceinteraction.VoiceInteractionManagerService
12-13 15:22:00.021   214   214 I SystemServerTiming: OnBootPhase_550_com.android.server.GestureLauncherService
12-13 15:22:00.021   214   214 I SystemServerTiming: OnBootPhase_550_com.android.server.SensorNotificationService
12-13 15:22:00.021   214   214 I SystemServerTiming: OnBootPhase_550_com.android.server.emergency.EmergencyAffordanceService
12-13 15:22:00.021   214   214 I SystemServerTiming: OnBootPhase_550_com.android.server.dreams.DreamManagerService
12-13 15:22:00.021   214   214 I SystemServerTiming: OnBootPhase_550_com.android.server.print.PrintManagerService
12-13 15:22:00.021   214   214 I SystemServerTiming: OnBootPhase_550_com.android.server.restrictions.RestrictionsManagerService
12-13 15:22:00.021   214   214 I SystemServerTiming: OnBootPhase_550_com.android.server.media.MediaSessionService
12-13 15:22:00.021   214   214 I SystemServerTiming: OnBootPhase_550_com.android.server.blob.BlobStoreManagerService
12-13 15:22:00.022   214   310 I chatty  : uid=1000(system) AudioService expire 4 lines
12-13 15:22:00.022   214   214 I SystemServerTiming: OnBootPhase_550_com.android.server.biometrics.BiometricService
12-13 15:22:00.022   214   214 I SystemServerTiming: OnBootPhase_550_com.android.server.biometrics.AuthService
12-13 15:22:00.022   214   214 I SystemServerTiming: OnBootPhase_550_com.android.server.pm.ShortcutService$Lifecycle
12-13 15:22:00.022   214   214 I SystemServerTiming: OnBootPhase_550_com.android.server.pm.LauncherAppsService
12-13 15:22:00.022   214   214 I SystemServerTiming: OnBootPhase_550_com.android.server.pm.CrossProfileAppsService
12-13 15:22:00.022   214   214 I SystemServerTiming: OnBootPhase_550_com.android.server.people.PeopleService
12-13 15:22:00.022   214   214 I SystemServerTiming: OnBootPhase_550_com.android.server.media.projection.MediaProjectionManagerService
12-13 15:22:00.022   214   214 I SystemServerTiming: OnBootPhase_550_com.android.server.slice.SliceManagerService$Lifecycle
12-13 15:22:00.022   214   214 I SystemServerTiming: OnBootPhase_550_com.android.server.camera.CameraServiceProxy
12-13 15:22:00.022   214   214 I SystemServerTiming: OnBootPhase_550_com.android.server.stats.StatsCompanion$Lifecycle
12-13 15:22:00.022   214   214 I SystemServerTiming: OnBootPhase_550_com.android.server.stats.pull.StatsPullAtomService
12-13 15:22:00.022   214   214 I SystemServerTiming: OnBootPhase_550_com.android.server.incident.IncidentCompanionService
12-13 15:22:00.022   214   214 I SystemServerTiming: OnBootPhase_550_com.android.server.MmsServiceBroker
12-13 15:22:00.022   214   214 I SystemServerTiming: OnBootPhase_550_com.android.server.autofill.AutofillManagerService
12-13 15:22:00.022   214   214 I SystemServerTiming: OnBootPhase_550_com.android.server.clipboard.ClipboardService
12-13 15:22:00.022   214   214 I SystemServerTiming: OnBootPhase_550_com.android.server.appbinding.AppBindingService$Lifecycle
