--------- beginning of system
12-13 15:21:56.868    37    37 I vold    : Vold 3.0 (the awakening) firing up
12-13 15:21:56.868    37    37 D vold    : Detected support for: ext4 f2fs vfat
12-13 15:21:56.869    37    37 W vold    : Failed to LOOP_GET_STATUS64 /dev/block/loop0: No such device or address
12-13 15:21:56.869    37    37 W vold    : Failed to LOOP_GET_STATUS64 /dev/block/loop10: No such device or address
12-13 15:21:56.869    37    37 W vold    : Failed to LOOP_GET_STATUS64 /dev/block/loop1: No such device or address
12-13 15:21:56.869    37    37 W vold    : Failed to LOOP_GET_STATUS64 /dev/block/loop2: No such device or address
12-13 15:21:56.869    37    37 W vold    : Failed to LOOP_GET_STATUS64 /dev/block/loop3: No such device or address
12-13 15:21:56.869    37    37 W vold    : Failed to LOOP_GET_STATUS64 /dev/block/loop5: No such device or address
12-13 15:21:56.869    37    37 W vold    : Failed to LOOP_GET_STATUS64 /dev/block/loop11: No such device or address
12-13 15:21:56.869    37    37 W vold    : Failed to LOOP_GET_STATUS64 /dev/block/loop13: No such device or address
12-13 15:21:56.869    37    37 W vold    : Failed to LOOP_GET_STATUS64 /dev/block/loop4: No such device or address
12-13 15:21:56.869    37    37 W vold    : Failed to LOOP_GET_STATUS64 /dev/block/loop12: No such device or address
12-13 15:21:56.869    37    37 W vold    : Failed to LOOP_GET_STATUS64 /dev/block/loop14: No such device or address
12-13 15:21:56.869    37    37 W vold    : Failed to LOOP_GET_STATUS64 /dev/block/loop6: No such device or address
12-13 15:21:56.869    37    37 W vold    : Failed to LOOP_GET_STATUS64 /dev/block/loop7: No such device or address
12-13 15:21:56.869    37    37 W vold    : Failed to LOOP_GET_STATUS64 /dev/block/loop15: No such device or address
12-13 15:21:56.869    37    37 W vold    : Failed to LOOP_GET_STATUS64 /dev/block/loop9: No such device or address
12-13 15:21:56.869    37    37 W vold    : Failed to LOOP_GET_STATUS64 /dev/block/loop8: No such device or address
12-13 15:21:56.870    37    37 D vold    : VoldNativeService::start() completed OK
12-13 15:21:56.877    37    37 I Checkpoint: Validating checkpoint on /dev/block/sda
12-13 15:21:57.026    37    37 E Checkpoint: No magic
12-13 15:21:58.170    37    37 I Checkpoint: cp_prepareCheckpoint called
12-13 15:21:58.175    37    37 I vold    : fscrypt_initialize_systemwide_keys
12-13 15:21:58.175    37    37 D vold    : Key exists, using: /data/unencrypted/key
12-13 15:21:58.178    37    37 I vold    : List of Keymaster HALs found:
12-13 15:21:58.178    37    37 I vold    : Keymaster HAL #1: SoftwareKeymasterDevice from Google SecurityLevel: SOFTWARE HAL: android.hardware.keymaster@4.1::IKeymasterDevice/default
12-13 15:21:58.178    37    37 D vold    : Computing HMAC with params { (seed: , nonce: a09bf3249f62569bf1eb1c6e96d90a89e92ff93b126be9bad9e797dbcff) }
12-13 15:21:58.178    37    37 D vold    : Computing HMAC for SoftwareKeymasterDevice from Google SecurityLevel: SOFTWARE HAL: android.hardware.keymaster@4.1::IKeymasterDevice/default
12-13 15:21:58.178    37    37 I vold    : Using SoftwareKeymasterDevice from Google for encryption.  Security level: SOFTWARE, HAL: android.hardware.keymaster@4.1::IKeymasterDevice/default
12-13 15:21:58.179    37    37 D vold    : Installed fscrypt key with ref 075f8f0b06f469f464bf7121b29a2638 to /data
12-13 15:21:58.179    37    37 D vold    : Added fscrypt-provisioning key for 075f8f0b06f469f464bf7121b29a2638 to session keyring
12-13 15:21:58.185    37    37 I vold    : Wrote system DE key reference to:/data/unencrypted/ref
12-13 15:21:58.186    37    37 D vold    : Installed fscrypt key with ref 42f1a895f3cd99b9c87a85b0c4b57860 to /data
12-13 15:21:58.186    37    37 D vold    : Added fscrypt-provisioning key for 42f1a895f3cd99b9c87a85b0c4b57860 to session keyring
12-13 15:21:58.187    37    37 I vold    : Wrote per boot key reference to:/data/unencrypted/per_boot_ref
12-13 15:21:58.243    37    37 D vold    : fscrypt_init_user0
12-13 15:21:58.243    37    37 D vold    : Preparing: /data/misc/vold/user_keys
12-13 15:21:58.243    37    37 D vold    : Preparing: /data/misc/vold/user_keys/ce
12-13 15:21:58.244    37    37 D vold    : Preparing: /data/misc/vold/user_keys/de
12-13 15:21:58.246    37    37 I vold    : List of Keymaster HALs found:
12-13 15:21:58.246    37    37 I vold    : Keymaster HAL #1: SoftwareKeymasterDevice from Google SecurityLevel: SOFTWARE HAL: android.hardware.keymaster@4.1::IKeymasterDevice/default
12-13 15:21:58.246    37    37 I vold    : Using SoftwareKeymasterDevice from Google for encryption.  Security level: SOFTWARE, HAL: android.hardware.keymaster@4.1::IKeymasterDevice/default
12-13 15:21:58.246    37    37 D vold    : Installed fscrypt key with ref 15ca73e0a890c22640dda831bb29c732 to /data
12-13 15:21:58.246    37    37 D vold    : Added fscrypt-provisioning key for 15ca73e0a890c22640dda831bb29c732 to session keyring
12-13 15:21:58.246    37    37 D vold    : Installed de key for user 0
12-13 15:21:58.246    37    37 D vold    : Skipping non-de-key ..
12-13 15:21:58.246    37    37 D vold    : Skipping non-de-key .
12-13 15:21:58.246    37    37 D vold    : fscrypt_prepare_user_storage for volume null, user 0, serial 0, flags 1
12-13 15:21:58.246    37    37 D vold    : Preparing: /data/system/users/0
12-13 15:21:58.246    37    37 D vold    : Preparing: /data/misc/profiles/cur/0
12-13 15:21:58.246    37    37 D vold    : Preparing: /data/system_de/0
12-13 15:21:58.247    37    37 D vold    : Preparing: /data/misc_de/0
12-13 15:21:58.247    37    37 D vold    : Preparing: /data/vendor_de/0
12-13 15:21:58.247    37    37 D vold    : Preparing: /data/user_de/0
12-13 15:21:58.248    37    37 I vold    : Verified that /data/system_de/0 has the encryption policy 15ca73e0a890c22640dda831bb29c732 v2 modes 1/4 flags 0x2
12-13 15:21:58.248    37    37 I vold    : Verified that /data/misc_de/0 has the encryption policy 15ca73e0a890c22640dda831bb29c732 v2 modes 1/4 flags 0x2
12-13 15:21:58.248    37    37 I vold    : Verified that /data/vendor_de/0 has the encryption policy 15ca73e0a890c22640dda831bb29c732 v2 modes 1/4 flags 0x2
12-13 15:21:58.248    37    37 I vold    : Verified that /data/user_de/0 has the encryption policy 15ca73e0a890c22640dda831bb29c732 v2 modes 1/4 flags 0x2
12-13 15:21:58.248    37    37 D vold    : /system/bin/vold_prepare_subdirs
12-13 15:21:58.248    37    37 D vold    :     prepare
12-13 15:21:58.248    37    37 D vold    :     
12-13 15:21:58.248    37    37 D vold    :     0
12-13 15:21:58.248    37    37 D vold    :     1
12-13 15:21:58.255    37    37 D vold    : Detected support for FS_IOC_ADD_ENCRYPTION_KEY
--------- beginning of main
12-13 15:21:58.340    70    70 I zygote  : option[10]=-XX:HeapMaxFree=8m
12-13 15:21:58.340    70    70 I zygote  : option[11]=-XX:HeapTargetUtilization=0.75
12-13 15:21:58.340    70    70 I zygote  : option[12]=-Xusejit:true
12-13 15:21:58.340    70    70 I zygote  : option[13]=-Xjitsaveprofilinginfo
12-13 15:21:58.340    70    70 I zygote  : option[14]=-XjdwpOptions:suspend=n,server=y
12-13 15:21:58.340    70    70 I zygote  : option[15]=-XjdwpProvider:default
12-13 15:21:58.340    70    70 I zygote  : option[16]=-Xopaque-jni-ids:swapable
12-13 15:21:58.340    70    70 I zygote  : option[17]=-Xcompiler-option
12-13 15:21:58.340    70    70 I zygote  : option[18]=--instruction-set-variant=x86_64
12-13 15:21:58.340    70    70 I zygote  : option[19]=-Xcompiler-option
12-13 15:21:58.340    70    70 I zygote  : option[20]=--instruction-set-features=default
12-13 15:21:58.340    70    70 I zygote  : option[21]=-Xcompiler-option
12-13 15:21:58.340    70    70 I zygote  : option[22]=--generate-mini-debug-info
12-13 15:21:58.340    70    70 I zygote  : option[23]=-Ximage-compiler-option
12-13 15:21:58.340    70    70 I zygote  : option[24]=--runtime-arg
12-13 15:21:58.340    70    70 I zygote  : option[25]=-Ximage-compiler-option
12-13 15:21:58.340    70    70 I zygote  : option[26]=-Xms64m
12-13 15:21:58.340    70    70 I zygote  : option[27]=-Ximage-compiler-option
12-13 15:21:58.340    70    70 I zygote  : option[28]=--runtime-arg
12-13 15:21:58.340    70    70 I zygote  : option[29]=-Ximage-compiler-option
12-13 15:21:58.340    70    70 I zygote  : option[30]=-Xmx64m
12-13 15:21:58.340    70    70 I zygote  : option[31]=-Ximage-compiler-option
12-13 15:21:58.340    70    70 I zygote  : option[32]=--dirty-image-objects=/system/etc/dirty-image-objects
12-13 15:21:58.340    70    70 I zygote  : option[33]=-Ximage-compiler-option
12-13 15:21:58.340    70    70 I zygote  : option[34]=--instruction-set-variant=x86_64
12-13 15:21:58.340    70    70 I zygote  : option[35]=-Ximage-compiler-option
12-13 15:21:58.340    70    70 I zygote  : option[36]=--instruction-set-features=default
12-13 15:21:58.340    70    70 I zygote  : option[37]=-Ximage-compiler-option
12-13 15:21:58.340    70    70 I zygote  : option[38]=--generate-mini-debug-info
12-13 15:21:58.340    70    70 I zygote  : option[39]=-Duser.locale=zh-CN
12-13 15:21:58.340    70    70 I zygote  : option[40]=-XX:NativeBridge=libhoudini.so
12-13 15:21:58.340    70    70 I zygote  : option[41]=--cpu-abilist=x86,armeabi-v7a,armeabi
12-13 15:21:58.340    70    70 I zygote  : option[42]=-Xfingerprint:Windows/windows_x86_64/windows_x86_64:11/RD2A.210905.003/eng.latteu.20211008.000710:user/release-keys
12-13 15:21:58.359    78    78 D wait_for_rcm: Waiting for rcmsvc
12-13 15:21:58.360    78    78 D wait_for_rcm: rcmsvc started
12-13 15:21:58.368    79    79 I HidlServiceManagement: Registered android.hidl.allocator@1.0::IAllocator/ashmem
12-13 15:21:58.368    79    79 I HidlServiceManagement: Removing namespace from process name android.hidl.allocator@1.0-service to allocator@1.0-service.
12-13 15:21:58.375    83    83 I HidlServiceManagement: Registered android.hardware.gatekeeper@1.0::IGatekeeper/default
12-13 15:21:58.375    83    83 I HidlServiceManagement: Removing namespace from process name android.hardware.gatekeeper@1.0-service.software to gatekeeper@1.0-service.software.
12-13 15:21:58.375    81    81 I HidlServiceManagement: Registered android.hardware.cas@1.2::IMediaCasService/default
12-13 15:21:58.376    81    81 I HidlServiceManagement: Removing namespace from process name android.hardware.cas@1.2-service to cas@1.2-service.
12-13 15:21:58.377    82    82 I HidlServiceManagement: Registered android.hardware.drm@1.3::IDrmFactory/clearkey
12-13 15:21:58.377    82    82 I HidlServiceManagement: Removing namespace from process name android.hardware.drm@1.3-service.clearkey to drm@1.3-service.clearkey.
12-13 15:21:58.377    80    80 I HidlServiceManagement: Registered android.hardware.audio@6.0::IDevicesFactory/default
12-13 15:21:58.378    80    80 I HidlServiceManagement: Removing namespace from process name android.hardware.audio.service to audio.service.
12-13 15:21:58.378    30    30 I servicemanager: getDeviceHalManifest: Reading VINTF information.
12-13 15:21:58.378    85    85 I android.hardware.health@2.1-service: default instance initializing with healthd_config...
12-13 15:21:58.378    80    80 I LegacySupport: Registration complete for android.hardware.audio@6.0::IDevicesFactory/default.
12-13 15:21:58.378    82    82 I HidlServiceManagement: Registered android.hardware.drm@1.3::ICryptoFactory/clearkey
12-13 15:21:58.378    82    82 I HidlServiceManagement: Removing namespace from process name android.hardware.drm@1.3-service.clearkey to drm@1.3-service.clearkey.
12-13 15:21:58.378    85    85 I HidlServiceManagement: Registered android.hardware.health@2.1::IHealth/default
12-13 15:21:58.378    85    85 I HidlServiceManagement: Removing namespace from process name android.hardware.health@2.1-service to health@2.1-service.
12-13 15:21:58.378    85    85 I android.hardware.health@2.1-service: default: Hal init done
12-13 15:21:58.378    30    30 I servicemanager: getDeviceHalManifest: Successfully processed VINTF information
12-13 15:21:58.378    30    30 I servicemanager: getFrameworkHalManifest: Reading VINTF information.
12-13 15:21:58.379    30    30 I servicemanager: getFrameworkHalManifest: Successfully processed VINTF information
12-13 15:21:58.379    30    30 I servicemanager: Found android.hardware.power.IPower/default in device VINTF manifest.
12-13 15:21:58.380    80    80 I HidlServiceManagement: Registered android.hardware.audio.effect@6.0::IEffectsFactory/default
12-13 15:21:58.380    80    80 I LegacySupport: Registration complete for android.hardware.audio.effect@6.0::IEffectsFactory/default.
12-13 15:21:58.381    31    31 I hwservicemanager: getTransport: Cannot find entry android.hardware.soundtrigger@2.3::ISoundTriggerHw/default in either framework or device manifest.
12-13 15:21:58.381    80    80 E LegacySupport: Could not get passthrough implementation for android.hardware.soundtrigger@2.3::ISoundTriggerHw/default.
12-13 15:21:58.381    31    31 I hwservicemanager: getTransport: Cannot find entry android.hardware.soundtrigger@2.2::ISoundTriggerHw/default in either framework or device manifest.
12-13 15:21:58.381    80    80 E LegacySupport: Could not get passthrough implementation for android.hardware.soundtrigger@2.2::ISoundTriggerHw/default.
12-13 15:21:58.381    31    31 I hwservicemanager: getTransport: Cannot find entry android.hardware.soundtrigger@2.1::ISoundTriggerHw/default in either framework or device manifest.
12-13 15:21:58.381    80    80 E LegacySupport: Could not get passthrough implementation for android.hardware.soundtrigger@2.1::ISoundTriggerHw/default.
12-13 15:21:58.381    31    31 I hwservicemanager: getTransport: Cannot find entry android.hardware.soundtrigger@2.0::ISoundTriggerHw/default in either framework or device manifest.
12-13 15:21:58.382    80    80 E LegacySupport: Could not get passthrough implementation for android.hardware.soundtrigger@2.0::ISoundTriggerHw/default.
12-13 15:21:58.382    80    80 W audiohalservice: Could not register Soundtrigger API
12-13 15:21:58.382    31    31 I hwservicemanager: getTransport: Cannot find entry android.hardware.bluetooth.audio@2.0::IBluetoothAudioProvidersFactory/default in either framework or device manifest.
12-13 15:21:58.382    80    80 E LegacySupport: Could not get passthrough implementation for android.hardware.bluetooth.audio@2.0::IBluetoothAudioProvidersFactory/default.
12-13 15:21:58.382    80    80 W audiohalservice: Could not register Bluetooth Audio API
12-13 15:21:58.382    31    31 I hwservicemanager: getTransport: Cannot find entry android.hardware.bluetooth.a2dp@1.0::IBluetoothAudioOffload/default in either framework or device manifest.
12-13 15:21:58.382    80    80 E LegacySupport: Could not get passthrough implementation for android.hardware.bluetooth.a2dp@1.0::IBluetoothAudioOffload/default.
12-13 15:21:58.382    80    80 W audiohalservice: Could not register Bluetooth Audio Offload API
12-13 15:21:58.383    86    86 I HidlServiceManagement: Registered android.hardware.gnss@2.1::IGnss/default
12-13 15:21:58.384    31    31 I hwservicemanager: getTransport: Cannot find entry android.hardware.graphics.mapper@4.0::IMapper/default in either framework or device manifest.
12-13 15:21:58.384    87    87 I Gralloc4: mapper 4.x is not supported
12-13 15:21:58.385    31    31 I hwservicemanager: getTransport: Cannot find entry android.hardware.graphics.mapper@3.0::IMapper/default in either framework or device manifest.
12-13 15:21:58.385    87    87 W Gralloc3: mapper 3.x is not supported
12-13 15:21:58.385    84    84 D HostConnection: createUnique: call
12-13 15:21:58.387    84    84 D librcm  : SocketClient connected to host port 22469
12-13 15:21:58.387    67    67 I ServiceManager: Waiting for service 'statscompanion' on '/dev/binder'...
12-13 15:21:58.387    84    84 D HostConnection: HostConnection::get() New Host Connection established 0x78756c558510, tid 84
12-13 15:21:58.388    84    84 I HidlServiceManagement: Registered android.hardware.graphics.allocator@2.0::IAllocator/default
12-13 15:21:58.388    84    84 I HidlServiceManagement: Removing namespace from process name android.hardware.graphics.allocator@2.0-service to allocator@2.0-service.
12-13 15:21:58.388    84    84 I LegacySupport: Registration complete for android.hardware.graphics.allocator@2.0::IAllocator/default.
12-13 15:21:58.392    47    47 D RemoteConnectionManager: createChannel called for Composition
12-13 15:21:58.392    47    47 D librcm  : createChannel called with channel name: Composition
12-13 15:21:58.392    47    47 D windows.services.rcm@1.0-service: SocketClient is acting as a server and waiting for connections on port 717274763
12-13 15:21:58.393   107   107 I gsid    : no DSU: No such file or directory
12-13 15:21:58.399    69    69 D zygote64: Time zone APEX ICU file found: /apex/com.android.tzdata/etc/icu/icu_tzdata.dat
12-13 15:21:58.399    70    70 D zygote  : Time zone APEX ICU file found: /apex/com.android.tzdata/etc/icu/icu_tzdata.dat
12-13 15:21:58.399    69    69 D zygote64: I18n APEX ICU file found: /apex/com.android.i18n/etc/icu/icudt66l.dat
12-13 15:21:58.399    70    70 D zygote  : I18n APEX ICU file found: /apex/com.android.i18n/etc/icu/icudt66l.dat
12-13 15:21:58.400    31    31 I hwservicemanager: getTransport: Cannot find entry android.hardware.configstore@1.0::ISurfaceFlingerConfigs/default in either framework or device manifest.
12-13 15:21:58.400    47    47 D windows.services.rcm@1.0-service: SocketClient accepted a connection
12-13 15:21:58.400    47    47 D librcm  : Returning channel Composition
12-13 15:21:58.401   100   100 I SurfaceFlinger: Using HWComposer service: 'default'
12-13 15:21:58.401   100   100 I SurfaceFlinger: SurfaceFlinger is starting
12-13 15:21:58.401    31    31 I hwservicemanager: getTransport: Cannot find entry android.hardware.configstore@1.1::ISurfaceFlingerConfigs/default in either framework or device manifest.
12-13 15:21:58.401    87    87 E HWC2OnFbAdapter: unknown function descriptor 44
12-13 15:21:58.401    87    87 E HWC2OnFbAdapter: unknown function descriptor 45
12-13 15:21:58.401    87    87 E HWC2OnFbAdapter: unknown function descriptor 46
12-13 15:21:58.401    87    87 E HWC2OnFbAdapter: unknown function descriptor 47
12-13 15:21:58.401    87    87 E HWC2OnFbAdapter: unknown function descriptor 48
12-13 15:21:58.401    87    87 E HWC2OnFbAdapter: unknown function descriptor 49
12-13 15:21:58.401    87    87 E HWC2OnFbAdapter: unknown function descriptor 50
12-13 15:21:58.401    87    87 E HWC2OnFbAdapter: unknown function descriptor 51
12-13 15:21:58.401    87    87 E HWC2OnFbAdapter: unknown function descriptor 52
12-13 15:21:58.401   100   100 I SurfaceFlinger: Disabling blur effects, they are not supported.
12-13 15:21:58.401   100   100 I SurfaceFlinger: Treble testing override: 'false'
12-13 15:21:58.402    87    87 I HidlServiceManagement: Registered android.hardware.graphics.composer@2.2::IComposer/default
12-13 15:21:58.402    89    89 I FastMixerState: sMaxFastTracks = 8
12-13 15:21:58.402   100   100 I SurfaceFlinger: SurfaceFlinger's main thread ready to run. Initializing graphics H/W...
12-13 15:21:58.402   100   100 D RenderEngine: RenderEngine GLES Backend
12-13 15:21:58.403    70    70 I zygote  : Using memfd for future sealing
12-13 15:21:58.403    69    69 I zygote64: Using memfd for future sealing
12-13 15:21:58.403    70    70 W zygote  : Unexpected CPU variant for X86 using defaults: x86_64
12-13 15:21:58.403    89    89 V MediaUtils: physMem: 6284718080
12-13 15:21:58.403    89    89 V MediaUtils: requested limit: 536870912
12-13 15:21:58.403    69    69 W zygote64: Unexpected CPU variant for X86 using defaults: x86_64
12-13 15:21:58.403    89    89 I libc    : malloc_limit: Allocation limit enabled, max size 536870912 bytes
12-13 15:21:58.404    89    89 I audioserver: ServiceManager: 0x788802723970
12-13 15:21:58.404    89    89 W BatteryNotifier: batterystats service unavailable!
12-13 15:21:58.406   118   118 I bootstat: Service started: /system/bin/bootstat --set_system_boot_reason 
12-13 15:21:58.406   118   118 I bootstat: Canonical boot reason: shutdown,userrequested
12-13 15:21:58.406   118   118 I bootstat: Canonical boot reason: shutdown,userrequested
12-13 15:21:58.408   121   121 I perfetto: probes.cc:77            Starting /system/bin/traced_probes service
12-13 15:21:58.408   100   100 D libEGL  : loaded /vendor/lib64/egl/libEGL_emulation.so
12-13 15:21:58.408   121   121 I perfetto: probes_producer.cc:117  Disconnected from tracing service
12-13 15:21:58.409   131   131 W perfetto: service.cc:97           Started traced, listening on /dev/socket/traced_producer /dev/socket/traced_consumer
12-13 15:21:58.409   100   100 D libEGL  : loaded /vendor/lib64/egl/libGLESv1_CM_emulation.so
12-13 15:21:58.410   100   100 D libEGL  : loaded /vendor/lib64/egl/libGLESv2_emulation.so
12-13 15:21:58.410    89    89 I ServiceManager: Waiting for service 'media.metrics' on '/dev/binder'...
12-13 15:21:58.410   118   118 E bootstat: Failed to read /metadata/bootstat/persist.sys.boot.reason: No such file or directory
12-13 15:21:58.410   118   118 I bootstat: Value of persist.sys.boot.reason : shutdown,userrequested
12-13 15:21:58.410   118   118 I bootstat: Normalized last reboot reason : shutdown,userrequested
12-13 15:21:58.413    69    69 W zygote64: JNI RegisterNativeMethods: attempt to register 0 native methods for android.media.AudioAttributes
12-13 15:21:58.413   118   118 E bootstat: Failed to unlink /metadata/bootstat/persist.sys.boot.reason: No such file or directory
12-13 15:21:58.415    70    70 W zygote  : JNI RegisterNativeMethods: attempt to register 0 native methods for android.media.AudioAttributes
12-13 15:21:58.418    69    69 D Zygote  : begin preload
12-13 15:21:58.418    69    69 I Zygote  : Calling ZygoteHooks.beginPreload()
12-13 15:21:58.422    70    70 I zygote  : Explicit concurrent copying GC freed 796(77KB) AllocSpace objects, 0(0B) LOS objects, 92% free, 117KB/1653KB, paused 81us total 3.640ms
12-13 15:21:58.423   100   100 D HostConnection: createUnique: call
12-13 15:21:58.426    69    69 I Zygote  : Preloading classes...
12-13 15:21:58.427   141   141 I installd: installd firing up
12-13 15:21:58.427    70    70 I zygote  : Explicit concurrent copying GC freed 24(45KB) AllocSpace objects, 0(0B) LOS objects, 92% free, 121KB/1657KB, paused 35us total 4.730ms
12-13 15:21:58.427    69    69 W Zygote  : Class not found for preloading: android.app.-$$Lambda$ResourcesManager$QJ7UiVk_XS90KuXAsIjIEym1DnM
12-13 15:21:58.427   100   100 D librcm  : SocketClient connected to host port 22469
12-13 15:21:58.427   100   100 D HostConnection: HostConnection::get() New Host Connection established 0x738ddd50f110, tid 100
12-13 15:21:58.428   100   100 D HostConnection: HostComposition ext ANDROID_EMU_host_composition_v1 ANDROID_EMU_host_composition_v2 ANDROID_EMU_virtio_gpu_next ANDROID_EMU_sync_buffer_data GL_OES_EGL_image_external_essl3 GL_OES_vertex_array_object GL_KHR_texture_compression_astc_ldr GL_EXT_texture_compression_bptc GL_EXT_texture_compression_s3tc ANDROID_EMU_host_side_tracing ANDROID_EMU_gles_max_version_3_0 
12-13 15:21:58.429    70    70 I Zygote  : Accepting command socket connections
12-13 15:21:58.430   100   100 I RenderEngine: EGL information:
12-13 15:21:58.430   100   100 I RenderEngine: vendor    : Android
12-13 15:21:58.430   100   100 I RenderEngine: version   : 1.4 Android META-EGL
12-13 15:21:58.430   100   100 I RenderEngine: extensions: EGL_KHR_get_all_proc_addresses EGL_ANDROID_presentation_time EGL_KHR_swap_buffers_with_damage EGL_ANDROID_get_native_client_buffer EGL_ANDROID_front_buffer_auto_refresh EGL_ANDROID_get_frame_timestamps EGL_EXT_surface_SMPTE2086_metadata EGL_EXT_surface_CTA861_3_metadata EGL_KHR_image EGL_KHR_image_base EGL_KHR_gl_texture_2D_image EGL_KHR_fence_sync EGL_KHR_create_context EGL_ANDROID_image_native_buffer EGL_ANDROID_recordable 
12-13 15:21:58.430   100   100 I RenderEngine: Client API: OpenGL_ES
12-13 15:21:58.430   100   100 I RenderEngine: EGLSurface: 8-8-8-8, config=0xd
12-13 15:21:58.432   100   100 D EGL_emulation: eglCreateContext: 0x738ddd50dc10: maj 3 min 0 rcv 3
12-13 15:21:58.435   142   142 I keystore: found android.hardware.keymaster@4.0::IKeymasterDevice with interface name default and seclevel SOFTWARE
12-13 15:21:58.436   144   144 V MediaUtils: physMem: 6284718080
12-13 15:21:58.436   144   144 V MediaUtils: requested limit: 134217728
12-13 15:21:58.436   100   100 D EGL_emulation: eglMakeCurrent: 0x738ddd50dc10: ver 3 0 (tinfo 0x738f5f74d080) (first time)
12-13 15:21:58.436   144   144 I libc    : malloc_limit: Allocation limit enabled, max size 134217728 bytes
12-13 15:21:58.436    31    31 I hwservicemanager: getTransport: Cannot find entry android.hardware.keymaster@3.0::IKeymasterDevice/default in either framework or device manifest.
12-13 15:21:58.436   142   142 W keystore: No secure Keymaster implementation found, but device offers insecure Keymaster HAL. Using as default.
12-13 15:21:58.436   144   144 D AudioPowerUsage: AudioPowerUsage
12-13 15:21:58.436   144   144 D AudioAnalytics: AudioAnalytics
12-13 15:21:58.437   144   144 D MediaMetricsService: MediaMetricsService
12-13 15:21:58.438   148   148 I ServiceManager: Waiting for service 'package_native' on '/dev/binder'...
12-13 15:21:58.442    31    31 I hwservicemanager: getTransport: Cannot find entry android.hardware.graphics.mapper@4.0::IMapper/default in either framework or device manifest.
12-13 15:21:58.442   100   100 I Gralloc4: mapper 4.x is not supported
12-13 15:21:58.442    31    31 I hwservicemanager: getTransport: Cannot find entry android.hardware.graphics.mapper@3.0::IMapper/default in either framework or device manifest.
12-13 15:21:58.442   100   100 W Gralloc3: mapper 3.x is not supported
12-13 15:21:58.443   152   152 I wificond: wificond is starting up...
12-13 15:21:58.444    31    31 I hwservicemanager: getTransport: Cannot find entry android.hardware.graphics.allocator@4.0::IAllocator/default in either framework or device manifest.
12-13 15:21:58.444   100   100 W Gralloc4: allocator 3.x is not supported
12-13 15:21:58.444    31    31 I hwservicemanager: getTransport: Cannot find entry android.hardware.graphics.allocator@3.0::IAllocator/default in either framework or device manifest.
12-13 15:21:58.444   152   152 I HidlServiceManagement: Registered android.system.wifi.keystore@1.0::IKeystore/default
12-13 15:21:58.445   100   100 W Gralloc3: allocator 3.x is not supported
12-13 15:21:58.447    31    31 I hwservicemanager: getTransport: Cannot find entry android.hardware.usb.gadget@1.0::IUsbGadget/default in either framework or device manifest.
12-13 15:21:58.447   160   160 I usbd    : Usb HAL not found
12-13 15:21:58.448    84    84 D HostConnection: HostComposition ext ANDROID_EMU_host_composition_v1 ANDROID_EMU_host_composition_v2 ANDROID_EMU_virtio_gpu_next ANDROID_EMU_sync_buffer_data GL_OES_EGL_image_external_essl3 GL_OES_vertex_array_object GL_KHR_texture_compression_astc_ldr GL_EXT_texture_compression_bptc GL_EXT_texture_compression_s3tc ANDROID_EMU_host_side_tracing ANDROID_EMU_gles_max_version_3_0 
12-13 15:21:58.458   143   143 V MediaUtils: physMem: 6284718080
12-13 15:21:58.458   143   143 V MediaUtils: requested limit: 1256943600
12-13 15:21:58.458   143   143 I libc    : malloc_limit: Allocation limit enabled, max size 1256943600 bytes
12-13 15:21:58.457   159   159 I gatekeeperd: Starting gatekeeperd...
12-13 15:21:58.459    47    47 D RemoteConnectionManager: createChannel called for Diagnostics
12-13 15:21:58.459    47    47 D librcm  : createChannel called with channel name: Diagnostics
12-13 15:21:58.459    47    47 D windows.services.rcm@1.0-service: SocketClient is acting as a server and waiting for connections on port 717274765
12-13 15:21:58.462    47    47 D windows.services.rcm@1.0-service: SocketClient accepted a connection
12-13 15:21:58.462    47    47 D librcm  : Returning channel Diagnostics
12-13 15:21:58.462    47    47 D RemoteConnectionManager: createChannel called for UserInputNative
12-13 15:21:58.462    47    47 D librcm  : createChannel called with channel name: UserInputNative
12-13 15:21:58.462   154   154 I android.hardware.media.omx@1.0-service: mediacodecservice starting
12-13 15:21:58.462    47    47 D windows.services.rcm@1.0-service: SocketClient is acting as a server and waiting for connections on port 717274766
12-13 15:21:58.462   132   132 I cameraserver: ServiceManager: 0xea780d90
12-13 15:21:58.462   132   132 I CameraService: CameraService started (pid=132)
12-13 15:21:58.462   154   154 W android.hardware.media.omx@1.0-service: Could not read additional policy file '/vendor/etc/seccomp_policy/mediacodec.policy'
12-13 15:21:58.462   132   132 I CameraService: CameraService process starting
12-13 15:21:58.462   154   154 W android.hardware.media.omx@1.0-service: libminijail[154]: failed to get path of fd 4: No such file or directory
12-13 15:21:58.462   154   154 W android.hardware.media.omx@1.0-service: libminijail[154]: allowing syscall: socketcall
12-13 15:21:58.462   154   154 W android.hardware.media.omx@1.0-service: libminijail[154]: allowing syscall: writev
12-13 15:21:58.462   163   163 I diagnostics_service: file watchers successfully initialized
12-13 15:21:58.462   154   154 W android.hardware.media.omx@1.0-service: libminijail[154]: allowing syscall: fcntl64
12-13 15:21:58.462   154   154 W android.hardware.media.omx@1.0-service: libminijail[154]: allowing syscall: clock_gettime
12-13 15:21:58.462   132   132 W BatteryNotifier: batterystats service unavailable!
12-13 15:21:58.463   154   154 W android.hardware.media.omx@1.0-service: libminijail[154]: compile_file: <fd>(34): nonexistent syscall 'newfstatat'
12-13 15:21:58.463   143   143 W mediaextractor: Could not read additional policy file '/vendor/etc/seccomp_policy/mediaextractor.policy'
12-13 15:21:58.463   132   132 W BatteryNotifier: batterystats service unavailable!
12-13 15:21:58.463   143   143 W mediaextractor: libminijail[143]: failed to get path of fd 4: No such file or directory
12-13 15:21:58.463   143   143 W mediaextractor: libminijail[143]: allowing syscall: socket
12-13 15:21:58.463   143   143 W mediaextractor: libminijail[143]: allowing syscall: connect
12-13 15:21:58.463   143   143 W mediaextractor: libminijail[143]: allowing syscall: fcntl
12-13 15:21:58.463   143   143 W mediaextractor: libminijail[143]: allowing syscall: writev
12-13 15:21:58.463   154   154 W android.hardware.media.omx@1.0-service: libminijail[154]: logging seccomp filter failures
12-13 15:21:58.464    47    47 D windows.services.rcm@1.0-service: SocketClient accepted a connection
12-13 15:21:58.464    47    47 D librcm  : Returning channel UserInputNative
12-13 15:21:58.464   143   143 W mediaextractor: libminijail[143]: logging seccomp filter failures
12-13 15:21:58.464    31    31 I hwservicemanager: Since android.hardware.camera.provider@2.4::ICameraProvider/legacy/0 is not registered, trying to start it as a lazy HAL.
12-13 15:21:58.464   132   132 E CameraProviderManager: addProviderLocked: Camera provider HAL 'legacy/0' is not actually available
12-13 15:21:58.465   132   132 I cameraserver: Waiting for activity service
12-13 15:21:58.465   154   154 E vndksupport: Could not load libstagefrighthw.so from default namespace: dlopen failed: library "libstagefrighthw.so" not found.
12-13 15:21:58.466   154   154 I SoftOMXPlugin: createOMXPlugin
12-13 15:21:58.467   154   154 D MediaCodecsXmlParser: parsing /vendor/etc/media_codecs.xml...
12-13 15:21:58.467   154   154 D MediaCodecsXmlParser: parsing /vendor/etc/media_codecs_google_audio.xml...
12-13 15:21:58.467   154   154 D MediaCodecsXmlParser: parsing /vendor/etc/media_codecs_google_telephony.xml...
12-13 15:21:58.467   154   154 D MediaCodecsXmlParser: parsing /vendor/etc/media_codecs_google_video.xml...
12-13 15:21:58.468   154   154 D MediaCodecsXmlParser: parsing /vendor/etc/media_codecs_performance.xml...
12-13 15:21:58.468   154   154 D MediaCodecsXmlParser: Cannot find /data/misc/media/media_codecs_profiling_results.xml
12-13 15:21:58.469   158   158 I mediaswcodec: media swcodec service starting
12-13 15:21:58.469   154   154 I HidlServiceManagement: Registered android.hardware.media.omx@1.0::IOmx/default
12-13 15:21:58.469   158   158 W mediaswcodec: Could not read additional policy file '/vendor/etc/seccomp_policy/mediaswcodec.policy'
12-13 15:21:58.469   154   154 I HidlServiceManagement: Removing namespace from process name android.hardware.media.omx@1.0-service to omx@1.0-service.
12-13 15:21:58.469   158   158 W mediaswcodec: libminijail[158]: failed to get path of fd 4: No such file or directory
12-13 15:21:58.469   158   158 W mediaswcodec: libminijail[158]: allowing syscall: socket
12-13 15:21:58.469   158   158 W mediaswcodec: libminijail[158]: allowing syscall: connect
12-13 15:21:58.469   154   154 I android.hardware.media.omx@1.0-service: IOmx HAL service created.
12-13 15:21:58.469   158   158 W mediaswcodec: libminijail[158]: allowing syscall: fcntl
12-13 15:21:58.469   158   158 W mediaswcodec: libminijail[158]: allowing syscall: writev
12-13 15:21:58.469   158   158 W mediaswcodec: libminijail[158]: compile_file: <fd>(20): nonexistent syscall 'getuid32'
12-13 15:21:58.469   158   158 W mediaswcodec: libminijail[158]: compile_file: <fd>(26): nonexistent syscall 'mmap2'
12-13 15:21:58.469   158   158 W mediaswcodec: libminijail[158]: compile_file: <fd>(28): nonexistent syscall 'fstat64'
12-13 15:21:58.469   158   158 W mediaswcodec: libminijail[158]: compile_file: <fd>(30): nonexistent syscall 'stat64'
12-13 15:21:58.469   158   158 W mediaswcodec: libminijail[158]: compile_file: <fd>(31): nonexistent syscall 'statfs64'
12-13 15:21:58.469   154   154 D MediaCodecsXmlParser: parsing /vendor/etc/media_codecs.xml...
12-13 15:21:58.469   158   158 W mediaswcodec: libminijail[158]: compile_file: <fd>(33): nonexistent syscall 'fstatat64'
12-13 15:21:58.469   158   158 W mediaswcodec: libminijail[158]: compile_file: <fd>(38): nonexistent syscall '_llseek'
12-13 15:21:58.469   158   158 W mediaswcodec: libminijail[158]: compile_file: <fd>(47): nonexistent syscall 'ugetrlimit'
12-13 15:21:58.469   154   154 D MediaCodecsXmlParser: parsing /vendor/etc/media_codecs_google_audio.xml...
12-13 15:21:58.469   158   158 W mediaswcodec: libminijail[158]: compile_file: <fd>(50): nonexistent syscall '_llseek'
12-13 15:21:58.469   158   158 W mediaswcodec: libminijail[158]: compile_file: <fd>(51): nonexistent syscall 'fstatfs64'
12-13 15:21:58.469   158   158 W mediaswcodec: libminijail[158]: compile_file: <fd>(63): nonexistent syscall 'ftruncate64'
12-13 15:21:58.469   154   154 D MediaCodecsXmlParser: parsing /vendor/etc/media_codecs_google_telephony.xml...
12-13 15:21:58.470   154   154 D MediaCodecsXmlParser: parsing /vendor/etc/media_codecs_google_video.xml...
12-13 15:21:58.470   158   158 W mediaswcodec: libminijail[158]: logging seccomp filter failures
12-13 15:21:58.470   154   154 D MediaCodecsXmlParser: parsing /vendor/etc/media_codecs_performance.xml...
12-13 15:21:58.470   154   154 D MediaCodecsXmlParser: Cannot find /data/misc/media/media_codecs_profiling_results.xml
12-13 15:21:58.470   158   158 I CodecServiceRegistrant: Creating software Codec2 service...
12-13 15:21:58.470   158   158 D C2Store : Default ION heapmask = -1
12-13 15:21:58.470   158   158 D C2Store : Default ION flags = 0
12-13 15:21:58.470   158   158 D C2Store : Default ION align = 0
12-13 15:21:58.470   154   154 I HidlServiceManagement: Registered android.hardware.media.omx@1.0::IOmxStore/default
12-13 15:21:58.470   154   154 I HidlServiceManagement: Removing namespace from process name android.hardware.media.omx@1.0-service to omx@1.0-service.
12-13 15:21:58.471   158   158 I HidlServiceManagement: Registered android.hardware.media.c2@1.1::IComponentStore/software
12-13 15:21:58.471    31    31 I hwservicemanager: getTransport: Cannot find entry android.hardware.media.c2@1.0::IComponentStore/default in either framework or device manifest.
12-13 15:21:58.471   158   158 I CodecServiceRegistrant: Preferred Codec2 store is defaulted to "software".
12-13 15:21:58.471   158   158 I CodecServiceRegistrant: Software Codec2 service created and registered.
12-13 15:21:58.474   100   100 D HostConnection: createUnique: call
12-13 15:21:58.474   145   145 I mediaserver: ServiceManager: 0xf3740950
12-13 15:21:58.474   143   143 E MediaExtractorFactory: couldn't opendir(/system/lib64/extractors)
12-13 15:21:58.475   145   145 D mediaserver: Time zone APEX ICU file found: /apex/com.android.tzdata/etc/icu/icu_tzdata.dat
12-13 15:21:58.475   143   143 E MediaExtractorFactory: couldn't opendir(/system_ext/lib64/extractors)
12-13 15:21:58.475   145   145 D mediaserver: I18n APEX ICU file found: /apex/com.android.i18n/etc/icu/icudt66l.dat
12-13 15:21:58.475   100   100 D librcm  : SocketClient connected to host port 22469
12-13 15:21:58.475   100   100 D HostConnection: HostConnection::get() New Host Connection established 0x738ddd50ef90, tid 100
12-13 15:21:58.475   145   145 W BatteryNotifier: batterystats service unavailable!
12-13 15:21:58.475   145   145 W BatteryNotifier: batterystats service unavailable!
12-13 15:21:58.475   100   100 D HostConnection: HostComposition ext ANDROID_EMU_host_composition_v1 ANDROID_EMU_host_composition_v2 ANDROID_EMU_virtio_gpu_next ANDROID_EMU_sync_buffer_data GL_OES_EGL_image_external_essl3 GL_OES_vertex_array_object GL_KHR_texture_compression_astc_ldr GL_EXT_texture_compression_bptc GL_EXT_texture_compression_s3tc ANDROID_EMU_host_side_tracing ANDROID_EMU_gles_max_version_3_0 
12-13 15:21:58.476   100   100 I RenderEngine: OpenGL ES informations:
12-13 15:21:58.476   100   100 I RenderEngine: vendor    : Microsoft (Google Inc. (NVIDIA))
12-13 15:21:58.476   100   100 I RenderEngine: renderer  : Android Emulator OpenGL ES Translator
12-13 15:21:58.476   100   100 I RenderEngine: version   : OpenGL ES 3.0 (OpenGL ES 3.0.0 (ANGLE 2.1.16242 git hash: d9c27d6e073c))
12-13 15:21:58.476   100   100 I RenderEngine: extensions: GL_EXT_debug_marker GL_EXT_robustness GL_OES_EGL_sync GL_OES_EGL_image GL_OES_EGL_image_external GL_OES_depth24 GL_OES_depth32 GL_OES_element_index_uint GL_OES_texture_float GL_OES_texture_float_linear GL_OES_compressed_paletted_texture GL_OES_compressed_ETC1_RGB8_texture GL_OES_depth_texture GL_OES_texture_half_float GL_OES_texture_half_float_linear GL_OES_packed_depth_stencil GL_OES_standard_derivatives GL_OES_texture_npot GL_OES_rgb8_rgba8 GL_EXT_color_buffer_float GL_EXT_color_buffer_half_float GL_EXT_texture_format_BGRA8888 GL_APPLE_texture_format_BGRA8888 ANDROID_EMU_host_composition_v1 ANDROID_EMU_host_composition_v2 ANDROID_EMU_virtio_gpu_next ANDROID_EMU_sync_buffer_data GL_OES_EGL_image_external_essl3 GL_OES_vertex_array_object GL_KHR_texture_compression_astc_ldr GL_EXT_texture_compression_bptc GL_EXT_texture_compression_s3tc ANDROID_EMU_host_side_tracing ANDROID_EMU_gles_max_version_3_0 
12-13 15:21:58.476   100   100 I RenderEngine: GL_MAX_TEXTURE_SIZE = 16384
12-13 15:21:58.476   100   100 I RenderEngine: GL_MAX_VIEWPORT_DIMS = 32767
12-13 15:21:58.477    31    31 I hwservicemanager: getTransport: Cannot find entry android.hardware.graphics.mapper@4.0::IMapper/default in either framework or device manifest.
12-13 15:21:58.477    87    87 I ComposerResources: failed to get mapper 4.0 service, falling back to mapper 3.0
12-13 15:21:58.477    31    31 I hwservicemanager: getTransport: Cannot find entry android.hardware.graphics.mapper@3.0::IMapper/default in either framework or device manifest.
12-13 15:21:58.477    87    87 I ComposerResources: failed to get mapper 3.0 service, falling back to mapper 2.0
12-13 15:21:58.478   100   100 E HWComposer: loadLayerMetadataSupport: getLayerGenericMetadataKeys failed: UNSUPPORTED (8)
12-13 15:21:58.478   100   100 I HWComposer: Switching to legacy multi-display mode
12-13 15:21:58.478   100   100 E HWComposer: isConnected failed for display 0: Invalid display
12-13 15:21:58.480   100   100 E HWC2    : getDisplayAttribute(0, 0, Unknown) failed: BadParameter (4)
12-13 15:21:58.480   100   185 W SurfaceFlinger: Ignoring VSYNC request while display is disconnected
12-13 15:21:58.481   100   185 W SurfaceFlinger: Ignoring VSYNC request while display is disconnected
12-13 15:21:58.481   100   186 W SurfaceFlinger: Ignoring VSYNC request while display is disconnected
12-13 15:21:58.481   100   186 W SurfaceFlinger: Ignoring VSYNC request while display is disconnected
12-13 15:21:58.481   100   185 W SurfaceFlinger: Ignoring VSYNC request while display is disconnected
12-13 15:21:58.481   100   100 E HWComposer: getDisplayConnectionType: getDisplayConnectionType failed for display 0: Unsupported (8)
12-13 15:21:58.481   100   185 W SurfaceFlinger: Ignoring VSYNC request while display is disconnected
12-13 15:21:58.481   100   100 I FramebufferSurface: framebuffer size has been limited to [2560x1600] from [2560x1600]
12-13 15:21:58.481   100   100 W HwcComposer: getPerFrameMetadataKeys failed with 8
12-13 15:21:58.487    67    67 I ServiceManager: Waiting for service 'statscompanion' on '/dev/binder'...
12-13 15:21:58.490   175   175 I android.hardware.camera.provider@2.5-service-lazy: CameraProvider@2.5 legacy service is starting.
12-13 15:21:58.491   175   175 E CamComm1.0-CamModule: CameraModule: camera hardware module must not be null
12-13 15:21:58.492    47    47 D RemoteConnectionManager: createChannel called for Camera
12-13 15:21:58.492    47    47 D librcm  : createChannel called with channel name: Camera
12-13 15:21:58.492    47    47 D windows.services.rcm@1.0-service: SocketClient is acting as a server and waiting for connections on port 717274768
12-13 15:21:58.493    47    47 D windows.services.rcm@1.0-service: SocketClient accepted a connection
12-13 15:21:58.493    47    47 D librcm  : Returning channel Camera
12-13 15:21:58.493    47    47 D RemoteConnectionManager: createChannel called for CameraNotification
12-13 15:21:58.493    47    47 D librcm  : createChannel called with channel name: CameraNotification
12-13 15:21:58.493    47    47 D windows.services.rcm@1.0-service: SocketClient is acting as a server and waiting for connections on port 717274769
12-13 15:21:58.495    47    47 D windows.services.rcm@1.0-service: SocketClient accepted a connection
12-13 15:21:58.495    47    47 D librcm  : Returning channel CameraNotification
12-13 15:21:58.502   175   175 E WinCamera: ParseDeviceEnumResponse:876 exit 
12-13 15:21:58.502   175   175 E CamComm1.0-CamModule: init:313 Enumerate devices got 1 cameras!
12-13 15:21:58.502   175   175 I CamPrvdr@2.4-legacy: Loaded "Windows Camera Module" camera module
12-13 15:21:58.502   175   175 E CamPrvdr@2.4-legacy: setUpVendorTags: 355 !
12-13 15:21:58.502   175   175 I CamPrvdr@2.4-legacy: setUpVendorTags: No vendor tags defined for this device.
12-13 15:21:58.502   175   175 V CamPrvdr@2.4-legacy: Preferred HAL 3 minor version is 3
12-13 15:21:58.502   175   175 E CamComm1.0-CamModule: getCameraInfo:0
12-13 15:21:58.502   175   175 V LtCamera: getStaticDeviceCharacteristics:1455
12-13 15:21:58.511    70   119 I zygote  : Verified 1363 classes from mainline modules in 106.742ms
12-13 15:21:58.511    89    89 I AudioFlinger: Using default 3000 mSec as standby time.
12-13 15:21:58.511    69   120 I zygote64: Verified 1363 classes from mainline modules in 106.539ms
12-13 15:21:58.511   144   157 I ServiceManager: Waiting for service 'package_native' on '/dev/binder'...
12-13 15:21:58.512    89    89 E APM::Serializer: deserialize: Could not parse /odm/etc/audio_policy_configuration.xml document.
12-13 15:21:58.513    89    89 D APM_EngineLoader: Loaded engine from libaudiopolicyenginedefault.so
12-13 15:21:58.514    89    89 E APM::AudioPolicyEngine/Config: parse: Could not parse document /vendor/etc/audio_policy_engine_configuration.xml
12-13 15:21:58.514    89    89 E libxml2 : I/O warning : failed to load external entity "/vendor/etc/audio_policy_engine_configuration.xml"
12-13 15:21:58.514    89    89 W APM::AudioPolicyEngine/Base: loadAudioPolicyEngineConfig: No configuration found, using default matching phone experience.
12-13 15:21:58.514    89    89 E APM::AudioPolicyEngine/Config: parseLegacyVolumeFile: Could not parse document /odm/etc/audio_policy_configuration.xml
12-13 15:21:58.514    89    89 E libxml2 : I/O warning : failed to load external entity "/odm/etc/audio_policy_configuration.xml"
12-13 15:21:58.515    89    89 W APM::AudioPolicyEngine/Base: loadAudioPolicyEngineConfig: No configuration of AUDIO_STREAM_CALL_ASSISTANT found, using default volume configuration
12-13 15:21:58.518    80    80 I AudioHAL: Opening audio device audio_hw_if
12-13 15:21:58.518    80    80 I AudioHAL: Audio device initialized and opened.
12-13 15:21:58.518    89    89 I AudioFlinger: loadHwModule() Loaded primary audio interface, handle 10
12-13 15:21:58.518    89    89 I AudioFlinger: openOutput() this 0x7888f271d010, module 10 Device type:0x2,@:, SamplingRate 48000, Format 0x000001, Channels 0x3, flags 0x2
12-13 15:21:58.519    80    80 I AudioHAL: Output stream REQUESTED with sample rate: 48000, channel mask 0x3
12-13 15:21:58.519    80    80 D AudioHAL: Creating new audio transporter while opening OUTPUT stream
12-13 15:21:58.519    80    80 I AudioHAL: Initializing AudioControl channel
12-13 15:21:58.519    47    47 D RemoteConnectionManager: createChannel called for AudioControl
12-13 15:21:58.519    47    47 D librcm  : createChannel called with channel name: AudioControl
12-13 15:21:58.519    47    47 D windows.services.rcm@1.0-service: SocketClient is acting as a server and waiting for connections on port 717274770
12-13 15:21:58.520    47    47 D windows.services.rcm@1.0-service: SocketClient accepted a connection
12-13 15:21:58.520    47    47 D librcm  : Returning channel AudioControl
12-13 15:21:58.520    80    80 I AudioHAL: Channel AudioControl initialized.
12-13 15:21:58.520    80    80 I AudioHAL: Initializing AudioIn channel
12-13 15:21:58.521    47    47 D RemoteConnectionManager: createChannel called for AudioIn
12-13 15:21:58.521    47    47 D librcm  : createChannel called with channel name: AudioIn
12-13 15:21:58.521    47    47 D windows.services.rcm@1.0-service: SocketClient is acting as a server and waiting for connections on port 717274771
12-13 15:21:58.521    47    47 D windows.services.rcm@1.0-service: SocketClient accepted a connection
12-13 15:21:58.521    47    47 D librcm  : Returning channel AudioIn
12-13 15:21:58.521    80    80 I AudioHAL: Channel AudioIn initialized.
12-13 15:21:58.522    80    80 I AudioHAL: Initializing AudioOut channel
12-13 15:21:58.522    47    47 D RemoteConnectionManager: createChannel called for AudioOut
12-13 15:21:58.522    47    47 D librcm  : createChannel called with channel name: AudioOut
12-13 15:21:58.522    47    47 D windows.services.rcm@1.0-service: SocketClient is acting as a server and waiting for connections on port 717274772
12-13 15:21:58.524    69    69 E ActivityRecognitionHardware: activity_recognition HAL is deprecated. class_init is effectively a no-op
12-13 15:21:58.525    47    47 D windows.services.rcm@1.0-service: SocketClient accepted a connection
12-13 15:21:58.526    47    47 D librcm  : Returning channel AudioOut
12-13 15:21:58.526    80    80 I AudioHAL: Channel AudioOut initialized.
12-13 15:21:58.526    80    80 I AudioHAL: Got ERROR_INVALID_STATE, returning -EAGAIN
12-13 15:21:58.526    80    80 D AudioHAL: Waiting to get output sample rate...
12-13 15:21:58.539   148   148 I ServiceManager: Waiting for service 'package_native' on '/dev/binder'...
12-13 15:21:58.540    68    68 D XfrmController: Sending Netlink XFRM Message: XFRM_MSG_FLUSHSA
12-13 15:21:58.541    68    68 D XfrmController: Sending Netlink XFRM Message: XFRM_MSG_FLUSHPOLICY
12-13 15:21:58.541    68    68 I netd    : Initializing XfrmController: 224171us
12-13 15:21:58.541    68    68 E Netd    : Unable to create netlink socket for family 5: Protocol not supported
12-13 15:21:58.541    68    68 W Netd    : Unable to open qlog quota socket, check if xt_quota2 can send via UeventHandler
12-13 15:21:58.541    68    68 I libnetd_resolv: resolv_init: Initializing resolver
12-13 15:21:58.544   175   175 V LtCamera: PopulateMediaTypeInformation:132 adding config halfmt:35 h:720 w:960
12-13 15:21:58.544   175   175 V LtCamera: PopulateMediaTypeInformation:132 adding config halfmt:35 h:720 w:960
12-13 15:21:58.544   175   175 V LtCamera: PopulateMediaTypeInformation:132 adding config halfmt:34 h:720 w:960
12-13 15:21:58.544   175   175 V LtCamera: PopulateMediaTypeInformation:132 adding config halfmt:35 h:180 w:240
12-13 15:21:58.544   175   175 V LtCamera: PopulateMediaTypeInformation:132 adding config halfmt:35 h:180 w:240
12-13 15:21:58.544   175   175 V LtCamera: PopulateMediaTypeInformation:132 adding config halfmt:34 h:180 w:240
12-13 15:21:58.544   175   175 V LtCamera: PopulateMediaTypeInformation:132 adding config halfmt:35 h:240 w:320
12-13 15:21:58.544   175   175 V LtCamera: PopulateMediaTypeInformation:132 adding config halfmt:35 h:240 w:320
12-13 15:21:58.544   175   175 V LtCamera: PopulateMediaTypeInformation:132 adding config halfmt:34 h:240 w:320
12-13 15:21:58.544   175   175 V LtCamera: PopulateMediaTypeInformation:132 adding config halfmt:35 h:360 w:480
12-13 15:21:58.544   175   175 V LtCamera: PopulateMediaTypeInformation:132 adding config halfmt:35 h:360 w:480
12-13 15:21:58.544   175   175 V LtCamera: PopulateMediaTypeInformation:132 adding config halfmt:34 h:360 w:480
12-13 15:21:58.544   175   175 V LtCamera: PopulateMediaTypeInformation:132 adding config halfmt:35 h:480 w:640
