12-13 15:22:00.212   467   467 D ApplicationLoaders: Returning zygote-cached class loader: /system/framework/android.test.base.jar
12-13 15:22:00.214   375   375 D MediaResumeListener: loaded resume components []
12-13 15:22:00.214   375   375 E BluetoothAdapter: Bluetooth binder is null
12-13 15:22:00.216   467   467 D NetworkSecurityConfig: No Network Security Config specified, using platform default
12-13 15:22:00.216   467   467 W nsconfig: com.android.networkstack.process: New config does not match the previously set config.
12-13 15:22:00.218   517   517 D NetworkSecurityConfig: No Network Security Config specified, using platform default
12-13 15:22:00.218   517   517 D NetworkSecurityConfig: No Network Security Config specified, using platform default
12-13 15:22:00.220    89   194 W APM::AudioPolicyEngine: getDevicesForStrategy() unknown strategy: -1
12-13 15:22:00.220   375   375 W AlarmManager: Unrecognized alarm listener com.android.systemui.keyguard.-$$Lambda$KeyguardSliceProvider$IhzByd8TsqFuOrSyuGurVskyPLo@991136c
12-13 15:22:00.211   214   296 D ConnectivityService: NetReassign [no changes]
12-13 15:22:00.222   214   214 D ConditionProviders.SCP: onSubscribe condition://android/schedule?days=1.2.3.4.5.6.7&start=22.0&end=7.0&exitAtAlarm=true
12-13 15:22:00.222   214   214 D ConditionProviders.SCP: setRegistered true
12-13 15:22:00.223   214   301 W ActivityThread: Failed to find provider info for com.android.calendar (user not unlocked)
12-13 15:22:00.223   214   214 D ConditionProviders.SCP: evaluateSubscriptionLocked cal=ScheduleCalendar[mDays={1, 2, 3, 4, 5, 6, 7}, mSchedule=ScheduleInfo{days=[1, 2, 3, 4, 5, 6, 7], startHour=22, startMinute=0, endHour=7, endMinute=0, exitAtAlarm=true, nextAlarm=Thu Jan 01 08:00:00 GMT+08:00 1970 (0)}], now=Mon Dec 13 15:22:00 GMT+08:00 2021 (1639380120222), nextUserAlarmTime=Thu Jan 01 08:00:00 GMT+08:00 1970 (0)
12-13 15:22:00.223   214   214 D ConditionProviders.SCP: notifyCondition condition://android/schedule?days=1.2.3.4.5.6.7&start=22.0&end=7.0&exitAtAlarm=true STATE_FALSE reason=!meetsSchedule
12-13 15:22:00.223   214   301 W ActivityThread: Failed to find provider info for com.android.calendar (user not unlocked)
12-13 15:22:00.223   214   214 D ConditionProviders.SCP: Scheduling evaluate for Mon Dec 13 22:00:00 GMT+08:00 2021 (1639404000000), in +6h37m59s778ms, now=Mon Dec 13 15:22:00 GMT+08:00 2021 (1639380120222)
12-13 15:22:00.224   375   375 V SystemUIService: SystemUIApplication created.
12-13 15:22:00.224   214   214 I AutofillManagerService: Updating for user 0: disabled=false
12-13 15:22:00.225   214   214 I ConnectivityModuleConnector: Networking module service connected
12-13 15:22:00.226   214   214 W Looper  : Drained
12-13 15:22:00.226   214   214 I ExplicitHealthCheckController: Explicit health check service is connected ComponentInfo{android.ext.services/android.ext.services.watchdog.ExplicitHealthCheckServiceImpl}
12-13 15:22:00.226   214   214 I ExplicitHealthCheckController: Service initialized, syncing requests
12-13 15:22:00.227   375   375 V SystemUIService: Starting SystemUI services for user 0.
12-13 15:22:00.227   214   489 I chatty  : uid=1000(system) Binder:214_5 expire 12 lines
12-13 15:22:00.227   214   214 V NotificationAssistants: 0 notification assistant service connected: ComponentInfo{android.ext.services/android.ext.services.notification.Assistant}
12-13 15:22:00.227   214   214 D PackageWatchdog: Getting all observed packages pending health checks
12-13 15:22:00.227   214   214 I PackageWatchdog: Syncing health check requests for packages: {}
12-13 15:22:00.227   214   214 D ExplicitHealthCheckController: Getting health check supported packages
12-13 15:22:00.228   214   489 I ExplicitHealthCheckController: Explicit health check supported packages [PackageConfig{com.android.networkstack, 86400000}]
12-13 15:22:00.228   214   489 D PackageWatchdog: Received supported packages [PackageConfig{com.android.networkstack, 86400000}]
12-13 15:22:00.228   214   489 D ExplicitHealthCheckController: Getting health check requested packages
12-13 15:22:00.228   214   489 I ExplicitHealthCheckController: Explicit health check requested packages []
12-13 15:22:00.228   214   489 I ExplicitHealthCheckController: No more health check requests, unbinding...
12-13 15:22:00.228   214   489 I ExplicitHealthCheckController: Explicit health check service is unbound
12-13 15:22:00.228   375   375 D InterruptionStateProvider: heads up is enabled
12-13 15:22:00.230   375   375 I FalsingManager: xdpi, ydpi: 0.24, 0.24
12-13 15:22:00.230   375   375 I FalsingManager: width, height: 800, 1280
12-13 15:22:00.230   467   467 D CompatibilityChangeReporter: Compat change id reported: 147600208; UID 1073; state: ENABLED
12-13 15:22:00.231   467   467 V WifiManager: registerSoftApCallback: callback=com.android.networkstack.tethering.Tethering$TetheringSoftApCallback@fbb7b94, executor=com.android.networkstack.tethering.Tethering$TetheringThreadExecutor@af2e63d
12-13 15:22:00.232   214   282 D ConnectivityService: requestNetwork for uid/pid:1073/467 NetworkRequest [ REQUEST id=12, [ Capabilities: INTERNET&NOT_RESTRICTED&TRUSTED&NOT_VPN AdministratorUids: [] RequestorUid: 1073 RequestorPackageName: com.android.networkstack] ]
12-13 15:22:00.232   214   296 D ConnectivityService: NetReassign [no changes]
12-13 15:22:00.232   214   214 I ConnectivityModuleConnector: Networking module service connected
12-13 15:22:00.232   375   375 D NavigationModeController: getCurrentUserContext: contextUser=0 currentUser=0
12-13 15:22:00.232   375   375 D NavigationModeController: getCurrentInteractionMode: mode=0 contextUser=0
12-13 15:22:00.232   375   375 E NavigationModeController: updateCurrentInteractionMode: mode=0
12-13 15:22:00.232   375   375 D NavigationModeController:   contextUser=0
12-13 15:22:00.232   375   375 D NavigationModeController:   assetPaths=
12-13 15:22:00.232   375   375 D NavigationModeController:     /system/framework/framework-res.apk
12-13 15:22:00.233   375   375 D NavigationModeController:     /vendor/overlay/framework-res__auto_generated_rro_vendor.apk
12-13 15:22:00.233   375   375 D NavigationModeController:     /system_ext/priv-app/SystemUI/SystemUI.apk
12-13 15:22:00.233   375   375 D NavigationModeController:     /vendor/overlay/SystemUI__auto_generated_rro_vendor.apk
12-13 15:22:00.233   375   375 D NavigationModeController: getCurrentInteractionMode: mode=0 contextUser=0
12-13 15:22:00.237   375   375 D NavigationModeController: getCurrentInteractionMode: mode=0 contextUser=0
12-13 15:22:00.241   375   554 W TelecomManager: Telecom Service not found.
12-13 15:22:00.241   375   375 I TetheringManager: registerTetheringEventCallback:com.android.systemui
12-13 15:22:00.243   375   555 W TelecomManager: Telecom Service not found.
12-13 15:22:00.246   214   296 D ConnectivityService: NetReassign [no changes]
12-13 15:22:00.246   214   489 D ConnectivityService: requestNetwork for uid/pid:10030/375 NetworkRequest [ TRACK_DEFAULT id=14, [ Capabilities: INTERNET&NOT_RESTRICTED&TRUSTED Uid: 10030 AdministratorUids: [] RequestorUid: 10030 RequestorPackageName: com.android.systemui] ]
12-13 15:22:00.246   214   296 D ConnectivityService: NetReassign [no changes]
12-13 15:22:00.246   375   375 V WifiManager: registerTrafficStateCallback: callback=com.android.systemui.statusbar.policy.WifiSignalController$WifiTrafficStateCallback@fb50e1d, executor=android.os.HandlerExecutor@e533f0a
12-13 15:22:00.247   214   395 D ConnectivityService: requestNetwork for uid/pid:10030/375 NetworkRequest [ TRACK_DEFAULT id=15, [ Capabilities: INTERNET&NOT_RESTRICTED&TRUSTED Uid: 10030 AdministratorUids: [] RequestorUid: 10030 RequestorPackageName: com.android.systemui] ]
12-13 15:22:00.247   214   296 D ConnectivityService: NetReassign [no changes]
12-13 15:22:00.248   214   235 I ActivityManagerTiming: FinishBooting
12-13 15:22:00.248   214   235 W KeyguardServiceDelegate: onScreenTurningOn(): no keyguard service!
12-13 15:22:00.254   375   375 W System.err: java.lang.UnsupportedOperationException: Picture in picture is not supported on this device
12-13 15:22:00.254   375   375 W System.err: 	at android.os.Parcel.createExceptionOrNull(Parcel.java:2385)
12-13 15:22:00.255   375   375 W System.err: 	at android.os.Parcel.createException(Parcel.java:2357)
12-13 15:22:00.255   375   375 W System.err: 	at android.os.Parcel.readException(Parcel.java:2340)
12-13 15:22:00.255   375   375 W System.err: 	at android.os.Parcel.readException(Parcel.java:2282)
12-13 15:22:00.255   375   375 W System.err: 	at android.window.ITaskOrganizerController$Stub$Proxy.registerTaskOrganizer(ITaskOrganizerController.java:323)
12-13 15:22:00.255   375   375 W System.err: 	at android.window.TaskOrganizer.registerOrganizer(TaskOrganizer.java:46)
12-13 15:22:00.255   375   375 W System.err: 	at com.android.systemui.pip.phone.PipManager.<init>(PipManager.java:284)
12-13 15:22:00.255   375   375 W System.err: 	at com.android.systemui.pip.phone.PipManager_Factory.provideInstance(PipManager_Factory.java:100)
12-13 15:22:00.255   375   375 W System.err: 	at com.android.systemui.pip.phone.PipManager_Factory.get(PipManager_Factory.java:66)
12-13 15:22:00.255   375   375 W System.err: 	at com.android.systemui.pip.phone.PipManager_Factory.get(PipManager_Factory.java:17)
12-13 15:22:00.255   375   375 W System.err: 	at dagger.internal.DoubleCheck.get(DoubleCheck.java:47)
12-13 15:22:00.255   375   375 W System.err: 	at com.android.systemui.pip.PipUI_Factory.provideInstance(PipUI_Factory.java:37)
12-13 15:22:00.255   375   375 W System.err: 	at com.android.systemui.pip.PipUI_Factory.get(PipUI_Factory.java:30)
12-13 15:22:00.255   375   375 W System.err: 	at com.android.systemui.pip.PipUI_Factory.get(PipUI_Factory.java:9)
12-13 15:22:00.255   375   375 W System.err: 	at dagger.internal.DoubleCheck.get(DoubleCheck.java:47)
12-13 15:22:00.255   375   375 W System.err: 	at com.android.systemui.recents.OverviewProxyService_Factory.provideInstance(OverviewProxyService_Factory.java:99)
12-13 15:22:00.255   375   375 W System.err: 	at com.android.systemui.recents.OverviewProxyService_Factory.get(OverviewProxyService_Factory.java:68)
12-13 15:22:00.255   375   375 W System.err: 	at com.android.systemui.recents.OverviewProxyService_Factory.get(OverviewProxyService_Factory.java:19)
12-13 15:22:00.255   375   375 W System.err: 	at dagger.internal.DoubleCheck.get(DoubleCheck.java:47)
12-13 15:22:00.255   375   375 W System.err: 	at com.android.systemui.-$$Lambda$Vs-MsjQwuYhfrxzUr7AqZvcfoH4.createDependency(Unknown Source:2)
12-13 15:22:00.255   375   375 W System.err: 	at com.android.systemui.Dependency.createDependency(Dependency.java:565)
12-13 15:22:00.255   375   375 W System.err: 	at com.android.systemui.Dependency.getDependencyInner(Dependency.java:544)
12-13 15:22:00.255   375   375 W System.err: 	at com.android.systemui.Dependency.getDependency(Dependency.java:533)
12-13 15:22:00.255   375   375 W System.err: 	at com.android.systemui.Dependency.get(Dependency.java:622)
12-13 15:22:00.255   375   375 W System.err: 	at com.android.systemui.recents.ScreenPinningRequest.<init>(ScreenPinningRequest.java:90)
12-13 15:22:00.255   375   375 W System.err: 	at com.android.systemui.recents.ScreenPinningRequest_Factory.provideInstance(ScreenPinningRequest_Factory.java:34)
12-13 15:22:00.255   375   375 W System.err: 	at com.android.systemui.recents.ScreenPinningRequest_Factory.get(ScreenPinningRequest_Factory.java:28)
12-13 15:22:00.255   375   375 W System.err: 	at com.android.systemui.recents.ScreenPinningRequest_Factory.get(ScreenPinningRequest_Factory.java:11)
12-13 15:22:00.255   375   375 W System.err: 	at com.android.systemui.statusbar.phone.dagger.StatusBarPhoneModule_ProvideStatusBarFactory.provideInstance(StatusBarPhoneModule_ProvideStatusBarFactory.java:620)
12-13 15:22:00.255   375   375 W System.err: 	at com.android.systemui.statusbar.phone.dagger.StatusBarPhoneModule_ProvideStatusBarFactory.get(StatusBarPhoneModule_ProvideStatusBarFactory.java:409)
12-13 15:22:00.255   375   375 W System.err: 	at com.android.systemui.statusbar.phone.dagger.StatusBarPhoneModule_ProvideStatusBarFactory.get(StatusBarPhoneModule_ProvideStatusBarFactory.java:88)
12-13 15:22:00.255   375   375 W System.err: 	at dagger.internal.DoubleCheck.get(DoubleCheck.java:47)
12-13 15:22:00.255   375   375 W System.err: 	at com.android.systemui.dagger.ContextComponentResolver.resolve(ContextComponentResolver.java:100)
12-13 15:22:00.255   375   375 W System.err: 	at com.android.systemui.dagger.ContextComponentResolver.resolveSystemUI(ContextComponentResolver.java:93)
12-13 15:22:00.255   375   375 W System.err: 	at com.android.systemui.SystemUIApplication.startServicesIfNeeded(SystemUIApplication.java:189)
12-13 15:22:00.255   375   375 W System.err: 	at com.android.systemui.SystemUIApplication.startServicesIfNeeded(SystemUIApplication.java:143)
12-13 15:22:00.255   375   375 W System.err: 	at com.android.systemui.SystemUIService.onCreate(SystemUIService.java:70)
12-13 15:22:00.255   375   375 W System.err: 	at android.app.ActivityThread.handleCreateService(ActivityThread.java:4186)
12-13 15:22:00.255   375   375 W System.err: 	at android.app.ActivityThread.access$1500(ActivityThread.java:237)
12-13 15:22:00.255   375   375 W System.err: 	at android.app.ActivityThread$H.handleMessage(ActivityThread.java:1932)
12-13 15:22:00.255   375   375 W System.err: 	at android.os.Handler.dispatchMessage(Handler.java:106)
12-13 15:22:00.255   375   375 W System.err: 	at android.os.Looper.loop(Looper.java:223)
12-13 15:22:00.255   375   375 W System.err: 	at android.app.ActivityThread.main(ActivityThread.java:7664)
12-13 15:22:00.255   375   375 W System.err: 	at java.lang.reflect.Method.invoke(Native Method)
12-13 15:22:00.255   375   375 W System.err: 	at com.android.internal.os.RuntimeInit$MethodAndArgsCaller.run(RuntimeInit.java:592)
12-13 15:22:00.255   375   375 W System.err: 	at com.android.internal.os.ZygoteInit.main(ZygoteInit.java:947)
12-13 15:22:00.255   375   375 W System.err: Caused by: android.os.RemoteException: Remote stack trace:
12-13 15:22:00.255   375   375 W System.err: 	at com.android.server.wm.TaskOrganizerController.registerTaskOrganizer(TaskOrganizerController.java:298)
12-13 15:22:00.255   375   375 W System.err: 	at android.window.ITaskOrganizerController$Stub.onTransact(ITaskOrganizerController.java:166)
12-13 15:22:00.255   375   375 W System.err: 	at android.os.Binder.execTransactInternal(Binder.java:1154)
12-13 15:22:00.255   375   375 W System.err: 	at android.os.Binder.execTransact(Binder.java:1123)
12-13 15:22:00.255   375   375 D NavigationModeController: getCurrentInteractionMode: mode=0 contextUser=0
12-13 15:22:00.255   375   375 V OverviewProxyService: Cannot attempt connection, is enabled false
12-13 15:22:00.255   375   375 D NavigationModeController: getCurrentInteractionMode: mode=0 contextUser=0
12-13 15:22:00.256   375   375 I vol.Events: writeEvent collection_started
12-13 15:22:00.263   375   560 I vol.Events: writeEvent level_changed STREAM_VOICE_CALL 5
12-13 15:22:00.264   375   560 I vol.Events: writeEvent level_changed STREAM_SYSTEM 7
12-13 15:22:00.264   375   560 I vol.Events: writeEvent level_changed STREAM_RING 7
12-13 15:22:00.265   375   560 I vol.Events: writeEvent level_changed STREAM_MUSIC 15
12-13 15:22:00.266   375   560 I vol.Events: writeEvent level_changed STREAM_ALARM 7
12-13 15:22:00.267   375   560 I vol.Events: writeEvent level_changed STREAM_BLUETOOTH_SCO 15
12-13 15:22:00.267   375   375 V MediaRouter: Selecting route: RouteInfo{ name=, description=null, status=null, category=RouteCategory{ name= types=ROUTE_TYPE_LIVE_AUDIO ROUTE_TYPE_LIVE_VIDEO  groupable=false }, supportedTypes=ROUTE_TYPE_LIVE_AUDIO ROUTE_TYPE_LIVE_VIDEO , presentationDisplay=null }
12-13 15:22:00.269   375   375 I TetheringManager: registerTetheringEventCallback caller:com.android.systemui
12-13 15:22:00.269   375   560 I vol.Events: writeEvent external_ringer_mode_changed unknown
12-13 15:22:00.269   375   560 I vol.Events: writeEvent zen_mode_config_changed [disallowAlarms=false disallowMedia=false disallowSystem=true disallowRinger=false]
12-13 15:22:00.271   375   375 D StatusBar: disable<e i a s b h r c s > disable2<q i n >
12-13 15:22:00.271   214   395 I StatusBarManagerService: registerStatusBar bar=com.android.internal.statusbar.IStatusBar$Stub$Proxy@43bd3e5
12-13 15:22:00.273    68   200 E Netd    : Removing unknown address 172.17.48.119/20 from ifindex 14
12-13 15:22:00.280    46    51 E android.system.suspend@1.0-service: Error opening kernel wakelock stats for: wakeup2: Permission denied
12-13 15:22:00.280    46    51 E android.system.suspend@1.0-service: Error opening kernel wakelock stats for: wakeup0: Permission denied
12-13 15:22:00.280    46    51 E android.system.suspend@1.0-service: Error opening kernel wakelock stats for: wakeup3: Permission denied
12-13 15:22:00.280    46    51 E android.system.suspend@1.0-service: Error opening kernel wakelock stats for: wakeup1: Permission denied
12-13 15:22:00.281   214   247 E KernelCpuSpeedReader: Failed to read cpu-freq: /sys/devices/system/cpu/cpu0/cpufreq/stats/time_in_state: open failed: ENOENT (No such file or directory)
12-13 15:22:00.281    46    51 E android.system.suspend@1.0-service: Error opening kernel wakelock stats for: wakeup2: Permission denied
12-13 15:22:00.281    46    51 E android.system.suspend@1.0-service: Error opening kernel wakelock stats for: wakeup0: Permission denied
12-13 15:22:00.281    46    51 E android.system.suspend@1.0-service: Error opening kernel wakelock stats for: wakeup3: Permission denied
12-13 15:22:00.281    46    51 E android.system.suspend@1.0-service: Error opening kernel wakelock stats for: wakeup1: Permission denied
12-13 15:22:00.285   375   375 I CameraManagerGlobal: Connecting to camera service
12-13 15:22:00.294   375   375 D StatusBar: mUserSetupObserver - DeviceProvisionedListener called for user 0
12-13 15:22:00.294   375   375 D StatusBar: updateQsExpansionEnabled - QS Expand enabled: true
12-13 15:22:00.294   375   375 D StatusBar: mUserSetupObserver - DeviceProvisionedListener called for user 0
12-13 15:22:00.371   375   565 D OpenGLRenderer: profile bars disabled
12-13 15:22:00.371   375   565 D OpenGLRenderer: ambientRatio = 1.50
12-13 15:22:00.379   375   375 W AudioManager: attempt to call registerAudioRecordingCallback() on a previouslyregistered callback
12-13 15:22:00.379   375   375 D NotifPipeline: Notif pipeline initialized
12-13 15:22:00.380   375   375 W TelecomManager: Telecom Service not found.
12-13 15:22:00.381   375   375 V WifiManager: registerSoftApCallback: callback=com.android.systemui.statusbar.policy.HotspotControllerImpl@3515ec1, executor=android.os.HandlerExecutor@eca5666
12-13 15:22:00.382   214   296 D ConnectivityService: NetReassign [no changes]
12-13 15:22:00.382   375   375 D KeyguardViewMediator: adjustStatusBarLocked: mShowing=false mOccluded=false isSecure=false force=false --> flags=0x0
12-13 15:22:00.382   375   375 D NavigationModeController: getCurrentInteractionMode: mode=0 contextUser=0
12-13 15:22:00.384   375   555 W ActivityThread: Failed to find provider info for com.android.contacts (user not unlocked)
12-13 15:22:00.384   375   554 W TelecomManager: Telecom Service not found.
12-13 15:22:00.385   375   375 D StatusBar: disable<e i a s b h r c s > disable2<q i n >
12-13 15:22:00.387   375   394 D KeyguardViewMediator: onStartedWakingUp, seq = 1
12-13 15:22:00.387   375   394 D KeyguardViewMediator: notifyStartedWakingUp
12-13 15:22:00.387   375   375 W KeyguardUpdateMonitor: invalid subId in handleServiceStateChange()
12-13 15:22:00.387   375   394 D KeyguardViewMediator: notifyScreenOn
12-13 15:22:00.387   375   394 D KeyguardViewMediator: notifyScreenTurnedOn
12-13 15:22:00.387   375   394 D KeyguardViewMediator: adjustStatusBarLocked: mShowing=false mOccluded=false isSecure=false force=false --> flags=0x0
12-13 15:22:00.395   214   227 E WindowManager: Window Session Crash
12-13 15:22:00.395   214   227 E WindowManager: java.lang.IllegalArgumentException: Requested window null does not exist
12-13 15:22:00.395   214   227 E WindowManager: 	at com.android.server.wm.WindowManagerService.windowForClientLocked(WindowManagerService.java:5443)
12-13 15:22:00.395   214   227 E WindowManager: 	at com.android.server.wm.Session.actionOnWallpaper(Session.java:356)
12-13 15:22:00.395   214   227 E WindowManager: 	at com.android.server.wm.Session.setWallpaperZoomOut(Session.java:382)
12-13 15:22:00.395   214   227 E WindowManager: 	at android.view.IWindowSession$Stub.onTransact(IWindowSession.java:1154)
12-13 15:22:00.395   214   227 E WindowManager: 	at com.android.server.wm.Session.onTransact(Session.java:139)
12-13 15:22:00.395   214   227 E WindowManager: 	at android.os.Binder.execTransactInternal(Binder.java:1159)
12-13 15:22:00.395   214   227 E WindowManager: 	at android.os.Binder.execTransact(Binder.java:1123)
12-13 15:22:00.395   214   227 I chatty  : uid=1000(system) Binder:214_1 expire 22 lines
12-13 15:22:00.396   214   241 I DropBoxManagerService: add tag=system_server_wtf isTagEnabled=true flags=0x2
12-13 15:22:00.398   214   241 W DropBoxManagerService: Dropping: system_server_wtf (944 > 0 bytes)
12-13 15:22:00.401   375   554 W ActivityThread: Failed to find provider info for com.android.contacts (user not unlocked)
12-13 15:22:00.402   375   554 W ActivityThread: Failed to find provider info for com.android.contacts (user not unlocked)
12-13 15:22:00.409   214   282 V WindowManager: Orientation start waiting for draw, mDrawState=DRAW_PENDING in Window{ee23a05 u0 PointerLocation - display 0}, surfaceController Surface(name=PointerLocation - display 0)/@0xeb2040b
12-13 15:22:00.409   214   282 V WindowManager: Orientation start waiting for draw, mDrawState=DRAW_PENDING in Window{25b04f u0 com.android.settings/com.android.settings.FallbackHome}, surfaceController Surface(name=com.android.settings/com.android.settings.FallbackHome)/@0x96b5d95
12-13 15:22:00.411   375   375 D StatusBar: disable<e i a s b h r c s > disable2<q i n >
12-13 15:22:00.413   375   375 W Resources: Drawable com.android.systemui:anim/lock_unlock has unresolved theme attributes! Consider using Resources.getDrawable(int, Theme) or Context.getDrawable(int).
12-13 15:22:00.413   375   375 W Resources: java.lang.RuntimeException
12-13 15:22:00.413   375   375 W Resources: 	at android.content.res.Resources.getDrawable(Resources.java:899)
12-13 15:22:00.413   375   375 W Resources: 	at com.android.systemui.statusbar.phone.LockIcon.getIcon(LockIcon.java:174)
12-13 15:22:00.413   375   375 W Resources: 	at com.android.systemui.statusbar.phone.LockIcon.access$200(LockIcon.java:45)
12-13 15:22:00.413   375   375 W Resources: 	at com.android.systemui.statusbar.phone.LockIcon$1.onPreDraw(LockIcon.java:68)
12-13 15:22:00.413   375   375 W Resources: 	at android.view.ViewTreeObserver.dispatchOnPreDraw(ViewTreeObserver.java:1093)
12-13 15:22:00.413   375   375 W Resources: 	at android.view.ViewRootImpl.performTraversals(ViewRootImpl.java:3094)
12-13 15:22:00.413   375   375 W Resources: 	at android.view.ViewRootImpl.doTraversal(ViewRootImpl.java:1948)
12-13 15:22:00.413   375   375 W Resources: 	at android.view.ViewRootImpl$TraversalRunnable.run(ViewRootImpl.java:8177)
12-13 15:22:00.413   375   375 W Resources: 	at android.view.Choreographer$CallbackRecord.run(Choreographer.java:972)
12-13 15:22:00.413   375   375 W Resources: 	at android.view.Choreographer.doCallbacks(Choreographer.java:796)
12-13 15:22:00.413   375   375 W Resources: 	at android.view.Choreographer.doFrame(Choreographer.java:731)
12-13 15:22:00.413   375   375 W Resources: 	at android.view.Choreographer$FrameDisplayEventReceiver.run(Choreographer.java:957)
12-13 15:22:00.413   375   375 W Resources: 	at android.os.Handler.handleCallback(Handler.java:938)
12-13 15:22:00.413   375   375 W Resources: 	at android.os.Handler.dispatchMessage(Handler.java:99)
12-13 15:22:00.413   375   375 W Resources: 	at android.os.Looper.loop(Looper.java:223)
12-13 15:22:00.413   375   375 W Resources: 	at android.app.ActivityThread.main(ActivityThread.java:7664)
12-13 15:22:00.413   375   375 W Resources: 	at java.lang.reflect.Method.invoke(Native Method)
12-13 15:22:00.413   375   375 W Resources: 	at com.android.internal.os.RuntimeInit$MethodAndArgsCaller.run(RuntimeInit.java:592)
12-13 15:22:00.413   375   375 W Resources: 	at com.android.internal.os.ZygoteInit.main(ZygoteInit.java:947)
12-13 15:22:00.418   214   236 V WindowManager: Orientation start waiting for draw, mDrawState=DRAW_PENDING in Window{ee23a05 u0 PointerLocation - display 0}, surfaceController Surface(name=PointerLocation - display 0)/@0xeb2040b
12-13 15:22:00.418   214   236 V WindowManager: Orientation start waiting for draw, mDrawState=DRAW_PENDING in Window{25b04f u0 com.android.settings/com.android.settings.FallbackHome}, surfaceController Surface(name=com.android.settings/com.android.settings.FallbackHome)/@0x96b5d95
12-13 15:22:00.422   375   565 D libEGL  : loaded /vendor/lib64/egl/libEGL_emulation.so
12-13 15:22:00.423   375   565 D libEGL  : loaded /vendor/lib64/egl/libGLESv1_CM_emulation.so
12-13 15:22:00.424   375   565 D libEGL  : loaded /vendor/lib64/egl/libGLESv2_emulation.so
12-13 15:22:00.437   375   565 D HostConnection: createUnique: call
12-13 15:22:00.437   375   565 D librcm  : SocketClient connected to host port 22469
12-13 15:22:00.437   375   565 D HostConnection: HostConnection::get() New Host Connection established 0x7a03b10f5050, tid 565
12-13 15:22:00.438   375   565 D HostConnection: HostComposition ext ANDROID_EMU_host_composition_v1 ANDROID_EMU_host_composition_v2 ANDROID_EMU_virtio_gpu_next ANDROID_EMU_sync_buffer_data GL_OES_EGL_image_external_essl3 GL_OES_vertex_array_object GL_KHR_texture_compression_astc_ldr GL_EXT_texture_compression_bptc GL_EXT_texture_compression_s3tc ANDROID_EMU_host_side_tracing ANDROID_EMU_gles_max_version_3_0 
12-13 15:22:00.439   375   565 D EGL_emulation: eglCreateContext: 0x7a03b10f5950: maj 3 min 0 rcv 3
12-13 15:22:00.441   375   565 D EGL_emulation: eglMakeCurrent: 0x7a03b10f5950: ver 3 0 (tinfo 0x7a05b21eb080) (first time)
12-13 15:22:00.450   375   565 I Gralloc4: mapper 4.x is not supported
12-13 15:22:00.450   375   565 W Gralloc3: mapper 3.x is not supported
12-13 15:22:00.451   375   565 D HostConnection: createUnique: call
12-13 15:22:00.452   375   565 D librcm  : SocketClient connected to host port 22469
12-13 15:22:00.452   375   565 D HostConnection: HostConnection::get() New Host Connection established 0x7a03b10f8a10, tid 565
12-13 15:22:00.453   375   565 D HostConnection: HostComposition ext ANDROID_EMU_host_composition_v1 ANDROID_EMU_host_composition_v2 ANDROID_EMU_virtio_gpu_next ANDROID_EMU_sync_buffer_data GL_OES_EGL_image_external_essl3 GL_OES_vertex_array_object GL_KHR_texture_compression_astc_ldr GL_EXT_texture_compression_bptc GL_EXT_texture_compression_s3tc ANDROID_EMU_host_side_tracing ANDROID_EMU_gles_max_version_3_0 
12-13 15:22:00.458   375   565 D skia    : Shader compilation error
12-13 15:22:00.458   375   565 D skia    : ------------------------
12-13 15:22:00.458   375   565 D skia    : Errors:
12-13 15:22:00.458   375   565 D skia    : 
12-13 15:22:00.465   375   565 D skia    : Shader compilation error
12-13 15:22:00.465   375   565 D skia    : ------------------------
12-13 15:22:00.465   375   565 D skia    : Errors:
12-13 15:22:00.465   375   565 D skia    : 
12-13 15:22:00.483   375   565 D skia    : Shader compilation error
12-13 15:22:00.483   375   565 D skia    : ------------------------
12-13 15:22:00.483   375   565 D skia    : Errors:
12-13 15:22:00.483   375   565 D skia    : 
12-13 15:22:00.504   375   565 D skia    : Shader compilation error
12-13 15:22:00.504   375   565 D skia    : ------------------------
12-13 15:22:00.504   375   565 D skia    : Errors:
12-13 15:22:00.504   375   565 D skia    : 
12-13 15:22:00.522   375   375 D QSTileHost: Recreating tiles
12-13 15:22:00.522   375   375 D QSTileHost: Creating tile: wifi
12-13 15:22:00.522   375   375 D QSTileHost: Creating tile: bt
12-13 15:22:00.523   375   375 D QSTileHost: Destroying not available tile: bt
12-13 15:22:00.523   375   375 D QSTileHost: Creating tile: dnd
12-13 15:22:00.523   375   375 D QSTileHost: Creating tile: flashlight
12-13 15:22:00.523   375   375 D QSTileHost: Destroying not available tile: flashlight
12-13 15:22:00.523   375   375 D QSTileHost: Creating tile: rotation
12-13 15:22:00.523   375   375 D QSTileHost: Creating tile: battery
12-13 15:22:00.523   375   375 D QSTileHost: Creating tile: cell
12-13 15:22:00.523   375   375 D QSTileHost: Creating tile: airplane
12-13 15:22:00.523   375   375 D QSTileHost: Creating tile: cast
12-13 15:22:00.523   375   375 D QSTileHost: Creating tile: screenrecord
12-13 15:22:00.549   375   375 V ShadeControllerImpl: NotificationShadeWindow: com.android.systemui.statusbar.phone.NotificationShadeWindowView{9612300 I.E...... ......ID 0,0-800,1280} canPanelBeCollapsed(): false
12-13 15:22:00.550   375   375 D KeyguardViewMediator: onSystemReady
12-13 15:22:00.550   375   375 D KeyguardViewMediator: doKeyguard: not showing because lockscreen is off
12-13 15:22:00.550   375   375 D KeyguardViewMediator: adjustStatusBarLocked: mShowing=false mOccluded=false isSecure=false force=false --> flags=0x0
12-13 15:22:00.551   375   375 D KeyguardViewMediator: handleNotifyWakingUp
12-13 15:22:00.551   375   375 D KeyguardViewMediator: handleNotifyScreenTurningOn
12-13 15:22:00.552   375   375 D KeyguardViewMediator: handleNotifyScreenTurnedOn
12-13 15:22:00.553   214   235 I WindowManager: ******* TELLING SURFACE FLINGER WE ARE BOOTED!
12-13 15:22:00.553   100   334 I chatty  : uid=1000(system) Binder:100_4 expire 5 lines
12-13 15:22:00.553   214   235 I ActivityManagerTiming: FinishBooting
12-13 15:22:00.554   214   235 I ActivityManager: About to commit checkpoint
12-13 15:22:00.554   214   235 I SystemServiceManager: Starting phase 1000
12-13 15:22:00.554   214   235 I ActivityManagerTiming: OnBootPhase_1000
12-13 15:22:00.554   214   235 I ActivityManagerTiming: OnBootPhase_1000_com.android.server.security.FileIntegrityService
12-13 15:22:00.554   214   235 I ActivityManagerTiming: OnBootPhase_1000_com.android.server.pm.Installer
12-13 15:22:00.554   214   235 I ActivityManagerTiming: OnBootPhase_1000_com.android.server.os.DeviceIdentifiersPolicyService
12-13 15:22:00.554   214   235 I ActivityManagerTiming: OnBootPhase_1000_com.android.server.uri.UriGrantsManagerService$Lifecycle
12-13 15:22:00.554   214   235 I ActivityManagerTiming: OnBootPhase_1000_com.android.server.wm.ActivityTaskManagerService$Lifecycle
12-13 15:22:00.554   214   235 I ActivityManagerTiming: OnBootPhase_1000_com.android.server.am.ActivityManagerService$Lifecycle
12-13 15:22:00.554   214   235 I ActivityManagerTiming: OnBootPhase_1000_com.android.server.pm.DataLoaderManagerService
12-13 15:22:00.554   214   235 I ActivityManagerTiming: OnBootPhase_1000_com.android.server.power.PowerManagerService
12-13 15:22:00.554   214   235 I ActivityManagerTiming: OnBootPhase_1000_com.android.server.power.ThermalManagerService
12-13 15:22:00.554   214   235 I ActivityManagerTiming: OnBootPhase_1000_com.android.server.recoverysystem.RecoverySystemService$Lifecycle
12-13 15:22:00.554   214   235 I ActivityManagerTiming: OnBootPhase_1000_com.android.server.lights.LightsService
12-13 15:22:00.554   214   235 I ActivityManagerTiming: OnBootPhase_1000_com.android.server.display.DisplayManagerService
12-13 15:22:00.554   214   235 I ActivityManagerTiming: OnBootPhase_1000_com.android.server.pm.UserManagerService$LifeCycle
12-13 15:22:00.554   214   235 I ActivityManagerTiming: OnBootPhase_1000_com.android.server.om.OverlayManagerService
12-13 15:22:00.554   214   235 I ActivityManagerTiming: OnBootPhase_1000_com.android.server.SensorPrivacyService
12-13 15:22:00.554   214   235 I ActivityManagerTiming: OnBootPhase_1000_com.android.server.SystemConfigService
12-13 15:22:00.554   214   235 I ActivityManagerTiming: OnBootPhase_1000_com.android.server.BatteryService
12-13 15:22:00.554   214   235 I ActivityManagerTiming: OnBootPhase_1000_com.android.server.usage.UsageStatsService
12-13 15:22:00.554   214   250 V DisplayPowerController: Brightness [0.39763778] reason changing to: 'manual', previous reason: 'override'.
12-13 15:22:00.554   214   235 I ActivityManagerTiming: OnBootPhase_1000_com.android.server.webkit.WebViewUpdateService
12-13 15:22:00.554   214   235 I ActivityManagerTiming: OnBootPhase_1000_com.android.server.CachedDeviceStateService
12-13 15:22:00.554   214   235 I ActivityManagerTiming: OnBootPhase_1000_com.android.server.BinderCallsStatsService$LifeCycle
12-13 15:22:00.554   214   235 I ActivityManagerTiming: OnBootPhase_1000_com.android.server.LooperStatsService$Lifecycle
12-13 15:22:00.554   214   235 I ActivityManagerTiming: OnBootPhase_1000_com.android.server.rollback.RollbackManagerService
12-13 15:22:00.555   214   235 I ActivityManagerTiming: OnBootPhase_1000_com.android.server.os.BugreportManagerService
12-13 15:22:00.555   214   235 I ActivityManagerTiming: OnBootPhase_1000_com.android.server.gpu.GpuService
12-13 15:22:00.555   214   235 I ActivityManagerTiming: OnBootPhase_1000_com.android.server.security.KeyChainSystemService
12-13 15:22:00.555   214   235 I ActivityManagerTiming: OnBootPhase_1000_com.android.server.telecom.TelecomLoaderService
12-13 15:22:00.555   214   235 I ActivityManagerTiming: OnBootPhase_1000_com.android.server.accounts.AccountManagerService$Lifecycle
12-13 15:22:00.555   214   235 I ActivityManagerTiming: OnBootPhase_1000_com.android.server.content.ContentService$Lifecycle
12-13 15:22:00.555   214   235 I ActivityManagerTiming: OnBootPhase_1000_com.android.server.DropBoxManagerService
12-13 15:22:00.555   214   235 I ActivityManagerTiming: OnBootPhase_1000_com.android.server.AlarmManagerService
12-13 15:22:00.555   214   235 I ActivityManagerTiming: OnBootPhase_1000_com.android.server.connectivity.IpConnectivityMetrics
12-13 15:22:00.555   214   235 I ActivityManagerTiming: OnBootPhase_1000_com.android.server.net.watchlist.NetworkWatchlistService$Lifecycle
12-13 15:22:00.555   214   235 I ActivityManagerTiming: OnBootPhase_1000_com.android.server.PinnerService
12-13 15:22:00.555   214   235 I ActivityManagerTiming: OnBootPhase_1000_com.google.android.startop.iorap.IorapForwardingService
12-13 15:22:00.555   214   235 I ActivityManagerTiming: OnBootPhase_1000_com.android.server.integrity.AppIntegrityManagerService
12-13 15:22:00.555   214   235 I ActivityManagerTiming: OnBootPhase_1000_com.android.server.inputmethod.InputMethodManagerService$Lifecycle
12-13 15:22:00.555   214   235 I ActivityManagerTiming: OnBootPhase_1000_com.android.server.accessibility.AccessibilityManagerService$Lifecycle
12-13 15:22:00.555   214   235 I ActivityManagerTiming: OnBootPhase_1000_com.android.server.StorageManagerService$Lifecycle
12-13 15:22:00.555   214   266 D RollbackManager: mRollbackLifetimeDurationInMillis=1209600000
12-13 15:22:00.555   214   283 D StorageManagerService: Thinking about init, mBootCompleted=true, mDaemonConnected=true
12-13 15:22:00.555   214   283 D StorageManagerService: Thinking about reset, mBootCompleted=true, mDaemonConnected=true
12-13 15:22:00.555   214   235 D StorageManagerService: FUSE flags. Settings: true. Default: true
12-13 15:22:00.555   214   235 I ActivityManagerTiming: OnBootPhase_1000_com.android.server.usage.StorageStatsService$Lifecycle
12-13 15:22:00.555   214   235 I ActivityManagerTiming: OnBootPhase_1000_com.android.server.UiModeManagerService
12-13 15:22:00.555   214   235 I ActivityManagerTiming: OnBootPhase_1000_com.android.server.locksettings.LockSettingsService$Lifecycle
12-13 15:22:00.555   214   235 I ActivityManagerTiming: OnBootPhase_1000_com.android.server.testharness.TestHarnessModeService
12-13 15:22:00.555   214   283 I StorageSessionController: Started resetting external storage service...
12-13 15:22:00.555   214   235 D TestHarnessModeService: Completing Test Harness Mode setup.
12-13 15:22:00.555   214   235 D TestHarnessModeService: Getting PersistentDataBlockManagerInternal from LocalServices
12-13 15:22:00.555   214   235 E TestHarnessModeService: Failed to start Test Harness Mode; no implementation of PersistentDataBlockManagerInternal was bound!
12-13 15:22:00.555   214   283 I StorageSessionController: Finished resetting external storage service
12-13 15:22:00.555   214   283 I StorageManagerService: Resetting vold...
12-13 15:22:00.555   214   235 I ActivityManagerTiming: OnBootPhase_1000_com.android.server.DeviceIdleController
12-13 15:22:00.555   214   235 I ActivityManagerTiming: OnBootPhase_1000_com.android.server.devicepolicy.DevicePolicyManagerService$Lifecycle
12-13 15:22:00.555   214   235 I ActivityManagerTiming: OnBootPhase_1000_com.android.server.textservices.TextServicesManagerService$Lifecycle
12-13 15:22:00.555   214   235 I ActivityManagerTiming: OnBootPhase_1000_com.android.server.textclassifier.TextClassificationManagerService$Lifecycle
12-13 15:22:00.555   214   235 I ActivityManagerTiming: OnBootPhase_1000_com.android.server.NetworkScoreService$Lifecycle
12-13 15:22:00.555   214   235 I ActivityManagerTiming: OnBootPhase_1000_com.android.server.wifi.WifiService
12-13 15:22:00.555   214   235 I ActivityManagerTiming: OnBootPhase_1000_com.android.server.wifi.scanner.WifiScanningService
12-13 15:22:00.555   214   235 I ActivityManagerTiming: OnBootPhase_1000_com.android.server.ethernet.EthernetService
12-13 15:22:00.555   214   235 I ActivityManagerTiming: OnBootPhase_1000_com.android.server.notification.NotificationManagerService
12-13 15:22:00.555   214   235 I ActivityManagerTiming: OnBootPhase_1000_com.android.server.storage.DeviceStorageMonitorService
12-13 15:22:00.555   214   235 I ActivityManagerTiming: OnBootPhase_1000_com.android.server.location.LocationManagerService$Lifecycle
12-13 15:22:00.555   214   235 I ActivityManagerTiming: OnBootPhase_1000_com.android.server.timedetector.TimeDetectorService$Lifecycle
12-13 15:22:00.555   214   235 I ActivityManagerTiming: OnBootPhase_1000_com.android.server.timezonedetector.TimeZoneDetectorService$Lifecycle
12-13 15:22:00.555   214   235 I ActivityManagerTiming: OnBootPhase_1000_com.android.server.search.SearchManagerService$Lifecycle
12-13 15:22:00.555   214   235 I ActivityManagerTiming: OnBootPhase_1000_com.android.server.audio.AudioService$Lifecycle
12-13 15:22:00.555   214   235 I ActivityManagerTiming: OnBootPhase_1000_com.android.server.soundtrigger_middleware.SoundTriggerMiddlewareService$Lifecycle
12-13 15:22:00.555   214   235 I ActivityManagerTiming: OnBootPhase_1000_com.android.server.DockObserver
12-13 15:22:00.555   214   235 I ActivityManagerTiming: OnBootPhase_1000_com.android.server.adb.AdbService$Lifecycle
12-13 15:22:00.555   214   283 I StorageManagerService: Reset vold
12-13 15:22:00.555   214   235 I ActivityManagerTiming: OnBootPhase_1000_com.android.server.twilight.TwilightService
12-13 15:22:00.555    37    37 I vold    : onUserAdded: 0
12-13 15:22:00.555   214   235 I ActivityManagerTiming: OnBootPhase_1000_com.android.server.display.color.ColorDisplayService
12-13 15:22:00.555   214   235 I ActivityManagerTiming: OnBootPhase_1000_com.android.server.job.JobSchedulerService
12-13 15:22:00.555   214   235 I ActivityManagerTiming: OnBootPhase_1000_com.android.server.soundtrigger.SoundTriggerService
12-13 15:22:00.555   214   235 D SoundTriggerService: onBootPhase: 1000 : false
12-13 15:22:00.555   214   235 I ActivityManagerTiming: OnBootPhase_1000_com.android.server.trust.TrustManagerService
12-13 15:22:00.555   214   235 I ActivityManagerTiming: OnBootPhase_1000_com.android.server.appwidget.AppWidgetService
12-13 15:22:00.555   214   235 I ActivityManagerTiming: OnBootPhase_1000_com.android.server.role.RoleManagerService
12-13 15:22:00.555   214   235 I ActivityManagerTiming: OnBootPhase_1000_com.android.server.voiceinteraction.VoiceInteractionManagerService
12-13 15:22:00.555   214   235 I ActivityManagerTiming: OnBootPhase_1000_com.android.server.GestureLauncherService
12-13 15:22:00.555   214   235 I ActivityManagerTiming: OnBootPhase_1000_com.android.server.SensorNotificationService
12-13 15:22:00.556   214   235 I ActivityManagerTiming: OnBootPhase_1000_com.android.server.emergency.EmergencyAffordanceService
12-13 15:22:00.556   214   235 I ActivityManagerTiming: OnBootPhase_1000_com.android.server.dreams.DreamManagerService
12-13 15:22:00.556   214   235 I ActivityManagerTiming: OnBootPhase_1000_com.android.server.print.PrintManagerService
12-13 15:22:00.556   214   235 I ActivityManagerTiming: OnBootPhase_1000_com.android.server.restrictions.RestrictionsManagerService
12-13 15:22:00.556   214   235 I ActivityManagerTiming: OnBootPhase_1000_com.android.server.media.MediaSessionService
12-13 15:22:00.556   214   235 I ActivityManagerTiming: OnBootPhase_1000_com.android.server.blob.BlobStoreManagerService
12-13 15:22:00.556   214   232 E AdbDebuggingManager: Expected keyStore, but got tag=null
12-13 15:22:00.556   214   235 I ActivityManagerTiming: OnBootPhase_1000_com.android.server.biometrics.BiometricService
12-13 15:22:00.556   214   235 I ActivityManagerTiming: OnBootPhase_1000_com.android.server.biometrics.AuthService
12-13 15:22:00.556   214   235 I ActivityManagerTiming: OnBootPhase_1000_com.android.server.pm.ShortcutService$Lifecycle
12-13 15:22:00.556   214   235 I ActivityManagerTiming: OnBootPhase_1000_com.android.server.pm.LauncherAppsService
12-13 15:22:00.556   214   235 I ActivityManagerTiming: OnBootPhase_1000_com.android.server.pm.CrossProfileAppsService
12-13 15:22:00.556   214   235 I ActivityManagerTiming: OnBootPhase_1000_com.android.server.people.PeopleService
12-13 15:22:00.556   214   235 I ActivityManagerTiming: OnBootPhase_1000_com.android.server.media.projection.MediaProjectionManagerService
12-13 15:22:00.556   214   235 I ActivityManagerTiming: OnBootPhase_1000_com.android.server.slice.SliceManagerService$Lifecycle
12-13 15:22:00.556   214   235 I ActivityManagerTiming: OnBootPhase_1000_com.android.server.camera.CameraServiceProxy
12-13 15:22:00.556   214   235 I ActivityManagerTiming: OnBootPhase_1000_com.android.server.stats.StatsCompanion$Lifecycle
12-13 15:22:00.556   214   232 E AdbDebuggingManager: Expected keyStore, but got tag=null
12-13 15:22:00.556   214   235 I ActivityManagerTiming: OnBootPhase_1000_com.android.server.stats.pull.StatsPullAtomService
12-13 15:22:00.556   214   235 I ActivityManagerTiming: OnBootPhase_1000_com.android.server.incident.IncidentCompanionService
12-13 15:22:00.556   214   235 I ActivityManagerTiming: OnBootPhase_1000_com.android.server.MmsServiceBroker
12-13 15:22:00.556   214   235 I ActivityManagerTiming: OnBootPhase_1000_com.android.server.autofill.AutofillManagerService
12-13 15:22:00.556   214   235 I ActivityManagerTiming: OnBootPhase_1000_com.android.server.clipboard.ClipboardService
12-13 15:22:00.556   214   235 I ActivityManagerTiming: OnBootPhase_1000_com.android.server.appbinding.AppBindingService$Lifecycle
12-13 15:22:00.556   214   235 I ActivityManagerTiming: OnBootPhase_1000_com.android.server.policy.PermissionPolicyService
12-13 15:22:00.556   214   235 I ActivityManagerTiming: OnBootPhase_1000_com.android.server.pm.StagingManager$Lifecycle
12-13 15:22:00.556   214   235 I ActivityManagerTiming: OnBootPhase_1000_com.microsoft.windows.service.SystemServerService
12-13 15:22:00.556   214   235 V SystemServerService: PHASE_BOOT_COMPLETED
12-13 15:22:00.556   214   235 D ActivityManagerTiming: TotalBootTime took to complete: 1784ms
12-13 15:22:00.556   214   235 D SystemServerInitThreadPool: Shutdown requested
12-13 15:22:00.556   214   235 I SystemServerTiming: WaitInitThreadPoolShutdown
12-13 15:22:00.557   214   232 I AdbDebuggingManager: Not connected to any wireless network. Not enabling adbwifi.
12-13 15:22:00.557   214   296 D ConnectivityService: Got NetworkProvider Messenger for WifiNetworkFactory
12-13 15:22:00.557   214   296 D ConnectivityService: Got NetworkProvider Messenger for UntrustedWifiNetworkFactory
12-13 15:22:00.558   214   235 D SystemServerInitThreadPool: Shutdown successful
12-13 15:22:00.558   214   235 I ActivityManager: User 0 state changed from BOOTING to RUNNING_LOCKED
12-13 15:22:00.558   214   235 W ActivityManager: UserLifecycleEvent 4 received without an active userJourneySession.
12-13 15:22:00.559    30    30 I servicemanager: Found android.hardware.power.IPower/default in device VINTF manifest.
12-13 15:22:00.559    88    88 I power-service.windows: Power isModeSupported: 6
12-13 15:22:00.559    88    88 I power-service.windows: Power isBoostSupported: 1
12-13 15:22:00.559   214   235 D StorageManagerService: unlockUserKey: 0 isFileEncryptedNativeOrEmulated: true hasToken: false hasSecret: false
12-13 15:22:00.560    37    37 D vold    : fscrypt_unlock_user_key 0 serial=0 token_present=0
12-13 15:22:00.560    37    37 D vold    : Skipping non-key ..
12-13 15:22:00.560    37    37 D vold    : Skipping non-key .
12-13 15:22:00.560    37    37 D vold    : Trying user CE key /data/misc/vold/user_keys/ce/0/current
12-13 15:22:00.561    30    30 I servicemanager: Since 'com.microsoft.windows.service.IShellRedirector' could not be found, trying to start it as a lazy AIDL service
12-13 15:22:00.563    37    37 I vold    : List of Keymaster HALs found:
12-13 15:22:00.563    37    37 I vold    : Keymaster HAL #1: SoftwareKeymasterDevice from Google SecurityLevel: SOFTWARE HAL: android.hardware.keymaster@4.1::IKeymasterDevice/default
12-13 15:22:00.563    37    37 I vold    : Using SoftwareKeymasterDevice from Google for encryption.  Security level: SOFTWARE, HAL: android.hardware.keymaster@4.1::IKeymasterDevice/default
12-13 15:22:00.563    37    37 D vold    : Successfully retrieved key
12-13 15:22:00.564    37    37 D vold    : Installed fscrypt key with ref 8998ecc7cbe48c9abc1b73c707b2c8b6 to /data
12-13 15:22:00.564    37    37 D vold    : Added fscrypt-provisioning key for 8998ecc7cbe48c9abc1b73c707b2c8b6 to session keyring
12-13 15:22:00.564    37    37 D vold    : Installed ce key for user 0
12-13 15:22:00.564   214   235 W ActivityManager: UserLifecycleEvent 5 received without an active userJourneySession.
12-13 15:22:00.564   214   235 D ActivityManager: Started unlocking user 0
12-13 15:22:00.564   214   235 D ActivityManager: Unlocking user 0 progress 0
12-13 15:22:00.564   214   235 D ActivityManager: Unlocking user 0 progress 5
12-13 15:22:00.565    30   581 W libc    : Unable to set property "ctl.interface_start" to "aidl/com.microsoft.windows.service.IShellRedirector": error code: 0x20
12-13 15:22:00.566    37    37 D vold    : fscrypt_prepare_user_storage for volume null, user 0, serial 0, flags 2
12-13 15:22:00.566    37    37 D vold    : Preparing: /data/system_ce/0
12-13 15:22:00.566    37    37 D vold    : Preparing: /data/misc_ce/0
12-13 15:22:00.566    37    37 D vold    : Preparing: /data/vendor_ce/0
12-13 15:22:00.566   214   235 D ColorDisplayService: setUp: currentUser=0
12-13 15:22:00.566    37    37 D vold    : Preparing: /data/media/0
12-13 15:22:00.566    37    37 D vold    : Preparing: /data/data
12-13 15:22:00.566    37    37 I vold    : Verified that /data/system_ce/0 has the encryption policy 8998ecc7cbe48c9abc1b73c707b2c8b6 v2 modes 1/4 flags 0x2
12-13 15:22:00.566    37    37 I vold    : Verified that /data/misc_ce/0 has the encryption policy 8998ecc7cbe48c9abc1b73c707b2c8b6 v2 modes 1/4 flags 0x2
12-13 15:22:00.566    37    37 I vold    : Verified that /data/vendor_ce/0 has the encryption policy 8998ecc7cbe48c9abc1b73c707b2c8b6 v2 modes 1/4 flags 0x2
12-13 15:22:00.566    37    37 I vold    : Verified that /data/media/0 has the encryption policy 8998ecc7cbe48c9abc1b73c707b2c8b6 v2 modes 1/4 flags 0x2
12-13 15:22:00.566    37    37 I vold    : Verified that /data/data has the encryption policy 8998ecc7cbe48c9abc1b73c707b2c8b6 v2 modes 1/4 flags 0x2
12-13 15:22:00.566    37    37 D vold    : Starting restorecon of /data/system_ce/0
12-13 15:22:00.566   214   241 D CompatibilityChangeReporter: Compat change id reported: 135634846; UID 10024; state: DISABLED
12-13 15:22:00.566   214   242 D CompatibilityChangeReporter: Compat change id reported: 143937733; UID 10024; state: ENABLED
12-13 15:22:00.570   582   582 I bootstat: Service started: /system/bin/bootstat --record_boot_complete --record_boot_reason --record_time_since_factory_reset -l 
12-13 15:22:00.570   582   582 E bootstat: Failed to read /data/misc/bootstat/post_decrypt_time_elapsed: No such file or directory
12-13 15:22:00.570   582   582 E bootstat: Failed to parse boot time record: /data/misc/bootstat/post_decrypt_time_elapsed
12-13 15:22:00.570    69    69 D Zygote  : Forked child process 585
12-13 15:22:00.571   214   242 I ActivityManager: Start proc 585:com.google.android.accessibility.talkback/u0a24 for broadcast {com.google.android.accessibility.talkback/com.google.android.accessibility.talkback.BootReceiver}
12-13 15:22:00.571    37    37 D vold    : Finished restorecon of /data/system_ce/0
12-13 15:22:00.571    37    37 D vold    : Starting restorecon of /data/vendor_ce/0
12-13 15:22:00.574   582   582 W bootstat: LogBootEvents, atomInfo not defined for events:build_date,time_since_last_boot,boot_reason,system_boot_reason,last_boot_time_utc,ro.boottime.init.cold_boot_wait
12-13 15:22:00.574    37    37 D vold    : Finished restorecon of /data/vendor_ce/0
12-13 15:22:00.574    37    37 D vold    : Starting restorecon of /data/misc_ce/0
12-13 15:22:00.575   585   585 W bility.talkbac: Unexpected CPU variant for X86 using defaults: x86_64
