12-12 18:22:31.931   214   214 V StorageManagerService: Package android does not have legacy storage
12-12 18:22:31.931   214   214 V StorageManagerService: Package com.android.contacts does not have legacy storage
12-12 18:22:31.931   214   214 V StorageManagerService: Package com.android.camera2 has legacy storage
12-12 18:22:31.931   214   214 V StorageManagerService: Package com.android.backupconfirm does not have legacy storage
12-12 18:22:31.931   214   214 V StorageManagerService: Package com.android.settings.auto_generated_rro_vendor__ does not have legacy storage
12-12 18:22:31.931   214   214 V StorageManagerService: Package com.android.systemui.auto_generated_rro_vendor__ does not have legacy storage
12-12 18:22:31.931   214   214 V StorageManagerService: Package com.android.statementservice does not have legacy storage
12-12 18:22:31.931   214   214 V StorageManagerService: Package com.android.providers.settings does not have legacy storage
12-12 18:22:31.931   214   214 V StorageManagerService: Package com.android.printspooler does not have legacy storage
12-12 18:22:31.931   214   214 V StorageManagerService: Package com.android.webview does not have legacy storage
12-12 18:22:31.931   214   214 V StorageManagerService: Package com.android.se does not have legacy storage
12-12 18:22:31.931   214   214 V StorageManagerService: Package com.android.inputdevices does not have legacy storage
12-12 18:22:31.931   214   214 V StorageManagerService: Package com.android.bips does not have legacy storage
12-12 18:22:31.931   214   214 V StorageManagerService: Package com.amazon.device.messaging does not have legacy storage
12-12 18:22:31.931   214   214 V StorageManagerService: Package com.android.providers.settings.auto_generated_rro_vendor__ does not have legacy storage
12-12 18:22:31.931   214   214 V StorageManagerService: Package android.ext.shared does not have legacy storage
12-12 18:22:31.931   214   214 V StorageManagerService: Package com.android.keychain does not have legacy storage
12-12 18:22:31.931   214   214 V StorageManagerService: Package com.android.gallery3d has legacy storage
12-12 18:22:31.931   214   214 V StorageManagerService: Package android.ext.services does not have legacy storage
12-12 18:22:31.931   214   214 V StorageManagerService: Package com.android.wifi.resources does not have legacy storage
12-12 18:22:31.931   214   214 V StorageManagerService: Package com.android.localtransport does not have legacy storage
12-12 18:22:31.931   214   214 V StorageManagerService: Package com.android.packageinstaller does not have legacy storage
12-12 18:22:31.931   214   214 V StorageManagerService: Package com.android.networkstack.tethering does not have legacy storage
12-12 18:22:31.931   214   214 V StorageManagerService: Package com.android.soundpicker has legacy storage
12-12 18:22:31.931   214   214 V StorageManagerService: Package com.android.settings does not have legacy storage
12-12 18:22:31.931   214   214 V StorageManagerService: Package com.android.networkstack.permissionconfig does not have legacy storage
12-12 18:22:31.932   214   214 V StorageManagerService: Package com.android.cts.ctsshim does not have legacy storage
12-12 18:22:31.932   214   214 V StorageManagerService: Package com.android.music does not have legacy storage
12-12 18:22:31.932   214   214 V StorageManagerService: Package com.android.shell has legacy storage
12-12 18:22:31.932   214   214 V StorageManagerService: Package com.android.wallpaperbackup does not have legacy storage
12-12 18:22:31.932   214   214 V StorageManagerService: Package com.android.providers.media.module has legacy storage
12-12 18:22:31.932   214   214 V StorageManagerService: Package com.android.hotspot2.osulogin does not have legacy storage
12-12 18:22:31.932   214   214 V StorageManagerService: Package com.android.location.fused does not have legacy storage
12-12 18:22:31.932   214   214 V StorageManagerService: Package com.android.systemui has legacy storage
12-12 18:22:31.932   214   214 V StorageManagerService: Package com.android.permissioncontroller does not have legacy storage
12-12 18:22:31.932   214   214 V StorageManagerService: Package com.android.traceur does not have legacy storage
12-12 18:22:31.932   214   214 V StorageManagerService: Package com.android.providers.contacts does not have legacy storage
12-12 18:22:31.932   214   214 V StorageManagerService: Package android.auto_generated_rro_vendor__ does not have legacy storage
12-12 18:22:31.932   214   214 I SystemServerTiming: ssm.onStartUser-0_com.android.server.usage.StorageStatsService$Lifecycle
12-12 18:22:31.932   214   214 I SystemServerTiming: ssm.onStartUser-0_com.android.server.UiModeManagerService
12-12 18:22:31.932   214   214 I SystemServerTiming: ssm.onStartUser-0_com.android.server.locksettings.LockSettingsService$Lifecycle
12-12 18:22:31.932   214   214 I SystemServerTiming: ssm.onStartUser-0_com.android.server.testharness.TestHarnessModeService
12-12 18:22:31.932   214   214 I SystemServerTiming: ssm.onStartUser-0_com.android.server.DeviceIdleController
12-12 18:22:31.932   214   214 I SystemServerTiming: ssm.onStartUser-0_com.android.server.devicepolicy.DevicePolicyManagerService$Lifecycle
12-12 18:22:31.932   214   214 I SystemServerTiming: ssm.onStartUser-0_com.android.server.textservices.TextServicesManagerService$Lifecycle
12-12 18:22:31.932   214   214 I SystemServerTiming: ssm.onStartUser-0_com.android.server.textclassifier.TextClassificationManagerService$Lifecycle
12-12 18:22:31.932   214   239 I ActivityManager: Start proc 433:com.android.networkstack.process/1073 for service {com.android.networkstack/com.android.server.NetworkStackService}
12-12 18:22:31.932   214   214 I SystemServerTiming: ssm.onStartUser-0_com.android.server.NetworkScoreService$Lifecycle
12-12 18:22:31.932   214   214 I SystemServerTiming: ssm.onStartUser-0_com.android.server.wifi.WifiService
12-12 18:22:31.932   214   214 I SystemServerTiming: ssm.onStartUser-0_com.android.server.wifi.scanner.WifiScanningService
12-12 18:22:31.932   214   214 I SystemServerTiming: ssm.onStartUser-0_com.android.server.ethernet.EthernetService
12-12 18:22:31.932   214   214 I SystemServerTiming: ssm.onStartUser-0_com.android.server.notification.NotificationManagerService
12-12 18:22:31.932   214   214 I SystemServerTiming: ssm.onStartUser-0_com.android.server.storage.DeviceStorageMonitorService
12-12 18:22:31.932   214   214 I SystemServerTiming: ssm.onStartUser-0_com.android.server.location.LocationManagerService$Lifecycle
12-12 18:22:31.933   214   214 I SystemServerTiming: ssm.onStartUser-0_com.android.server.timedetector.TimeDetectorService$Lifecycle
12-12 18:22:31.933   214   214 I SystemServerTiming: ssm.onStartUser-0_com.android.server.timezonedetector.TimeZoneDetectorService$Lifecycle
12-12 18:22:31.933   214   214 I SystemServerTiming: ssm.onStartUser-0_com.android.server.search.SearchManagerService$Lifecycle
12-12 18:22:31.933   214   214 I SystemServerTiming: ssm.onStartUser-0_com.android.server.audio.AudioService$Lifecycle
12-12 18:22:31.933   214   214 I SystemServerTiming: ssm.onStartUser-0_com.android.server.soundtrigger_middleware.SoundTriggerMiddlewareService$Lifecycle
12-12 18:22:31.933   214   214 I SystemServerTiming: ssm.onStartUser-0_com.android.server.DockObserver
12-12 18:22:31.933   214   214 I SystemServerTiming: ssm.onStartUser-0_com.android.server.adb.AdbService$Lifecycle
12-12 18:22:31.933   214   214 I SystemServerTiming: ssm.onStartUser-0_com.android.server.twilight.TwilightService
12-12 18:22:31.933   214   214 I SystemServerTiming: ssm.onStartUser-0_com.android.server.display.color.ColorDisplayService
12-12 18:22:31.933   214   214 I SystemServerTiming: ssm.onStartUser-0_com.android.server.job.JobSchedulerService
12-12 18:22:31.933   214   214 I SystemServerTiming: ssm.onStartUser-0_com.android.server.soundtrigger.SoundTriggerService
12-12 18:22:31.933   214   214 I SystemServerTiming: ssm.onStartUser-0_com.android.server.trust.TrustManagerService
12-12 18:22:31.933   214   214 I SystemServerTiming: ssm.onStartUser-0_com.android.server.appwidget.AppWidgetService
12-12 18:22:31.933   214   214 I SystemServerTiming: ssm.onStartUser-0_com.android.server.role.RoleManagerService
12-12 18:22:31.934   214   214 I SystemServerTiming: ssm.onStartUser-0_com.android.server.voiceinteraction.VoiceInteractionManagerService
12-12 18:22:31.934   214   214 W VoiceInteractionManager: no available voice recognition services found for user 0
12-12 18:22:31.934   214   214 I SystemServerTiming: ssm.onStartUser-0_com.android.server.GestureLauncherService
12-12 18:22:31.934   214   214 I SystemServerTiming: ssm.onStartUser-0_com.android.server.SensorNotificationService
12-12 18:22:31.934   214   214 I SystemServerTiming: ssm.onStartUser-0_com.android.server.emergency.EmergencyAffordanceService
12-12 18:22:31.934   214   214 I SystemServerTiming: ssm.onStartUser-0_com.android.server.dreams.DreamManagerService
12-12 18:22:31.934   214   214 I SystemServerTiming: ssm.onStartUser-0_com.android.server.print.PrintManagerService
12-12 18:22:31.934   214   214 I SystemServerTiming: ssm.onStartUser-0_com.android.server.restrictions.RestrictionsManagerService
12-12 18:22:31.934   214   214 I SystemServerTiming: ssm.onStartUser-0_com.android.server.blob.BlobStoreManagerService
12-12 18:22:31.934   214   214 I SystemServerTiming: ssm.onStartUser-0_com.android.server.media.MediaSessionService
12-12 18:22:31.934   214   214 I SystemServerTiming: ssm.onStartUser-0_com.android.server.biometrics.BiometricService
12-12 18:22:31.934   214   214 I SystemServerTiming: ssm.onStartUser-0_com.android.server.biometrics.AuthService
12-12 18:22:31.934   214   214 I SystemServerTiming: ssm.onStartUser-0_com.android.server.pm.ShortcutService$Lifecycle
12-12 18:22:31.934   214   214 I SystemServerTiming: ssm.onStartUser-0_com.android.server.pm.LauncherAppsService
12-12 18:22:31.934   214   214 I SystemServerTiming: ssm.onStartUser-0_com.android.server.pm.CrossProfileAppsService
12-12 18:22:31.934   214   214 I SystemServerTiming: ssm.onStartUser-0_com.android.server.people.PeopleService
12-12 18:22:31.934   214   214 I SystemServerTiming: ssm.onStartUser-0_com.android.server.media.projection.MediaProjectionManagerService
12-12 18:22:31.934   214   214 I SystemServerTiming: ssm.onStartUser-0_com.android.server.slice.SliceManagerService$Lifecycle
12-12 18:22:31.934   214   214 I SystemServerTiming: ssm.onStartUser-0_com.android.server.camera.CameraServiceProxy
12-12 18:22:31.935   214   214 I SystemServerTiming: ssm.onStartUser-0_com.android.server.stats.StatsCompanion$Lifecycle
12-12 18:22:31.935   214   214 I SystemServerTiming: ssm.onStartUser-0_com.android.server.stats.pull.StatsPullAtomService
12-12 18:22:31.935   214   214 I SystemServerTiming: ssm.onStartUser-0_com.android.server.incident.IncidentCompanionService
12-12 18:22:31.935   214   214 I SystemServerTiming: ssm.onStartUser-0_com.android.server.MmsServiceBroker
12-12 18:22:31.935   214   214 I SystemServerTiming: ssm.onStartUser-0_com.android.server.autofill.AutofillManagerService
12-12 18:22:31.935   214   214 I SystemServerTiming: ssm.onStartUser-0_com.android.server.clipboard.ClipboardService
12-12 18:22:31.935   214   214 I SystemServerTiming: ssm.onStartUser-0_com.android.server.appbinding.AppBindingService$Lifecycle
12-12 18:22:31.935   214   214 W AppBindingService: [Default SMS app] u0 Target package not found
12-12 18:22:31.935   214   214 I SystemServerTiming: ssm.onStartUser-0_com.android.server.policy.PermissionPolicyService
12-12 18:22:31.935   214   214 I SystemServerTiming: ssm.onStartUser-0_com.android.server.pm.StagingManager$Lifecycle
12-12 18:22:31.935   214   214 I SystemServerTiming: ssm.onStartUser-0_com.microsoft.windows.service.SystemServerService
12-12 18:22:31.935   214   214 I SystemServerTiming: startPersistentApps
12-12 18:22:31.936   214   214 D CompatibilityChangeReporter: Compat change id reported: 135634846; UID 1068; state: DISABLED
12-12 18:22:31.936   214   214 I SystemServerTiming: startHomeOnAllDisplays
12-12 18:22:31.937   214   214 I ActivityTaskManager: START u0 {act=android.intent.action.MAIN cat=[android.intent.category.HOME] flg=0x10000100 cmp=com.android.settings/.FallbackHome} from uid 0
12-12 18:22:31.940   214   337 W StorageManagerService: No primary storage defined yet; hacking together a stub
12-12 18:22:31.948   214   214 I SystemServerTiming: showSystemReadyErrorDialogs
12-12 18:22:31.968   214   214 E Build   : Vendor interface is incompatible, error=1
12-12 18:22:31.968   214   214 E ActivityTaskManager: Build fingerprint is not consistent, warning user
12-12 18:22:31.968   214   214 I SystemServerTiming: sendUserStartBroadcast
12-12 18:22:31.968   214   214 I SystemServerTiming: resumeTopActivities
12-12 18:22:31.969   214   214 I SystemServerTiming: sendUserSwitchBroadcasts
12-12 18:22:31.969   214   214 I SystemServerTiming: setBinderProxies
12-12 18:22:31.969   214   239 I ActivityManager: Start proc 449:com.android.networkstack.process/1073 for added application com.android.networkstack.process
12-12 18:22:31.969   214   337 W ActivityManager: No pending application record for pid 433 (IApplicationThread android.app.IApplicationThread$Stub$Proxy@ecd13b7); dropping process
12-12 18:22:31.973   214   232 D CompatibilityChangeReporter: Compat change id reported: 135634846; UID 1000; state: DISABLED
12-12 18:22:31.974   214   239 I ActivityManager: Start proc 471:com.android.se/1068 for added application com.android.se
12-12 18:22:31.981   214   239 I ActivityManager: Start proc 484:com.android.settings/1000 for top-activity {com.android.settings/com.android.settings.FallbackHome}
12-12 18:22:31.981   214   214 W Looper  : Slow delivery took 1234ms main h=android.app.ActivityThread$H c=null m=156
12-12 18:22:31.982   214   214 D ConditionProviders.SCP: onConnected
12-12 18:22:31.983   214   214 D ConditionProviders: Subscribing to condition://android/event?userId=-10000&calendar=&reply=1 with ComponentInfo{android/com.android.server.notification.EventConditionProvider}
12-12 18:22:31.983   214   214 D ConditionProviders: Subscribing to condition://android/schedule?days=1.2.3.4.5.6.7&start=22.0&end=7.0&exitAtAlarm=true with ComponentInfo{android/com.android.server.notification.ScheduleConditionProvider}
12-12 18:22:31.984   214   214 D CompatibilityChangeReporter: Compat change id reported: 135634846; UID 10035; state: DISABLED
12-12 18:22:31.985   214   239 D CompatibilityChangeReporter: Compat change id reported: 143937733; UID 10035; state: ENABLED
12-12 18:22:31.990   214   214 D PackageWatchdog: Getting all observed packages pending health checks
12-12 18:22:31.990   214   214 I PackageWatchdog: Syncing health check requests for packages: {}
12-12 18:22:31.990   214   214 I ExplicitHealthCheckController: Service not ready to get health check supported packages. Binding...
12-12 18:22:31.990   214   214 I ExplicitHealthCheckController: Explicit health check service is bound
12-12 18:22:31.993   214   239 I ActivityManager: Start proc 508:android.ext.services/u0a35 for service {android.ext.services/android.ext.services.autofill.InlineSuggestionRenderServiceImpl}
12-12 18:22:32.000   214   375 I ActivityTaskManager: Config changes=100 {1.0 ?mcc?mnc [zh_CN] ldltr sw533dp w533dp h829dp 240dpi lrg port night finger qwerty/v/v -nav/h winConfig={ mBounds=Rect(0, 0 - 800, 1280) mAppBounds=Rect(0, 0 - 800, 1280) mWindowingMode=fullscreen mDisplayWindowingMode=fullscreen mActivityType=undefined mAlwaysOnTop=undefined mRotation=ROTATION_0} s.10}
12-12 18:22:32.001   214   375 I WindowManager: Override config changes=100 {1.0 ?mcc?mnc [zh_CN] ldltr sw533dp w533dp h829dp 240dpi lrg port night finger qwerty/v/v -nav/h winConfig={ mBounds=Rect(0, 0 - 800, 1280) mAppBounds=Rect(0, 0 - 800, 1280) mWindowingMode=fullscreen mDisplayWindowingMode=fullscreen mActivityType=undefined mAlwaysOnTop=undefined mRotation=ROTATION_0} s.10} for displayId=0
12-12 18:22:32.006   214   214 E TrustManagerService: EXTRA_USER_HANDLE missing or invalid, value=0
12-12 18:22:32.007   214   238 I DropBoxManagerService: add tag=system_server_wtf isTagEnabled=true flags=0x2
12-12 18:22:32.012   214   214 D AccessibilityManagerService: Ignoring non-encryption-aware service ComponentInfo{com.microsoft.windows.userapp/com.microsoft.windows.inputmethod.TsfAccessibilityService}
12-12 18:22:32.013   214   214 V NotificationAssistants: enabling notification assistant for 0: ComponentInfo{android.ext.services/android.ext.services.notification.Assistant}
12-12 18:22:32.013   214   214 V NotificationAssistants: binding: Intent { act=android.service.notification.NotificationAssistantService cmp=android.ext.services/.notification.Assistant (has extras) }
12-12 18:22:32.019   214   228 D ConnectivityService: requestNetwork for uid/pid:1073/449 NetworkRequest [ TRACK_DEFAULT id=10, [ Capabilities: INTERNET&NOT_RESTRICTED&TRUSTED Uid: 1073 AdministratorUids: [] RequestorUid: 1073 RequestorPackageName: com.android.networkstack] ]
12-12 18:22:32.020   214   296 D ConnectivityService: NetReassign [no changes]
12-12 18:22:32.020   214   296 D ConnectivityService: NetReassign [no changes]
12-12 18:22:32.038   214   214 D ConditionProviders.SCP: onSubscribe condition://android/schedule?days=1.2.3.4.5.6.7&start=22.0&end=7.0&exitAtAlarm=true
12-12 18:22:32.038   214   214 D ConditionProviders.SCP: setRegistered true
12-12 18:22:32.039   214   301 W ActivityThread: Failed to find provider info for com.android.calendar (user not unlocked)
12-12 18:22:32.039   214   301 W ActivityThread: Failed to find provider info for com.android.calendar (user not unlocked)
12-12 18:22:32.040   214   214 D ConditionProviders.SCP: evaluateSubscriptionLocked cal=ScheduleCalendar[mDays={1, 2, 3, 4, 5, 6, 7}, mSchedule=ScheduleInfo{days=[1, 2, 3, 4, 5, 6, 7], startHour=22, startMinute=0, endHour=7, endMinute=0, exitAtAlarm=true, nextAlarm=Thu Jan 01 08:00:00 GMT+08:00 1970 (0)}], now=Sun Dec 12 18:22:32 GMT+08:00 2021 (1639304552038), nextUserAlarmTime=Thu Jan 01 08:00:00 GMT+08:00 1970 (0)
12-12 18:22:32.040   214   214 D ConditionProviders.SCP: notifyCondition condition://android/schedule?days=1.2.3.4.5.6.7&start=22.0&end=7.0&exitAtAlarm=true STATE_FALSE reason=!meetsSchedule
12-12 18:22:32.040   214   214 D ConditionProviders.SCP: Scheduling evaluate for Sun Dec 12 22:00:00 GMT+08:00 2021 (1639317600000), in +3h37m27s962ms, now=Sun Dec 12 18:22:32 GMT+08:00 2021 (1639304552038)
12-12 18:22:32.042   214   214 I AutofillManagerService: Updating for user 0: disabled=false
12-12 18:22:32.044   214   214 I ConnectivityModuleConnector: Networking module service connected
12-12 18:22:32.046   214   214 W Looper  : Drained
12-12 18:22:32.046   214   214 I ExplicitHealthCheckController: Explicit health check service is connected ComponentInfo{android.ext.services/android.ext.services.watchdog.ExplicitHealthCheckServiceImpl}
12-12 18:22:32.046   214   214 I ExplicitHealthCheckController: Service initialized, syncing requests
12-12 18:22:32.047   214   214 D PackageWatchdog: Getting all observed packages pending health checks
12-12 18:22:32.047   214   214 I PackageWatchdog: Syncing health check requests for packages: {}
12-12 18:22:32.047   214   214 D ExplicitHealthCheckController: Getting health check supported packages
12-12 18:22:32.048   214   214 V NotificationAssistants: 0 notification assistant service connected: ComponentInfo{android.ext.services/android.ext.services.notification.Assistant}
12-12 18:22:32.048   214   337 I ExplicitHealthCheckController: Explicit health check supported packages [PackageConfig{com.android.networkstack, 86400000}]
12-12 18:22:32.048   214   337 D PackageWatchdog: Received supported packages [PackageConfig{com.android.networkstack, 86400000}]
12-12 18:22:32.049   214   337 D ExplicitHealthCheckController: Getting health check requested packages
12-12 18:22:32.049   214   469 I ExplicitHealthCheckController: Explicit health check requested packages []
12-12 18:22:32.049   214   469 I ExplicitHealthCheckController: No more health check requests, unbinding...
12-12 18:22:32.050   214   469 I ExplicitHealthCheckController: Explicit health check service is unbound
12-12 18:22:32.058   214   469 D ConnectivityService: requestNetwork for uid/pid:1073/449 NetworkRequest [ REQUEST id=12, [ Capabilities: INTERNET&NOT_RESTRICTED&TRUSTED&NOT_VPN AdministratorUids: [] RequestorUid: 1073 RequestorPackageName: com.android.networkstack] ]
12-12 18:22:32.058   214   296 D ConnectivityService: NetReassign [no changes]
12-12 18:22:32.058   214   214 I ConnectivityModuleConnector: Networking module service connected
12-12 18:22:32.082   214   296 D ConnectivityService: NetReassign [no changes]
12-12 18:22:32.082   214   337 D ConnectivityService: requestNetwork for uid/pid:10030/355 NetworkRequest [ TRACK_DEFAULT id=14, [ Capabilities: INTERNET&NOT_RESTRICTED&TRUSTED Uid: 10030 AdministratorUids: [] RequestorUid: 10030 RequestorPackageName: com.android.systemui] ]
12-12 18:22:32.082   214   296 D ConnectivityService: NetReassign [no changes]
12-12 18:22:32.085   214   337 D ConnectivityService: requestNetwork for uid/pid:10030/355 NetworkRequest [ TRACK_DEFAULT id=15, [ Capabilities: INTERNET&NOT_RESTRICTED&TRUSTED Uid: 10030 AdministratorUids: [] RequestorUid: 10030 RequestorPackageName: com.android.systemui] ]
12-12 18:22:32.085   214   296 D ConnectivityService: NetReassign [no changes]
12-12 18:22:32.122   214   469 I StatusBarManagerService: registerStatusBar bar=com.android.internal.statusbar.IStatusBar$Stub$Proxy@6c37258
12-12 18:22:32.150   214   232 I ActivityManagerTiming: FinishBooting
12-12 18:22:32.150   214   232 W KeyguardServiceDelegate: onScreenTurningOn(): no keyguard service!
--------- beginning of main
12-12 18:22:32.157    90    90 D HostConnection: HostConnection::get() New Host Connection established 0x706018e8e790, tid 90
12-12 18:22:32.158    90    90 D HostConnection: HostComposition ext ANDROID_EMU_host_composition_v1 ANDROID_EMU_host_composition_v2 ANDROID_EMU_virtio_gpu_next ANDROID_EMU_sync_buffer_data GL_OES_EGL_image_external_essl3 GL_OES_vertex_array_object GL_KHR_texture_compression_astc_ldr GL_EXT_texture_compression_bptc GL_EXT_texture_compression_s3tc ANDROID_EMU_host_side_tracing ANDROID_EMU_gles_max_version_3_0 
12-12 18:22:32.164   355   355 D StatusBar: mUserSetupObserver - DeviceProvisionedListener called for user 0
12-12 18:22:32.164   355   355 D StatusBar: updateQsExpansionEnabled - QS Expand enabled: true
12-12 18:22:32.165   355   355 D StatusBar: mUserSetupObserver - DeviceProvisionedListener called for user 0
12-12 18:22:32.245    68   173 E Netd    : Removing unknown address 172.17.59.9/20 from ifindex 14
12-12 18:22:32.254   355   569 D OpenGLRenderer: profile bars disabled
12-12 18:22:32.254   355   569 D OpenGLRenderer: ambientRatio = 1.50
12-12 18:22:32.259   214   244 E KernelCpuSpeedReader: Failed to read cpu-freq: /sys/devices/system/cpu/cpu0/cpufreq/stats/time_in_state: open failed: ENOENT (No such file or directory)
12-12 18:22:32.266   355   355 W AudioManager: attempt to call registerAudioRecordingCallback() on a previouslyregistered callback
12-12 18:22:32.266   355   355 D NotifPipeline: Notif pipeline initialized
12-12 18:22:32.267   355   355 W TelecomManager: Telecom Service not found.
12-12 18:22:32.268   355   355 V WifiManager: registerSoftApCallback: callback=com.android.systemui.statusbar.policy.HotspotControllerImpl@60f2521, executor=android.os.HandlerExecutor@a490d46
12-12 18:22:32.270   214   296 D ConnectivityService: NetReassign [no changes]
12-12 18:22:32.272   355   355 D KeyguardViewMediator: adjustStatusBarLocked: mShowing=false mOccluded=false isSecure=false force=false --> flags=0x0
12-12 18:22:32.272   355   355 D NavigationModeController: getCurrentInteractionMode: mode=0 contextUser=0
12-12 18:22:32.275   355   557 W ActivityThread: Failed to find provider info for com.android.contacts (user not unlocked)
12-12 18:22:32.277   355   555 W TelecomManager: Telecom Service not found.
12-12 18:22:32.278   355   355 D StatusBar: disable<e i a s b h r c s > disable2<q i n >
12-12 18:22:32.281   355   355 W KeyguardUpdateMonitor: invalid subId in handleServiceStateChange()
12-12 18:22:32.282   355   374 D KeyguardViewMediator: onStartedWakingUp, seq = 1
12-12 18:22:32.282   355   374 D KeyguardViewMediator: notifyStartedWakingUp
12-12 18:22:32.282   355   374 D KeyguardViewMediator: notifyScreenOn
12-12 18:22:32.282   355   374 D KeyguardViewMediator: notifyScreenTurnedOn
12-12 18:22:32.283   355   374 D KeyguardViewMediator: adjustStatusBarLocked: mShowing=false mOccluded=false isSecure=false force=false --> flags=0x0
12-12 18:22:32.299   355   355 D QSTileHost: Recreating tiles
12-12 18:22:32.300   355   355 D QSTileHost: Creating tile: wifi
12-12 18:22:32.300   355   355 D QSTileHost: Creating tile: bt
12-12 18:22:32.301   355   355 D QSTileHost: Destroying not available tile: bt
12-12 18:22:32.301   355   355 D QSTileHost: Creating tile: dnd
12-12 18:22:32.301   355   355 D QSTileHost: Creating tile: flashlight
12-12 18:22:32.301   355   355 D QSTileHost: Destroying not available tile: flashlight
12-12 18:22:32.301   355   355 D QSTileHost: Creating tile: rotation
12-12 18:22:32.301   355   355 D QSTileHost: Creating tile: battery
12-12 18:22:32.301   355   355 D QSTileHost: Creating tile: cell
12-12 18:22:32.302   355   355 D QSTileHost: Creating tile: airplane
12-12 18:22:32.302   355   355 D QSTileHost: Creating tile: cast
12-12 18:22:32.302   355   355 D QSTileHost: Creating tile: screenrecord
12-12 18:22:32.337   214   228 E WindowManager: Window Session Crash
12-12 18:22:32.337   214   228 E WindowManager: java.lang.IllegalArgumentException: Requested window null does not exist
12-12 18:22:32.337   214   228 E WindowManager: 	at com.android.server.wm.WindowManagerService.windowForClientLocked(WindowManagerService.java:5443)
12-12 18:22:32.337   214   228 E WindowManager: 	at com.android.server.wm.Session.actionOnWallpaper(Session.java:356)
12-12 18:22:32.337   214   228 E WindowManager: 	at com.android.server.wm.Session.setWallpaperZoomOut(Session.java:382)
12-12 18:22:32.337   214   228 E WindowManager: 	at android.view.IWindowSession$Stub.onTransact(IWindowSession.java:1154)
12-12 18:22:32.337   214   228 E WindowManager: 	at com.android.server.wm.Session.onTransact(Session.java:139)
12-12 18:22:32.337   214   228 E WindowManager: 	at android.os.Binder.execTransactInternal(Binder.java:1159)
12-12 18:22:32.337   214   228 E WindowManager: 	at android.os.Binder.execTransact(Binder.java:1123)
12-12 18:22:32.337   214   238 I DropBoxManagerService: add tag=system_server_wtf isTagEnabled=true flags=0x2
12-12 18:22:32.365   355   555 W ActivityThread: Failed to find provider info for com.android.contacts (user not unlocked)
12-12 18:22:32.366   355   557 W ActivityThread: Failed to find provider info for com.android.contacts (user not unlocked)
12-12 18:22:32.381   214   337 V WindowManager: Orientation start waiting for draw, mDrawState=DRAW_PENDING in Window{d920ae4 u0 com.android.settings/com.android.settings.FallbackHome}, surfaceController Surface(name=com.android.settings/com.android.settings.FallbackHome)/@0x42292cc
12-12 18:22:32.385   214   237 D CountryDetector: Using custom country detector class: com.android.server.location.ComprehensiveCountryDetector
12-12 18:22:32.385   355   355 D StatusBar: disable<e i a s b h r c s > disable2<q i n >
12-12 18:22:32.387   355   355 W Resources: Drawable com.android.systemui:anim/lock_unlock has unresolved theme attributes! Consider using Resources.getDrawable(int, Theme) or Context.getDrawable(int).
12-12 18:22:32.387   355   355 W Resources: java.lang.RuntimeException
12-12 18:22:32.387   355   355 W Resources: 	at android.content.res.Resources.getDrawable(Resources.java:899)
12-12 18:22:32.387   355   355 W Resources: 	at com.android.systemui.statusbar.phone.LockIcon.getIcon(LockIcon.java:174)
12-12 18:22:32.387   355   355 W Resources: 	at com.android.systemui.statusbar.phone.LockIcon.access$200(LockIcon.java:45)
12-12 18:22:32.387   355   355 W Resources: 	at com.android.systemui.statusbar.phone.LockIcon$1.onPreDraw(LockIcon.java:68)
12-12 18:22:32.387   355   355 W Resources: 	at android.view.ViewTreeObserver.dispatchOnPreDraw(ViewTreeObserver.java:1093)
12-12 18:22:32.387   355   355 W Resources: 	at android.view.ViewRootImpl.performTraversals(ViewRootImpl.java:3094)
12-12 18:22:32.387   355   355 W Resources: 	at android.view.ViewRootImpl.doTraversal(ViewRootImpl.java:1948)
12-12 18:22:32.387   355   355 W Resources: 	at android.view.ViewRootImpl$TraversalRunnable.run(ViewRootImpl.java:8177)
12-12 18:22:32.387   355   355 W Resources: 	at android.view.Choreographer$CallbackRecord.run(Choreographer.java:972)
12-12 18:22:32.387   355   355 W Resources: 	at android.view.Choreographer.doCallbacks(Choreographer.java:796)
12-12 18:22:32.387   355   355 W Resources: 	at android.view.Choreographer.doFrame(Choreographer.java:731)
12-12 18:22:32.387   355   355 W Resources: 	at android.view.Choreographer$FrameDisplayEventReceiver.run(Choreographer.java:957)
12-12 18:22:32.387   355   355 W Resources: 	at android.os.Handler.handleCallback(Handler.java:938)
12-12 18:22:32.387   355   355 W Resources: 	at android.os.Handler.dispatchMessage(Handler.java:99)
12-12 18:22:32.387   355   355 W Resources: 	at android.os.Looper.loop(Looper.java:223)
12-12 18:22:32.387   355   355 W Resources: 	at android.app.ActivityThread.main(ActivityThread.java:7664)
12-12 18:22:32.387   355   355 W Resources: 	at java.lang.reflect.Method.invoke(Native Method)
12-12 18:22:32.387   355   355 W Resources: 	at com.android.internal.os.RuntimeInit$MethodAndArgsCaller.run(RuntimeInit.java:592)
12-12 18:22:32.387   355   355 W Resources: 	at com.android.internal.os.ZygoteInit.main(ZygoteInit.java:947)
12-12 18:22:32.404   355   569 D libEGL  : loaded /vendor/lib64/egl/libEGL_emulation.so
12-12 18:22:32.406   355   569 D libEGL  : loaded /vendor/lib64/egl/libGLESv1_CM_emulation.so
12-12 18:22:32.408   355   569 D libEGL  : loaded /vendor/lib64/egl/libGLESv2_emulation.so
12-12 18:22:32.423   214   233 V WindowManager: Orientation start waiting for draw, mDrawState=DRAW_PENDING in Window{d920ae4 u0 com.android.settings/com.android.settings.FallbackHome}, surfaceController Surface(name=com.android.settings/com.android.settings.FallbackHome)/@0x42292cc
12-12 18:22:32.431   355   569 D HostConnection: createUnique: call
12-12 18:22:32.432   355   569 D librcm  : SocketClient connected to host port 22469
12-12 18:22:32.432   355   569 D HostConnection: HostConnection::get() New Host Connection established 0x7a0f2cf19d50, tid 569
12-12 18:22:32.433   355   569 D HostConnection: HostComposition ext ANDROID_EMU_host_composition_v1 ANDROID_EMU_host_composition_v2 ANDROID_EMU_virtio_gpu_next ANDROID_EMU_sync_buffer_data GL_OES_EGL_image_external_essl3 GL_OES_vertex_array_object GL_KHR_texture_compression_astc_ldr GL_EXT_texture_compression_bptc GL_EXT_texture_compression_s3tc ANDROID_EMU_host_side_tracing ANDROID_EMU_gles_max_version_3_0 
12-12 18:22:32.437   355   569 D EGL_emulation: eglCreateContext: 0x7a0f2cf16d50: maj 3 min 0 rcv 3
12-12 18:22:32.440   355   569 D EGL_emulation: eglMakeCurrent: 0x7a0f2cf16d50: ver 3 0 (tinfo 0x7a112fcc0080) (first time)
12-12 18:22:32.461   355   569 I Gralloc4: mapper 4.x is not supported
12-12 18:22:32.462   355   569 W Gralloc3: mapper 3.x is not supported
12-12 18:22:32.463   355   569 D HostConnection: createUnique: call
12-12 18:22:32.464   355   569 D librcm  : SocketClient connected to host port 22469
12-12 18:22:32.464   355   569 D HostConnection: HostConnection::get() New Host Connection established 0x7a0f2cf17c50, tid 569
12-12 18:22:32.465   355   569 D HostConnection: HostComposition ext ANDROID_EMU_host_composition_v1 ANDROID_EMU_host_composition_v2 ANDROID_EMU_virtio_gpu_next ANDROID_EMU_sync_buffer_data GL_OES_EGL_image_external_essl3 GL_OES_vertex_array_object GL_KHR_texture_compression_astc_ldr GL_EXT_texture_compression_bptc GL_EXT_texture_compression_s3tc ANDROID_EMU_host_side_tracing ANDROID_EMU_gles_max_version_3_0 
12-12 18:22:32.478   355   569 D skia    : Shader compilation error
12-12 18:22:32.478   355   569 D skia    : ------------------------
12-12 18:22:32.478   355   569 D skia    : Errors:
12-12 18:22:32.478   355   569 D skia    : 
12-12 18:22:32.511   355   569 D skia    : Shader compilation error
12-12 18:22:32.511   355   569 D skia    : ------------------------
12-12 18:22:32.511   355   569 D skia    : Errors:
12-12 18:22:32.511   355   569 D skia    : 
12-12 18:22:32.535   355   569 D skia    : Shader compilation error
12-12 18:22:32.535   355   569 D skia    : ------------------------
12-12 18:22:32.535   355   569 D skia    : Errors:
12-12 18:22:32.535   355   569 D skia    : 
12-12 18:22:32.569   355   355 V ShadeControllerImpl: NotificationShadeWindow: com.android.systemui.statusbar.phone.NotificationShadeWindowView{eb37d0a I.E...... ......ID 0,0-800,1280} canPanelBeCollapsed(): false
12-12 18:22:32.570   355   355 D KeyguardViewMediator: onSystemReady
12-12 18:22:32.571   355   355 D KeyguardViewMediator: doKeyguard: not showing because lockscreen is off
12-12 18:22:32.571   355   355 D KeyguardViewMediator: adjustStatusBarLocked: mShowing=false mOccluded=false isSecure=false force=false --> flags=0x0
12-12 18:22:32.572   355   355 D KeyguardViewMediator: handleNotifyWakingUp
12-12 18:22:32.574   355   355 D KeyguardViewMediator: handleNotifyScreenTurningOn
12-12 18:22:32.576   355   355 D KeyguardViewMediator: handleNotifyScreenTurnedOn
12-12 18:22:32.576   214   232 I WindowManager: ******* TELLING SURFACE FLINGER WE ARE BOOTED!
12-12 18:22:32.576   101   114 I chatty  : uid=1000(system) Binder:101_1 expire 1 line
12-12 18:22:32.578   214   232 I ActivityManagerTiming: FinishBooting
12-12 18:22:32.579   214   232 I ActivityManager: About to commit checkpoint
12-12 18:22:32.579   214   232 I SystemServiceManager: Starting phase 1000
12-12 18:22:32.579   214   232 I ActivityManagerTiming: OnBootPhase_1000
12-12 18:22:32.579   214   232 I ActivityManagerTiming: OnBootPhase_1000_com.android.server.security.FileIntegrityService
12-12 18:22:32.579   214   232 I ActivityManagerTiming: OnBootPhase_1000_com.android.server.pm.Installer
12-12 18:22:32.579   214   232 I ActivityManagerTiming: OnBootPhase_1000_com.android.server.os.DeviceIdentifiersPolicyService
12-12 18:22:32.579   214   232 I ActivityManagerTiming: OnBootPhase_1000_com.android.server.uri.UriGrantsManagerService$Lifecycle
12-12 18:22:32.579   214   232 I ActivityManagerTiming: OnBootPhase_1000_com.android.server.wm.ActivityTaskManagerService$Lifecycle
12-12 18:22:32.579   214   232 I ActivityManagerTiming: OnBootPhase_1000_com.android.server.am.ActivityManagerService$Lifecycle
12-12 18:22:32.579   214   232 I ActivityManagerTiming: OnBootPhase_1000_com.android.server.pm.DataLoaderManagerService
12-12 18:22:32.579   214   232 I ActivityManagerTiming: OnBootPhase_1000_com.android.server.power.PowerManagerService
12-12 18:22:32.580    91    91 I power-service.windows: Power isBoostSupported: 0
12-12 18:22:32.580   214   232 I ActivityManagerTiming: OnBootPhase_1000_com.android.server.power.ThermalManagerService
12-12 18:22:32.580   214   232 I ActivityManagerTiming: OnBootPhase_1000_com.android.server.recoverysystem.RecoverySystemService$Lifecycle
12-12 18:22:32.580   214   232 I ActivityManagerTiming: OnBootPhase_1000_com.android.server.lights.LightsService
12-12 18:22:32.580   214   232 I ActivityManagerTiming: OnBootPhase_1000_com.android.server.display.DisplayManagerService
12-12 18:22:32.580   214   232 I ActivityManagerTiming: OnBootPhase_1000_com.android.server.pm.UserManagerService$LifeCycle
12-12 18:22:32.580   214   249 V DisplayPowerController: Brightness [0.39763778] reason changing to: 'manual', previous reason: 'override'.
12-12 18:22:32.580   214   232 I ActivityManagerTiming: OnBootPhase_1000_com.android.server.om.OverlayManagerService
12-12 18:22:32.580   214   232 I ActivityManagerTiming: OnBootPhase_1000_com.android.server.SensorPrivacyService
12-12 18:22:32.580   214   232 I ActivityManagerTiming: OnBootPhase_1000_com.android.server.SystemConfigService
12-12 18:22:32.580   214   232 I ActivityManagerTiming: OnBootPhase_1000_com.android.server.BatteryService
12-12 18:22:32.580   214   232 I ActivityManagerTiming: OnBootPhase_1000_com.android.server.usage.UsageStatsService
12-12 18:22:32.580   214   232 I ActivityManagerTiming: OnBootPhase_1000_com.android.server.webkit.WebViewUpdateService
12-12 18:22:32.580   214   232 I ActivityManagerTiming: OnBootPhase_1000_com.android.server.CachedDeviceStateService
12-12 18:22:32.580   214   232 I ActivityManagerTiming: OnBootPhase_1000_com.android.server.BinderCallsStatsService$LifeCycle
12-12 18:22:32.580   214   232 I ActivityManagerTiming: OnBootPhase_1000_com.android.server.LooperStatsService$Lifecycle
12-12 18:22:32.580   214   232 I ActivityManagerTiming: OnBootPhase_1000_com.android.server.rollback.RollbackManagerService
12-12 18:22:32.580   214   232 I ActivityManagerTiming: OnBootPhase_1000_com.android.server.os.BugreportManagerService
12-12 18:22:32.581   214   232 I ActivityManagerTiming: OnBootPhase_1000_com.android.server.gpu.GpuService
12-12 18:22:32.581   214   232 I ActivityManagerTiming: OnBootPhase_1000_com.android.server.security.KeyChainSystemService
12-12 18:22:32.581   214   232 I ActivityManagerTiming: OnBootPhase_1000_com.android.server.telecom.TelecomLoaderService
12-12 18:22:32.581   214   232 I ActivityManagerTiming: OnBootPhase_1000_com.android.server.accounts.AccountManagerService$Lifecycle
12-12 18:22:32.581   214   232 I ActivityManagerTiming: OnBootPhase_1000_com.android.server.content.ContentService$Lifecycle
12-12 18:22:32.581   214   232 I ActivityManagerTiming: OnBootPhase_1000_com.android.server.DropBoxManagerService
12-12 18:22:32.581   214   232 I ActivityManagerTiming: OnBootPhase_1000_com.android.server.AlarmManagerService
12-12 18:22:32.581   214   232 I ActivityManagerTiming: OnBootPhase_1000_com.android.server.connectivity.IpConnectivityMetrics
12-12 18:22:32.581   214   232 I ActivityManagerTiming: OnBootPhase_1000_com.android.server.net.watchlist.NetworkWatchlistService$Lifecycle
12-12 18:22:32.581   214   270 D RollbackManager: mRollbackLifetimeDurationInMillis=1209600000
12-12 18:22:32.581   214   232 I ActivityManagerTiming: OnBootPhase_1000_com.android.server.PinnerService
12-12 18:22:32.581   214   232 I ActivityManagerTiming: OnBootPhase_1000_com.google.android.startop.iorap.IorapForwardingService
12-12 18:22:32.581   214   232 I ActivityManagerTiming: OnBootPhase_1000_com.android.server.integrity.AppIntegrityManagerService
12-12 18:22:32.581   214   232 I ActivityManagerTiming: OnBootPhase_1000_com.android.server.inputmethod.InputMethodManagerService$Lifecycle
12-12 18:22:32.581   214   232 I ActivityManagerTiming: OnBootPhase_1000_com.android.server.accessibility.AccessibilityManagerService$Lifecycle
12-12 18:22:32.581   214   232 I ActivityManagerTiming: OnBootPhase_1000_com.android.server.StorageManagerService$Lifecycle
12-12 18:22:32.581   214   232 D StorageManagerService: FUSE flags. Settings: true. Default: true
12-12 18:22:32.581   214   232 I ActivityManagerTiming: OnBootPhase_1000_com.android.server.usage.StorageStatsService$Lifecycle
12-12 18:22:32.581   214   232 I ActivityManagerTiming: OnBootPhase_1000_com.android.server.UiModeManagerService
12-12 18:22:32.581   214   283 D StorageManagerService: Thinking about init, mBootCompleted=true, mDaemonConnected=true
12-12 18:22:32.581   214   232 I ActivityManagerTiming: OnBootPhase_1000_com.android.server.locksettings.LockSettingsService$Lifecycle
12-12 18:22:32.581   214   232 I ActivityManagerTiming: OnBootPhase_1000_com.android.server.testharness.TestHarnessModeService
12-12 18:22:32.581   214   283 D StorageManagerService: Thinking about reset, mBootCompleted=true, mDaemonConnected=true
12-12 18:22:32.581   214   232 D TestHarnessModeService: Completing Test Harness Mode setup.
12-12 18:22:32.581   214   232 D TestHarnessModeService: Getting PersistentDataBlockManagerInternal from LocalServices
12-12 18:22:32.581   214   232 E TestHarnessModeService: Failed to start Test Harness Mode; no implementation of PersistentDataBlockManagerInternal was bound!
12-12 18:22:32.581   214   232 I ActivityManagerTiming: OnBootPhase_1000_com.android.server.DeviceIdleController
12-12 18:22:32.581   214   232 I ActivityManagerTiming: OnBootPhase_1000_com.android.server.devicepolicy.DevicePolicyManagerService$Lifecycle
12-12 18:22:32.581   214   232 I ActivityManagerTiming: OnBootPhase_1000_com.android.server.textservices.TextServicesManagerService$Lifecycle
12-12 18:22:32.581   214   232 I ActivityManagerTiming: OnBootPhase_1000_com.android.server.textclassifier.TextClassificationManagerService$Lifecycle
12-12 18:22:32.581   214   232 I ActivityManagerTiming: OnBootPhase_1000_com.android.server.NetworkScoreService$Lifecycle
12-12 18:22:32.581   214   283 I StorageSessionController: Started resetting external storage service...
12-12 18:22:32.581   214   283 I StorageSessionController: Finished resetting external storage service
12-12 18:22:32.581   214   283 I StorageManagerService: Resetting vold...
12-12 18:22:32.582   214   232 I ActivityManagerTiming: OnBootPhase_1000_com.android.server.wifi.WifiService
12-12 18:22:32.582   214   232 I ActivityManagerTiming: OnBootPhase_1000_com.android.server.wifi.scanner.WifiScanningService
12-12 18:22:32.582   214   232 I ActivityManagerTiming: OnBootPhase_1000_com.android.server.ethernet.EthernetService
12-12 18:22:32.582   214   232 I ActivityManagerTiming: OnBootPhase_1000_com.android.server.notification.NotificationManagerService
12-12 18:22:32.582   214   232 I ActivityManagerTiming: OnBootPhase_1000_com.android.server.storage.DeviceStorageMonitorService
12-12 18:22:32.582   214   232 I ActivityManagerTiming: OnBootPhase_1000_com.android.server.location.LocationManagerService$Lifecycle
12-12 18:22:32.582   214   232 I ActivityManagerTiming: OnBootPhase_1000_com.android.server.timedetector.TimeDetectorService$Lifecycle
12-12 18:22:32.582   214   232 I ActivityManagerTiming: OnBootPhase_1000_com.android.server.timezonedetector.TimeZoneDetectorService$Lifecycle
12-12 18:22:32.582   214   232 I ActivityManagerTiming: OnBootPhase_1000_com.android.server.search.SearchManagerService$Lifecycle
12-12 18:22:32.582   214   232 I ActivityManagerTiming: OnBootPhase_1000_com.android.server.audio.AudioService$Lifecycle
12-12 18:22:32.582   214   232 I ActivityManagerTiming: OnBootPhase_1000_com.android.server.soundtrigger_middleware.SoundTriggerMiddlewareService$Lifecycle
12-12 18:22:32.582   214   232 I ActivityManagerTiming: OnBootPhase_1000_com.android.server.DockObserver
12-12 18:22:32.582   214   232 I ActivityManagerTiming: OnBootPhase_1000_com.android.server.adb.AdbService$Lifecycle
12-12 18:22:32.582   214   237 D AppStandbyController: Loading headless system app cache. appIdleEnabled=true
12-12 18:22:32.582   214   232 I ActivityManagerTiming: OnBootPhase_1000_com.android.server.twilight.TwilightService
12-12 18:22:32.583   214   283 I StorageManagerService: Reset vold
12-12 18:22:32.584    37    40 I vold    : onUserAdded: 0
12-12 18:22:32.584   214   232 I ActivityManagerTiming: OnBootPhase_1000_com.android.server.display.color.ColorDisplayService
12-12 18:22:32.584   214   232 I ActivityManagerTiming: OnBootPhase_1000_com.android.server.job.JobSchedulerService
12-12 18:22:32.584   214   232 I ActivityManagerTiming: OnBootPhase_1000_com.android.server.soundtrigger.SoundTriggerService
12-12 18:22:32.584   214   232 D SoundTriggerService: onBootPhase: 1000 : false
12-12 18:22:32.584   214   232 I ActivityManagerTiming: OnBootPhase_1000_com.android.server.trust.TrustManagerService
12-12 18:22:32.584    30    30 I servicemanager: Found android.hardware.power.IPower/default in device VINTF manifest.
12-12 18:22:32.584   214   232 I ActivityManagerTiming: OnBootPhase_1000_com.android.server.appwidget.AppWidgetService
12-12 18:22:32.584   214   232 I ActivityManagerTiming: OnBootPhase_1000_com.android.server.role.RoleManagerService
12-12 18:22:32.584   214   232 I ActivityManagerTiming: OnBootPhase_1000_com.android.server.voiceinteraction.VoiceInteractionManagerService
12-12 18:22:32.584   214   232 I ActivityManagerTiming: OnBootPhase_1000_com.android.server.GestureLauncherService
12-12 18:22:32.584   214   232 I ActivityManagerTiming: OnBootPhase_1000_com.android.server.SensorNotificationService
12-12 18:22:32.584   101   342 I chatty  : uid=1000(system) Binder:101_4 expire 3 lines
12-12 18:22:32.585    91    91 I power-service.windows: Power isModeSupported: 6
12-12 18:22:32.585    91    91 I power-service.windows: Power isBoostSupported: 1
12-12 18:22:32.585   214   296 D ConnectivityService: Got NetworkProvider Messenger for WifiNetworkFactory
12-12 18:22:32.586   214   296 D ConnectivityService: Got NetworkProvider Messenger for UntrustedWifiNetworkFactory
12-12 18:22:32.589   214   229 E AdbDebuggingManager: Expected keyStore, but got tag=null
12-12 18:22:32.589   214   229 E AdbDebuggingManager: Expected keyStore, but got tag=null
12-12 18:22:32.590   214   229 I AdbDebuggingManager: Not connected to any wireless network. Not enabling adbwifi.
12-12 18:22:32.596   214   232 I ActivityManagerTiming: OnBootPhase_1000_com.android.server.emergency.EmergencyAffordanceService
12-12 18:22:32.596   214   232 I ActivityManagerTiming: OnBootPhase_1000_com.android.server.dreams.DreamManagerService
12-12 18:22:32.596   214   232 I ActivityManagerTiming: OnBootPhase_1000_com.android.server.print.PrintManagerService
12-12 18:22:32.596   214   232 I ActivityManagerTiming: OnBootPhase_1000_com.android.server.restrictions.RestrictionsManagerService
12-12 18:22:32.596   214   232 I ActivityManagerTiming: OnBootPhase_1000_com.android.server.blob.BlobStoreManagerService
12-12 18:22:32.597   214   232 I ActivityManagerTiming: OnBootPhase_1000_com.android.server.media.MediaSessionService
12-12 18:22:32.597   214   232 I ActivityManagerTiming: OnBootPhase_1000_com.android.server.biometrics.BiometricService
12-12 18:22:32.597   214   232 I ActivityManagerTiming: OnBootPhase_1000_com.android.server.biometrics.AuthService
12-12 18:22:32.597   214   232 I ActivityManagerTiming: OnBootPhase_1000_com.android.server.pm.ShortcutService$Lifecycle
12-12 18:22:32.597   214   232 I ActivityManagerTiming: OnBootPhase_1000_com.android.server.pm.LauncherAppsService
12-12 18:22:32.597   214   232 I ActivityManagerTiming: OnBootPhase_1000_com.android.server.pm.CrossProfileAppsService
12-12 18:22:32.597   214   232 I ActivityManagerTiming: OnBootPhase_1000_com.android.server.people.PeopleService
12-12 18:22:32.597   214   232 I ActivityManagerTiming: OnBootPhase_1000_com.android.server.media.projection.MediaProjectionManagerService
12-12 18:22:32.597   214   232 I ActivityManagerTiming: OnBootPhase_1000_com.android.server.slice.SliceManagerService$Lifecycle
12-12 18:22:32.597   214   232 I ActivityManagerTiming: OnBootPhase_1000_com.android.server.camera.CameraServiceProxy
12-12 18:22:32.597   214   232 I ActivityManagerTiming: OnBootPhase_1000_com.android.server.stats.StatsCompanion$Lifecycle
12-12 18:22:32.597   214   232 I ActivityManagerTiming: OnBootPhase_1000_com.android.server.stats.pull.StatsPullAtomService
12-12 18:22:32.597   214   232 I ActivityManagerTiming: OnBootPhase_1000_com.android.server.incident.IncidentCompanionService
12-12 18:22:32.597   214   232 I ActivityManagerTiming: OnBootPhase_1000_com.android.server.MmsServiceBroker
12-12 18:22:32.597   214   232 I ActivityManagerTiming: OnBootPhase_1000_com.android.server.autofill.AutofillManagerService
12-12 18:22:32.597   214   232 I ActivityManagerTiming: OnBootPhase_1000_com.android.server.clipboard.ClipboardService
12-12 18:22:32.597   214   232 I ActivityManagerTiming: OnBootPhase_1000_com.android.server.appbinding.AppBindingService$Lifecycle
12-12 18:22:32.597   214   232 I ActivityManagerTiming: OnBootPhase_1000_com.android.server.policy.PermissionPolicyService
12-12 18:22:32.597   214   232 I ActivityManagerTiming: OnBootPhase_1000_com.android.server.pm.StagingManager$Lifecycle
12-12 18:22:32.597   214   232 I ActivityManagerTiming: OnBootPhase_1000_com.microsoft.windows.service.SystemServerService
12-12 18:22:32.597   214   232 V SystemServerService: PHASE_BOOT_COMPLETED
12-12 18:22:32.597   214   232 D ActivityManagerTiming: TotalBootTime took to complete: 2272ms
12-12 18:22:32.598   214   232 D SystemServerInitThreadPool: Shutdown requested
12-12 18:22:32.598   214   232 I SystemServerTiming: WaitInitThreadPoolShutdown
12-12 18:22:32.599   214   232 D SystemServerInitThreadPool: Shutdown successful
12-12 18:22:32.603   214   232 I ActivityManager: User 0 state changed from BOOTING to RUNNING_LOCKED
12-12 18:22:32.603   214   232 W ActivityManager: UserLifecycleEvent 4 received without an active userJourneySession.
12-12 18:22:32.604    30    30 I servicemanager: Since 'com.microsoft.windows.service.IShellRedirector' could not be found, trying to start it as a lazy AIDL service
12-12 18:22:32.605   214   232 D StorageManagerService: unlockUserKey: 0 isFileEncryptedNativeOrEmulated: true hasToken: false hasSecret: false
12-12 18:22:32.605    37    40 D vold    : fscrypt_unlock_user_key 0 serial=0 token_present=0
12-12 18:22:32.606    37    40 D vold    : Skipping non-key ..
12-12 18:22:32.606    37    40 D vold    : Skipping non-key .
12-12 18:22:32.606    37    40 D vold    : Trying user CE key /data/misc/vold/user_keys/ce/0/current
