12-12 18:22:32.607    30   584 W libc    : Unable to set property "ctl.interface_start" to "aidl/com.microsoft.windows.service.IShellRedirector": error code: 0x20
12-12 18:22:32.610   355   569 D skia    : Shader compilation error
12-12 18:22:32.610   355   569 D skia    : ------------------------
12-12 18:22:32.610   355   569 D skia    : Errors:
12-12 18:22:32.610   355   569 D skia    : 
12-12 18:22:32.610    37    40 I vold    : List of Keymaster HALs found:
12-12 18:22:32.611    37    40 I vold    : Keymaster HAL #1: SoftwareKeymasterDevice from Google SecurityLevel: SOFTWARE HAL: android.hardware.keymaster@4.1::IKeymasterDevice/default
12-12 18:22:32.611    37    40 I vold    : Using SoftwareKeymasterDevice from Google for encryption.  Security level: SOFTWARE, HAL: android.hardware.keymaster@4.1::IKeymasterDevice/default
12-12 18:22:32.612    37    40 D vold    : Successfully retrieved key
12-12 18:22:32.612    37    40 D vold    : Installed fscrypt key with ref 8998ecc7cbe48c9abc1b73c707b2c8b6 to /data
12-12 18:22:32.612    37    40 D vold    : Added fscrypt-provisioning key for 8998ecc7cbe48c9abc1b73c707b2c8b6 to session keyring
12-12 18:22:32.612    37    40 D vold    : Installed ce key for user 0
12-12 18:22:32.613   214   232 W ActivityManager: UserLifecycleEvent 5 received without an active userJourneySession.
12-12 18:22:32.613   214   232 D ActivityManager: Started unlocking user 0
12-12 18:22:32.613   214   232 D ActivityManager: Unlocking user 0 progress 0
12-12 18:22:32.613   214   232 D ActivityManager: Unlocking user 0 progress 5
12-12 18:22:32.614    37    40 D vold    : fscrypt_prepare_user_storage for volume null, user 0, serial 0, flags 2
12-12 18:22:32.614    37    40 D vold    : Preparing: /data/system_ce/0
12-12 18:22:32.614    37    40 D vold    : Preparing: /data/misc_ce/0
12-12 18:22:32.614    37    40 D vold    : Preparing: /data/vendor_ce/0
12-12 18:22:32.614    37    40 D vold    : Preparing: /data/media/0
12-12 18:22:32.614    37    40 D vold    : Preparing: /data/data
12-12 18:22:32.614    37    40 I vold    : Verified that /data/system_ce/0 has the encryption policy 8998ecc7cbe48c9abc1b73c707b2c8b6 v2 modes 1/4 flags 0x2
12-12 18:22:32.615    37    40 I vold    : Verified that /data/misc_ce/0 has the encryption policy 8998ecc7cbe48c9abc1b73c707b2c8b6 v2 modes 1/4 flags 0x2
12-12 18:22:32.615    37    40 I vold    : Verified that /data/vendor_ce/0 has the encryption policy 8998ecc7cbe48c9abc1b73c707b2c8b6 v2 modes 1/4 flags 0x2
12-12 18:22:32.615    37    40 I vold    : Verified that /data/media/0 has the encryption policy 8998ecc7cbe48c9abc1b73c707b2c8b6 v2 modes 1/4 flags 0x2
12-12 18:22:32.615    37    40 I vold    : Verified that /data/data has the encryption policy 8998ecc7cbe48c9abc1b73c707b2c8b6 v2 modes 1/4 flags 0x2
12-12 18:22:32.615    37    40 D vold    : Starting restorecon of /data/system_ce/0
12-12 18:22:32.616   214   232 D ColorDisplayService: setUp: currentUser=0
12-12 18:22:32.616    37    40 D vold    : Finished restorecon of /data/system_ce/0
12-12 18:22:32.616    37    40 D vold    : Starting restorecon of /data/vendor_ce/0
12-12 18:22:32.616   214   238 D CompatibilityChangeReporter: Compat change id reported: 135634846; UID 10024; state: DISABLED
12-12 18:22:32.617   214   239 D CompatibilityChangeReporter: Compat change id reported: 143937733; UID 10024; state: ENABLED
12-12 18:22:32.617   355   355 D CompatibilityChangeReporter: Compat change id reported: 150939131; UID 10030; state: ENABLED
12-12 18:22:32.617    37    40 D vold    : Finished restorecon of /data/vendor_ce/0
12-12 18:22:32.617    37    40 D vold    : Starting restorecon of /data/misc_ce/0
12-12 18:22:32.619    37    40 D vold    : Finished restorecon of /data/misc_ce/0
12-12 18:22:32.619    37    40 D vold    : /system/bin/vold_prepare_subdirs
12-12 18:22:32.619    37    40 D vold    :     prepare
12-12 18:22:32.619    37    40 D vold    :     
12-12 18:22:32.619    37    40 D vold    :     0
12-12 18:22:32.619    37    40 D vold    :     2
12-12 18:22:32.623    69    69 D Zygote  : Forked child process 592
12-12 18:22:32.626   214   239 I ActivityManager: Start proc 592:com.google.android.accessibility.talkback/u0a24 for broadcast {com.google.android.accessibility.talkback/com.google.android.accessibility.talkback.BootReceiver}
12-12 18:22:32.628   591   591 I bootstat: Service started: /system/bin/bootstat --record_boot_complete --record_boot_reason --record_time_since_factory_reset -l 
12-12 18:22:32.629   591   591 E bootstat: Failed to read /data/misc/bootstat/post_decrypt_time_elapsed: No such file or directory
12-12 18:22:32.629   591   591 E bootstat: Failed to parse boot time record: /data/misc/bootstat/post_decrypt_time_elapsed
12-12 18:22:32.629   592   592 W bility.talkbac: Unexpected CPU variant for X86 using defaults: x86_64
12-12 18:22:32.631   591   591 W bootstat: LogBootEvents, atomInfo not defined for events:build_date,time_since_last_boot,boot_reason,system_boot_reason,last_boot_time_utc,ro.boottime.init.cold_boot_wait
12-12 18:22:32.632   590   590 D vold_prepare_subdirs: Setting up mode 700 uid 0 gid 0 context u:object_r:vold_data_file:s0 on path: /data/misc_ce/0/vold
12-12 18:22:32.633   590   590 D vold_prepare_subdirs: Setting up mode 700 uid 0 gid 0 context u:object_r:storaged_data_file:s0 on path: /data/misc_ce/0/storaged
12-12 18:22:32.634   590   590 D vold_prepare_subdirs: Setting up mode 700 uid 0 gid 0 context u:object_r:rollback_data_file:s0 on path: /data/misc_ce/0/rollback
12-12 18:22:32.634   590   590 D vold_prepare_subdirs: Setting up mode 700 uid 0 gid 0 context u:object_r:apex_rollback_data_file:s0 on path: /data/misc_ce/0/apexrollback
12-12 18:22:32.634   590   590 D vold_prepare_subdirs: Setting up mode 711 uid 0 gid 0 context u:object_r:apex_module_data_file:s0 on path: /data/misc_ce/0/apexdata
12-12 18:22:32.634   590   590 D vold_prepare_subdirs: Setting up mode 771 uid 0 gid 1000 context u:object_r:apex_module_data_file:s0 on path: /data/misc_ce/0/apexdata/com.microsoft.windows.framework
12-12 18:22:32.635   592   592 E bility.talkbac: Not starting debugger since process cannot load the jdwp agent.
12-12 18:22:32.635   590   590 D vold_prepare_subdirs: Setting up mode 771 uid 0 gid 1000 context u:object_r:apex_module_data_file:s0 on path: /data/misc_ce/0/apexdata/com.android.conscrypt
12-12 18:22:32.635   590   590 D vold_prepare_subdirs: Setting up mode 771 uid 0 gid 1000 context u:object_r:apex_module_data_file:s0 on path: /data/misc_ce/0/apexdata/com.android.neuralnetworks
12-12 18:22:32.635   590   590 D vold_prepare_subdirs: Setting up mode 771 uid 0 gid 1000 context u:object_r:apex_module_data_file:s0 on path: /data/misc_ce/0/apexdata/com.android.media
12-12 18:22:32.635   590   590 D vold_prepare_subdirs: Setting up mode 771 uid 0 gid 1000 context u:object_r:apex_module_data_file:s0 on path: /data/misc_ce/0/apexdata/com.android.os.statsd
12-12 18:22:32.636   590   590 D vold_prepare_subdirs: Setting up mode 771 uid 0 gid 1000 context u:object_r:apex_wifi_data_file:s0 on path: /data/misc_ce/0/apexdata/com.android.wifi
12-12 18:22:32.636   590   590 D vold_prepare_subdirs: Setting up mode 771 uid 0 gid 1000 context u:object_r:apex_module_data_file:s0 on path: /data/misc_ce/0/apexdata/com.android.vndk.v30
12-12 18:22:32.636   590   590 D vold_prepare_subdirs: Setting up mode 771 uid 0 gid 1000 context u:object_r:apex_module_data_file:s0 on path: /data/misc_ce/0/apexdata/com.android.mediaprovider
12-12 18:22:32.636   590   590 D vold_prepare_subdirs: Setting up mode 771 uid 0 gid 1000 context u:object_r:apex_module_data_file:s0 on path: /data/misc_ce/0/apexdata/com.android.tzdata
12-12 18:22:32.636   590   590 D vold_prepare_subdirs: Setting up mode 771 uid 0 gid 1000 context u:object_r:apex_module_data_file:s0 on path: /data/misc_ce/0/apexdata/com.android.ipsec
12-12 18:22:32.636   590   590 D vold_prepare_subdirs: Setting up mode 771 uid 0 gid 1000 context u:object_r:apex_module_data_file:s0 on path: /data/misc_ce/0/apexdata/com.android.media.swcodec
12-12 18:22:32.637   590   590 D vold_prepare_subdirs: Setting up mode 771 uid 0 gid 1000 context u:object_r:apex_module_data_file:s0 on path: /data/misc_ce/0/apexdata/com.android.adbd
12-12 18:22:32.637   590   590 D vold_prepare_subdirs: Setting up mode 771 uid 0 gid 1000 context u:object_r:apex_module_data_file:s0 on path: /data/misc_ce/0/apexdata/com.android.runtime
12-12 18:22:32.637   590   590 D vold_prepare_subdirs: Setting up mode 771 uid 0 gid 1000 context u:object_r:apex_permission_data_file:s0 on path: /data/misc_ce/0/apexdata/com.android.permission
12-12 18:22:32.637   590   590 D vold_prepare_subdirs: Setting up mode 771 uid 0 gid 1000 context u:object_r:apex_module_data_file:s0 on path: /data/misc_ce/0/apexdata/com.android.resolv
12-12 18:22:32.637   590   590 D vold_prepare_subdirs: Setting up mode 771 uid 0 gid 1000 context u:object_r:apex_module_data_file:s0 on path: /data/misc_ce/0/apexdata/com.android.tethering
12-12 18:22:32.637   590   590 D vold_prepare_subdirs: Setting up mode 771 uid 0 gid 1000 context u:object_r:apex_module_data_file:s0 on path: /data/misc_ce/0/apexdata/com.android.art
12-12 18:22:32.638   590   590 D vold_prepare_subdirs: Setting up mode 771 uid 0 gid 1000 context u:object_r:apex_module_data_file:s0 on path: /data/misc_ce/0/apexdata/com.android.i18n
12-12 18:22:32.638   590   590 D vold_prepare_subdirs: Setting up mode 771 uid 0 gid 1000 context u:object_r:apex_module_data_file:s0 on path: /data/misc_ce/0/apexdata/com.android.sdkext
12-12 18:22:32.638   590   590 D vold_prepare_subdirs: Setting up mode 771 uid 0 gid 1000 context u:object_r:apex_module_data_file:s0 on path: /data/misc_ce/0/apexdata/com.android.extservices
12-12 18:22:32.638   590   590 D vold_prepare_subdirs: Setting up mode 700 uid 1000 gid 1000 context u:object_r:backup_data_file:s0 on path: /data/system_ce/0/backup
12-12 18:22:32.639   590   590 D vold_prepare_subdirs: Setting up mode 700 uid 1000 gid 1000 context u:object_r:backup_data_file:s0 on path: /data/system_ce/0/backup_stage
12-12 18:22:32.639   590   590 D vold_prepare_subdirs: Setting up mode 700 uid 1000 gid 1000 context u:object_r:face_vendor_data_file:s0 on path: /data/vendor_ce/0/facedata
12-12 18:22:32.640   214   229 V UserDataPreparer: Found /data/user/0 with serial number 0
12-12 18:22:32.640   214   229 V UserDataPreparer: Found /data/system_ce/0 with serial number 0
12-12 18:22:32.641   214   229 D UserDataPreparer: Setting property: sys.user.0.ce_available=true
12-12 18:22:32.641   214   229 V PackageManager: reconcileAppsData for null u0 0x2 migrateAppData=false
12-12 18:22:32.660   592   592 D nativeloader: classloader namespace configured for unbundled product apk. library_path=/product/app/talkback/lib/x86_64:/product/lib64:/system/product/lib64
12-12 18:22:32.665   592   592 D NetworkSecurityConfig: No Network Security Config specified, using platform default
12-12 18:22:32.666   592   592 D NetworkSecurityConfig: No Network Security Config specified, using platform default
12-12 18:22:32.673   214   229 V PackageManager: reconcileAppsData finished 54 packages
12-12 18:22:32.673   214   229 I ActivityManager: User 0 state changed from RUNNING_LOCKED to RUNNING_UNLOCKING
12-12 18:22:32.674   214   229 D ActivityManager: Unlocking user 0 progress 20
12-12 18:22:32.674   214   238 I SystemServerTimingAsync: ssm.UnlockingUser-0
12-12 18:22:32.674   214   238 I SystemServiceManager: Calling onUnlockingUser 0
12-12 18:22:32.674   214   238 I SystemServerTimingAsync: ssm.onUnlockingUser-0_com.android.server.security.FileIntegrityService
12-12 18:22:32.674   214   238 I SystemServerTimingAsync: ssm.onUnlockingUser-0_com.android.server.pm.Installer
12-12 18:22:32.674   214   238 I SystemServerTimingAsync: ssm.onUnlockingUser-0_com.android.server.os.DeviceIdentifiersPolicyService
12-12 18:22:32.674   214   238 I SystemServerTimingAsync: ssm.onUnlockingUser-0_com.android.server.uri.UriGrantsManagerService$Lifecycle
12-12 18:22:32.674   214   238 I SystemServerTimingAsync: ssm.onUnlockingUser-0_com.android.server.wm.ActivityTaskManagerService$Lifecycle
12-12 18:22:32.674   214   238 I LaunchParamsPersister: Didn't find launch param folder for user 0
12-12 18:22:32.674   214   238 I SystemServerTimingAsync: ssm.onUnlockingUser-0_com.android.server.am.ActivityManagerService$Lifecycle
12-12 18:22:32.674   214   238 I SystemServerTimingAsync: ssm.onUnlockingUser-0_com.android.server.pm.DataLoaderManagerService
12-12 18:22:32.674   214   238 I SystemServerTimingAsync: ssm.onUnlockingUser-0_com.android.server.power.PowerManagerService
12-12 18:22:32.674   214   238 I SystemServerTimingAsync: ssm.onUnlockingUser-0_com.android.server.power.ThermalManagerService
12-12 18:22:32.674   214   238 I SystemServerTimingAsync: ssm.onUnlockingUser-0_com.android.server.recoverysystem.RecoverySystemService$Lifecycle
12-12 18:22:32.674   214   238 I SystemServerTimingAsync: ssm.onUnlockingUser-0_com.android.server.lights.LightsService
12-12 18:22:32.674   214   238 I SystemServerTimingAsync: ssm.onUnlockingUser-0_com.android.server.display.DisplayManagerService
12-12 18:22:32.674   214   238 I SystemServerTimingAsync: ssm.onUnlockingUser-0_com.android.server.pm.UserManagerService$LifeCycle
12-12 18:22:32.674   214   238 I SystemServerTimingAsync: ssm.onUnlockingUser-0_com.android.server.om.OverlayManagerService
12-12 18:22:32.674   214   238 I SystemServerTimingAsync: ssm.onUnlockingUser-0_com.android.server.SensorPrivacyService
12-12 18:22:32.674   214   238 I SystemServerTimingAsync: ssm.onUnlockingUser-0_com.android.server.SystemConfigService
12-12 18:22:32.674   214   238 I SystemServerTimingAsync: ssm.onUnlockingUser-0_com.android.server.BatteryService
12-12 18:22:32.674   214   238 I SystemServerTimingAsync: ssm.onUnlockingUser-0_com.android.server.usage.UsageStatsService
12-12 18:22:32.674   214   238 I SystemServerTimingAsync: ssm.onUnlockingUser-0_com.android.server.webkit.WebViewUpdateService
12-12 18:22:32.674   214   238 I SystemServerTimingAsync: ssm.onUnlockingUser-0_com.android.server.CachedDeviceStateService
12-12 18:22:32.674   214   238 I SystemServerTimingAsync: ssm.onUnlockingUser-0_com.android.server.BinderCallsStatsService$LifeCycle
12-12 18:22:32.674   214   238 I SystemServerTimingAsync: ssm.onUnlockingUser-0_com.android.server.LooperStatsService$Lifecycle
12-12 18:22:32.674   214   238 I SystemServerTimingAsync: ssm.onUnlockingUser-0_com.android.server.rollback.RollbackManagerService
12-12 18:22:32.675   214   238 I SystemServerTimingAsync: ssm.onUnlockingUser-0_com.android.server.os.BugreportManagerService
12-12 18:22:32.675   214   238 I SystemServerTimingAsync: ssm.onUnlockingUser-0_com.android.server.gpu.GpuService
12-12 18:22:32.675   214   238 I SystemServerTimingAsync: ssm.onUnlockingUser-0_com.android.server.security.KeyChainSystemService
12-12 18:22:32.675   214   238 I SystemServerTimingAsync: ssm.onUnlockingUser-0_com.android.server.telecom.TelecomLoaderService
12-12 18:22:32.675   214   238 I SystemServerTimingAsync: ssm.onUnlockingUser-0_com.android.server.accounts.AccountManagerService$Lifecycle
12-12 18:22:32.675   214   238 I SystemServerTimingAsync: ssm.onUnlockingUser-0_com.android.server.content.ContentService$Lifecycle
12-12 18:22:32.675   214   238 I SystemServerTimingAsync: ssm.onUnlockingUser-0_com.android.server.DropBoxManagerService
12-12 18:22:32.675   214   238 I SystemServerTimingAsync: ssm.onUnlockingUser-0_com.android.server.AlarmManagerService
12-12 18:22:32.675   214   238 I SystemServerTimingAsync: ssm.onUnlockingUser-0_com.android.server.connectivity.IpConnectivityMetrics
12-12 18:22:32.675   214   238 I SystemServerTimingAsync: ssm.onUnlockingUser-0_com.android.server.net.watchlist.NetworkWatchlistService$Lifecycle
12-12 18:22:32.675   214   238 I SystemServerTimingAsync: ssm.onUnlockingUser-0_com.android.server.PinnerService
12-12 18:22:32.675   214   238 I SystemServerTimingAsync: ssm.onUnlockingUser-0_com.google.android.startop.iorap.IorapForwardingService
12-12 18:22:32.675   214   238 I SystemServerTimingAsync: ssm.onUnlockingUser-0_com.android.server.integrity.AppIntegrityManagerService
12-12 18:22:32.675   214   238 I SystemServerTimingAsync: ssm.onUnlockingUser-0_com.android.server.inputmethod.InputMethodManagerService$Lifecycle
12-12 18:22:32.675   214   238 I SystemServerTimingAsync: ssm.onUnlockingUser-0_com.android.server.accessibility.AccessibilityManagerService$Lifecycle
12-12 18:22:32.675   214   238 I SystemServerTimingAsync: ssm.onUnlockingUser-0_com.android.server.StorageManagerService$Lifecycle
12-12 18:22:32.675   214   238 D StorageManagerService: onUnlockUser 0
12-12 18:22:32.675   214   238 I StorageSessionController: On user unlock 0
12-12 18:22:32.675   214   238 I StorageSessionController: Initialialising...
12-12 18:22:32.676    37    40 I vold    : onUserStarted: 0
12-12 18:22:32.676   214   375 V StorageManagerService: Found primary storage at VolumeInfo{emulated;0}:
12-12 18:22:32.676   214   375 V StorageManagerService:     type=EMULATED diskId=null partGuid= mountFlags=0 mountUserId=0 
12-12 18:22:32.676   214   375 V StorageManagerService:     state=UNMOUNTED 
12-12 18:22:32.676   214   375 V StorageManagerService:     fsType=null fsUuid=null fsLabel=null 
12-12 18:22:32.676   214   375 V StorageManagerService:     path=null internalPath=null 
12-12 18:22:32.677   214   283 I StorageManagerService: Mounting volume VolumeInfo{emulated;0}:
12-12 18:22:32.677   214   283 I StorageManagerService:     type=EMULATED diskId=null partGuid= mountFlags=PRIMARY|VISIBLE 
12-12 18:22:32.677   214   283 I StorageManagerService:     mountUserId=0 state=UNMOUNTED 
12-12 18:22:32.677   214   283 I StorageManagerService:     fsType=null fsUuid=null fsLabel=null 
12-12 18:22:32.677   214   283 I StorageManagerService:     path=null internalPath=null 
12-12 18:22:32.677    37    40 I vold    : Mounting emulated fuse volume
12-12 18:22:32.679   214   238 I SystemServerTimingAsync: ssm.onUnlockingUser-0_com.android.server.usage.StorageStatsService$Lifecycle
12-12 18:22:32.679   214   238 I SystemServerTimingAsync: ssm.onUnlockingUser-0_com.android.server.UiModeManagerService
12-12 18:22:32.679   214   238 I SystemServerTimingAsync: ssm.onUnlockingUser-0_com.android.server.locksettings.LockSettingsService$Lifecycle
12-12 18:22:32.680   214   238 I SystemServerTimingAsync: ssm.onUnlockingUser-0_com.android.server.testharness.TestHarnessModeService
12-12 18:22:32.680   214   238 I SystemServerTimingAsync: ssm.onUnlockingUser-0_com.android.server.DeviceIdleController
12-12 18:22:32.680   214   238 I SystemServerTimingAsync: ssm.onUnlockingUser-0_com.android.server.devicepolicy.DevicePolicyManagerService$Lifecycle
12-12 18:22:32.680   214   238 I SystemServerTimingAsync: ssm.onUnlockingUser-0_com.android.server.textservices.TextServicesManagerService$Lifecycle
12-12 18:22:32.680   214   238 W TextServicesManagerService: no available spell checker services found
12-12 18:22:32.680   214   238 I SystemServerTimingAsync: ssm.onUnlockingUser-0_com.android.server.textclassifier.TextClassificationManagerService$Lifecycle
12-12 18:22:32.680   214   238 I SystemServerTimingAsync: ssm.onUnlockingUser-0_com.android.server.NetworkScoreService$Lifecycle
12-12 18:22:32.680   214   238 I SystemServerTimingAsync: ssm.onUnlockingUser-0_com.android.server.wifi.WifiService
12-12 18:22:32.680   214   238 I chatty  : uid=1000(system) ActivityManager expire 1 line
12-12 18:22:32.680   214   238 I SystemServerTimingAsync: ssm.onUnlockingUser-0_com.android.server.wifi.scanner.WifiScanningService
12-12 18:22:32.680   214   238 I SystemServerTimingAsync: ssm.onUnlockingUser-0_com.android.server.ethernet.EthernetService
12-12 18:22:32.680   214   238 I SystemServerTimingAsync: ssm.onUnlockingUser-0_com.android.server.notification.NotificationManagerService
12-12 18:22:32.680   214   238 I SystemServerTimingAsync: ssm.onUnlockingUser-0_com.android.server.storage.DeviceStorageMonitorService
12-12 18:22:32.680   214   238 I SystemServerTimingAsync: ssm.onUnlockingUser-0_com.android.server.location.LocationManagerService$Lifecycle
12-12 18:22:32.680   214   238 I SystemServerTimingAsync: ssm.onUnlockingUser-0_com.android.server.timedetector.TimeDetectorService$Lifecycle
12-12 18:22:32.680   214   238 I SystemServerTimingAsync: ssm.onUnlockingUser-0_com.android.server.timezonedetector.TimeZoneDetectorService$Lifecycle
12-12 18:22:32.680    37    40 I vold    : Bind mounting /data/media to /mnt/pass_through/0/emulated
12-12 18:22:32.680   214   238 I SystemServerTimingAsync: ssm.onUnlockingUser-0_com.android.server.search.SearchManagerService$Lifecycle
12-12 18:22:32.680   214   238 I SystemServerTimingAsync: ssm.onUnlockingUser-0_com.android.server.audio.AudioService$Lifecycle
12-12 18:22:32.680   214   238 I SystemServerTimingAsync: ssm.onUnlockingUser-0_com.android.server.soundtrigger_middleware.SoundTriggerMiddlewareService$Lifecycle
12-12 18:22:32.680   214   214 I NotificationHistory: Attempted to unlock gone/disabled user 0
12-12 18:22:32.680   214   238 I SystemServerTimingAsync: ssm.onUnlockingUser-0_com.android.server.DockObserver
12-12 18:22:32.681   214   238 I SystemServerTimingAsync: ssm.onUnlockingUser-0_com.android.server.adb.AdbService$Lifecycle
12-12 18:22:32.681   214   238 I SystemServerTimingAsync: ssm.onUnlockingUser-0_com.android.server.twilight.TwilightService
12-12 18:22:32.681   214   238 I SystemServerTimingAsync: ssm.onUnlockingUser-0_com.android.server.display.color.ColorDisplayService
12-12 18:22:32.681   214   238 I SystemServerTimingAsync: ssm.onUnlockingUser-0_com.android.server.job.JobSchedulerService
12-12 18:22:32.681   214   238 I SystemServerTimingAsync: ssm.onUnlockingUser-0_com.android.server.soundtrigger.SoundTriggerService
12-12 18:22:32.681   214   238 I SystemServerTimingAsync: ssm.onUnlockingUser-0_com.android.server.trust.TrustManagerService
12-12 18:22:32.681   214   238 I SystemServerTimingAsync: ssm.onUnlockingUser-0_com.android.server.appwidget.AppWidgetService
12-12 18:22:32.681   214   238 I SystemServerTimingAsync: ssm.onUnlockingUser-0_com.android.server.role.RoleManagerService
12-12 18:22:32.681   214   238 I SystemServerTimingAsync: ssm.onUnlockingUser-0_com.android.server.voiceinteraction.VoiceInteractionManagerService
12-12 18:22:32.681   214   238 W VoiceInteractionManager: no available voice recognition services found for user 0
12-12 18:22:32.681   214   283 I StorageSessionController: On volume mount VolumeInfo{emulated;0}:
12-12 18:22:32.681   214   283 I StorageSessionController:     type=EMULATED diskId=null partGuid= mountFlags=PRIMARY|VISIBLE 
12-12 18:22:32.681   214   283 I StorageSessionController:     mountUserId=0 state=CHECKING 
12-12 18:22:32.681   214   283 I StorageSessionController:     fsType=null fsUuid=null fsLabel=null 
12-12 18:22:32.681   214   283 I StorageSessionController:     path=/storage/emulated internalPath=/data/media 
12-12 18:22:32.681   214   283 I StorageSessionController: Creating connection for user: 0
12-12 18:22:32.681   214   238 I SystemServerTimingAsync: ssm.onUnlockingUser-0_com.android.server.GestureLauncherService
12-12 18:22:32.681   214   238 I SystemServerTimingAsync: ssm.onUnlockingUser-0_com.android.server.SensorNotificationService
12-12 18:22:32.681   214   238 I SystemServerTimingAsync: ssm.onUnlockingUser-0_com.android.server.emergency.EmergencyAffordanceService
12-12 18:22:32.681   214   238 I SystemServerTimingAsync: ssm.onUnlockingUser-0_com.android.server.dreams.DreamManagerService
12-12 18:22:32.681   214   238 I SystemServerTimingAsync: ssm.onUnlockingUser-0_com.android.server.print.PrintManagerService
12-12 18:22:32.681   214   238 I SystemServerTimingAsync: ssm.onUnlockingUser-0_com.android.server.restrictions.RestrictionsManagerService
12-12 18:22:32.681   214   283 I StorageSessionController: Creating and starting session with id: emulated;0
12-12 18:22:32.681   214   238 I SystemServerTimingAsync: ssm.onUnlockingUser-0_com.android.server.blob.BlobStoreManagerService
12-12 18:22:32.681   214   238 I SystemServerTimingAsync: ssm.onUnlockingUser-0_com.android.server.media.MediaSessionService
12-12 18:22:32.681   214   238 I SystemServerTimingAsync: ssm.onUnlockingUser-0_com.android.server.biometrics.BiometricService
12-12 18:22:32.681   214   238 I SystemServerTimingAsync: ssm.onUnlockingUser-0_com.android.server.biometrics.AuthService
12-12 18:22:32.681   214   238 I SystemServerTimingAsync: ssm.onUnlockingUser-0_com.android.server.pm.ShortcutService$Lifecycle
12-12 18:22:32.681   214   283 I StorageUserConnection: Binding to the ExternalStorageService for user 0
12-12 18:22:32.681   214   238 I SystemServerTimingAsync: ssm.onUnlockingUser-0_com.android.server.pm.LauncherAppsService
12-12 18:22:32.681   214   238 I SystemServerTimingAsync: ssm.onUnlockingUser-0_com.android.server.pm.CrossProfileAppsService
12-12 18:22:32.681   214   238 I SystemServerTimingAsync: ssm.onUnlockingUser-0_com.android.server.people.PeopleService
12-12 18:22:32.681   214   238 I SystemServerTimingAsync: ssm.onUnlockingUser-0_com.android.server.media.projection.MediaProjectionManagerService
12-12 18:22:32.681   214   238 I SystemServerTimingAsync: ssm.onUnlockingUser-0_com.android.server.slice.SliceManagerService$Lifecycle
12-12 18:22:32.681   214   238 I SystemServerTimingAsync: ssm.onUnlockingUser-0_com.android.server.camera.CameraServiceProxy
12-12 18:22:32.681   214   238 I SystemServerTimingAsync: ssm.onUnlockingUser-0_com.android.server.stats.StatsCompanion$Lifecycle
12-12 18:22:32.681   214   238 I SystemServerTimingAsync: ssm.onUnlockingUser-0_com.android.server.stats.pull.StatsPullAtomService
12-12 18:22:32.681   214   238 I SystemServerTimingAsync: ssm.onUnlockingUser-0_com.android.server.incident.IncidentCompanionService
12-12 18:22:32.681   214   238 I SystemServerTimingAsync: ssm.onUnlockingUser-0_com.android.server.MmsServiceBroker
12-12 18:22:32.681   214   238 I SystemServerTimingAsync: ssm.onUnlockingUser-0_com.android.server.autofill.AutofillManagerService
12-12 18:22:32.682   214   238 I SystemServerTimingAsync: ssm.onUnlockingUser-0_com.android.server.clipboard.ClipboardService
12-12 18:22:32.682   214   238 I SystemServerTimingAsync: ssm.onUnlockingUser-0_com.android.server.appbinding.AppBindingService$Lifecycle
12-12 18:22:32.682   214   238 W AppBindingService: [Default SMS app] u0 Target package not found
12-12 18:22:32.682   214   238 I SystemServerTimingAsync: ssm.onUnlockingUser-0_com.android.server.policy.PermissionPolicyService
12-12 18:22:32.682   214   238 I SystemServerTimingAsync: ssm.onUnlockingUser-0_com.android.server.pm.StagingManager$Lifecycle
12-12 18:22:32.682   214   238 I SystemServerTimingAsync: ssm.onUnlockingUser-0_com.microsoft.windows.service.SystemServerService
12-12 18:22:32.682   214   238 W ActivityManager: UserLifecycleEvent 5 received without an active userJourneySession.
12-12 18:22:32.682   214   238 W ActivityManager: UserLifecycleEvent 6 received without an active userJourneySession.
12-12 18:22:32.682   214   238 I ActivityManager: User 0 state changed from RUNNING_UNLOCKING to RUNNING_UNLOCKED
12-12 18:22:32.682   214   229 I ActivityTaskManager: Loading recents for user 0 into memory.
12-12 18:22:32.683   214   283 D CompatibilityChangeReporter: Compat change id reported: 135634846; UID 10033; state: DISABLED
12-12 18:22:32.683   214   283 I StorageUserConnection: Bound to the ExternalStorageService for user 0
12-12 18:22:32.683   214   239 D CompatibilityChangeReporter: Compat change id reported: 143937733; UID 10033; state: ENABLED
12-12 18:22:32.683   214   238 D SystemServerTiming: SystemUserUnlock took to complete: 70ms
12-12 18:22:32.685   214   238 D CompatibilityChangeReporter: Compat change id reported: 135634846; UID 1000; state: DISABLED
12-12 18:22:32.685   214   238 D CompatibilityChangeReporter: Compat change id reported: 135634846; UID 10029; state: DISABLED
12-12 18:22:32.687   214   238 I ActivityManager: Posting BOOT_COMPLETED user #0
12-12 18:22:32.688    69    69 D Zygote  : Forked child process 616
12-12 18:22:32.688   214   238 I SystemServerTimingAsync: ssm.UnlockedUser-0
12-12 18:22:32.688   214   238 I SystemServiceManager: Calling onUnlockedUser 0
12-12 18:22:32.688   355   355 V OverviewProxyService: Cannot attempt connection, is enabled false
12-12 18:22:32.690   214   238 I SystemServerTimingAsync: ssm.onUnlockedUser-0_com.android.server.security.FileIntegrityService
12-12 18:22:32.690   214   238 I SystemServerTimingAsync: ssm.onUnlockedUser-0_com.android.server.pm.Installer
12-12 18:22:32.690   214   238 I SystemServerTimingAsync: ssm.onUnlockedUser-0_com.android.server.os.DeviceIdentifiersPolicyService
12-12 18:22:32.690   214   238 I SystemServerTimingAsync: ssm.onUnlockedUser-0_com.android.server.uri.UriGrantsManagerService$Lifecycle
12-12 18:22:32.690   214   238 I SystemServerTimingAsync: ssm.onUnlockedUser-0_com.android.server.wm.ActivityTaskManagerService$Lifecycle
12-12 18:22:32.690   214   238 I SystemServerTimingAsync: ssm.onUnlockedUser-0_com.android.server.am.ActivityManagerService$Lifecycle
12-12 18:22:32.690   214   238 I SystemServerTimingAsync: ssm.onUnlockedUser-0_com.android.server.pm.DataLoaderManagerService
12-12 18:22:32.690   214   238 I SystemServerTimingAsync: ssm.onUnlockedUser-0_com.android.server.power.PowerManagerService
12-12 18:22:32.690   214   238 I SystemServerTimingAsync: ssm.onUnlockedUser-0_com.android.server.power.ThermalManagerService
12-12 18:22:32.690   214   238 I SystemServerTimingAsync: ssm.onUnlockedUser-0_com.android.server.recoverysystem.RecoverySystemService$Lifecycle
12-12 18:22:32.690   214   238 I SystemServerTimingAsync: ssm.onUnlockedUser-0_com.android.server.lights.LightsService
12-12 18:22:32.690   214   238 I SystemServerTimingAsync: ssm.onUnlockedUser-0_com.android.server.display.DisplayManagerService
12-12 18:22:32.690   214   238 I SystemServerTimingAsync: ssm.onUnlockedUser-0_com.android.server.pm.UserManagerService$LifeCycle
12-12 18:22:32.690   214   238 I SystemServerTimingAsync: ssm.onUnlockedUser-0_com.android.server.om.OverlayManagerService
12-12 18:22:32.690   214   238 I SystemServerTimingAsync: ssm.onUnlockedUser-0_com.android.server.SensorPrivacyService
12-12 18:22:32.690   214   238 I SystemServerTimingAsync: ssm.onUnlockedUser-0_com.android.server.SystemConfigService
12-12 18:22:32.690   214   238 I SystemServerTimingAsync: ssm.onUnlockedUser-0_com.android.server.BatteryService
12-12 18:22:32.690   214   238 I SystemServerTimingAsync: ssm.onUnlockedUser-0_com.android.server.usage.UsageStatsService
12-12 18:22:32.690   214   238 I SystemServerTimingAsync: ssm.onUnlockedUser-0_com.android.server.webkit.WebViewUpdateService
12-12 18:22:32.690   214   238 I SystemServerTimingAsync: ssm.onUnlockedUser-0_com.android.server.CachedDeviceStateService
12-12 18:22:32.690   214   238 I SystemServerTimingAsync: ssm.onUnlockedUser-0_com.android.server.BinderCallsStatsService$LifeCycle
12-12 18:22:32.690   214   238 I SystemServerTimingAsync: ssm.onUnlockedUser-0_com.android.server.LooperStatsService$Lifecycle
12-12 18:22:32.690   214   238 I SystemServerTimingAsync: ssm.onUnlockedUser-0_com.android.server.rollback.RollbackManagerService
12-12 18:22:32.690   214   238 I SystemServerTimingAsync: ssm.onUnlockedUser-0_com.android.server.os.BugreportManagerService
12-12 18:22:32.690   214   238 I SystemServerTimingAsync: ssm.onUnlockedUser-0_com.android.server.gpu.GpuService
12-12 18:22:32.690   214   238 I SystemServerTimingAsync: ssm.onUnlockedUser-0_com.android.server.security.KeyChainSystemService
12-12 18:22:32.690   214   238 I SystemServerTimingAsync: ssm.onUnlockedUser-0_com.android.server.telecom.TelecomLoaderService
12-12 18:22:32.690   214   238 I SystemServerTimingAsync: ssm.onUnlockedUser-0_com.android.server.accounts.AccountManagerService$Lifecycle
12-12 18:22:32.690   214   238 I SystemServerTimingAsync: ssm.onUnlockedUser-0_com.android.server.content.ContentService$Lifecycle
12-12 18:22:32.690   214   238 I SystemServerTimingAsync: ssm.onUnlockedUser-0_com.android.server.DropBoxManagerService
12-12 18:22:32.690   214   238 I SystemServerTimingAsync: ssm.onUnlockedUser-0_com.android.server.AlarmManagerService
12-12 18:22:32.690   214   238 I SystemServerTimingAsync: ssm.onUnlockedUser-0_com.android.server.connectivity.IpConnectivityMetrics
12-12 18:22:32.690   214   238 I SystemServerTimingAsync: ssm.onUnlockedUser-0_com.android.server.net.watchlist.NetworkWatchlistService$Lifecycle
12-12 18:22:32.690   214   238 I SystemServerTimingAsync: ssm.onUnlockedUser-0_com.android.server.PinnerService
12-12 18:22:32.690   214   238 I SystemServerTimingAsync: ssm.onUnlockedUser-0_com.google.android.startop.iorap.IorapForwardingService
12-12 18:22:32.690   214   238 I SystemServerTimingAsync: ssm.onUnlockedUser-0_com.android.server.integrity.AppIntegrityManagerService
12-12 18:22:32.690   214   238 I SystemServerTimingAsync: ssm.onUnlockedUser-0_com.android.server.inputmethod.InputMethodManagerService$Lifecycle
12-12 18:22:32.690   214   238 I SystemServerTimingAsync: ssm.onUnlockedUser-0_com.android.server.accessibility.AccessibilityManagerService$Lifecycle
12-12 18:22:32.690   214   238 I SystemServerTimingAsync: ssm.onUnlockedUser-0_com.android.server.StorageManagerService$Lifecycle
12-12 18:22:32.690   214   238 I SystemServerTimingAsync: ssm.onUnlockedUser-0_com.android.server.usage.StorageStatsService$Lifecycle
12-12 18:22:32.690   214   238 I SystemServerTimingAsync: ssm.onUnlockedUser-0_com.android.server.UiModeManagerService
12-12 18:22:32.690   214   238 I SystemServerTimingAsync: ssm.onUnlockedUser-0_com.android.server.locksettings.LockSettingsService$Lifecycle
12-12 18:22:32.690   214   238 I SystemServerTimingAsync: ssm.onUnlockedUser-0_com.android.server.testharness.TestHarnessModeService
12-12 18:22:32.690   214   238 I SystemServerTimingAsync: ssm.onUnlockedUser-0_com.android.server.DeviceIdleController
12-12 18:22:32.690   214   238 I SystemServerTimingAsync: ssm.onUnlockedUser-0_com.android.server.devicepolicy.DevicePolicyManagerService$Lifecycle
12-12 18:22:32.690   214   238 I SystemServerTimingAsync: ssm.onUnlockedUser-0_com.android.server.textservices.TextServicesManagerService$Lifecycle
12-12 18:22:32.690   214   238 I SystemServerTimingAsync: ssm.onUnlockedUser-0_com.android.server.textclassifier.TextClassificationManagerService$Lifecycle
12-12 18:22:32.690   214   238 I SystemServerTimingAsync: ssm.onUnlockedUser-0_com.android.server.NetworkScoreService$Lifecycle
12-12 18:22:32.690   214   238 I SystemServerTimingAsync: ssm.onUnlockedUser-0_com.android.server.wifi.WifiService
12-12 18:22:32.690   214   238 I SystemServerTimingAsync: ssm.onUnlockedUser-0_com.android.server.wifi.scanner.WifiScanningService
12-12 18:22:32.690   214   238 I SystemServerTimingAsync: ssm.onUnlockedUser-0_com.android.server.ethernet.EthernetService
12-12 18:22:32.690   214   238 I SystemServerTimingAsync: ssm.onUnlockedUser-0_com.android.server.notification.NotificationManagerService
12-12 18:22:32.690   214   238 I SystemServerTimingAsync: ssm.onUnlockedUser-0_com.android.server.storage.DeviceStorageMonitorService
12-12 18:22:32.690   214   238 I SystemServerTimingAsync: ssm.onUnlockedUser-0_com.android.server.location.LocationManagerService$Lifecycle
12-12 18:22:32.690   214   238 I SystemServerTimingAsync: ssm.onUnlockedUser-0_com.android.server.timedetector.TimeDetectorService$Lifecycle
12-12 18:22:32.690   214   238 I SystemServerTimingAsync: ssm.onUnlockedUser-0_com.android.server.timezonedetector.TimeZoneDetectorService$Lifecycle
12-12 18:22:32.690   214   238 I SystemServerTimingAsync: ssm.onUnlockedUser-0_com.android.server.search.SearchManagerService$Lifecycle
12-12 18:22:32.690   214   238 I SystemServerTimingAsync: ssm.onUnlockedUser-0_com.android.server.audio.AudioService$Lifecycle
12-12 18:22:32.690   214   238 I SystemServerTimingAsync: ssm.onUnlockedUser-0_com.android.server.soundtrigger_middleware.SoundTriggerMiddlewareService$Lifecycle
12-12 18:22:32.690   214   238 I SystemServerTimingAsync: ssm.onUnlockedUser-0_com.android.server.DockObserver
12-12 18:22:32.690   214   238 I SystemServerTimingAsync: ssm.onUnlockedUser-0_com.android.server.adb.AdbService$Lifecycle
12-12 18:22:32.690   214   238 I SystemServerTimingAsync: ssm.onUnlockedUser-0_com.android.server.twilight.TwilightService
12-12 18:22:32.690   214   238 I SystemServerTimingAsync: ssm.onUnlockedUser-0_com.android.server.display.color.ColorDisplayService
12-12 18:22:32.690   214   238 I SystemServerTimingAsync: ssm.onUnlockedUser-0_com.android.server.job.JobSchedulerService
12-12 18:22:32.690   214   238 I SystemServerTimingAsync: ssm.onUnlockedUser-0_com.android.server.soundtrigger.SoundTriggerService
12-12 18:22:32.690   214   238 I SystemServerTimingAsync: ssm.onUnlockedUser-0_com.android.server.trust.TrustManagerService
12-12 18:22:32.690   214   238 I SystemServerTimingAsync: ssm.onUnlockedUser-0_com.android.server.appwidget.AppWidgetService
12-12 18:22:32.690   214   238 I SystemServerTimingAsync: ssm.onUnlockedUser-0_com.android.server.role.RoleManagerService
12-12 18:22:32.690   214   238 I SystemServerTimingAsync: ssm.onUnlockedUser-0_com.android.server.voiceinteraction.VoiceInteractionManagerService
12-12 18:22:32.690   214   238 I SystemServerTimingAsync: ssm.onUnlockedUser-0_com.android.server.GestureLauncherService
12-12 18:22:32.690   214   238 I SystemServerTimingAsync: ssm.onUnlockedUser-0_com.android.server.SensorNotificationService
12-12 18:22:32.690   214   238 I SystemServerTimingAsync: ssm.onUnlockedUser-0_com.android.server.emergency.EmergencyAffordanceService
12-12 18:22:32.690   214   238 I SystemServerTimingAsync: ssm.onUnlockedUser-0_com.android.server.dreams.DreamManagerService
12-12 18:22:32.690   214   238 I SystemServerTimingAsync: ssm.onUnlockedUser-0_com.android.server.print.PrintManagerService
12-12 18:22:32.690   214   238 I SystemServerTimingAsync: ssm.onUnlockedUser-0_com.android.server.restrictions.RestrictionsManagerService
12-12 18:22:32.690   214   238 I SystemServerTimingAsync: ssm.onUnlockedUser-0_com.android.server.blob.BlobStoreManagerService
12-12 18:22:32.690   214   238 I SystemServerTimingAsync: ssm.onUnlockedUser-0_com.android.server.media.MediaSessionService
12-12 18:22:32.690   214   238 I SystemServerTimingAsync: ssm.onUnlockedUser-0_com.android.server.biometrics.BiometricService
12-12 18:22:32.690   214   238 I SystemServerTimingAsync: ssm.onUnlockedUser-0_com.android.server.biometrics.AuthService
12-12 18:22:32.690   214   238 I SystemServerTimingAsync: ssm.onUnlockedUser-0_com.android.server.pm.ShortcutService$Lifecycle
12-12 18:22:32.690   214   238 I SystemServerTimingAsync: ssm.onUnlockedUser-0_com.android.server.pm.LauncherAppsService
12-12 18:22:32.690   214   238 I SystemServerTimingAsync: ssm.onUnlockedUser-0_com.android.server.pm.CrossProfileAppsService
12-12 18:22:32.690   214   238 I SystemServerTimingAsync: ssm.onUnlockedUser-0_com.android.server.people.PeopleService
12-12 18:22:32.691   214   238 I SystemServerTimingAsync: ssm.onUnlockedUser-0_com.android.server.media.projection.MediaProjectionManagerService
12-12 18:22:32.691   214   238 I SystemServerTimingAsync: ssm.onUnlockedUser-0_com.android.server.slice.SliceManagerService$Lifecycle
12-12 18:22:32.691   214   238 I SystemServerTimingAsync: ssm.onUnlockedUser-0_com.android.server.camera.CameraServiceProxy
12-12 18:22:32.691   214   238 I SystemServerTimingAsync: ssm.onUnlockedUser-0_com.android.server.stats.StatsCompanion$Lifecycle
12-12 18:22:32.691   214   238 I SystemServerTimingAsync: ssm.onUnlockedUser-0_com.android.server.stats.pull.StatsPullAtomService
12-12 18:22:32.691   214   238 I SystemServerTimingAsync: ssm.onUnlockedUser-0_com.android.server.incident.IncidentCompanionService
12-12 18:22:32.691   214   238 I SystemServerTimingAsync: ssm.onUnlockedUser-0_com.android.server.MmsServiceBroker
12-12 18:22:32.691   214   238 I SystemServerTimingAsync: ssm.onUnlockedUser-0_com.android.server.autofill.AutofillManagerService
12-12 18:22:32.691   214   238 I SystemServerTimingAsync: ssm.onUnlockedUser-0_com.android.server.clipboard.ClipboardService
12-12 18:22:32.691   214   238 I SystemServerTimingAsync: ssm.onUnlockedUser-0_com.android.server.appbinding.AppBindingService$Lifecycle
12-12 18:22:32.691   214   238 I SystemServerTimingAsync: ssm.onUnlockedUser-0_com.android.server.policy.PermissionPolicyService
12-12 18:22:32.691   214   238 I SystemServerTimingAsync: ssm.onUnlockedUser-0_com.android.server.pm.StagingManager$Lifecycle
12-12 18:22:32.691   214   238 I SystemServerTimingAsync: ssm.onUnlockedUser-0_com.microsoft.windows.service.SystemServerService
12-12 18:22:32.691   214   238 W ActivityManager: UserLifecycleEvent 6 received without an active userJourneySession.
12-12 18:22:32.692   214   622 I chatty  : uid=1000(system) pool-5-thread-1 expire 1 line
12-12 18:22:32.694   214   229 I AppWidgetServiceImpl: Processing of handleUserUnlocked u0 took 7 ms
12-12 18:22:32.695   214   239 I Watchdog: Interesting Java process com.android.providers.media.module started. Pid 616
12-12 18:22:32.695   214   239 I ActivityManager: Start proc 616:com.android.providers.media.module/u0a33 for service {com.android.providers.media.module/com.android.providers.media.fuse.ExternalStorageServiceImpl}
12-12 18:22:32.696   214   214 V NotificationAssistants: disabling notification assistant for user 0: ComponentInfo{android.ext.services/android.ext.services.notification.Assistant}
12-12 18:22:32.696   214   214 D NotificationListeners: Removing active service ComponentInfo{android.ext.services/android.ext.services.notification.Assistant}
12-12 18:22:32.696   214   520 I ActivityTaskManager: START u0 {act=android.intent.action.MAIN cat=[android.intent.category.HOME] flg=0x10000100 cmp=com.microsoft.windows.userapp/com.microsoft.windows.home.Home} from uid 0
12-12 18:22:32.701    69    69 D Zygote  : Forked child process 623
12-12 18:22:32.706   214   239 I ActivityManager: Start proc 623:com.microsoft.windows.systemapp/1000 for added application com.microsoft.windows.systemapp
12-12 18:22:32.706   214   239 D CompatibilityChangeReporter: Compat change id reported: 143937733; UID 10029; state: ENABLED
12-12 18:22:32.707   623   623 W ndows.systemap: Unexpected CPU variant for X86 using defaults: x86_64
12-12 18:22:32.708   214   214 V NotificationAssistants: enabling notification assistant for 0: ComponentInfo{android.ext.services/android.ext.services.notification.Assistant}
12-12 18:22:32.708   214   214 V NotificationAssistants: binding: Intent { act=android.service.notification.NotificationAssistantService cmp=android.ext.services/.notification.Assistant (has extras) }
12-12 18:22:32.709   616   616 W rs.media.modul: Unexpected CPU variant for X86 using defaults: x86_64
12-12 18:22:32.711   623   623 E ndows.systemap: Not starting debugger since process cannot load the jdwp agent.
12-12 18:22:32.713   616   616 E rs.media.modul: Not starting debugger since process cannot load the jdwp agent.
12-12 18:22:32.713    69    69 D Zygote  : Forked child process 648
12-12 18:22:32.715   214   239 I ActivityManager: Start proc 648:com.microsoft.windows.userapp/u0a29 for added application com.microsoft.windows.userapp
12-12 18:22:32.718   214   351 I SyncManager: Loaded persisted syncs: 11 periodic syncs, 9 oneshot syncs, 35 total system server jobs, JobStats: FirstLoad: 24/24/20 LastSave: -1/-1/-1
12-12 18:22:32.721    69    69 D Zygote  : Forked child process 661
12-12 18:22:32.723   214   237 I UsageStatsService: User[0] Rollover scheduled @ 2021-12-13 08:42:19(1639356139100)
12-12 18:22:32.724   214   237 I UsageStatsService: User[0] Flushing usage stats to disk
12-12 18:22:32.727   355   569 D skia    : Shader compilation error
12-12 18:22:32.727   355   569 D skia    : ------------------------
12-12 18:22:32.727   355   569 D skia    : Errors:
12-12 18:22:32.727   355   569 D skia    : 
12-12 18:22:32.741   214   239 I ActivityManager: Start proc 661:com.android.keychain/1000 for service {com.android.keychain/com.android.keychain.KeyChainService}
12-12 18:22:32.744   214   237 D CompatibilityChangeReporter: Compat change id reported: 135634846; UID 10014; state: DISABLED
12-12 18:22:32.744   214   239 D CompatibilityChangeReporter: Compat change id reported: 143937733; UID 10014; state: ENABLED
12-12 18:22:32.746   661   661 W ndroid.keychai: Unexpected CPU variant for X86 using defaults: x86_64
12-12 18:22:32.747   648   648 W windows.userap: Unexpected CPU variant for X86 using defaults: x86_64
12-12 18:22:32.748   214   214 V NotificationAssistants: 0 notification assistant service connected: ComponentInfo{android.ext.services/android.ext.services.notification.Assistant}
12-12 18:22:32.749   661   661 E ndroid.keychai: Not starting debugger since process cannot load the jdwp agent.
12-12 18:22:32.750   214   674 I chatty  : uid=1000 system_server expire 1 line
12-12 18:22:32.750   648   648 E windows.userap: Not starting debugger since process cannot load the jdwp agent.
12-12 18:22:32.750   214   228 D CompatibilityChangeReporter: Compat change id reported: 135634846; UID 10020; state: DISABLED
12-12 18:22:32.750    69    69 D Zygote  : Forked child process 683
12-12 18:22:32.752   214   239 I ActivityManager: Start proc 683:com.android.printspooler/u0a14 for service {com.android.printspooler/com.android.printspooler.model.PrintSpoolerService}
12-12 18:22:32.752   214   239 D CompatibilityChangeReporter: Compat change id reported: 143937733; UID 10020; state: ENABLED
12-12 18:22:32.753   214   674 I DropBoxManagerService: add tag=SYSTEM_BOOT isTagEnabled=true flags=0x2
12-12 18:22:32.757   214   674 I BootReceiver: Copying audit failures to DropBox
12-12 18:22:32.758   214   674 I BootReceiver: Checking for fsck errors
12-12 18:22:32.758   683   683 W id.printspoole: Unexpected CPU variant for X86 using defaults: x86_64
12-12 18:22:32.758   214   674 I BootReceiver: fs_stat, partition:sda stat:0x3
12-12 18:22:32.758    69    69 D Zygote  : Forked child process 699
12-12 18:22:32.762   683   683 E id.printspoole: Not starting debugger since process cannot load the jdwp agent.
12-12 18:22:32.764   214   239 I ActivityManager: Start proc 699:com.amazon.device.messaging/u0a20 for broadcast {com.amazon.device.messaging/com.amazon.device.messaging.OdotService$ScheduleFlushReceiver}
12-12 18:22:32.764   699   699 W evice.messagin: Unexpected CPU variant for X86 using defaults: x86_64
12-12 18:22:32.767   214   674 D CompatibilityChangeReporter: Compat change id reported: 135634846; UID 10004; state: DISABLED
12-12 18:22:32.768   214   239 D CompatibilityChangeReporter: Compat change id reported: 143937733; UID 10004; state: ENABLED
12-12 18:22:32.768   699   699 E evice.messagin: Not starting debugger since process cannot load the jdwp agent.
12-12 18:22:32.770   616   616 D NetworkSecurityConfig: No Network Security Config specified, using platform default
12-12 18:22:32.771   616   616 D NetworkSecurityConfig: No Network Security Config specified, using platform default
12-12 18:22:32.771   623   623 D NetworkSecurityConfig: No Network Security Config specified, using platform default
12-12 18:22:32.771   623   623 D NetworkSecurityConfig: No Network Security Config specified, using platform default
12-12 18:22:32.773    69    69 D Zygote  : Forked child process 735
12-12 18:22:32.775   214   239 I ActivityManager: Start proc 735:android.process.media/u0a4 for content provider {com.android.providers.downloads/com.android.providers.downloads.DownloadProvider}
12-12 18:22:32.778   661   661 I ndroid.keychai: The ClassLoaderContext is a special shared library.
12-12 18:22:32.778   623   623 I libsystemapp_jni: JNI_OnLoad
12-12 18:22:32.778   735   735 W d.process.medi: Unexpected CPU variant for X86 using defaults: x86_64
12-12 18:22:32.779    47    47 I chatty  : uid=1000(system) /product/bin/hw/windows.services.rcm@1.0-service expire 50 lines
12-12 18:22:32.782   616   616 V MediaProvider: Attached media from com.android.providers.media.module
12-12 18:22:32.782   735   735 E d.process.medi: Not starting debugger since process cannot load the jdwp agent.
12-12 18:22:32.784   661   661 D NetworkSecurityConfig: No Network Security Config specified, using platform default
12-12 18:22:32.784   661   661 D NetworkSecurityConfig: No Network Security Config specified, using platform default
12-12 18:22:32.785   623   623 V SystemApp: onCreate
12-12 18:22:32.785   623   755 I SystemApp: Initializing
12-12 18:22:32.789   616   616 V MediaStore: Examining volume emulated;0 with name external_primary and state checking
12-12 18:22:32.789   616   616 V MediaProvider: Updated external volumes to: {}
12-12 18:22:32.791   648   648 D NetworkSecurityConfig: No Network Security Config specified, using platform default
12-12 18:22:32.791   648   648 D NetworkSecurityConfig: No Network Security Config specified, using platform default
12-12 18:22:32.793   616   616 D CompatibilityChangeReporter: Compat change id reported: 148180766; UID 10033; state: ENABLED
12-12 18:22:32.794   623   755 W UnsafeUtil: platform method missing - proto runtime falling back to safer methods: java.lang.NoSuchMethodException: sun.misc.Unsafe.copyMemory [class java.lang.Object, long, class java.lang.Object, long, long]
12-12 18:22:32.794   648   648 V UserApp : onCreate
12-12 18:22:32.795   648   765 I UserApp : Initializing
12-12 18:22:32.795    30    30 I servicemanager: Since 'com.microsoft.windows.service.IShellRedirector' could not be found, trying to start it as a lazy AIDL service
12-12 18:22:32.796   683   683 D NetworkSecurityConfig: No Network Security Config specified, using platform default
