12-12 18:22:31.740   214   214 I SystemServerTiming: OnBootPhase_520_com.android.server.BinderCallsStatsService$LifeCycle
12-12 18:22:31.740   214   214 I SystemServerTiming: OnBootPhase_520_com.android.server.LooperStatsService$Lifecycle
12-12 18:22:31.740   214   214 I SystemServerTiming: OnBootPhase_520_com.android.server.rollback.RollbackManagerService
12-12 18:22:31.740   214   214 I SystemServerTiming: OnBootPhase_520_com.android.server.os.BugreportManagerService
12-12 18:22:31.740   214   214 I SystemServerTiming: OnBootPhase_520_com.android.server.gpu.GpuService
12-12 18:22:31.741   214   214 I SystemServerTiming: OnBootPhase_520_com.android.server.security.KeyChainSystemService
12-12 18:22:31.741   214   214 I SystemServerTiming: OnBootPhase_520_com.android.server.telecom.TelecomLoaderService
12-12 18:22:31.741   214   214 I SystemServerTiming: OnBootPhase_520_com.android.server.accounts.AccountManagerService$Lifecycle
12-12 18:22:31.741   214   214 I SystemServerTiming: OnBootPhase_520_com.android.server.content.ContentService$Lifecycle
12-12 18:22:31.741   214   214 I SystemServerTiming: OnBootPhase_520_com.android.server.DropBoxManagerService
12-12 18:22:31.741   214   214 I SystemServerTiming: OnBootPhase_520_com.android.server.AlarmManagerService
12-12 18:22:31.741   214   214 I SystemServerTiming: OnBootPhase_520_com.android.server.connectivity.IpConnectivityMetrics
12-12 18:22:31.741   214   214 I SystemServerTiming: OnBootPhase_520_com.android.server.net.watchlist.NetworkWatchlistService$Lifecycle
12-12 18:22:31.741   214   214 I SystemServerTiming: OnBootPhase_520_com.android.server.PinnerService
12-12 18:22:31.741   214   214 I SystemServerTiming: OnBootPhase_520_com.google.android.startop.iorap.IorapForwardingService
12-12 18:22:31.741   214   214 I SystemServerTiming: OnBootPhase_520_com.android.server.integrity.AppIntegrityManagerService
12-12 18:22:31.741   214   214 I SystemServerTiming: OnBootPhase_520_com.android.server.inputmethod.InputMethodManagerService$Lifecycle
12-12 18:22:31.741   214   214 I SystemServerTiming: OnBootPhase_520_com.android.server.accessibility.AccessibilityManagerService$Lifecycle
12-12 18:22:31.741   214   214 I SystemServerTiming: OnBootPhase_520_com.android.server.StorageManagerService$Lifecycle
12-12 18:22:31.741   214   214 I SystemServerTiming: OnBootPhase_520_com.android.server.usage.StorageStatsService$Lifecycle
12-12 18:22:31.741   214   214 I SystemServerTiming: OnBootPhase_520_com.android.server.UiModeManagerService
12-12 18:22:31.741   214   214 I SystemServerTiming: OnBootPhase_520_com.android.server.locksettings.LockSettingsService$Lifecycle
12-12 18:22:31.741   214   214 I SystemServerTiming: OnBootPhase_520_com.android.server.testharness.TestHarnessModeService
12-12 18:22:31.741   214   214 I SystemServerTiming: OnBootPhase_520_com.android.server.DeviceIdleController
12-12 18:22:31.741   214   214 I SystemServerTiming: OnBootPhase_520_com.android.server.devicepolicy.DevicePolicyManagerService$Lifecycle
12-12 18:22:31.741   214   214 I SystemServerTiming: OnBootPhase_520_com.android.server.textservices.TextServicesManagerService$Lifecycle
12-12 18:22:31.741   214   214 I SystemServerTiming: OnBootPhase_520_com.android.server.textclassifier.TextClassificationManagerService$Lifecycle
12-12 18:22:31.741   214   214 I SystemServerTiming: OnBootPhase_520_com.android.server.NetworkScoreService$Lifecycle
12-12 18:22:31.741   214   214 I SystemServerTiming: OnBootPhase_520_com.android.server.wifi.WifiService
12-12 18:22:31.741   214   214 I SystemServerTiming: OnBootPhase_520_com.android.server.wifi.scanner.WifiScanningService
12-12 18:22:31.741   214   214 I SystemServerTiming: OnBootPhase_520_com.android.server.ethernet.EthernetService
12-12 18:22:31.741   214   214 I SystemServerTiming: OnBootPhase_520_com.android.server.notification.NotificationManagerService
12-12 18:22:31.741   214   214 I SystemServerTiming: OnBootPhase_520_com.android.server.storage.DeviceStorageMonitorService
12-12 18:22:31.741   214   214 I SystemServerTiming: OnBootPhase_520_com.android.server.location.LocationManagerService$Lifecycle
12-12 18:22:31.741   214   214 I SystemServerTiming: OnBootPhase_520_com.android.server.timedetector.TimeDetectorService$Lifecycle
12-12 18:22:31.741   214   214 I SystemServerTiming: OnBootPhase_520_com.android.server.timezonedetector.TimeZoneDetectorService$Lifecycle
12-12 18:22:31.741   214   214 I SystemServerTiming: OnBootPhase_520_com.android.server.search.SearchManagerService$Lifecycle
12-12 18:22:31.741   214   214 I SystemServerTiming: OnBootPhase_520_com.android.server.audio.AudioService$Lifecycle
12-12 18:22:31.741   214   214 I SystemServerTiming: OnBootPhase_520_com.android.server.soundtrigger_middleware.SoundTriggerMiddlewareService$Lifecycle
12-12 18:22:31.741   214   214 I SystemServerTiming: OnBootPhase_520_com.android.server.DockObserver
12-12 18:22:31.741   214   214 I SystemServerTiming: OnBootPhase_520_com.android.server.adb.AdbService$Lifecycle
12-12 18:22:31.741   214   214 I SystemServerTiming: OnBootPhase_520_com.android.server.twilight.TwilightService
12-12 18:22:31.741   214   214 I SystemServerTiming: OnBootPhase_520_com.android.server.display.color.ColorDisplayService
12-12 18:22:31.741   214   214 I SystemServerTiming: OnBootPhase_520_com.android.server.job.JobSchedulerService
12-12 18:22:31.741   214   214 I SystemServerTiming: OnBootPhase_520_com.android.server.soundtrigger.SoundTriggerService
12-12 18:22:31.741   214   214 D SoundTriggerService: onBootPhase: 520 : false
12-12 18:22:31.741   214   214 W SoundTriggerHelper: listModules status=0, # of modules=0
12-12 18:22:31.741   214   214 I SystemServerTiming: OnBootPhase_520_com.android.server.trust.TrustManagerService
12-12 18:22:31.741   214   214 I SystemServerTiming: OnBootPhase_520_com.android.server.appwidget.AppWidgetService
12-12 18:22:31.741   214   214 I SystemServerTiming: OnBootPhase_520_com.android.server.role.RoleManagerService
12-12 18:22:31.741   214   214 I SystemServerTiming: OnBootPhase_520_com.android.server.voiceinteraction.VoiceInteractionManagerService
12-12 18:22:31.741   214   214 I SystemServerTiming: OnBootPhase_520_com.android.server.GestureLauncherService
12-12 18:22:31.741   214   214 I SystemServerTiming: OnBootPhase_520_com.android.server.SensorNotificationService
12-12 18:22:31.741   214   214 I SystemServerTiming: OnBootPhase_520_com.android.server.emergency.EmergencyAffordanceService
12-12 18:22:31.741   214   214 I SystemServerTiming: OnBootPhase_520_com.android.server.dreams.DreamManagerService
12-12 18:22:31.741   214   214 I SystemServerTiming: OnBootPhase_520_com.android.server.print.PrintManagerService
12-12 18:22:31.741   214   214 I SystemServerTiming: OnBootPhase_520_com.android.server.restrictions.RestrictionsManagerService
12-12 18:22:31.741   214   214 I SystemServerTiming: OnBootPhase_520_com.android.server.blob.BlobStoreManagerService
12-12 18:22:31.741   214   214 I SystemServerTiming: OnBootPhase_520_com.android.server.media.MediaSessionService
12-12 18:22:31.741   214   214 I SystemServerTiming: OnBootPhase_520_com.android.server.biometrics.BiometricService
12-12 18:22:31.741   214   214 I SystemServerTiming: OnBootPhase_520_com.android.server.biometrics.AuthService
12-12 18:22:31.741   214   214 I SystemServerTiming: OnBootPhase_520_com.android.server.pm.ShortcutService$Lifecycle
12-12 18:22:31.741   214   214 I SystemServerTiming: OnBootPhase_520_com.android.server.pm.LauncherAppsService
12-12 18:22:31.741   214   214 I SystemServerTiming: OnBootPhase_520_com.android.server.pm.CrossProfileAppsService
12-12 18:22:31.741   214   214 I SystemServerTiming: OnBootPhase_520_com.android.server.people.PeopleService
12-12 18:22:31.741   214   214 I SystemServerTiming: OnBootPhase_520_com.android.server.media.projection.MediaProjectionManagerService
12-12 18:22:31.741   214   214 I SystemServerTiming: OnBootPhase_520_com.android.server.slice.SliceManagerService$Lifecycle
12-12 18:22:31.741   214   214 I SystemServerTiming: OnBootPhase_520_com.android.server.camera.CameraServiceProxy
12-12 18:22:31.741   214   214 I SystemServerTiming: OnBootPhase_520_com.android.server.stats.StatsCompanion$Lifecycle
12-12 18:22:31.741   214   214 I SystemServerTiming: OnBootPhase_520_com.android.server.stats.pull.StatsPullAtomService
12-12 18:22:31.741   214   214 I SystemServerTiming: OnBootPhase_520_com.android.server.incident.IncidentCompanionService
12-12 18:22:31.741   214   214 I SystemServerTiming: OnBootPhase_520_com.android.server.MmsServiceBroker
12-12 18:22:31.741   214   214 I SystemServerTiming: OnBootPhase_520_com.android.server.autofill.AutofillManagerService
12-12 18:22:31.741   214   214 I SystemServerTiming: OnBootPhase_520_com.android.server.clipboard.ClipboardService
12-12 18:22:31.741   214   214 I SystemServerTiming: OnBootPhase_520_com.android.server.appbinding.AppBindingService$Lifecycle
12-12 18:22:31.741   214   214 I SystemServerTiming: OnBootPhase_520_com.android.server.policy.PermissionPolicyService
12-12 18:22:31.741   214   214 I SystemServerTiming: OnBootPhase_520_com.android.server.pm.StagingManager$Lifecycle
12-12 18:22:31.741   214   214 I SystemServerTiming: OnBootPhase_520_com.microsoft.windows.service.SystemServerService
12-12 18:22:31.741   214   214 V SystemServerService: PHASE_DEVICE_SPECIFIC_SERVICES_READY
12-12 18:22:31.742   214   214 I SystemServerTiming: PhaseActivityManagerReady
12-12 18:22:31.742   214   214 I SystemServerTiming: controllersReady
12-12 18:22:31.744   214   343 I SystemServerTimingAsync: InitThreadPoolExec:Update app-ops uidState in case package com.android.providers.media.module changed
12-12 18:22:31.744   214   344 I SystemServerTimingAsync: InitThreadPoolExec:Update app-ops uidState in case package com.android.systemui changed
12-12 18:22:31.744   214   345 I SystemServerTimingAsync: InitThreadPoolExec:Update app-ops uidState in case package com.microsoft.windows.userapp changed
12-12 18:22:31.744   214   346 I SystemServerTimingAsync: InitThreadPoolExec:Update app-ops uidState in case package com.google.android.accessibility.talkback changed
12-12 18:22:31.744   214   347 I SystemServerTimingAsync: InitThreadPoolExec:Update app-ops uidState in case package com.amazon.venezia changed
12-12 18:22:31.744   214   348 I SystemServerTimingAsync: InitThreadPoolExec:Update app-ops uidState in case package com.amazon.device.messaging changed
12-12 18:22:31.745   214   349 I SystemServerTimingAsync: InitThreadPoolExec:Update app-ops uidState in case package com.android.providers.calendar changed
12-12 18:22:31.745   214   236 I SystemServerTimingAsync: InitThreadPoolExec:Update app-ops uidState in case package com.android.providers.downloads changed
12-12 18:22:31.745   214   261 I SystemServerTimingAsync: InitThreadPoolExec:Update app-ops uidState in case package com.android.providers.downloads.ui changed
12-12 18:22:31.745   214   350 I SystemServerTimingAsync: InitThreadPoolExec:Update app-ops uidState in case package com.android.providers.contacts changed
12-12 18:22:31.745   214   259 I SystemServerTimingAsync: InitThreadPoolExec:Update app-ops uidState in case package com.microsoft.windows.systemapp changed
12-12 18:22:31.745   214   350 I SystemServerTimingAsync: InitThreadPoolExec:Update app-ops uidState in case package android changed
12-12 18:22:31.745   214   343 I SystemServerTimingAsync: InitThreadPoolExec:Update app-ops uidState in case package com.android.settings changed
12-12 18:22:31.745   214   259 I SystemServerTimingAsync: InitThreadPoolExec:Update app-ops uidState in case package com.android.wallpaperbackup changed
12-12 18:22:31.745   214   345 I SystemServerTimingAsync: InitThreadPoolExec:Update app-ops uidState in case package com.android.location.fused changed
12-12 18:22:31.745   214   272 I SystemServerTimingAsync: InitThreadPoolExec:Update app-ops uidState in case package com.android.dynsystem changed
12-12 18:22:31.746   214   214 I SystemServerTiming: killProcesses
12-12 18:22:31.746   214   214 I ActivityManager: System now ready
12-12 18:22:31.746   214   214 I SystemServerTiming: updateTopComponentForFactoryTest
12-12 18:22:31.746   214   214 I SystemServerTiming: registerActivityLaunchObserver
12-12 18:22:31.746   214   214 I SystemServerTiming: watchDeviceProvisioning
12-12 18:22:31.753   214   214 I SystemServerTiming: retrieveSettings
12-12 18:22:31.755   214   214 I ActivityTaskManager: Config changes=100 {1.0 ?mcc?mnc [zh_CN] ldltr sw533dp w533dp h829dp 240dpi lrg port night finger qwerty/v/v -nav/h winConfig={ mBounds=Rect(0, 0 - 800, 1280) mAppBounds=Rect(0, 0 - 800, 1280) mWindowingMode=fullscreen mDisplayWindowingMode=fullscreen mActivityType=undefined mAlwaysOnTop=undefined mRotation=ROTATION_0} s.8}
12-12 18:22:31.755   214   214 I WindowManager: Override config changes=100 {1.0 ?mcc?mnc [zh_CN] ldltr sw533dp w533dp h829dp 240dpi lrg port night finger qwerty/v/v -nav/h winConfig={ mBounds=Rect(0, 0 - 800, 1280) mAppBounds=Rect(0, 0 - 800, 1280) mWindowingMode=fullscreen mDisplayWindowingMode=fullscreen mActivityType=undefined mAlwaysOnTop=undefined mRotation=ROTATION_0} s.8} for displayId=0
12-12 18:22:31.756   214   214 I SystemServerTiming: Ugm.onSystemReady
12-12 18:22:31.756   214   214 I SystemServerTiming: updateForceBackgroundCheck
12-12 18:22:31.756   214   214 I SystemServer: Making services ready
12-12 18:22:31.756   214   214 I SystemServerTiming: StartActivityManagerReadyPhase
12-12 18:22:31.756   214   214 I SystemServiceManager: Starting phase 550
12-12 18:22:31.756   214   214 I SystemServerTiming: OnBootPhase_550
12-12 18:22:31.756   214   214 I SystemServerTiming: OnBootPhase_550_com.android.server.security.FileIntegrityService
12-12 18:22:31.756   214   214 I SystemServerTiming: OnBootPhase_550_com.android.server.pm.Installer
12-12 18:22:31.756   214   214 I SystemServerTiming: OnBootPhase_550_com.android.server.os.DeviceIdentifiersPolicyService
12-12 18:22:31.756   214   214 I SystemServerTiming: OnBootPhase_550_com.android.server.uri.UriGrantsManagerService$Lifecycle
12-12 18:22:31.756   214   214 I SystemServerTiming: OnBootPhase_550_com.android.server.wm.ActivityTaskManagerService$Lifecycle
12-12 18:22:31.756   214   214 I SystemServerTiming: OnBootPhase_550_com.android.server.am.ActivityManagerService$Lifecycle
12-12 18:22:31.757   214   214 I SystemServerTiming: OnBootPhase_550_com.android.server.pm.DataLoaderManagerService
12-12 18:22:31.757   214   214 I SystemServerTiming: OnBootPhase_550_com.android.server.power.PowerManagerService
12-12 18:22:31.757   214   214 I SystemServerTiming: OnBootPhase_550_com.android.server.power.ThermalManagerService
12-12 18:22:31.757   214   214 E ThermalHalWrapper: Thermal HAL 2.0 service not connected.
12-12 18:22:31.758   214   214 E ThermalHalWrapper: Thermal HAL 1.1 service not connected.
12-12 18:22:31.758   214   214 E ThermalHalWrapper: Thermal HAL 1.0 service not connected.
12-12 18:22:31.758   214   214 W ThermalManagerService: No Thermal HAL service on this device
12-12 18:22:31.758   214   214 I SystemServerTiming: OnBootPhase_550_com.android.server.recoverysystem.RecoverySystemService$Lifecycle
12-12 18:22:31.758   214   214 I SystemServerTiming: OnBootPhase_550_com.android.server.lights.LightsService
12-12 18:22:31.758   214   214 I SystemServerTiming: OnBootPhase_550_com.android.server.display.DisplayManagerService
12-12 18:22:31.758   214   214 I SystemServerTiming: OnBootPhase_550_com.android.server.pm.UserManagerService$LifeCycle
12-12 18:22:31.758   214   214 I SystemServerTiming: OnBootPhase_550_com.android.server.om.OverlayManagerService
12-12 18:22:31.758   214   214 I SystemServerTiming: OnBootPhase_550_com.android.server.SensorPrivacyService
12-12 18:22:31.758   214   214 I SystemServerTiming: OnBootPhase_550_com.android.server.SystemConfigService
12-12 18:22:31.758   214   214 I SystemServerTiming: OnBootPhase_550_com.android.server.BatteryService
12-12 18:22:31.758   214   214 I SystemServerTiming: OnBootPhase_550_com.android.server.usage.UsageStatsService
12-12 18:22:31.758   214   214 I SystemServerTiming: OnBootPhase_550_com.android.server.webkit.WebViewUpdateService
12-12 18:22:31.758   214   214 I SystemServerTiming: OnBootPhase_550_com.android.server.CachedDeviceStateService
12-12 18:22:31.758   214   214 I SystemServerTiming: OnBootPhase_550_com.android.server.BinderCallsStatsService$LifeCycle
12-12 18:22:31.758   214   214 I SystemServerTiming: OnBootPhase_550_com.android.server.LooperStatsService$Lifecycle
12-12 18:22:31.758   214   214 I SystemServerTiming: OnBootPhase_550_com.android.server.rollback.RollbackManagerService
12-12 18:22:31.758   214   214 I SystemServerTiming: OnBootPhase_550_com.android.server.os.BugreportManagerService
12-12 18:22:31.758   214   214 I SystemServerTiming: OnBootPhase_550_com.android.server.gpu.GpuService
12-12 18:22:31.758   214   214 I SystemServerTiming: OnBootPhase_550_com.android.server.security.KeyChainSystemService
12-12 18:22:31.758   214   214 I SystemServerTiming: OnBootPhase_550_com.android.server.telecom.TelecomLoaderService
12-12 18:22:31.759   214   214 W ActivityManager: Unable to start service Intent { act=com.android.ITelecomService cmp=com.android.server.telecom/.components.TelecomService } U=0: not found
12-12 18:22:31.759   214   214 I SystemServerTiming: OnBootPhase_550_com.android.server.accounts.AccountManagerService$Lifecycle
12-12 18:22:31.759   214   214 I SystemServerTiming: OnBootPhase_550_com.android.server.content.ContentService$Lifecycle
12-12 18:22:31.769   214   214 I SystemServerTiming: OnBootPhase_550_com.android.server.DropBoxManagerService
12-12 18:22:31.769   214   214 I SystemServerTiming: OnBootPhase_550_com.android.server.AlarmManagerService
12-12 18:22:31.769   214   214 I SystemServerTiming: OnBootPhase_550_com.android.server.connectivity.IpConnectivityMetrics
12-12 18:22:31.769   214   214 I SystemServerTiming: OnBootPhase_550_com.android.server.net.watchlist.NetworkWatchlistService$Lifecycle
12-12 18:22:31.771   214   214 I SystemServerTiming: OnBootPhase_550_com.android.server.PinnerService
12-12 18:22:31.771   214   214 I SystemServerTiming: OnBootPhase_550_com.google.android.startop.iorap.IorapForwardingService
12-12 18:22:31.771   214   214 I SystemServerTiming: OnBootPhase_550_com.android.server.integrity.AppIntegrityManagerService
12-12 18:22:31.771   214   214 I SystemServerTiming: OnBootPhase_550_com.android.server.inputmethod.InputMethodManagerService$Lifecycle
12-12 18:22:31.773   214   214 W InputMethodUtils: Found no fallback locale. imis=[]
12-12 18:22:31.773   214   214 W InputMethodUtils: No software keyboard is found. imis=[] systemLocale=zh_CN fallbackLocale=null
12-12 18:22:31.773   214   214 I SystemServerTiming: OnBootPhase_550_com.android.server.accessibility.AccessibilityManagerService$Lifecycle
12-12 18:22:31.773   214   214 I SystemServerTiming: OnBootPhase_550_com.android.server.StorageManagerService$Lifecycle
12-12 18:22:31.773   214   214 I SystemServerTiming: OnBootPhase_550_com.android.server.usage.StorageStatsService$Lifecycle
12-12 18:22:31.773   214   214 I SystemServerTiming: OnBootPhase_550_com.android.server.UiModeManagerService
12-12 18:22:31.773   214   214 I SystemServerTiming: OnBootPhase_550_com.android.server.locksettings.LockSettingsService$Lifecycle
12-12 18:22:31.773   214   214 I SystemServerTiming: OnBootPhase_550_com.android.server.testharness.TestHarnessModeService
12-12 18:22:31.773   214   214 I SystemServerTiming: OnBootPhase_550_com.android.server.DeviceIdleController
12-12 18:22:31.773   214   214 I SystemServerTiming: OnBootPhase_550_com.android.server.devicepolicy.DevicePolicyManagerService$Lifecycle
12-12 18:22:31.773   214   214 I SystemServerTiming: OnBootPhase_550_com.android.server.textservices.TextServicesManagerService$Lifecycle
12-12 18:22:31.773   214   214 I SystemServerTiming: OnBootPhase_550_com.android.server.textclassifier.TextClassificationManagerService$Lifecycle
12-12 18:22:31.773   214   214 I SystemServerTiming: OnBootPhase_550_com.android.server.NetworkScoreService$Lifecycle
12-12 18:22:31.773   214   214 I SystemServerTiming: OnBootPhase_550_com.android.server.wifi.WifiService
12-12 18:22:31.773   214   214 I SystemServerTiming: OnBootPhase_550_com.android.server.wifi.scanner.WifiScanningService
12-12 18:22:31.773   214   214 I SystemServerTiming: OnBootPhase_550_com.android.server.ethernet.EthernetService
12-12 18:22:31.773   214   214 I SystemServerTiming: OnBootPhase_550_com.android.server.notification.NotificationManagerService
12-12 18:22:31.773   214   214 I SystemServerTiming: OnBootPhase_550_com.android.server.storage.DeviceStorageMonitorService
12-12 18:22:31.773   214   214 I SystemServerTiming: OnBootPhase_550_com.android.server.location.LocationManagerService$Lifecycle
12-12 18:22:31.773   214   214 I SystemServerTiming: OnBootPhase_550_com.android.server.timedetector.TimeDetectorService$Lifecycle
12-12 18:22:31.773   214   214 I SystemServerTiming: OnBootPhase_550_com.android.server.timezonedetector.TimeZoneDetectorService$Lifecycle
12-12 18:22:31.773   214   214 I SystemServerTiming: OnBootPhase_550_com.android.server.search.SearchManagerService$Lifecycle
12-12 18:22:31.773   214   214 I SystemServerTiming: OnBootPhase_550_com.android.server.audio.AudioService$Lifecycle
12-12 18:22:31.773   214   214 I SystemServerTiming: OnBootPhase_550_com.android.server.soundtrigger_middleware.SoundTriggerMiddlewareService$Lifecycle
12-12 18:22:31.773   214   214 I SystemServerTiming: OnBootPhase_550_com.android.server.DockObserver
12-12 18:22:31.773   214   214 I SystemServerTiming: OnBootPhase_550_com.android.server.adb.AdbService$Lifecycle
12-12 18:22:31.774   214   214 I SystemServerTiming: OnBootPhase_550_com.android.server.twilight.TwilightService
12-12 18:22:31.774   214   214 I SystemServerTiming: OnBootPhase_550_com.android.server.display.color.ColorDisplayService
12-12 18:22:31.774   214   214 I SystemServerTiming: OnBootPhase_550_com.android.server.job.JobSchedulerService
12-12 18:22:31.774   214   214 I SystemServerTiming: OnBootPhase_550_com.android.server.soundtrigger.SoundTriggerService
12-12 18:22:31.774   214   214 D SoundTriggerService: onBootPhase: 550 : false
12-12 18:22:31.774   214   214 I SystemServerTiming: OnBootPhase_550_com.android.server.trust.TrustManagerService
12-12 18:22:31.774   214   214 I SystemServerTiming: OnBootPhase_550_com.android.server.appwidget.AppWidgetService
12-12 18:22:31.774   214   214 I SystemServerTiming: OnBootPhase_550_com.android.server.role.RoleManagerService
12-12 18:22:31.774   214   283 D StorageManagerService: Isolated storage local flag 0 and remote flag 0 resolved to true
12-12 18:22:31.774   214   214 I SystemServerTiming: OnBootPhase_550_com.android.server.voiceinteraction.VoiceInteractionManagerService
12-12 18:22:31.774   214   214 I SystemServerTiming: OnBootPhase_550_com.android.server.GestureLauncherService
12-12 18:22:31.774   214   214 I SystemServerTiming: OnBootPhase_550_com.android.server.SensorNotificationService
12-12 18:22:31.774   214   214 I SystemServerTiming: OnBootPhase_550_com.android.server.emergency.EmergencyAffordanceService
12-12 18:22:31.774   214   214 I SystemServerTiming: OnBootPhase_550_com.android.server.dreams.DreamManagerService
12-12 18:22:31.774   214   214 I SystemServerTiming: OnBootPhase_550_com.android.server.print.PrintManagerService
12-12 18:22:31.774   214   214 I SystemServerTiming: OnBootPhase_550_com.android.server.restrictions.RestrictionsManagerService
12-12 18:22:31.774   214   214 I SystemServerTiming: OnBootPhase_550_com.android.server.blob.BlobStoreManagerService
12-12 18:22:31.774   214   214 I SystemServerTiming: OnBootPhase_550_com.android.server.media.MediaSessionService
12-12 18:22:31.774   214   214 I SystemServerTiming: OnBootPhase_550_com.android.server.biometrics.BiometricService
12-12 18:22:31.774   214   214 I SystemServerTiming: OnBootPhase_550_com.android.server.biometrics.AuthService
12-12 18:22:31.774   214   214 I SystemServerTiming: OnBootPhase_550_com.android.server.pm.ShortcutService$Lifecycle
12-12 18:22:31.774   214   214 I SystemServerTiming: OnBootPhase_550_com.android.server.pm.LauncherAppsService
12-12 18:22:31.774   214   214 I SystemServerTiming: OnBootPhase_550_com.android.server.pm.CrossProfileAppsService
12-12 18:22:31.774   214   214 I SystemServerTiming: OnBootPhase_550_com.android.server.people.PeopleService
12-12 18:22:31.774   214   214 I SystemServerTiming: OnBootPhase_550_com.android.server.media.projection.MediaProjectionManagerService
12-12 18:22:31.774   214   214 I SystemServerTiming: OnBootPhase_550_com.android.server.slice.SliceManagerService$Lifecycle
12-12 18:22:31.774   214   214 I SystemServerTiming: OnBootPhase_550_com.android.server.camera.CameraServiceProxy
12-12 18:22:31.774   214   214 I SystemServerTiming: OnBootPhase_550_com.android.server.stats.StatsCompanion$Lifecycle
12-12 18:22:31.774   214   214 I SystemServerTiming: OnBootPhase_550_com.android.server.stats.pull.StatsPullAtomService
12-12 18:22:31.774   214   214 I SystemServerTiming: OnBootPhase_550_com.android.server.incident.IncidentCompanionService
12-12 18:22:31.774   214   214 I SystemServerTiming: OnBootPhase_550_com.android.server.MmsServiceBroker
12-12 18:22:31.774   214   214 I SystemServerTiming: OnBootPhase_550_com.android.server.autofill.AutofillManagerService
12-12 18:22:31.774   214   214 I SystemServerTiming: OnBootPhase_550_com.android.server.clipboard.ClipboardService
12-12 18:22:31.774   214   214 I SystemServerTiming: OnBootPhase_550_com.android.server.appbinding.AppBindingService$Lifecycle
12-12 18:22:31.775   214   214 I AppBindingService: Updating constants with: null
12-12 18:22:31.775   214   214 I SystemServerTiming: OnBootPhase_550_com.android.server.policy.PermissionPolicyService
12-12 18:22:31.782   214   214 I PackageManager: Permission ownership changed. Updating all permissions.
12-12 18:22:31.785   214   214 I SystemServerTiming: OnBootPhase_550_com.android.server.pm.StagingManager$Lifecycle
12-12 18:22:31.785   214   214 I SystemServerTiming: OnBootPhase_550_com.microsoft.windows.service.SystemServerService
12-12 18:22:31.785   214   214 V SystemServerService: PHASE_ACTIVITY_MANAGER_READY
12-12 18:22:31.790   214   214 I SystemServerTiming: StartObservingNativeCrashes
12-12 18:22:31.790   214   214 I SystemServerTiming: StartSystemUI
12-12 18:22:31.790   214   350 I SystemServerTimingAsync: InitThreadPoolExec:WebViewFactoryPreparation
12-12 18:22:31.790   214   350 I SystemServer: WebViewFactoryPreparation
12-12 18:22:31.790   214   350 I SystemServerTimingAsync: WebViewFactoryPreparation
12-12 18:22:31.792   214   214 D CompatibilityChangeReporter: Compat change id reported: 135634846; UID 10030; state: DISABLED
12-12 18:22:31.792   214   239 D CompatibilityChangeReporter: Compat change id reported: 143937733; UID 10030; state: ENABLED
12-12 18:22:31.792   214   214 I SystemServerTiming: MakeNetworkManagementServiceReady
12-12 18:22:31.793   214   214 I SystemServerTiming: MakeIpSecServiceReady
12-12 18:22:31.794   214   214 D IpSecService: IpSecService is ready
12-12 18:22:31.794   214   214 I SystemServerTiming: MakeNetworkStatsServiceReady
12-12 18:22:31.797   214   239 I ActivityManager: Start proc 355:com.android.systemui/u0a30 for service {com.android.systemui/com.android.systemui.SystemUIService}
12-12 18:22:31.797   214   288 W NetworkPolicy: setRestrictBackgroundUL: already false
12-12 18:22:31.831   214   239 I ActivityManager: Start proc 376:WebViewLoader-x86/1037 [android.webkit.WebViewLibraryLoader$RelroFileCreator] for null
12-12 18:22:31.837   214   239 I ActivityManager: Start proc 386:WebViewLoader-x86_64/1037 [android.webkit.WebViewLibraryLoader$RelroFileCreator] for null
12-12 18:22:31.875   214   375 I ActivityManager: Process WebViewLoader-x86 (pid 376) has died: psvc PER 
12-12 18:22:31.886   214   214 I SystemServerTiming: MakeConnectivityServiceReady
12-12 18:22:31.891   214   337 I ActivityManager: Process WebViewLoader-x86_64 (pid 386) has died: psvc PER 
12-12 18:22:31.893   214   296 D ConnectivityService: NetReassign [no changes]
12-12 18:22:31.896   214   214 I SystemServerTiming: MakeNetworkPolicyServiceReady
12-12 18:22:31.896   214   214 I SystemServerTiming: PhaseThirdPartyAppsCanStart
12-12 18:22:31.896   214   214 I SystemServiceManager: Starting phase 600
12-12 18:22:31.896   214   214 I SystemServerTiming: OnBootPhase_600
12-12 18:22:31.896   214   214 I SystemServerTiming: OnBootPhase_600_com.android.server.security.FileIntegrityService
12-12 18:22:31.896   214   214 I SystemServerTiming: OnBootPhase_600_com.android.server.pm.Installer
12-12 18:22:31.896   214   214 I SystemServerTiming: OnBootPhase_600_com.android.server.os.DeviceIdentifiersPolicyService
12-12 18:22:31.896   214   214 I SystemServerTiming: OnBootPhase_600_com.android.server.uri.UriGrantsManagerService$Lifecycle
12-12 18:22:31.896   214   214 I SystemServerTiming: OnBootPhase_600_com.android.server.wm.ActivityTaskManagerService$Lifecycle
12-12 18:22:31.896   214   214 I SystemServerTiming: OnBootPhase_600_com.android.server.am.ActivityManagerService$Lifecycle
12-12 18:22:31.896   214   296 D ConnectivityService: NetReassign [no changes]
12-12 18:22:31.897   214   214 I ExplicitHealthCheckController: Explicit health checks enabled.
12-12 18:22:31.897   214   214 I PackageWatchdog: Syncing state, reason: health check state enabled
12-12 18:22:31.897   214   214 I PackageWatchdog: Not pruning observers, elapsed time: 0ms
12-12 18:22:31.897   214   214 I PackageWatchdog: Cancelling state sync, nothing to sync
12-12 18:22:31.897   214   237 I PackageWatchdog: Saving observer state to file
12-12 18:22:31.897   214   214 I SystemServerTiming: OnBootPhase_600_com.android.server.pm.DataLoaderManagerService
12-12 18:22:31.897   214   214 I SystemServerTiming: OnBootPhase_600_com.android.server.power.PowerManagerService
12-12 18:22:31.897   214   296 D ConnectivityService: NetReassign [no changes]
12-12 18:22:31.901   214   214 I SystemServerTiming: OnBootPhase_600_com.android.server.power.ThermalManagerService
12-12 18:22:31.902   214   214 I SystemServerTiming: OnBootPhase_600_com.android.server.recoverysystem.RecoverySystemService$Lifecycle
12-12 18:22:31.902   214   214 I SystemServerTiming: OnBootPhase_600_com.android.server.lights.LightsService
12-12 18:22:31.902   214   214 I SystemServerTiming: OnBootPhase_600_com.android.server.display.DisplayManagerService
12-12 18:22:31.902   214   214 I SystemServerTiming: OnBootPhase_600_com.android.server.pm.UserManagerService$LifeCycle
12-12 18:22:31.902   214   214 I SystemServerTiming: OnBootPhase_600_com.android.server.om.OverlayManagerService
12-12 18:22:31.902   214   214 I SystemServerTiming: OnBootPhase_600_com.android.server.SensorPrivacyService
12-12 18:22:31.902   214   214 I SystemServerTiming: OnBootPhase_600_com.android.server.SystemConfigService
12-12 18:22:31.902   214   214 I SystemServerTiming: OnBootPhase_600_com.android.server.BatteryService
12-12 18:22:31.902   214   214 I SystemServerTiming: OnBootPhase_600_com.android.server.usage.UsageStatsService
12-12 18:22:31.902   214   214 I SystemServerTiming: OnBootPhase_600_com.android.server.webkit.WebViewUpdateService
12-12 18:22:31.902   214   214 I SystemServerTiming: OnBootPhase_600_com.android.server.CachedDeviceStateService
12-12 18:22:31.902   214   214 I SystemServerTiming: OnBootPhase_600_com.android.server.BinderCallsStatsService$LifeCycle
12-12 18:22:31.902   214   214 I SystemServerTiming: OnBootPhase_600_com.android.server.LooperStatsService$Lifecycle
12-12 18:22:31.902   214   214 I SystemServerTiming: OnBootPhase_600_com.android.server.rollback.RollbackManagerService
12-12 18:22:31.902   214   214 I SystemServerTiming: OnBootPhase_600_com.android.server.os.BugreportManagerService
12-12 18:22:31.902   214   214 I SystemServerTiming: OnBootPhase_600_com.android.server.gpu.GpuService
12-12 18:22:31.902   214   214 I SystemServerTiming: OnBootPhase_600_com.android.server.security.KeyChainSystemService
12-12 18:22:31.902   214   214 I SystemServerTiming: OnBootPhase_600_com.android.server.telecom.TelecomLoaderService
12-12 18:22:31.902   214   214 I SystemServerTiming: OnBootPhase_600_com.android.server.accounts.AccountManagerService$Lifecycle
12-12 18:22:31.902   214   214 I SystemServerTiming: OnBootPhase_600_com.android.server.content.ContentService$Lifecycle
12-12 18:22:31.902   214   214 I SystemServerTiming: OnBootPhase_600_com.android.server.DropBoxManagerService
12-12 18:22:31.902   214   214 I SystemServerTiming: OnBootPhase_600_com.android.server.AlarmManagerService
12-12 18:22:31.902   214   214 I SystemServerTiming: OnBootPhase_600_com.android.server.connectivity.IpConnectivityMetrics
12-12 18:22:31.902   214   214 I SystemServerTiming: OnBootPhase_600_com.android.server.net.watchlist.NetworkWatchlistService$Lifecycle
12-12 18:22:31.902   214   214 I SystemServerTiming: OnBootPhase_600_com.android.server.PinnerService
12-12 18:22:31.902   214   214 I SystemServerTiming: OnBootPhase_600_com.google.android.startop.iorap.IorapForwardingService
12-12 18:22:31.902   214   214 I SystemServerTiming: OnBootPhase_600_com.android.server.integrity.AppIntegrityManagerService
12-12 18:22:31.902   214   214 I SystemServerTiming: OnBootPhase_600_com.android.server.inputmethod.InputMethodManagerService$Lifecycle
12-12 18:22:31.902   214   214 I SystemServerTiming: OnBootPhase_600_com.android.server.accessibility.AccessibilityManagerService$Lifecycle
12-12 18:22:31.902   214   214 I SystemServerTiming: OnBootPhase_600_com.android.server.StorageManagerService$Lifecycle
12-12 18:22:31.902   214   214 I SystemServerTiming: OnBootPhase_600_com.android.server.usage.StorageStatsService$Lifecycle
12-12 18:22:31.902   214   214 I SystemServerTiming: OnBootPhase_600_com.android.server.UiModeManagerService
12-12 18:22:31.902   214   214 I SystemServerTiming: OnBootPhase_600_com.android.server.locksettings.LockSettingsService$Lifecycle
12-12 18:22:31.902   214   214 I SystemServerTiming: OnBootPhase_600_com.android.server.testharness.TestHarnessModeService
12-12 18:22:31.902   214   214 I SystemServerTiming: OnBootPhase_600_com.android.server.DeviceIdleController
12-12 18:22:31.902   214   214 I SystemServerTiming: OnBootPhase_600_com.android.server.devicepolicy.DevicePolicyManagerService$Lifecycle
12-12 18:22:31.902   214   214 I SystemServerTiming: OnBootPhase_600_com.android.server.textservices.TextServicesManagerService$Lifecycle
12-12 18:22:31.902   214   214 I SystemServerTiming: OnBootPhase_600_com.android.server.textclassifier.TextClassificationManagerService$Lifecycle
12-12 18:22:31.902   214   214 I SystemServerTiming: OnBootPhase_600_com.android.server.NetworkScoreService$Lifecycle
12-12 18:22:31.902   214   214 I SystemServerTiming: OnBootPhase_600_com.android.server.wifi.WifiService
12-12 18:22:31.902   214   214 I SystemServerTiming: OnBootPhase_600_com.android.server.wifi.scanner.WifiScanningService
12-12 18:22:31.902   214   214 I SystemServerTiming: OnBootPhase_600_com.android.server.ethernet.EthernetService
12-12 18:22:31.902   214   214 I SystemServerTiming: OnBootPhase_600_com.android.server.notification.NotificationManagerService
12-12 18:22:31.903   214   214 I SystemServerTiming: OnBootPhase_600_com.android.server.storage.DeviceStorageMonitorService
12-12 18:22:31.903   214   214 I SystemServerTiming: OnBootPhase_600_com.android.server.location.LocationManagerService$Lifecycle
12-12 18:22:31.910   214   214 I SystemServerTiming: OnBootPhase_600_com.android.server.timedetector.TimeDetectorService$Lifecycle
12-12 18:22:31.910   214   214 I SystemServerTiming: OnBootPhase_600_com.android.server.timezonedetector.TimeZoneDetectorService$Lifecycle
12-12 18:22:31.910   214   214 I SystemServerTiming: OnBootPhase_600_com.android.server.search.SearchManagerService$Lifecycle
12-12 18:22:31.910   214   214 I SystemServerTiming: OnBootPhase_600_com.android.server.audio.AudioService$Lifecycle
12-12 18:22:31.910   214   214 I SystemServerTiming: OnBootPhase_600_com.android.server.soundtrigger_middleware.SoundTriggerMiddlewareService$Lifecycle
12-12 18:22:31.910   214   214 I SystemServerTiming: OnBootPhase_600_com.android.server.DockObserver
12-12 18:22:31.910   214   214 I SystemServerTiming: OnBootPhase_600_com.android.server.adb.AdbService$Lifecycle
12-12 18:22:31.910   214   214 I SystemServerTiming: OnBootPhase_600_com.android.server.twilight.TwilightService
12-12 18:22:31.910   214   214 I SystemServerTiming: OnBootPhase_600_com.android.server.display.color.ColorDisplayService
12-12 18:22:31.910   214   214 I SystemServerTiming: OnBootPhase_600_com.android.server.job.JobSchedulerService
12-12 18:22:31.911   214   214 I SystemServerTiming: OnBootPhase_600_com.android.server.soundtrigger.SoundTriggerService
12-12 18:22:31.911   214   214 D SoundTriggerService: onBootPhase: 600 : false
12-12 18:22:31.911   214   214 I SystemServerTiming: OnBootPhase_600_com.android.server.trust.TrustManagerService
12-12 18:22:31.912   214   214 I SystemServerTiming: OnBootPhase_600_com.android.server.appwidget.AppWidgetService
12-12 18:22:31.912   214   214 I SystemServerTiming: OnBootPhase_600_com.android.server.role.RoleManagerService
12-12 18:22:31.912   214   214 I SystemServerTiming: OnBootPhase_600_com.android.server.voiceinteraction.VoiceInteractionManagerService
12-12 18:22:31.913   214   214 I SystemServerTiming: OnBootPhase_600_com.android.server.GestureLauncherService
12-12 18:22:31.913   214   214 I SystemServerTiming: OnBootPhase_600_com.android.server.SensorNotificationService
12-12 18:22:31.913   214   214 I SystemServerTiming: OnBootPhase_600_com.android.server.emergency.EmergencyAffordanceService
12-12 18:22:31.914   214   214 I SystemServerTiming: OnBootPhase_600_com.android.server.dreams.DreamManagerService
12-12 18:22:31.914   214   296 D ConnectivityService: NetReassign [no changes]
12-12 18:22:31.915   214   214 I SystemServerTiming: OnBootPhase_600_com.android.server.print.PrintManagerService
12-12 18:22:31.915   214   214 I SystemServerTiming: OnBootPhase_600_com.android.server.restrictions.RestrictionsManagerService
12-12 18:22:31.915   214   214 I SystemServerTiming: OnBootPhase_600_com.android.server.blob.BlobStoreManagerService
12-12 18:22:31.921   214   214 I SystemServerTiming: OnBootPhase_600_com.android.server.media.MediaSessionService
12-12 18:22:31.921   214   214 I SystemServerTiming: OnBootPhase_600_com.android.server.biometrics.BiometricService
12-12 18:22:31.921   214   214 I SystemServerTiming: OnBootPhase_600_com.android.server.biometrics.AuthService
12-12 18:22:31.921   214   214 I SystemServerTiming: OnBootPhase_600_com.android.server.pm.ShortcutService$Lifecycle
12-12 18:22:31.921   214   214 I SystemServerTiming: OnBootPhase_600_com.android.server.pm.LauncherAppsService
12-12 18:22:31.921   214   214 I SystemServerTiming: OnBootPhase_600_com.android.server.pm.CrossProfileAppsService
12-12 18:22:31.921   214   214 I SystemServerTiming: OnBootPhase_600_com.android.server.people.PeopleService
12-12 18:22:31.921   214   214 I SystemServerTiming: OnBootPhase_600_com.android.server.media.projection.MediaProjectionManagerService
12-12 18:22:31.921   214   214 I SystemServerTiming: OnBootPhase_600_com.android.server.slice.SliceManagerService$Lifecycle
12-12 18:22:31.921   214   214 I SystemServerTiming: OnBootPhase_600_com.android.server.camera.CameraServiceProxy
12-12 18:22:31.921   214   214 I SystemServerTiming: OnBootPhase_600_com.android.server.stats.StatsCompanion$Lifecycle
12-12 18:22:31.922   214   214 I SystemServerTiming: OnBootPhase_600_com.android.server.stats.pull.StatsPullAtomService
12-12 18:22:31.922   214   214 I SystemServerTiming: OnBootPhase_600_com.android.server.incident.IncidentCompanionService
12-12 18:22:31.922   214   214 I SystemServerTiming: OnBootPhase_600_com.android.server.MmsServiceBroker
12-12 18:22:31.922   214   214 I SystemServerTiming: OnBootPhase_600_com.android.server.autofill.AutofillManagerService
12-12 18:22:31.922   214   237 D StatsPullAtomService: Registering NetworkStats pullers with statsd
12-12 18:22:31.923   214   214 I SystemServerTiming: OnBootPhase_600_com.android.server.clipboard.ClipboardService
12-12 18:22:31.923   214   214 I SystemServerTiming: OnBootPhase_600_com.android.server.appbinding.AppBindingService$Lifecycle
12-12 18:22:31.923   214   214 I SystemServerTiming: OnBootPhase_600_com.android.server.policy.PermissionPolicyService
12-12 18:22:31.923   214   214 I SystemServerTiming: OnBootPhase_600_com.android.server.pm.StagingManager$Lifecycle
12-12 18:22:31.923   214   214 I SystemServerTiming: OnBootPhase_600_com.microsoft.windows.service.SystemServerService
12-12 18:22:31.923   214   214 V SystemServerService: PHASE_THIRD_PARTY_APPS_CAN_START
12-12 18:22:31.923   214   214 I SystemServerTiming: StartNetworkStack
12-12 18:22:31.923   214   214 D ConnectivityModuleConnector: Starting networking module android.net.INetworkStackConnector
12-12 18:22:31.924   214   214 D ConnectivityModuleConnector: Starting networking module in network_stack process
12-12 18:22:31.925   214   214 D CompatibilityChangeReporter: Compat change id reported: 135634846; UID 1073; state: DISABLED
12-12 18:22:31.925   214   214 D ConnectivityModuleConnector: Networking module service start requested
12-12 18:22:31.925   214   214 I SystemServerTiming: StartTethering
12-12 18:22:31.925   214   214 D ConnectivityModuleConnector: Starting networking module android.net.ITetheringConnector
12-12 18:22:31.925   214   214 D ConnectivityModuleConnector: Starting networking module in network_stack process
12-12 18:22:31.926   214   214 D ConnectivityModuleConnector: Networking module service start requested
12-12 18:22:31.926   214   214 I SystemServerTiming: MakeCountryDetectionServiceReady
12-12 18:22:31.926   214   214 I SystemServerTiming: MakeNetworkTimeUpdateReady
12-12 18:22:31.926   214   214 D ConnectivityService: requestNetwork for uid/pid:1000/214 NetworkRequest [ TRACK_DEFAULT id=9, [ Capabilities: INTERNET&NOT_RESTRICTED&TRUSTED Uid: 1000 AdministratorUids: [] RequestorUid: 1000 RequestorPackageName: android] ]
12-12 18:22:31.927   214   296 D ConnectivityService: NetReassign [no changes]
12-12 18:22:31.927   214   214 I SystemServerTiming: MakeInputManagerServiceReady
12-12 18:22:31.927   214   214 I SystemServerTiming: MakeTelephonyRegistryReady
12-12 18:22:31.927   214   214 I SystemServerTiming: MakeMediaRouterServiceReady
12-12 18:22:31.927   214   214 I SystemServerTiming: MakeMmsServiceReady
12-12 18:22:31.928   214   214 I MmsServiceBroker: Delay connecting to MmsService until an API is called
12-12 18:22:31.928   214   214 I SystemServerTiming: IncidentDaemonReady
12-12 18:22:31.928   214   214 I SystemServerTiming: getCurrentUser
12-12 18:22:31.928   214   214 I ActivityManager: Current user:0
12-12 18:22:31.928   214   214 I SystemServerTiming: ActivityManagerStartApps
12-12 18:22:31.928   214   214 I SystemServerTiming: ssm.StartUser-0
12-12 18:22:31.928   214   214 I SystemServiceManager: Calling onStartUser 0
12-12 18:22:31.928   214   214 I SystemServerTiming: ssm.onStartUser-0_com.android.server.security.FileIntegrityService
12-12 18:22:31.928   214   214 I SystemServerTiming: ssm.onStartUser-0_com.android.server.pm.Installer
12-12 18:22:31.928   214   214 I SystemServerTiming: ssm.onStartUser-0_com.android.server.os.DeviceIdentifiersPolicyService
12-12 18:22:31.928   214   214 I SystemServerTiming: ssm.onStartUser-0_com.android.server.uri.UriGrantsManagerService$Lifecycle
12-12 18:22:31.928   214   214 I SystemServerTiming: ssm.onStartUser-0_com.android.server.wm.ActivityTaskManagerService$Lifecycle
12-12 18:22:31.928   214   214 I SystemServerTiming: ssm.onStartUser-0_com.android.server.am.ActivityManagerService$Lifecycle
12-12 18:22:31.928   214   214 I SystemServerTiming: ssm.onStartUser-0_com.android.server.pm.DataLoaderManagerService
12-12 18:22:31.928   214   214 I SystemServerTiming: ssm.onStartUser-0_com.android.server.power.PowerManagerService
12-12 18:22:31.928   214   214 I SystemServerTiming: ssm.onStartUser-0_com.android.server.power.ThermalManagerService
12-12 18:22:31.928   214   214 I SystemServerTiming: ssm.onStartUser-0_com.android.server.recoverysystem.RecoverySystemService$Lifecycle
12-12 18:22:31.928   214   214 I SystemServerTiming: ssm.onStartUser-0_com.android.server.lights.LightsService
12-12 18:22:31.928   214   214 I SystemServerTiming: ssm.onStartUser-0_com.android.server.display.DisplayManagerService
12-12 18:22:31.928   214   214 I SystemServerTiming: ssm.onStartUser-0_com.android.server.pm.UserManagerService$LifeCycle
12-12 18:22:31.928   214   214 I SystemServerTiming: ssm.onStartUser-0_com.android.server.om.OverlayManagerService
12-12 18:22:31.928   214   214 I SystemServerTiming: ssm.onStartUser-0_com.android.server.SensorPrivacyService
12-12 18:22:31.928   214   214 I SystemServerTiming: ssm.onStartUser-0_com.android.server.SystemConfigService
12-12 18:22:31.928   214   214 I SystemServerTiming: ssm.onStartUser-0_com.android.server.BatteryService
12-12 18:22:31.928   214   214 I SystemServerTiming: ssm.onStartUser-0_com.android.server.usage.UsageStatsService
12-12 18:22:31.928   214   214 I SystemServerTiming: ssm.onStartUser-0_com.android.server.webkit.WebViewUpdateService
12-12 18:22:31.928   214   214 I SystemServerTiming: ssm.onStartUser-0_com.android.server.CachedDeviceStateService
12-12 18:22:31.928   214   214 I SystemServerTiming: ssm.onStartUser-0_com.android.server.BinderCallsStatsService$LifeCycle
12-12 18:22:31.928   214   214 I SystemServerTiming: ssm.onStartUser-0_com.android.server.LooperStatsService$Lifecycle
12-12 18:22:31.928   214   214 I SystemServerTiming: ssm.onStartUser-0_com.android.server.rollback.RollbackManagerService
12-12 18:22:31.928   214   214 I SystemServerTiming: ssm.onStartUser-0_com.android.server.os.BugreportManagerService
12-12 18:22:31.928   214   214 I SystemServerTiming: ssm.onStartUser-0_com.android.server.gpu.GpuService
12-12 18:22:31.928   214   214 I SystemServerTiming: ssm.onStartUser-0_com.android.server.security.KeyChainSystemService
12-12 18:22:31.928   214   214 I SystemServerTiming: ssm.onStartUser-0_com.android.server.telecom.TelecomLoaderService
12-12 18:22:31.928   214   214 I SystemServerTiming: ssm.onStartUser-0_com.android.server.accounts.AccountManagerService$Lifecycle
12-12 18:22:31.928   214   214 I SystemServerTiming: ssm.onStartUser-0_com.android.server.content.ContentService$Lifecycle
12-12 18:22:31.929   214   214 I SystemServerTiming: ssm.onStartUser-0_com.android.server.DropBoxManagerService
12-12 18:22:31.929   214   214 I SystemServerTiming: ssm.onStartUser-0_com.android.server.AlarmManagerService
12-12 18:22:31.929   214   214 I SystemServerTiming: ssm.onStartUser-0_com.android.server.connectivity.IpConnectivityMetrics
12-12 18:22:31.929   214   214 I SystemServerTiming: ssm.onStartUser-0_com.android.server.net.watchlist.NetworkWatchlistService$Lifecycle
12-12 18:22:31.929   214   214 I SystemServerTiming: ssm.onStartUser-0_com.android.server.PinnerService
12-12 18:22:31.929   214   214 I SystemServerTiming: ssm.onStartUser-0_com.google.android.startop.iorap.IorapForwardingService
12-12 18:22:31.929   214   214 I SystemServerTiming: ssm.onStartUser-0_com.android.server.integrity.AppIntegrityManagerService
12-12 18:22:31.929   214   214 I SystemServerTiming: ssm.onStartUser-0_com.android.server.inputmethod.InputMethodManagerService$Lifecycle
12-12 18:22:31.929   214   214 I SystemServerTiming: ssm.onStartUser-0_com.android.server.accessibility.AccessibilityManagerService$Lifecycle
12-12 18:22:31.929   214   214 I SystemServerTiming: ssm.onStartUser-0_com.android.server.StorageManagerService$Lifecycle
12-12 18:22:31.930   214   214 V StorageManagerService: Package com.microsoft.windows.systemapp does not have legacy storage
12-12 18:22:31.930   214   214 V StorageManagerService: Package com.android.cts.priv.ctsshim does not have legacy storage
12-12 18:22:31.930   214   214 V StorageManagerService: Package com.android.dynsystem does not have legacy storage
12-12 18:22:31.930   214   214 V StorageManagerService: Package com.android.providers.calendar does not have legacy storage
12-12 18:22:31.930   214   214 V StorageManagerService: Package com.android.providers.media has legacy storage
12-12 18:22:31.930   214   214 V StorageManagerService: Package com.google.android.accessibility.talkback does not have legacy storage
12-12 18:22:31.931   214   214 V StorageManagerService: Package com.amazon.venezia has legacy storage
12-12 18:22:31.931   214   214 V StorageManagerService: Package com.android.documentsui does not have legacy storage
12-12 18:22:31.931   214   214 V StorageManagerService: Package com.android.htmlviewer does not have legacy storage
12-12 18:22:31.931   214   214 V StorageManagerService: Package com.android.companiondevicemanager does not have legacy storage
12-12 18:22:31.931   214   214 V StorageManagerService: Package com.android.providers.downloads has legacy storage
12-12 18:22:31.931   214   214 V StorageManagerService: Package com.microsoft.windows.userapp does not have legacy storage
12-12 18:22:31.931   214   214 V StorageManagerService: Package com.android.providers.downloads.ui has legacy storage
12-12 18:22:31.931   214   214 V StorageManagerService: Package com.android.networkstack does not have legacy storage
12-12 18:22:31.931   214   214 V StorageManagerService: Package com.android.modulemetadata does not have legacy storage
12-12 18:22:31.931   214   214 V StorageManagerService: Package com.android.certinstaller does not have legacy storage
