12-12 18:27:23.801   449  1374 D NetworkMonitor/100: PROBE_DNS connectivitycheck.gstatic.com 8ms OK 203.208.40.98
12-12 18:27:23.805   449  1373 D NetworkMonitor/100: PROBE_HTTPS https://www.google.com/generate_204 Probe failed with exception java.net.ConnectException: Failed to connect to www.google.com/127.0.0.1:443
12-12 18:27:23.945   449  1374 D NetworkMonitor/100: PROBE_HTTP http://connectivitycheck.gstatic.com/generate_204 time=143ms ret=204 request={Connection=[close], User-Agent=[Mozilla/5.0 (X11; Linux x86_64) AppleWebKit/537.36 (KHTML, like Gecko) Chrome/60.0.3112.32 Safari/537.36]} headers={null=[HTTP/1.1 204 No Content], Connection=[close], Content-Length=[0], Date=[Sun, 12 Dec 2021 10:27:24 GMT], X-Android-Received-Millis=[1639304843945], X-Android-Response-Source=[NETWORK 204], X-Android-Selected-Protocol=[http/1.1], X-Android-Sent-Millis=[1639304843850]}
12-12 18:27:29.801   623  1107 V SettingsRedirectionHandler: Receive SettingsMessage ClosedCaptions
12-12 18:27:33.960   449  1372 D NetworkMonitor/100: PROBE_FALLBACK http://play.googleapis.com/generate_204 Probe failed with exception java.net.SocketTimeoutException: failed to connect to play.googleapis.com/142.251.43.10 (port 80) from /172.17.59.9 (port 42768) after 10000ms
12-12 18:27:33.961   449  1372 D NetworkMonitor/100: isCaptivePortal: isSuccessful()=false isPortal()=false RedirectUrl=null isPartialConnectivity()=true Time=10168ms
12-12 18:27:29.812   623  1107 V SettingsRedirectionHandler: Receive SettingsMessage ClosedCaptions
12-12 18:27:33.961   214   296 D ConnectivityService: [100 WIFI] validation failed
12-12 18:27:35.060   623  1107 V SettingsRedirectionHandler: Receive SettingsMessage ClosedCaptions
12-12 18:27:54.357    31    31 I chatty  : uid=1000(system) hwservicemanage expire 10 lines
12-12 18:27:54.142   623  1107 I chatty  : uid=1000(system) ApiMessageHandl identical 172 lines
12-12 18:27:54.146   623  1107 V SettingsRedirectionHandler: Receive SettingsMessage ClosedCaptions
12-12 18:27:54.357   214   244 E KernelCpuSpeedReader: Failed to read cpu-freq: /sys/devices/system/cpu/cpu0/cpufreq/stats/time_in_state: open failed: ENOENT (No such file or directory)
12-12 18:27:54.358   214   244 W KernelCpuProcStringReader: File not found. It's normal if not implemented: /proc/uid_concurrent_policy_time
12-12 18:27:54.358    46    51 I chatty  : uid=1000(system) Binder:46_2 expire 10 lines
12-12 18:27:54.359   214   244 D KernelCpuUidUserSysTimeReader: Removing uids 1037-1037
12-12 18:27:54.362   355   569 D EGL_emulation: app_time_stats: avg=54346.76ms min=54346.76ms max=54346.76ms count=1
12-12 18:27:56.388   792  1381 I chatty  : uid=10022(com.amazon.venezia) expire 2 lines
12-12 18:28:00.014   355   569 D EGL_emulation: app_time_stats: avg=5651.88ms min=5651.88ms max=5651.88ms count=1
12-12 18:27:54.359   214   244 D KernelCpuUidUserSysTimeReader: Removing uids 1037-1037
12-12 18:28:05.746   623  1107 V SettingsRedirectionHandler: Receive SettingsMessage ClosedCaptions
12-12 18:29:00.017   355   569 D EGL_emulation: app_time_stats: avg=60003.15ms min=60003.15ms max=60003.15ms count=1
12-12 18:29:58.463  1113  1386 I chatty  : uid=2000(shell) /apex/com.android.adbd/bin/adbd expire 3 lines
12-12 18:29:58.463  1113  1387 I chatty  : uid=2000(shell) /apex/com.android.adbd/bin/adbd expire 1 line
12-12 18:30:00.013   355   569 D EGL_emulation: app_time_stats: avg=59995.74ms min=59995.74ms max=59995.74ms count=1
12-12 18:30:03.030   623  1107 I chatty  : uid=1000(system) ApiMessageHandl identical 239 lines
12-12 18:30:03.034   623  1107 V SettingsRedirectionHandler: Receive SettingsMessage ClosedCaptions
12-12 18:30:04.398   214   244 E KernelCpuSpeedReader: Failed to read cpu-freq: /sys/devices/system/cpu/cpu0/cpufreq/stats/time_in_state: open failed: ENOENT (No such file or directory)
12-12 18:30:04.414   355   569 D EGL_emulation: app_time_stats: avg=4400.48ms min=4400.48ms max=4400.48ms count=1
12-12 18:30:10.492  1390  1392 I chatty  : uid=2000(shell) expire 1 line
12-12 18:30:10.712  1397  1397 I chatty  : uid=2000(shell) expire 48 lines
12-12 18:30:10.840   214   238 W BroadcastQueue: Skipping deliver [background] BroadcastRecord{4090363 u-1 android.net.conn.CONNECTIVITY_CHANGE} to ReceiverList{870cb60 1397 (unknown name)/2000/u-1 remote:892171d}: process gone or crashing
12-12 18:30:15.690  1113  1113 I chatty  : uid=2000(shell) /apex/com.android.adbd/bin/adbd expire 10 lines
12-12 18:30:16.521   623  1107 V SettingsRedirectionHandler: Receive SettingsMessage ClosedCaptions
12-12 18:30:34.623   214  1178 I chatty  : uid=1000(system) Binder:214_8 expire 15 lines
12-12 18:31:00.011   355   569 D EGL_emulation: app_time_stats: avg=55597.35ms min=55597.35ms max=55597.35ms count=1
12-12 18:30:35.942   623  1107 I chatty  : uid=1000(system) ApiMessageHandl identical 17 lines
12-12 18:30:35.944   623  1107 V SettingsRedirectionHandler: Receive SettingsMessage ClosedCaptions
12-12 18:31:34.304   648  1131 V ClipboardRedirectionHandler: Receive ClipboardMessage SetServerClipboardContent
12-12 18:31:34.527   623  1107 V SettingsRedirectionHandler: Receive SettingsMessage ClosedCaptions
12-12 18:31:50.099   449  1442 D NetworkMonitor/100: PROBE_DNS www.google.com 35ms OK 31.13.72.34
12-12 18:31:50.100   449  1443 D NetworkMonitor/100: PROBE_DNS connectivitycheck.gstatic.com 36ms OK 203.208.41.98
12-12 18:31:50.247   449  1443 D NetworkMonitor/100: PROBE_HTTP http://connectivitycheck.gstatic.com/generate_204 time=146ms ret=204 request={Connection=[close], User-Agent=[Mozilla/5.0 (X11; Linux x86_64) AppleWebKit/537.36 (KHTML, like Gecko) Chrome/60.0.3112.32 Safari/537.36]} headers={null=[HTTP/1.1 204 No Content], Connection=[close], Content-Length=[0], Date=[Sun, 12 Dec 2021 10:31:50 GMT], X-Android-Received-Millis=[1639305110247], X-Android-Response-Source=[NETWORK 204], X-Android-Selected-Protocol=[http/1.1], X-Android-Sent-Millis=[1639305110157]}
12-12 18:31:58.976  1113  1450 I chatty  : uid=2000(shell) /apex/com.android.adbd/bin/adbd expire 1 line
12-12 18:31:58.976  1113  1451 I chatty  : uid=2000(shell) /apex/com.android.adbd/bin/adbd expire 1 line
12-12 18:32:00.012   355   569 D EGL_emulation: app_time_stats: avg=60000.54ms min=60000.54ms max=60000.54ms count=1
12-12 18:32:00.112   449  1442 D NetworkMonitor/100: PROBE_HTTPS https://www.google.com/generate_204 Probe failed with exception java.net.SocketTimeoutException: failed to connect to www.google.com/31.13.72.34 (port 443) from /172.17.59.9 (port 49732) after 10000ms
12-12 18:32:03.077   449  1441 D NetworkMonitor/100: PROBE_FALLBACK http://www.google.com/gen_204 Probe failed with exception java.net.SocketTimeoutException: failed to connect to www.google.com/31.13.72.34 (port 80) from /172.17.59.9 (port 42054) after 10000ms
12-12 18:32:03.077   449  1441 D NetworkMonitor/100: isCaptivePortal: isSuccessful()=false isPortal()=false RedirectUrl=null isPartialConnectivity()=true Time=13014ms
12-12 18:31:58.098   623  1107 I chatty  : uid=1000(system) ApiMessageHandl identical 6 lines
12-12 18:31:58.101   623  1107 V SettingsRedirectionHandler: Receive SettingsMessage ClosedCaptions
12-12 18:32:03.078   214   296 D ConnectivityService: [100 WIFI] validation failed
12-12 18:32:03.317   623  1107 V SettingsRedirectionHandler: Receive SettingsMessage ClosedCaptions
12-12 18:32:03.369   623  1107 I chatty  : uid=1000(system) ApiMessageHandl identical 2 lines
12-12 18:32:03.381   623  1107 V SettingsRedirectionHandler: Receive SettingsMessage ClosedCaptions
12-12 18:32:04.371   214   244 E KernelCpuSpeedReader: Failed to read cpu-freq: /sys/devices/system/cpu/cpu0/cpufreq/stats/time_in_state: open failed: ENOENT (No such file or directory)
12-12 18:32:04.377   355   569 D EGL_emulation: app_time_stats: avg=4364.66ms min=4364.66ms max=4364.66ms count=1
12-12 18:32:06.321   623  1107 V SettingsRedirectionHandler: Receive SettingsMessage ClosedCaptions
12-12 18:32:12.656  1454  1456 I chatty  : uid=2000(shell) expire 1 line
12-12 18:32:12.885  1461  1461 I chatty  : uid=2000(shell) expire 48 lines
12-12 18:32:06.323   623  1107 V SettingsRedirectionHandler: Receive SettingsMessage ClosedCaptions
12-12 18:32:12.986   214   238 W BroadcastQueue: Skipping deliver [background] BroadcastRecord{e0c018d u-1 android.net.conn.CONNECTIVITY_CHANGE} to ReceiverList{3a3cf42 1461 (unknown name)/2000/u-1 remote:4c1fab7}: process gone or crashing
12-12 18:32:18.613   623  1107 V SettingsRedirectionHandler: Receive SettingsMessage ClosedCaptions
12-12 18:32:56.416   792   889 I chatty  : uid=10022(com.amazon.venezia) BatchTransmitte expire 14 lines
12-12 18:32:56.420   792  1505 I chatty  : uid=10022(com.amazon.venezia) expire 2 lines
12-12 18:32:56.726   792   888 I chatty  : uid=10022(com.amazon.venezia) BatchTransmitte expire 10 lines
12-12 18:32:56.736   792   887 I chatty  : uid=10022(com.amazon.venezia) BatchTransmitte expire 10 lines
12-12 18:33:00.020   355   569 D EGL_emulation: app_time_stats: avg=55642.23ms min=55642.23ms max=55642.23ms count=1
12-12 18:32:18.774   623  1107 I chatty  : uid=1000(system) ApiMessageHandl identical 6 lines
12-12 18:32:18.777   623  1107 V SettingsRedirectionHandler: Receive SettingsMessage ClosedCaptions
12-12 18:33:14.366   648  1131 V ClipboardRedirectionHandler: Receive ClipboardMessage SetServerClipboardContent
12-12 18:33:14.366   648  1131 V ClipboardContentHelper: Creating new ClipData with size of: 1
12-12 18:33:14.594   623  1107 V SettingsRedirectionHandler: Receive SettingsMessage ClosedCaptions
12-12 18:33:29.659  1113  1508 I chatty  : uid=2000(shell) /apex/com.android.adbd/bin/adbd expire 1 line
12-12 18:33:29.659  1113  1507 I chatty  : uid=2000(shell) /apex/com.android.adbd/bin/adbd expire 3 lines
12-12 18:33:29.660  1113  1113 I chatty  : uid=2000(shell) /apex/com.android.adbd/bin/adbd expire 12 lines
12-12 18:33:34.055  1113  1509 I chatty  : uid=2000(shell) /apex/com.android.adbd/bin/adbd expire 3 lines
12-12 18:33:34.055  1113  1510 I chatty  : uid=2000(shell) /apex/com.android.adbd/bin/adbd expire 1 line
12-12 18:33:42.026  1513  1515 I chatty  : uid=2000(shell) expire 1 line
12-12 18:33:42.286  1520  1520 I chatty  : uid=2000(shell) expire 48 lines
12-12 18:33:33.704   623  1107 I chatty  : uid=1000(system) ApiMessageHandl identical 10 lines
12-12 18:33:33.707   623  1107 V SettingsRedirectionHandler: Receive SettingsMessage ClosedCaptions
12-12 18:33:42.396   214   238 W BroadcastQueue: Skipping deliver [background] BroadcastRecord{2579c0 u-1 android.net.conn.CONNECTIVITY_CHANGE} to ReceiverList{58d86f9 1520 (unknown name)/2000/u-1 remote:8d28cf2}: process gone or crashing
12-12 18:33:48.091   623  1107 V SettingsRedirectionHandler: Receive SettingsMessage ClosedCaptions
12-12 18:34:00.012   355   569 D EGL_emulation: app_time_stats: avg=59992.66ms min=59992.66ms max=59992.66ms count=1
12-12 18:33:48.250   623  1107 I chatty  : uid=1000(system) ApiMessageHandl identical 6 lines
12-12 18:33:48.254   623  1107 V SettingsRedirectionHandler: Receive SettingsMessage ClosedCaptions
12-12 18:34:10.677   648  1131 V ClipboardRedirectionHandler: Receive ClipboardMessage SetServerClipboardContent
12-12 18:34:10.677   648  1131 V ClipboardContentHelper: Creating new ClipData with size of: 1
12-12 18:34:10.896   623  1107 V SettingsRedirectionHandler: Receive SettingsMessage ClosedCaptions
12-12 18:34:14.534   648  1131 V ClipboardRedirectionHandler: Receive ClipboardMessage SetServerClipboardContent
12-12 18:34:14.534   648  1131 V ClipboardContentHelper: Creating new ClipData with size of: 1
12-12 18:34:14.597    31    31 I chatty  : uid=1000(system) hwservicemanage expire 10 lines
12-12 18:34:14.598   214   244 E KernelCpuSpeedReader: Failed to read cpu-freq: /sys/devices/system/cpu/cpu0/cpufreq/stats/time_in_state: open failed: ENOENT (No such file or directory)
12-12 18:34:14.599    46    51 I chatty  : uid=1000(system) Binder:46_2 expire 10 lines
12-12 18:34:14.601   355   569 D EGL_emulation: app_time_stats: avg=14588.54ms min=14588.54ms max=14588.54ms count=1
12-12 18:34:14.735   623  1107 V SettingsRedirectionHandler: Receive SettingsMessage ClosedCaptions
12-12 18:35:00.012   355   569 D EGL_emulation: app_time_stats: avg=45410.74ms min=45410.74ms max=45410.74ms count=1
12-12 18:35:05.660  1113  1565 I chatty  : uid=2000(shell) /apex/com.android.adbd/bin/adbd expire 1 line
12-12 18:35:05.660  1113  1564 I chatty  : uid=2000(shell) /apex/com.android.adbd/bin/adbd expire 3 lines
12-12 18:35:05.660  1113  1113 I chatty  : uid=2000(shell) /apex/com.android.adbd/bin/adbd expire 12 lines
12-12 18:35:16.081  1568  1570 I chatty  : uid=2000(shell) expire 1 line
12-12 18:35:16.336  1575  1575 I chatty  : uid=2000(shell) expire 48 lines
12-12 18:35:09.864   623  1107 I chatty  : uid=1000(system) ApiMessageHandl identical 127 lines
12-12 18:35:09.868   623  1107 V SettingsRedirectionHandler: Receive SettingsMessage ClosedCaptions
12-12 18:35:16.459   214   238 W BroadcastQueue: Skipping deliver [background] BroadcastRecord{ead4a6d u-1 android.net.conn.CONNECTIVITY_CHANGE} to ReceiverList{9c416a2 1575 (unknown name)/2000/u-1 remote:b632097}: process gone or crashing
12-12 18:36:00.014   355   569 D EGL_emulation: app_time_stats: avg=60001.30ms min=60001.30ms max=60001.30ms count=1
12-12 18:36:07.657   648  1131 V ClipboardRedirectionHandler: Receive ClipboardMessage SetServerClipboardContent
12-12 18:36:07.657   648  1131 V ClipboardContentHelper: Creating new ClipData with size of: 1
12-12 18:36:07.877   623  1107 V SettingsRedirectionHandler: Receive SettingsMessage ClosedCaptions
12-12 18:36:10.318   214   244 E KernelCpuSpeedReader: Failed to read cpu-freq: /sys/devices/system/cpu/cpu0/cpufreq/stats/time_in_state: open failed: ENOENT (No such file or directory)
12-12 18:36:10.328   355   569 D EGL_emulation: app_time_stats: avg=10314.03ms min=10314.03ms max=10314.03ms count=1
12-12 18:36:23.406   623  1107 V SettingsRedirectionHandler: Receive SettingsMessage ClosedCaptions
12-12 18:36:28.306   648  1131 V ClipboardRedirectionHandler: Receive ClipboardMessage SetServerClipboardContent
12-12 18:36:28.514   623  1107 V SettingsRedirectionHandler: Receive SettingsMessage ClosedCaptions
12-12 18:36:29.912   648  1131 V ClipboardRedirectionHandler: Receive ClipboardMessage SetServerClipboardContent
12-12 18:36:29.912   648  1131 V ClipboardContentHelper: Creating new ClipData with size of: 1
12-12 18:36:30.104   623  1107 V SettingsRedirectionHandler: Receive SettingsMessage ClosedCaptions
12-12 18:36:47.883  1113  1709 I chatty  : uid=2000(shell) /apex/com.android.adbd/bin/adbd expire 3 lines
12-12 18:36:47.883  1113  1710 I chatty  : uid=2000(shell) /apex/com.android.adbd/bin/adbd expire 1 line
12-12 18:37:00.015   355   569 D EGL_emulation: app_time_stats: avg=49687.04ms min=49687.04ms max=49687.04ms count=1
12-12 18:37:00.546  1713  1715 I chatty  : uid=2000(shell) expire 1 line
12-12 18:37:00.837  1720  1720 I chatty  : uid=2000(shell) expire 48 lines
12-12 18:36:51.793   623  1107 I chatty  : uid=1000(system) ApiMessageHandl identical 19 lines
12-12 18:36:51.796   623  1107 V SettingsRedirectionHandler: Receive SettingsMessage ClosedCaptions
12-12 18:37:00.954   214   238 W BroadcastQueue: Skipping deliver [background] BroadcastRecord{d830749 u-1 android.net.conn.CONNECTIVITY_CHANGE} to ReceiverList{878884e 1720 (unknown name)/2000/u-1 remote:24c4313}: process gone or crashing
12-12 18:37:06.582   623  1107 V SettingsRedirectionHandler: Receive SettingsMessage ClosedCaptions
12-12 18:37:56.457   792   889 I chatty  : uid=10022(com.amazon.venezia) BatchTransmitte expire 14 lines
12-12 18:37:56.458   214   469 I chatty  : uid=1000(system) Binder:214_5 expire 10 lines
12-12 18:37:56.461   792  1764 I chatty  : uid=10022(com.amazon.venezia) expire 2 lines
12-12 18:38:00.018   355   569 D EGL_emulation: app_time_stats: avg=60002.23ms min=60002.23ms max=60002.23ms count=1
12-12 18:38:17.014   214   244 I chatty  : uid=1000(system) batterystats-wo expire 10 lines
12-12 18:38:17.014    31    31 I chatty  : uid=1000(system) hwservicemanage expire 10 lines
12-12 18:38:15.551   623  1107 I chatty  : uid=1000(system) ApiMessageHandl identical 141 lines
12-12 18:38:15.554   623  1107 V SettingsRedirectionHandler: Receive SettingsMessage ClosedCaptions
12-12 18:38:17.015   214   244 E KernelCpuSpeedReader: Failed to read cpu-freq: /sys/devices/system/cpu/cpu0/cpufreq/stats/time_in_state: open failed: ENOENT (No such file or directory)
12-12 18:38:17.016    46    51 I chatty  : uid=1000(system) Binder:46_2 expire 10 lines
12-12 18:38:17.022   355   569 D EGL_emulation: app_time_stats: avg=17003.71ms min=17003.71ms max=17003.71ms count=1
12-12 18:38:19.613   623  1107 V SettingsRedirectionHandler: Receive SettingsMessage ClosedCaptions
12-12 18:39:00.013   355   569 D EGL_emulation: app_time_stats: avg=42990.72ms min=42990.72ms max=42990.72ms count=1
12-12 18:38:24.645   623  1107 I chatty  : uid=1000(system) ApiMessageHandl identical 14 lines
12-12 18:38:24.658   623  1107 V SettingsRedirectionHandler: Receive SettingsMessage ClosedCaptions
12-12 18:39:28.281   623  1107 V SettingsRedirectionHandler: Receive SettingsMessage ClosedCaptions
12-12 18:39:28.290   623  1107 V SettingsRedirectionHandler: Receive SettingsMessage ClosedCaptions
12-12 18:39:28.304   648  1131 V ClipboardRedirectionHandler: Receive ClipboardMessage SetServerClipboardContent
12-12 18:39:28.436   623  1107 V SettingsRedirectionHandler: Receive SettingsMessage ClosedCaptions
12-12 18:40:00.011   355   569 D EGL_emulation: app_time_stats: avg=29998.87ms min=7.69ms max=59990.04ms count=2
12-12 18:40:13.745   623  1107 I chatty  : uid=1000(system) ApiMessageHandl identical 40 lines
12-12 18:40:13.749   623  1107 V SettingsRedirectionHandler: Receive SettingsMessage ClosedCaptions
12-12 18:40:23.465   214   244 E KernelCpuSpeedReader: Failed to read cpu-freq: /sys/devices/system/cpu/cpu0/cpufreq/stats/time_in_state: open failed: ENOENT (No such file or directory)
12-12 18:40:23.471   355   569 D EGL_emulation: app_time_stats: avg=23459.46ms min=23459.46ms max=23459.46ms count=1
12-12 18:40:35.187   449  1768 D NetworkMonitor/100: PROBE_DNS connectivitycheck.gstatic.com 7ms OK 203.208.41.98
12-12 18:40:35.188   449  1767 D NetworkMonitor/100: PROBE_DNS www.google.com 9ms OK 31.13.72.34
12-12 18:40:35.327   449  1768 D NetworkMonitor/100: PROBE_HTTP http://connectivitycheck.gstatic.com/generate_204 time=139ms ret=204 request={Connection=[close], User-Agent=[Mozilla/5.0 (X11; Linux x86_64) AppleWebKit/537.36 (KHTML, like Gecko) Chrome/60.0.3112.32 Safari/537.36]} headers={null=[HTTP/1.1 204 No Content], Connection=[close], Content-Length=[0], Date=[Sun, 12 Dec 2021 10:40:35 GMT], X-Android-Received-Millis=[1639305635326], X-Android-Response-Source=[NETWORK 204], X-Android-Selected-Protocol=[http/1.1], X-Android-Sent-Millis=[1639305635233]}
12-12 18:40:45.201   449  1767 D NetworkMonitor/100: PROBE_HTTPS https://www.google.com/generate_204 Probe failed with exception java.net.SocketTimeoutException: failed to connect to www.google.com/31.13.72.34 (port 443) from /172.17.59.9 (port 49744) after 10000ms
12-12 18:40:48.195   449  1766 D NetworkMonitor/100: PROBE_FALLBACK http://play.googleapis.com/generate_204 Probe failed with exception java.net.SocketTimeoutException: failed to connect to play.googleapis.com/142.251.42.234 (port 80) from /172.17.59.9 (port 54012) after 10000ms
12-12 18:40:48.195   449  1766 D NetworkMonitor/100: isCaptivePortal: isSuccessful()=false isPortal()=false RedirectUrl=null isPartialConnectivity()=true Time=13017ms
12-12 18:40:48.196   214   296 D ConnectivityService: [100 WIFI] validation failed
12-12 18:41:00.014   623  1107 V SettingsRedirectionHandler: Receive SettingsMessage ClosedCaptions
12-12 18:41:00.015   355   569 D EGL_emulation: app_time_stats: avg=36544.19ms min=36544.19ms max=36544.19ms count=1
12-12 18:42:00.013   355   569 D EGL_emulation: app_time_stats: avg=59998.11ms min=59998.11ms max=59998.11ms count=1
12-12 18:42:23.979   623  1107 I chatty  : uid=1000(system) ApiMessageHandl identical 51 lines
12-12 18:42:23.989   623  1107 V SettingsRedirectionHandler: Receive SettingsMessage ClosedCaptions
12-12 18:42:31.039   214   237 I UsageStatsService: User[0] Flushing usage stats to disk
12-12 18:42:33.288   623  1107 V SettingsRedirectionHandler: Receive SettingsMessage ClosedCaptions
12-12 18:42:37.256   623  1107 I chatty  : uid=1000(system) ApiMessageHandl identical 8 lines
12-12 18:42:37.266   623  1107 V SettingsRedirectionHandler: Receive SettingsMessage ClosedCaptions
12-12 18:42:40.705   214   244 E KernelCpuSpeedReader: Failed to read cpu-freq: /sys/devices/system/cpu/cpu0/cpufreq/stats/time_in_state: open failed: ENOENT (No such file or directory)
12-12 18:42:40.719   355   569 D EGL_emulation: app_time_stats: avg=40705.19ms min=40705.19ms max=40705.19ms count=1
12-12 18:42:47.388   623  1107 V SettingsRedirectionHandler: Receive SettingsMessage ClosedCaptions
12-12 18:42:56.497   792   889 I chatty  : uid=10022(com.amazon.venezia) BatchTransmitte expire 9 lines
12-12 18:42:56.501   792  1775 I chatty  : uid=10022(com.amazon.venezia) expire 2 lines
12-12 18:42:57.122   792   887 I chatty  : uid=10022(com.amazon.venezia) BatchTransmitte expire 1 line
12-12 18:42:57.129   792   888 I chatty  : uid=10022(com.amazon.venezia) BatchTransmitte expire 1 line
12-12 18:42:57.581   792   889 I chatty  : uid=10022(com.amazon.venezia) BatchTransmitte expire 13 lines
12-12 18:42:57.587   792  1775 I chatty  : uid=10022(com.amazon.venezia) expire 2 lines
12-12 18:42:57.873   792   889 I chatty  : uid=10022(com.amazon.venezia) BatchTransmitte expire 5 lines
12-12 18:43:00.016   355   569 D EGL_emulation: app_time_stats: avg=19296.43ms min=19296.43ms max=19296.43ms count=1
12-12 18:43:32.404   484   545 D EGL_emulation: app_time_stats: avg=1136.86ms min=1136.86ms max=1136.86ms count=1
12-12 18:43:32.498   484   484 W Choreographer: Frame time is 0.14678 ms in the future!  Check that graphics HAL is generating vsync timestamps using the correct timebase.
12-12 18:43:32.945   214   278 I chatty  : uid=1000(system) InputDispatcher expire 34 lines
12-12 18:43:33.511   484   545 D EGL_emulation: app_time_stats: avg=36.71ms min=3.12ms max=400.52ms count=30
12-12 18:43:33.582   484   484 W Choreographer: Frame time is 0.045121 ms in the future!  Check that graphics HAL is generating vsync timestamps using the correct timebase.
12-12 18:43:33.590   484   484 W Choreographer: Frame time is 0.159795 ms in the future!  Check that graphics HAL is generating vsync timestamps using the correct timebase.
12-12 18:43:34.257   484   484 W Choreographer: Frame time is 0.242829 ms in the future!  Check that graphics HAL is generating vsync timestamps using the correct timebase.
12-12 18:43:34.382   484   484 W Choreographer: Frame time is 0.14913 ms in the future!  Check that graphics HAL is generating vsync timestamps using the correct timebase.
12-12 18:43:34.415   484   484 W Choreographer: Frame time is 0.155364 ms in the future!  Check that graphics HAL is generating vsync timestamps using the correct timebase.
12-12 18:43:34.457   484   484 W Choreographer: Frame time is 0.061087 ms in the future!  Check that graphics HAL is generating vsync timestamps using the correct timebase.
12-12 18:43:34.473   484   484 W Choreographer: Frame time is 0.248284 ms in the future!  Check that graphics HAL is generating vsync timestamps using the correct timebase.
12-12 18:43:34.482   484   484 W Choreographer: Frame time is 0.075935 ms in the future!  Check that graphics HAL is generating vsync timestamps using the correct timebase.
12-12 18:43:34.519   484   545 D EGL_emulation: app_time_stats: avg=15.10ms min=4.87ms max=466.16ms count=66
12-12 18:43:34.940   484   484 W Choreographer: Frame time is 0.189 ms in the future!  Check that graphics HAL is generating vsync timestamps using the correct timebase.
12-12 18:43:34.965   484   484 W Choreographer: Frame time is 0.142356 ms in the future!  Check that graphics HAL is generating vsync timestamps using the correct timebase.
12-12 18:43:57.162   792   887 I chatty  : uid=10022(com.amazon.venezia) BatchTransmitte expire 2 lines
12-12 18:43:57.169   792   888 I chatty  : uid=10022(com.amazon.venezia) BatchTransmitte expire 2 lines
12-12 18:44:00.012   355   569 D EGL_emulation: app_time_stats: avg=59996.52ms min=59996.52ms max=59996.52ms count=1
12-12 18:44:49.361    31    31 I chatty  : uid=1000(system) hwservicemanage expire 10 lines
12-12 18:44:47.575   623  1107 I chatty  : uid=1000(system) ApiMessageHandl identical 53 lines
12-12 18:44:47.579   623  1107 V SettingsRedirectionHandler: Receive SettingsMessage ClosedCaptions
12-12 18:44:49.362   214   244 E KernelCpuSpeedReader: Failed to read cpu-freq: /sys/devices/system/cpu/cpu0/cpufreq/stats/time_in_state: open failed: ENOENT (No such file or directory)
12-12 18:44:49.363    46    51 I chatty  : uid=1000(system) Binder:46_2 expire 11 lines
12-12 18:44:49.385   355   569 D EGL_emulation: app_time_stats: avg=49372.50ms min=49372.50ms max=49372.50ms count=1
12-12 18:44:51.484   623  1107 V SettingsRedirectionHandler: Receive SettingsMessage ClosedCaptions
12-12 18:45:00.015   355   569 D EGL_emulation: app_time_stats: avg=10629.40ms min=10629.40ms max=10629.40ms count=1
12-12 18:45:02.438   484   545 D EGL_emulation: app_time_stats: avg=2093.12ms min=6.64ms max=87468.73ms count=42
12-12 18:45:04.084   214  1178 I chatty  : uid=1000(system) Binder:214_8 expire 19 lines
12-12 18:45:04.113   484   545 D EGL_emulation: app_time_stats: avg=1674.82ms min=1674.82ms max=1674.82ms count=1
12-12 18:45:57.243   792   887 I chatty  : uid=10022(com.amazon.venezia) BatchTransmitte expire 2 lines
12-12 18:45:57.250   792   888 I chatty  : uid=10022(com.amazon.venezia) BatchTransmitte expire 2 lines
12-12 18:46:00.013   355   569 D EGL_emulation: app_time_stats: avg=59998.09ms min=59998.09ms max=59998.09ms count=1
12-12 18:45:24.222   623  1107 I chatty  : uid=1000(system) ApiMessageHandl identical 32 lines
12-12 18:45:24.226   623  1107 V SettingsRedirectionHandler: Receive SettingsMessage ClosedCaptions
12-12 18:46:45.797   214   244 E KernelCpuSpeedReader: Failed to read cpu-freq: /sys/devices/system/cpu/cpu0/cpufreq/stats/time_in_state: open failed: ENOENT (No such file or directory)
12-12 18:46:45.808   355   569 D EGL_emulation: app_time_stats: avg=45794.96ms min=45794.96ms max=45794.96ms count=1
12-12 18:47:00.014   355   569 D EGL_emulation: app_time_stats: avg=14206.04ms min=14206.04ms max=14206.04ms count=1
12-12 18:47:10.122   214   469 I PowerManagerService: Going to sleep due to timeout (uid 1000)...
12-12 18:47:10.124   214   249 V DisplayPowerController: Brightness [0.05] reason changing to: 'manual [ dim ]', previous reason: 'manual'.
12-12 18:47:10.125   214   249 I PowerManagerService: Sleeping (uid 1000)...
12-12 18:47:10.128   355   374 D KeyguardViewMediator: onStartedGoingToSleep(3)
12-12 18:47:10.132   355   374 W Binder  : Caught a RuntimeException from the binder stub implementation.
12-12 18:47:10.132   355   374 W Binder  : java.lang.NullPointerException: Attempt to invoke virtual method 'void android.app.AlarmManager.setExactAndAllowWhileIdle(int, long, android.app.PendingIntent)' on a null object reference
12-12 18:47:10.132   355   374 W Binder  : 	at com.android.systemui.keyguard.KeyguardViewMediator.doKeyguardLaterLocked(KeyguardViewMediator.java:1016)
12-12 18:47:10.132   355   374 W Binder  : 	at com.android.systemui.keyguard.KeyguardViewMediator.onStartedGoingToSleep(KeyguardViewMediator.java:907)
12-12 18:47:10.132   355   374 W Binder  : 	at com.android.systemui.keyguard.KeyguardService$1.onStartedGoingToSleep(KeyguardService.java:122)
12-12 18:47:10.132   355   374 W Binder  : 	at com.android.internal.policy.IKeyguardService$Stub.onTransact(IKeyguardService.java:332)
12-12 18:47:10.132   355   374 W Binder  : 	at android.os.Binder.execTransactInternal(Binder.java:1159)
12-12 18:47:10.132   355   374 W Binder  : 	at android.os.Binder.execTransact(Binder.java:1123)
12-12 18:47:10.134   214   249 I chatty  : uid=1000(system) PowerManagerSer expire 20 lines
12-12 18:47:10.373   214   249 V DisplayPowerController: Brightness [0.39763778] reason changing to: 'manual', previous reason: 'manual [ dim ]'.
12-12 18:47:10.508   623  1107 V SettingsRedirectionHandler: Receive SettingsMessage NetworkStatus
12-12 18:47:10.509   623  1107 I NetworkRedirectionHandler: Found VirtWifi network.
12-12 18:47:10.534   623  1107 V SettingsRedirectionHandler: Receive SettingsMessage ClosedCaptions
12-12 18:47:10.579   623  1107 I chatty  : uid=1000(system) ApiMessageHandl identical 2 lines
12-12 18:47:10.591   623  1107 V SettingsRedirectionHandler: Receive SettingsMessage ClosedCaptions
12-12 18:47:10.828   214   249 I DisplayPowerController: Blocking screen off
12-12 18:47:10.828   214   249 I DisplayPowerController: Unblocked screen off after 0 ms
12-12 18:47:10.831   214   249 D ActivityTaskManager: Top Process State changed to PROCESS_STATE_TOP_SLEEPING
12-12 18:47:10.831   214   244 E KernelCpuSpeedReader: Failed to read cpu-freq: /sys/devices/system/cpu/cpu0/cpufreq/stats/time_in_state: open failed: ENOENT (No such file or directory)
12-12 18:47:10.832    46    51 I chatty  : uid=1000(system) Binder:46_2 expire 10 lines
12-12 18:47:10.834   355   374 D KeyguardViewMediator: notifyScreenTurnedOff
12-12 18:47:10.834   355   355 D KeyguardViewMediator: handleNotifyScreenTurnedOff
12-12 18:47:10.845   214   249 V DisplayPowerController: Brightness [-1.0] reason changing to: 'screen_off', previous reason: 'manual'.
12-12 18:47:10.845   214   232 I DisplayManagerService: Display device changed state: "内置屏幕", OFF
12-12 18:47:10.847   214   279 I chatty  : uid=1000(system) InputReader expire 11 lines
12-12 18:47:10.860   355   374 D KeyguardViewMediator: onFinishedGoingToSleep(3)
12-12 18:47:10.860   355   374 D KeyguardViewMediator: notifyFinishedGoingToSleep
12-12 18:47:10.861   355   355 D KeyguardViewMediator: handleNotifyFinishedGoingToSleep
12-12 18:47:10.862   214   214 I chatty  : uid=1000 system_server expire 8 lines
12-12 18:47:10.863   214   291 I chatty  : uid=1000(system) WifiHandlerThre expire 17 lines
12-12 18:47:12.525   623  1107 V SettingsRedirectionHandler: Receive SettingsMessage ClosedCaptions
12-12 18:47:15.181   484   504 W ndroid.setting: Reducing the number of considered missed Gc histogram windows from 148 to 100
12-12 18:47:12.539   623  1107 I chatty  : uid=1000(system) ApiMessageHandl identical 5 lines
12-12 18:47:12.541   623  1107 V SettingsRedirectionHandler: Receive SettingsMessage ClosedCaptions
12-12 18:47:15.836   214   232 W ActivityTaskManager: Sleep timeout!  Sleeping now.
12-12 18:47:20.837   214   244 E KernelCpuSpeedReader: Failed to read cpu-freq: /sys/devices/system/cpu/cpu0/cpufreq/stats/time_in_state: open failed: ENOENT (No such file or directory)
12-12 18:47:37.328   623  1107 V SettingsRedirectionHandler: Receive SettingsMessage ClosedCaptions
12-12 18:47:56.536   792   890 I chatty  : uid=10022(com.amazon.venezia) BatchTransmitte expire 1 line
12-12 18:47:56.537   792   889 I chatty  : uid=10022(com.amazon.venezia) BatchTransmitte expire 9 lines
12-12 18:47:56.538   214   469 I chatty  : uid=1000(system) Binder:214_5 expire 3 lines
12-12 18:47:56.540   792  1782 I chatty  : uid=10022(com.amazon.venezia) expire 2 lines
12-12 18:47:57.324   792   887 I chatty  : uid=10022(com.amazon.venezia) BatchTransmitte expire 1 line
12-12 18:47:57.330   792   888 I chatty  : uid=10022(com.amazon.venezia) BatchTransmitte expire 1 line
12-12 18:47:57.928   792   889 I chatty  : uid=10022(com.amazon.venezia) BatchTransmitte expire 5 lines
12-12 18:48:10.864    91    91 I power-service.windows: Power isModeSupported: 8
12-12 18:48:10.960   623  1107 I chatty  : uid=1000(system) ApiMessageHandl identical 12 lines
12-12 18:48:10.962   623  1107 V SettingsRedirectionHandler: Receive SettingsMessage ClosedCaptions
12-12 18:48:15.864   214   244 E KernelCpuSpeedReader: Failed to read cpu-freq: /sys/devices/system/cpu/cpu0/cpufreq/stats/time_in_state: open failed: ENOENT (No such file or directory)
12-12 18:48:15.865    46    51 I chatty  : uid=1000(system) Binder:46_2 expire 10 lines
12-12 18:48:39.238   623  1107 V SettingsRedirectionHandler: Receive SettingsMessage ClosedCaptions
12-12 18:48:54.502    31    31 I chatty  : uid=1000(system) hwservicemanage expire 10 lines
12-12 18:48:54.503   214   244 I chatty  : uid=1000(system) batterystats-wo expire 12 lines
12-12 18:48:42.334   623  1107 I chatty  : uid=1000(system) ApiMessageHandl identical 10 lines
12-12 18:48:42.337   623  1107 V SettingsRedirectionHandler: Receive SettingsMessage ClosedCaptions
12-12 18:48:54.504   214   244 E KernelCpuSpeedReader: Failed to read cpu-freq: /sys/devices/system/cpu/cpu0/cpufreq/stats/time_in_state: open failed: ENOENT (No such file or directory)
12-12 18:48:57.364   792   887 I chatty  : uid=10022(com.amazon.venezia) BatchTransmitte expire 1 line
12-12 18:48:57.371   792   888 I chatty  : uid=10022(com.amazon.venezia) BatchTransmitte expire 2 lines
12-12 18:49:02.334   623  1107 V SettingsRedirectionHandler: Receive SettingsMessage ClosedCaptions
12-12 18:49:05.354   623  1107 I chatty  : uid=1000(system) ApiMessageHandl identical 22 lines
12-12 18:49:05.357   623  1107 V SettingsRedirectionHandler: Receive SettingsMessage ClosedCaptions
12-12 18:49:07.436   648  1131 V ClipboardRedirectionHandler: Receive ClipboardMessage SetServerClipboardContent
12-12 18:49:07.436   648  1131 V ClipboardContentHelper: Creating new ClipData with size of: 1
12-12 18:49:07.639   623  1107 V SettingsRedirectionHandler: Receive SettingsMessage ClosedCaptions
12-12 18:49:27.651  1785  1785 I chatty  : uid=2000(shell) abb expire 3 lines
12-12 18:49:27.653  1785  1790 I chatty  : uid=2000(shell) Binder:1785_2 expire 2 lines
12-12 18:49:43.437   623  1107 I chatty  : uid=1000(system) ApiMessageHandl identical 49 lines
12-12 18:49:43.440   623  1107 V SettingsRedirectionHandler: Receive SettingsMessage ClosedCaptions
12-12 18:49:45.580   648  1131 V ClipboardRedirectionHandler: Receive ClipboardMessage SetServerClipboardContent
12-12 18:49:45.580   648  1131 V ClipboardContentHelper: Creating new ClipData with size of: 1
12-12 18:49:45.785   623  1107 V SettingsRedirectionHandler: Receive SettingsMessage ClosedCaptions
12-12 18:49:57.404   792   887 I chatty  : uid=10022(com.amazon.venezia) BatchTransmitte expire 1 line
12-12 18:49:49.862   623  1107 I chatty  : uid=1000(system) ApiMessageHandl identical 9 lines
12-12 18:49:49.865   623  1107 V SettingsRedirectionHandler: Receive SettingsMessage ClosedCaptions
12-12 18:49:59.015   214   282 W RuleEvaluation: Integrity rule files are not available.
12-12 18:49:59.016   214   254 I PackageManager: Integrity check passed for file:///data/app/vmdl2036758073.tmp
12-12 18:49:59.057   214   254 D CompatibilityChangeReporter: Compat change id reported: 133396946; UID -1; state: DISABLED
12-12 18:49:59.058   214   254 D CompatibilityChangeReporter: Compat change id reported: 135549675; UID 10036; state: DISABLED
12-12 18:49:59.081   214   229 V StorageManagerService: Package null does not have legacy storage
12-12 18:49:59.082   616   659 I MediaProvider: Invalidating LocalCallingIdentity cache for package com.eivaagames.RealChess3D.dbzq.m. Reason: op android:read_external_storage
12-12 18:49:59.083   616   659 I chatty  : uid=10033(com.android.providers.media.module) Binder:616_2 identical 2 lines
12-12 18:49:59.083   616   659 I MediaProvider: Invalidating LocalCallingIdentity cache for package com.eivaagames.RealChess3D.dbzq.m. Reason: op android:read_external_storage
12-12 18:49:59.086   214   254 I chatty  : uid=1000(system) PackageManager expire 4 lines
12-12 18:49:59.088   130   268 V installd: DexInv: --- BEGIN '/data/app/~~s5yyQPzqnGrB7SM8eD_MFw==/com.eivaagames.RealChess3D.dbzq.m-HFNQ8p89hf32j3uXQ0kgNA==/base.apk' ---
12-12 18:49:59.112  1796  1796 W dex2oat32: Unexpected CPU variant for X86 using defaults: x86_64
12-12 18:49:59.113  1796  1796 W dex2oat32: Mismatch between dex2oat instruction set features to use (ISA: X86 Feature string: -ssse3,-sse4.1,-sse4.2,-avx,-avx2,-popcnt) and those from CPP defines (ISA: X86 Feature string: ssse3,sse4.1,sse4.2,-avx,-avx2,popcnt) for the command line:
12-12 18:49:59.113  1796  1796 W dex2oat32: /apex/com.android.art/bin/dex2oat32 --zip-fd=7 --zip-location=base.apk --input-vdex-fd=-1 --output-vdex-fd=9 --oat-fd=8 --oat-location=/data/app/~~s5yyQPzqnGrB7SM8eD_MFw==/com.eivaagames.RealChess3D.dbzq.m-HFNQ8p89hf32j3uXQ0kgNA==/oat/x86/base.odex --instruction-set=x86 --instruction-set-variant=x86_64 --instruction-set-features=default --runtime-arg -Xbootclasspath:/apex/com.android.art/javalib/core-oj.jar:/apex/com.android.art/javalib/core-libart.jar:/apex/com.android.art/javalib/core-icu4j.jar:/apex/com.android.art/javalib/okhttp.jar:/apex/com.android.art/javalib/bouncycastle.jar:/apex/com.android.art/javalib/apache-xml.jar:/system/framework/framework.jar:/system/framework/ext.jar:/system/framework/telephony-common.jar:/system/framework/voip-common.jar:/system/framework/ims-common.jar:/system/framework/framework-atb-backward-compatibility.jar --runtime-arg -Xms64m --runtime-arg -Xmx512m --updatable-bcp-packages-file=/system/etc/updatable-bcp-packages.txt --resolve-startup-const-strings=true --max-image-block-size=524288 --compiler-filter=speed-profile --swap-fd=10 --classpath-dir=/data/app/~~s5yyQPzqnGrB7SM8eD_MFw==/com.eivaagames.RealChess3D.dbzq.m-HFNQ8p89hf32j3uXQ0kgNA== --class-loader-context=PCL[]{PCL[/system/framework/android.test.base.jar]} --generate-mini-debug-info --compact-dex-level=none --runtime-arg -Xtarget-sdk-version:28 --runtime-arg -Xhidden-api-policy:enabled --compilation-reason=install
12-12 18:49:59.114  1796  1796 I dex2oat32: /apex/com.android.art/bin/dex2oat32 --input-vdex-fd=-1 --output-vdex-fd=9 --updatable-bcp-packages-file=/system/etc/updatable-bcp-packages.txt --resolve-startup-const-strings=true --max-image-block-size=524288 --compiler-filter=speed-profile --classpath-dir=/data/app/~~s5yyQPzqnGrB7SM8eD_MFw==/com.eivaagames.RealChess3D.dbzq.m-HFNQ8p89hf32j3uXQ0kgNA== --class-loader-context=PCL[]{PCL[/system/framework/android.test.base.jar]} --generate-mini-debug-info --compact-dex-level=none --compilation-reason=install
12-12 18:49:59.116  1796  1796 I dex2oat32: setting boot class path to /apex/com.android.art/javalib/core-oj.jar:/apex/com.android.art/javalib/core-libart.jar:/apex/com.android.art/javalib/core-icu4j.jar:/apex/com.android.art/javalib/okhttp.jar:/apex/com.android.art/javalib/bouncycastle.jar:/apex/com.android.art/javalib/apache-xml.jar:/system/framework/framework.jar:/system/framework/ext.jar:/system/framework/telephony-common.jar:/system/framework/voip-common.jar:/system/framework/ims-common.jar:/system/framework/framework-atb-backward-compatibility.jar
12-12 18:49:59.206  1796  1796 I dex2oat32: dex2oat took 100.412ms (87.458ms cpu) (threads: 16) arena alloc=11KB (11576B) java alloc=144KB (147568B) native alloc=737KB (755360B) free=1623KB (1661968B)
12-12 18:49:59.208   130   268 V installd: DexInv: --- END '/data/app/~~s5yyQPzqnGrB7SM8eD_MFw==/com.eivaagames.RealChess3D.dbzq.m-HFNQ8p89hf32j3uXQ0kgNA==/base.apk' (success) ---
12-12 18:49:59.209   214   254 E PackageManager: Backup Manager not found!
12-12 18:49:59.212   214   229 V StorageManagerService: Package null has legacy storage
12-12 18:49:59.212   616   659 I MediaProvider: Invalidating LocalCallingIdentity cache for package com.eivaagames.RealChess3D.dbzq.m. Reason: op android:read_external_storage
12-12 18:49:59.213   130   268 E installd: Couldn't opendir /data/app/vmdl2036758073.tmp: No such file or directory
12-12 18:49:59.213   130   268 E installd: Failed to delete /data/app/vmdl2036758073.tmp: No such file or directory
12-12 18:49:59.214  1785  1795 I chatty  : uid=2000(shell) Binder:1785_3 expire 1 line
12-12 18:49:59.215   616   616 I MediaProvider: Invalidating LocalCallingIdentity cache for package com.eivaagames.RealChess3D.dbzq.m. Reason: package android.intent.action.PACKAGE_ADDED
12-12 18:49:59.217   214   229 I RoleManagerService: Granting default roles...
12-12 18:49:59.218   983  1814 E BackupHelper: Could not parse delayed permissions
12-12 18:49:59.218   983  1814 E BackupHelper: java.io.FileNotFoundException: /data/user_de/0/com.android.permissioncontroller/files/delayed_restore_permissions.xml: open failed: ENOENT (No such file or directory)
12-12 18:49:59.218   983  1814 E BackupHelper: 	at libcore.io.IoBridge.open(IoBridge.java:492)
12-12 18:49:59.218   983  1814 E BackupHelper: 	at java.io.FileInputStream.<init>(FileInputStream.java:160)
12-12 18:49:59.218   983  1814 E BackupHelper: 	at android.app.ContextImpl.openFileInput(ContextImpl.java:636)
12-12 18:49:59.218   983  1814 E BackupHelper: 	at com.android.permissioncontroller.permission.service.BackupHelper.restoreDelayedState(BackupHelper.java:338)
12-12 18:49:59.218   983  1814 E BackupHelper: 	at com.android.permissioncontroller.permission.service.PermissionControllerServiceImpl.onRestoreDelayedRuntimePermissionsBackup(PermissionControllerServiceImpl.java:413)
12-12 18:49:59.218   983  1814 E BackupHelper: 	at com.android.permissioncontroller.permission.service.PermissionControllerServiceImpl.lambda$onApplyStagedRuntimePermissionBackup$4(PermissionControllerServiceImpl.java:407)
12-12 18:49:59.218   983  1814 E BackupHelper: 	at com.android.permissioncontroller.permission.service.PermissionControllerServiceImpl.lambda$onApplyStagedRuntimePermissionBackup$4$PermissionControllerServiceImpl(Unknown Source:0)
12-12 18:49:59.218   983  1814 E BackupHelper: 	at com.android.permissioncontroller.permission.service.-$$Lambda$PermissionControllerServiceImpl$mE7NqZpMEJTKa_y63m6czFzewlg.run(Unknown Source:8)
12-12 18:49:59.218   983  1814 E BackupHelper: 	at android.os.AsyncTask$SerialExecutor$1.run(AsyncTask.java:305)
12-12 18:49:59.218   983  1814 E BackupHelper: 	at java.util.concurrent.ThreadPoolExecutor.runWorker(ThreadPoolExecutor.java:1167)
12-12 18:49:59.218   983  1814 E BackupHelper: 	at java.util.concurrent.ThreadPoolExecutor$Worker.run(ThreadPoolExecutor.java:641)
12-12 18:49:59.218   983  1814 E BackupHelper: 	at java.lang.Thread.run(Thread.java:923)
12-12 18:49:59.218   983  1814 E BackupHelper: Caused by: android.system.ErrnoException: open failed: ENOENT (No such file or directory)
12-12 18:49:59.218   983  1814 E BackupHelper: 	at libcore.io.Linux.open(Native Method)
12-12 18:49:59.218   983  1814 E BackupHelper: 	at libcore.io.ForwardingOs.open(ForwardingOs.java:166)
12-12 18:49:59.218   983  1814 E BackupHelper: 	at libcore.io.BlockGuardOs.open(BlockGuardOs.java:254)
12-12 18:49:59.218   983  1814 E BackupHelper: 	at libcore.io.ForwardingOs.open(ForwardingOs.java:166)
12-12 18:49:59.218   983  1814 E BackupHelper: 	at android.app.ActivityThread$AndroidOs.open(ActivityThread.java:7550)
12-12 18:49:59.218   983  1814 E BackupHelper: 	at libcore.io.IoBridge.open(IoBridge.java:478)
12-12 18:49:59.218   983  1814 E BackupHelper: 	... 11 more
12-12 18:49:59.219   214   238 W BroadcastQueue: Background execution not allowed: receiving Intent { act=android.intent.action.PACKAGE_ADDED dat=package:com.eivaagames.RealChess3D.dbzq.m flg=0x4000010 (has extras) } to com.amazon.venezia/com.amazon.mas.client.locker.receiver.LockerSystemEventsBroadcastReceiver
12-12 18:49:59.221   214   238 W BroadcastQueue: Background execution not allowed: receiving Intent { act=android.intent.action.PACKAGE_ADDED dat=package:com.eivaagames.RealChess3D.dbzq.m flg=0x4000010 (has extras) } to com.android.packageinstaller/.PackageInstalledReceiver
12-12 18:49:59.221   214   238 W BroadcastQueue: Background execution not allowed: receiving Intent { act=android.intent.action.PACKAGE_ADDED dat=package:com.eivaagames.RealChess3D.dbzq.m flg=0x4000010 (has extras) } to com.amazon.venezia/com.amazon.mas.client.appupdateservice.PackageStateReceiver
12-12 18:49:59.221   214   238 W BroadcastQueue: Background execution not allowed: receiving Intent { act=android.intent.action.PACKAGE_ADDED dat=package:com.eivaagames.RealChess3D.dbzq.m flg=0x4000010 (has extras) } to com.amazon.venezia/com.amazon.mas.client.install.background.AndroidPackageBroadcastReceiver
12-12 18:49:59.221   214   238 W BroadcastQueue: Background execution not allowed: receiving Intent { act=android.intent.action.PACKAGE_ADDED dat=package:com.eivaagames.RealChess3D.dbzq.m flg=0x4000010 (has extras) } to com.android.gallery3d/.app.PackagesMonitor
12-12 18:49:59.223   214   237 W TextServicesManagerService: no available spell checker services found
12-12 18:49:59.226   983  1001 I PermissionControllerServiceImpl: Updating user sensitive for uid 10036
12-12 18:49:59.227   214   237 W VoiceInteractionManager: no available voice recognition services found for user 0
12-12 18:49:59.230   983  1815 W Role    : Cannot get ApplicationInfo for default holder: com.android.messaging
12-12 18:49:59.262   983  1815 W Role    : Cannot get ApplicationInfo for default holder: com.android.dialer
12-12 18:49:59.744   623  1107 V SettingsRedirectionHandler: Receive SettingsMessage ClosedCaptions
12-12 18:50:02.952   623  1107 I chatty  : uid=1000(system) ApiMessageHandl identical 12 lines
12-12 18:50:02.956   623  1107 V SettingsRedirectionHandler: Receive SettingsMessage ClosedCaptions
12-12 18:50:02.957   214   375 I PowerManagerService: Waking up from Asleep (uid=1000, reason=WAKE_REASON_APPLICATION, details=ShellRedirectionHandler)...
12-12 18:50:02.958   214   227 D ActivityTaskManager: Top Process State changed to PROCESS_STATE_TOP
12-12 18:50:02.959    46    51 I chatty  : uid=1000(system) Binder:46_2 expire 12 lines
12-12 18:50:02.960   214   249 I DisplayPowerController: Blocking screen on until initial contents have been drawn.
12-12 18:50:02.960   214   244 E KernelCpuSpeedReader: Failed to read cpu-freq: /sys/devices/system/cpu/cpu0/cpufreq/stats/time_in_state: open failed: ENOENT (No such file or directory)
12-12 18:50:02.962   355   374 D KeyguardViewMediator: notifyScreenOn
12-12 18:50:02.962   355   355 D KeyguardViewMediator: handleNotifyScreenTurningOn
12-12 18:50:02.963   214   249 V DisplayPowerController: Brightness [0.39763778] reason changing to: 'manual', previous reason: 'screen_off'.
12-12 18:50:02.963   101   101 D SurfaceFlinger: Setting power mode 2 on display 0
12-12 18:50:02.964   101   101 D SurfaceFlinger: Finished setting power mode 2 on display 0
12-12 18:50:02.964   355   570 D KeyguardViewMediator: onStartedWakingUp, seq = 2
12-12 18:50:02.964   355   570 D KeyguardViewMediator: notifyStartedWakingUp
12-12 18:50:02.964   355   355 D KeyguardViewMediator: handleNotifyWakingUp
12-12 18:50:02.965   214   249 I DisplayPowerController: Unblocked screen on after 6 ms
12-12 18:50:02.966   355   374 D KeyguardViewMediator: notifyScreenTurnedOn
12-12 18:50:02.966   355   355 D KeyguardViewMediator: handleNotifyScreenTurnedOn
12-12 18:50:02.966   214   232 I DisplayManagerService: Display device changed state: "内置屏幕", ON
12-12 18:50:02.967   214   232 I chatty  : uid=1000(system) android.display expire 12 lines
12-12 18:50:03.000   355   569 D EGL_emulation: app_time_stats: avg=182985.67ms min=182985.67ms max=182985.67ms count=1
12-12 18:50:03.018   484  1819 D SettingsActivity: Enabled state changed for some tiles, reloading all categories {com.android.settings/com.android.settings.Settings$DevelopmentSettingsDashboardActivity},
12-12 18:50:03.077   623  1107 V SettingsRedirectionHandler: Receive SettingsMessage ClosedCaptions
12-12 18:50:03.087   484   484 D AbstractBtDlgCtr: Unable to get current config index. Current codec Config is null.
12-12 18:50:03.094   484   484 I chatty  : uid=1000(system) com.android.settings identical 3 lines
12-12 18:50:03.095   484   484 D AbstractBtDlgCtr: Unable to get current config index. Current codec Config is null.
12-12 18:50:03.095   484   484 W Settings: Setting bugreport_in_power_menu has moved from android.provider.Settings.Secure to android.provider.Settings.Global.
12-12 18:50:03.094   623  1107 V SettingsRedirectionHandler: Receive SettingsMessage ClosedCaptions
12-12 18:50:03.097   214  1178 I ProcessStatsService: Added stats: 2021-12-12-17-09-23, over +40m44s570ms
12-12 18:50:03.098   214  1178 I ProcessStatsService: Added stats: 2021-12-12-12-35-53, over +3h4m20s165ms
12-12 18:50:03.100   484  1172 E ndroid.setting: Can't find memory status under: /sys/block/zram0/
12-12 18:50:03.101   484  1172 W ProcStatsManager: No process com.amazon.venezia/10022 for service com.amazon.android.service.ScheduleAlarmsService
12-12 18:50:03.101   484  1172 W ProcStatsManager: No process com.amazon.venezia/10022 for service com.amazon.mcc.crashreporter.android.CrashReportJobService
12-12 18:50:03.101   484  1172 W ProcStatsManager: No process com.amazon.venezia/10022 for service com.amazon.mas.client.appupdateservice.util.PackageAvailabilityJobService
12-12 18:50:03.101   484  1172 W ProcStatsManager: No process com.amazon.venezia/10022 for service com.amazon.mas.client.engagement.periodic.job.EngagementEventJobService
12-12 18:50:03.101   484  1172 W ProcStatsManager: No process com.amazon.venezia/10022 for service com.amazon.venezia.dex.DexService
12-12 18:50:03.101   484  1172 W ProcStatsManager: No process com.amazon.venezia/10022 for service com.amazon.mas.client.selfupdate.SelfUpdateService
12-12 18:50:03.101   484  1172 W ProcStatsManager: No process com.android.printspooler/10014 for service com.android.printspooler.model.PrintSpoolerService
12-12 18:50:03.101   484  1172 W ProcStatsManager: No process com.amazon.device.messaging/10020 for service com.amazon.device.messaging.OdotService
