12-13 15:22:00.587   602   602 D vold_prepare_subdirs: Setting up mode 700 uid 1000 gid 1000 context u:object_r:face_vendor_data_file:s0 on path: /data/vendor_ce/0/facedata
12-13 15:22:00.588   214   232 V UserDataPreparer: Found /data/user/0 with serial number 0
12-13 15:22:00.588   214   232 V UserDataPreparer: Found /data/system_ce/0 with serial number 0
12-13 15:22:00.588   214   232 D UserDataPreparer: Setting property: sys.user.0.ce_available=true
12-13 15:22:00.588   214   232 V PackageManager: reconcileAppsData for null u0 0x2 migrateAppData=false
12-13 15:22:00.591   585   585 D nativeloader: classloader namespace configured for unbundled product apk. library_path=/product/app/talkback/lib/x86_64:/product/lib64:/system/product/lib64
12-13 15:22:00.595   585   585 D NetworkSecurityConfig: No Network Security Config specified, using platform default
12-13 15:22:00.604   214   232 V PackageManager: reconcileAppsData finished 55 packages
12-13 15:22:00.604   214   232 I ActivityManager: User 0 state changed from RUNNING_LOCKED to RUNNING_UNLOCKING
12-13 15:22:00.680   214   232 D ActivityManager: Unlocking user 0 progress 20
12-13 15:22:00.680   214   232 W Looper  : Slow dispatch took 115ms android.fg h=android.os.Handler c=com.android.server.am.-$$Lambda$UserController$stQk1028ON105v_u-VMykVjcxLk@1ea04a0 m=0
12-13 15:22:00.680   214   241 I SystemServerTimingAsync: ssm.UnlockingUser-0
12-13 15:22:00.681   214   241 I SystemServiceManager: Calling onUnlockingUser 0
12-13 15:22:00.681   214   241 I SystemServerTimingAsync: ssm.onUnlockingUser-0_com.android.server.security.FileIntegrityService
12-13 15:22:00.681   214   241 I SystemServerTimingAsync: ssm.onUnlockingUser-0_com.android.server.pm.Installer
12-13 15:22:00.681   214   241 I SystemServerTimingAsync: ssm.onUnlockingUser-0_com.android.server.os.DeviceIdentifiersPolicyService
12-13 15:22:00.681   214   241 I SystemServerTimingAsync: ssm.onUnlockingUser-0_com.android.server.uri.UriGrantsManagerService$Lifecycle
12-13 15:22:00.681   214   241 I SystemServerTimingAsync: ssm.onUnlockingUser-0_com.android.server.wm.ActivityTaskManagerService$Lifecycle
12-13 15:22:00.681   214   241 I LaunchParamsPersister: Didn't find launch param folder for user 0
12-13 15:22:00.681   214   241 I SystemServerTimingAsync: ssm.onUnlockingUser-0_com.android.server.am.ActivityManagerService$Lifecycle
12-13 15:22:00.681   214   241 I SystemServerTimingAsync: ssm.onUnlockingUser-0_com.android.server.pm.DataLoaderManagerService
12-13 15:22:00.681   214   241 I SystemServerTimingAsync: ssm.onUnlockingUser-0_com.android.server.power.PowerManagerService
12-13 15:22:00.681   214   241 I SystemServerTimingAsync: ssm.onUnlockingUser-0_com.android.server.power.ThermalManagerService
12-13 15:22:00.681   214   241 I SystemServerTimingAsync: ssm.onUnlockingUser-0_com.android.server.recoverysystem.RecoverySystemService$Lifecycle
12-13 15:22:00.681   214   241 I SystemServerTimingAsync: ssm.onUnlockingUser-0_com.android.server.lights.LightsService
12-13 15:22:00.681   214   241 I SystemServerTimingAsync: ssm.onUnlockingUser-0_com.android.server.display.DisplayManagerService
12-13 15:22:00.681   214   241 I SystemServerTimingAsync: ssm.onUnlockingUser-0_com.android.server.pm.UserManagerService$LifeCycle
12-13 15:22:00.681   214   241 I SystemServerTimingAsync: ssm.onUnlockingUser-0_com.android.server.om.OverlayManagerService
12-13 15:22:00.681   214   241 I SystemServerTimingAsync: ssm.onUnlockingUser-0_com.android.server.SensorPrivacyService
12-13 15:22:00.681   214   241 I SystemServerTimingAsync: ssm.onUnlockingUser-0_com.android.server.SystemConfigService
12-13 15:22:00.681   214   241 I SystemServerTimingAsync: ssm.onUnlockingUser-0_com.android.server.BatteryService
12-13 15:22:00.681   214   241 I SystemServerTimingAsync: ssm.onUnlockingUser-0_com.android.server.usage.UsageStatsService
12-13 15:22:00.681   214   241 I SystemServerTimingAsync: ssm.onUnlockingUser-0_com.android.server.webkit.WebViewUpdateService
12-13 15:22:00.681   214   241 I SystemServerTimingAsync: ssm.onUnlockingUser-0_com.android.server.CachedDeviceStateService
12-13 15:22:00.681   214   241 I SystemServerTimingAsync: ssm.onUnlockingUser-0_com.android.server.BinderCallsStatsService$LifeCycle
12-13 15:22:00.681   214   241 I SystemServerTimingAsync: ssm.onUnlockingUser-0_com.android.server.LooperStatsService$Lifecycle
12-13 15:22:00.681   214   241 I SystemServerTimingAsync: ssm.onUnlockingUser-0_com.android.server.rollback.RollbackManagerService
12-13 15:22:00.681   214   241 I SystemServerTimingAsync: ssm.onUnlockingUser-0_com.android.server.os.BugreportManagerService
12-13 15:22:00.681   214   241 I SystemServerTimingAsync: ssm.onUnlockingUser-0_com.android.server.gpu.GpuService
12-13 15:22:00.681   214   241 I SystemServerTimingAsync: ssm.onUnlockingUser-0_com.android.server.security.KeyChainSystemService
12-13 15:22:00.681   214   241 I SystemServerTimingAsync: ssm.onUnlockingUser-0_com.android.server.telecom.TelecomLoaderService
12-13 15:22:00.681   214   241 I SystemServerTimingAsync: ssm.onUnlockingUser-0_com.android.server.accounts.AccountManagerService$Lifecycle
12-13 15:22:00.681   214   241 I SystemServerTimingAsync: ssm.onUnlockingUser-0_com.android.server.content.ContentService$Lifecycle
12-13 15:22:00.681   214   241 I SystemServerTimingAsync: ssm.onUnlockingUser-0_com.android.server.DropBoxManagerService
12-13 15:22:00.681   214   241 I SystemServerTimingAsync: ssm.onUnlockingUser-0_com.android.server.AlarmManagerService
12-13 15:22:00.681   214   241 I SystemServerTimingAsync: ssm.onUnlockingUser-0_com.android.server.connectivity.IpConnectivityMetrics
12-13 15:22:00.681   214   241 I SystemServerTimingAsync: ssm.onUnlockingUser-0_com.android.server.net.watchlist.NetworkWatchlistService$Lifecycle
12-13 15:22:00.681   214   241 I SystemServerTimingAsync: ssm.onUnlockingUser-0_com.android.server.PinnerService
12-13 15:22:00.681   214   241 I SystemServerTimingAsync: ssm.onUnlockingUser-0_com.google.android.startop.iorap.IorapForwardingService
12-13 15:22:00.681   214   241 I SystemServerTimingAsync: ssm.onUnlockingUser-0_com.android.server.integrity.AppIntegrityManagerService
12-13 15:22:00.681   214   241 I SystemServerTimingAsync: ssm.onUnlockingUser-0_com.android.server.inputmethod.InputMethodManagerService$Lifecycle
12-13 15:22:00.681   214   241 I SystemServerTimingAsync: ssm.onUnlockingUser-0_com.android.server.accessibility.AccessibilityManagerService$Lifecycle
12-13 15:22:00.682   214   241 I SystemServerTimingAsync: ssm.onUnlockingUser-0_com.android.server.StorageManagerService$Lifecycle
12-13 15:22:00.682   214   241 D StorageManagerService: onUnlockUser 0
12-13 15:22:00.682   214   241 I StorageSessionController: On user unlock 0
12-13 15:22:00.682   214   241 I StorageSessionController: Initialialising...
12-13 15:22:00.595   585   585 D NetworkSecurityConfig: No Network Security Config specified, using platform default
12-13 15:22:00.682    37    37 I vold    : onUserStarted: 0
12-13 15:22:00.682   214   567 V StorageManagerService: Found primary storage at VolumeInfo{emulated;0}:
12-13 15:22:00.682   214   567 V StorageManagerService:     type=EMULATED diskId=null partGuid= mountFlags=0 mountUserId=0 
12-13 15:22:00.682   214   567 V StorageManagerService:     state=UNMOUNTED 
12-13 15:22:00.682   214   567 V StorageManagerService:     fsType=null fsUuid=null fsLabel=null 
12-13 15:22:00.682   214   567 V StorageManagerService:     path=null internalPath=null 
12-13 15:22:00.682   214   283 I StorageManagerService: Mounting volume VolumeInfo{emulated;0}:
12-13 15:22:00.682   214   283 I StorageManagerService:     type=EMULATED diskId=null partGuid= mountFlags=PRIMARY|VISIBLE 
12-13 15:22:00.682   214   283 I StorageManagerService:     mountUserId=0 state=UNMOUNTED 
12-13 15:22:00.682   214   283 I StorageManagerService:     fsType=null fsUuid=null fsLabel=null 
12-13 15:22:00.682   214   283 I StorageManagerService:     path=null internalPath=null 
12-13 15:22:00.683   214   240 D CountryDetector: Using custom country detector class: com.android.server.location.ComprehensiveCountryDetector
12-13 15:22:00.683    37    37 I vold    : Mounting emulated fuse volume
12-13 15:22:00.685   214   241 I SystemServerTimingAsync: ssm.onUnlockingUser-0_com.android.server.usage.StorageStatsService$Lifecycle
12-13 15:22:00.685   214   241 I SystemServerTimingAsync: ssm.onUnlockingUser-0_com.android.server.UiModeManagerService
12-13 15:22:00.685   214   241 I SystemServerTimingAsync: ssm.onUnlockingUser-0_com.android.server.locksettings.LockSettingsService$Lifecycle
12-13 15:22:00.685   214   241 I SystemServerTimingAsync: ssm.onUnlockingUser-0_com.android.server.testharness.TestHarnessModeService
12-13 15:22:00.685   214   241 I SystemServerTimingAsync: ssm.onUnlockingUser-0_com.android.server.DeviceIdleController
12-13 15:22:00.685   214   241 I SystemServerTimingAsync: ssm.onUnlockingUser-0_com.android.server.devicepolicy.DevicePolicyManagerService$Lifecycle
12-13 15:22:00.685   214   241 I SystemServerTimingAsync: ssm.onUnlockingUser-0_com.android.server.textservices.TextServicesManagerService$Lifecycle
12-13 15:22:00.685   214   241 W TextServicesManagerService: no available spell checker services found
12-13 15:22:00.685   214   241 I SystemServerTimingAsync: ssm.onUnlockingUser-0_com.android.server.textclassifier.TextClassificationManagerService$Lifecycle
12-13 15:22:00.685   214   241 I SystemServerTimingAsync: ssm.onUnlockingUser-0_com.android.server.NetworkScoreService$Lifecycle
12-13 15:22:00.685   214   241 I SystemServerTimingAsync: ssm.onUnlockingUser-0_com.android.server.wifi.WifiService
12-13 15:22:00.685   214   241 I chatty  : uid=1000(system) ActivityManager expire 1 line
12-13 15:22:00.685    37    37 I vold    : Bind mounting /data/media to /mnt/pass_through/0/emulated
12-13 15:22:00.685   214   241 I SystemServerTimingAsync: ssm.onUnlockingUser-0_com.android.server.wifi.scanner.WifiScanningService
12-13 15:22:00.685   214   241 I SystemServerTimingAsync: ssm.onUnlockingUser-0_com.android.server.ethernet.EthernetService
12-13 15:22:00.685   214   241 I SystemServerTimingAsync: ssm.onUnlockingUser-0_com.android.server.notification.NotificationManagerService
12-13 15:22:00.685   214   241 I SystemServerTimingAsync: ssm.onUnlockingUser-0_com.android.server.storage.DeviceStorageMonitorService
12-13 15:22:00.685   214   241 I SystemServerTimingAsync: ssm.onUnlockingUser-0_com.android.server.location.LocationManagerService$Lifecycle
12-13 15:22:00.685   214   241 I SystemServerTimingAsync: ssm.onUnlockingUser-0_com.android.server.timedetector.TimeDetectorService$Lifecycle
12-13 15:22:00.685   214   241 I SystemServerTimingAsync: ssm.onUnlockingUser-0_com.android.server.timezonedetector.TimeZoneDetectorService$Lifecycle
12-13 15:22:00.685   214   241 I SystemServerTimingAsync: ssm.onUnlockingUser-0_com.android.server.search.SearchManagerService$Lifecycle
12-13 15:22:00.685   214   214 I NotificationHistory: Attempted to unlock gone/disabled user 0
12-13 15:22:00.685   214   241 I SystemServerTimingAsync: ssm.onUnlockingUser-0_com.android.server.audio.AudioService$Lifecycle
12-13 15:22:00.685   214   241 I SystemServerTimingAsync: ssm.onUnlockingUser-0_com.android.server.soundtrigger_middleware.SoundTriggerMiddlewareService$Lifecycle
12-13 15:22:00.685   214   241 I SystemServerTimingAsync: ssm.onUnlockingUser-0_com.android.server.DockObserver
12-13 15:22:00.685   214   241 I SystemServerTimingAsync: ssm.onUnlockingUser-0_com.android.server.adb.AdbService$Lifecycle
12-13 15:22:00.685   214   241 I SystemServerTimingAsync: ssm.onUnlockingUser-0_com.android.server.twilight.TwilightService
12-13 15:22:00.685   214   241 I SystemServerTimingAsync: ssm.onUnlockingUser-0_com.android.server.display.color.ColorDisplayService
12-13 15:22:00.685   214   241 I SystemServerTimingAsync: ssm.onUnlockingUser-0_com.android.server.job.JobSchedulerService
12-13 15:22:00.685   214   241 I SystemServerTimingAsync: ssm.onUnlockingUser-0_com.android.server.soundtrigger.SoundTriggerService
12-13 15:22:00.685   214   241 I SystemServerTimingAsync: ssm.onUnlockingUser-0_com.android.server.trust.TrustManagerService
12-13 15:22:00.685   214   241 I SystemServerTimingAsync: ssm.onUnlockingUser-0_com.android.server.appwidget.AppWidgetService
12-13 15:22:00.685   214   241 I SystemServerTimingAsync: ssm.onUnlockingUser-0_com.android.server.role.RoleManagerService
12-13 15:22:00.685   214   241 I SystemServerTimingAsync: ssm.onUnlockingUser-0_com.android.server.voiceinteraction.VoiceInteractionManagerService
12-13 15:22:00.685   214   283 I StorageSessionController: On volume mount VolumeInfo{emulated;0}:
12-13 15:22:00.685   214   283 I StorageSessionController:     type=EMULATED diskId=null partGuid= mountFlags=PRIMARY|VISIBLE 
12-13 15:22:00.685   214   283 I StorageSessionController:     mountUserId=0 state=CHECKING 
12-13 15:22:00.685   214   283 I StorageSessionController:     fsType=null fsUuid=null fsLabel=null 
12-13 15:22:00.685   214   283 I StorageSessionController:     path=/storage/emulated internalPath=/data/media 
12-13 15:22:00.685   214   241 W VoiceInteractionManager: no available voice recognition services found for user 0
12-13 15:22:00.686   214   283 I StorageSessionController: Creating connection for user: 0
12-13 15:22:00.686   214   241 I SystemServerTimingAsync: ssm.onUnlockingUser-0_com.android.server.GestureLauncherService
12-13 15:22:00.686   214   241 I SystemServerTimingAsync: ssm.onUnlockingUser-0_com.android.server.SensorNotificationService
12-13 15:22:00.686   214   241 I SystemServerTimingAsync: ssm.onUnlockingUser-0_com.android.server.emergency.EmergencyAffordanceService
12-13 15:22:00.686   214   241 I SystemServerTimingAsync: ssm.onUnlockingUser-0_com.android.server.dreams.DreamManagerService
12-13 15:22:00.686   214   241 I SystemServerTimingAsync: ssm.onUnlockingUser-0_com.android.server.print.PrintManagerService
12-13 15:22:00.686   214   241 I SystemServerTimingAsync: ssm.onUnlockingUser-0_com.android.server.restrictions.RestrictionsManagerService
12-13 15:22:00.686   214   241 I SystemServerTimingAsync: ssm.onUnlockingUser-0_com.android.server.media.MediaSessionService
12-13 15:22:00.686   214   241 I SystemServerTimingAsync: ssm.onUnlockingUser-0_com.android.server.blob.BlobStoreManagerService
12-13 15:22:00.686   214   241 I SystemServerTimingAsync: ssm.onUnlockingUser-0_com.android.server.biometrics.BiometricService
12-13 15:22:00.686   214   241 I SystemServerTimingAsync: ssm.onUnlockingUser-0_com.android.server.biometrics.AuthService
12-13 15:22:00.686   214   283 I StorageSessionController: Creating and starting session with id: emulated;0
12-13 15:22:00.686   214   241 I SystemServerTimingAsync: ssm.onUnlockingUser-0_com.android.server.pm.ShortcutService$Lifecycle
12-13 15:22:00.686   214   241 I SystemServerTimingAsync: ssm.onUnlockingUser-0_com.android.server.pm.LauncherAppsService
12-13 15:22:00.686   214   241 I SystemServerTimingAsync: ssm.onUnlockingUser-0_com.android.server.pm.CrossProfileAppsService
12-13 15:22:00.686   214   241 I SystemServerTimingAsync: ssm.onUnlockingUser-0_com.android.server.people.PeopleService
12-13 15:22:00.686   214   283 I StorageUserConnection: Binding to the ExternalStorageService for user 0
12-13 15:22:00.686   214   241 I SystemServerTimingAsync: ssm.onUnlockingUser-0_com.android.server.media.projection.MediaProjectionManagerService
12-13 15:22:00.686   214   241 I SystemServerTimingAsync: ssm.onUnlockingUser-0_com.android.server.slice.SliceManagerService$Lifecycle
12-13 15:22:00.686   214   241 I SystemServerTimingAsync: ssm.onUnlockingUser-0_com.android.server.camera.CameraServiceProxy
12-13 15:22:00.686   214   241 I SystemServerTimingAsync: ssm.onUnlockingUser-0_com.android.server.stats.StatsCompanion$Lifecycle
12-13 15:22:00.686   214   241 I SystemServerTimingAsync: ssm.onUnlockingUser-0_com.android.server.stats.pull.StatsPullAtomService
12-13 15:22:00.686   214   241 I SystemServerTimingAsync: ssm.onUnlockingUser-0_com.android.server.incident.IncidentCompanionService
12-13 15:22:00.686   214   241 I SystemServerTimingAsync: ssm.onUnlockingUser-0_com.android.server.MmsServiceBroker
12-13 15:22:00.686   214   241 I SystemServerTimingAsync: ssm.onUnlockingUser-0_com.android.server.autofill.AutofillManagerService
12-13 15:22:00.686   214   241 I SystemServerTimingAsync: ssm.onUnlockingUser-0_com.android.server.clipboard.ClipboardService
12-13 15:22:00.686   214   241 I SystemServerTimingAsync: ssm.onUnlockingUser-0_com.android.server.appbinding.AppBindingService$Lifecycle
12-13 15:22:00.686   214   241 W AppBindingService: [Default SMS app] u0 Target package not found
12-13 15:22:00.686   214   241 I SystemServerTimingAsync: ssm.onUnlockingUser-0_com.android.server.policy.PermissionPolicyService
12-13 15:22:00.686   214   241 I SystemServerTimingAsync: ssm.onUnlockingUser-0_com.android.server.pm.StagingManager$Lifecycle
12-13 15:22:00.686   214   241 I SystemServerTimingAsync: ssm.onUnlockingUser-0_com.microsoft.windows.service.SystemServerService
12-13 15:22:00.686   214   241 W ActivityManager: UserLifecycleEvent 5 received without an active userJourneySession.
12-13 15:22:00.686   214   241 W ActivityManager: UserLifecycleEvent 6 received without an active userJourneySession.
12-13 15:22:00.686   214   241 I ActivityManager: User 0 state changed from RUNNING_UNLOCKING to RUNNING_UNLOCKED
12-13 15:22:00.686   214   232 I ActivityTaskManager: Loading recents for user 0 into memory.
12-13 15:22:00.687   214   283 D CompatibilityChangeReporter: Compat change id reported: 135634846; UID 10033; state: DISABLED
12-13 15:22:00.687   214   241 D SystemServerTiming: SystemUserUnlock took to complete: 122ms
12-13 15:22:00.687   214   283 I StorageUserConnection: Bound to the ExternalStorageService for user 0
12-13 15:22:00.687   214   242 D CompatibilityChangeReporter: Compat change id reported: 143937733; UID 10033; state: ENABLED
12-13 15:22:00.688   214   241 D CompatibilityChangeReporter: Compat change id reported: 135634846; UID 1000; state: DISABLED
12-13 15:22:00.688   214   241 D CompatibilityChangeReporter: Compat change id reported: 135634846; UID 10029; state: DISABLED
12-13 15:22:00.689   214   241 I ActivityManager: Posting BOOT_COMPLETED user #0
12-13 15:22:00.690    69    69 D Zygote  : Forked child process 613
12-13 15:22:00.691   214   241 I SystemServerTimingAsync: ssm.UnlockedUser-0
12-13 15:22:00.691   214   241 I SystemServiceManager: Calling onUnlockedUser 0
12-13 15:22:00.691   214   241 I SystemServerTimingAsync: ssm.onUnlockedUser-0_com.android.server.security.FileIntegrityService
12-13 15:22:00.691   214   241 I SystemServerTimingAsync: ssm.onUnlockedUser-0_com.android.server.pm.Installer
12-13 15:22:00.691   214   241 I SystemServerTimingAsync: ssm.onUnlockedUser-0_com.android.server.os.DeviceIdentifiersPolicyService
12-13 15:22:00.691   214   241 I SystemServerTimingAsync: ssm.onUnlockedUser-0_com.android.server.uri.UriGrantsManagerService$Lifecycle
12-13 15:22:00.691   214   241 I SystemServerTimingAsync: ssm.onUnlockedUser-0_com.android.server.wm.ActivityTaskManagerService$Lifecycle
12-13 15:22:00.691   214   241 I SystemServerTimingAsync: ssm.onUnlockedUser-0_com.android.server.am.ActivityManagerService$Lifecycle
12-13 15:22:00.691   214   241 I SystemServerTimingAsync: ssm.onUnlockedUser-0_com.android.server.pm.DataLoaderManagerService
12-13 15:22:00.691   214   241 I SystemServerTimingAsync: ssm.onUnlockedUser-0_com.android.server.power.PowerManagerService
12-13 15:22:00.691   214   241 I SystemServerTimingAsync: ssm.onUnlockedUser-0_com.android.server.power.ThermalManagerService
12-13 15:22:00.691   214   241 I SystemServerTimingAsync: ssm.onUnlockedUser-0_com.android.server.recoverysystem.RecoverySystemService$Lifecycle
12-13 15:22:00.691   214   241 I SystemServerTimingAsync: ssm.onUnlockedUser-0_com.android.server.lights.LightsService
12-13 15:22:00.691   214   241 I SystemServerTimingAsync: ssm.onUnlockedUser-0_com.android.server.display.DisplayManagerService
12-13 15:22:00.691   214   241 I SystemServerTimingAsync: ssm.onUnlockedUser-0_com.android.server.pm.UserManagerService$LifeCycle
12-13 15:22:00.691   214   242 I Watchdog: Interesting Java process com.android.providers.media.module started. Pid 613
12-13 15:22:00.691   214   241 I SystemServerTimingAsync: ssm.onUnlockedUser-0_com.android.server.om.OverlayManagerService
12-13 15:22:00.691   375   375 V OverviewProxyService: Cannot attempt connection, is enabled false
12-13 15:22:00.691   214   242 I ActivityManager: Start proc 613:com.android.providers.media.module/u0a33 for service {com.android.providers.media.module/com.android.providers.media.fuse.ExternalStorageServiceImpl}
12-13 15:22:00.691   214   241 I SystemServerTimingAsync: ssm.onUnlockedUser-0_com.android.server.SensorPrivacyService
12-13 15:22:00.691   214   241 I SystemServerTimingAsync: ssm.onUnlockedUser-0_com.android.server.SystemConfigService
12-13 15:22:00.691   214   241 I SystemServerTimingAsync: ssm.onUnlockedUser-0_com.android.server.BatteryService
12-13 15:22:00.691   214   241 I SystemServerTimingAsync: ssm.onUnlockedUser-0_com.android.server.usage.UsageStatsService
12-13 15:22:00.691   214   241 I SystemServerTimingAsync: ssm.onUnlockedUser-0_com.android.server.webkit.WebViewUpdateService
12-13 15:22:00.691   214   241 I SystemServerTimingAsync: ssm.onUnlockedUser-0_com.android.server.CachedDeviceStateService
12-13 15:22:00.691   214   241 I SystemServerTimingAsync: ssm.onUnlockedUser-0_com.android.server.BinderCallsStatsService$LifeCycle
12-13 15:22:00.691   214   241 I SystemServerTimingAsync: ssm.onUnlockedUser-0_com.android.server.LooperStatsService$Lifecycle
12-13 15:22:00.691   214   241 I SystemServerTimingAsync: ssm.onUnlockedUser-0_com.android.server.rollback.RollbackManagerService
12-13 15:22:00.691   214   241 I SystemServerTimingAsync: ssm.onUnlockedUser-0_com.android.server.os.BugreportManagerService
12-13 15:22:00.691   214   241 I SystemServerTimingAsync: ssm.onUnlockedUser-0_com.android.server.gpu.GpuService
12-13 15:22:00.691   214   241 I SystemServerTimingAsync: ssm.onUnlockedUser-0_com.android.server.security.KeyChainSystemService
12-13 15:22:00.691   214   241 I SystemServerTimingAsync: ssm.onUnlockedUser-0_com.android.server.telecom.TelecomLoaderService
12-13 15:22:00.691   214   241 I SystemServerTimingAsync: ssm.onUnlockedUser-0_com.android.server.accounts.AccountManagerService$Lifecycle
12-13 15:22:00.691   214   241 I SystemServerTimingAsync: ssm.onUnlockedUser-0_com.android.server.content.ContentService$Lifecycle
12-13 15:22:00.691   214   241 I SystemServerTimingAsync: ssm.onUnlockedUser-0_com.android.server.DropBoxManagerService
12-13 15:22:00.691   214   241 I SystemServerTimingAsync: ssm.onUnlockedUser-0_com.android.server.AlarmManagerService
12-13 15:22:00.691   214   241 I SystemServerTimingAsync: ssm.onUnlockedUser-0_com.android.server.connectivity.IpConnectivityMetrics
12-13 15:22:00.691   214   241 I SystemServerTimingAsync: ssm.onUnlockedUser-0_com.android.server.net.watchlist.NetworkWatchlistService$Lifecycle
12-13 15:22:00.691   214   241 I SystemServerTimingAsync: ssm.onUnlockedUser-0_com.android.server.PinnerService
12-13 15:22:00.691   214   241 I SystemServerTimingAsync: ssm.onUnlockedUser-0_com.google.android.startop.iorap.IorapForwardingService
12-13 15:22:00.691   214   241 I SystemServerTimingAsync: ssm.onUnlockedUser-0_com.android.server.integrity.AppIntegrityManagerService
12-13 15:22:00.691   214   241 I SystemServerTimingAsync: ssm.onUnlockedUser-0_com.android.server.inputmethod.InputMethodManagerService$Lifecycle
12-13 15:22:00.691   214   241 I SystemServerTimingAsync: ssm.onUnlockedUser-0_com.android.server.accessibility.AccessibilityManagerService$Lifecycle
12-13 15:22:00.691   214   241 I SystemServerTimingAsync: ssm.onUnlockedUser-0_com.android.server.StorageManagerService$Lifecycle
12-13 15:22:00.691   214   241 I SystemServerTimingAsync: ssm.onUnlockedUser-0_com.android.server.usage.StorageStatsService$Lifecycle
12-13 15:22:00.691   214   241 I SystemServerTimingAsync: ssm.onUnlockedUser-0_com.android.server.UiModeManagerService
12-13 15:22:00.691   214   241 I SystemServerTimingAsync: ssm.onUnlockedUser-0_com.android.server.locksettings.LockSettingsService$Lifecycle
12-13 15:22:00.691   214   241 I SystemServerTimingAsync: ssm.onUnlockedUser-0_com.android.server.testharness.TestHarnessModeService
12-13 15:22:00.691   214   241 I SystemServerTimingAsync: ssm.onUnlockedUser-0_com.android.server.DeviceIdleController
12-13 15:22:00.691   214   241 I SystemServerTimingAsync: ssm.onUnlockedUser-0_com.android.server.devicepolicy.DevicePolicyManagerService$Lifecycle
12-13 15:22:00.691   214   241 I SystemServerTimingAsync: ssm.onUnlockedUser-0_com.android.server.textservices.TextServicesManagerService$Lifecycle
12-13 15:22:00.691   214   241 I SystemServerTimingAsync: ssm.onUnlockedUser-0_com.android.server.textclassifier.TextClassificationManagerService$Lifecycle
12-13 15:22:00.691   214   241 I SystemServerTimingAsync: ssm.onUnlockedUser-0_com.android.server.NetworkScoreService$Lifecycle
12-13 15:22:00.691   214   241 I SystemServerTimingAsync: ssm.onUnlockedUser-0_com.android.server.wifi.WifiService
12-13 15:22:00.691   214   241 I SystemServerTimingAsync: ssm.onUnlockedUser-0_com.android.server.wifi.scanner.WifiScanningService
12-13 15:22:00.691   214   241 I SystemServerTimingAsync: ssm.onUnlockedUser-0_com.android.server.ethernet.EthernetService
12-13 15:22:00.691   214   241 I SystemServerTimingAsync: ssm.onUnlockedUser-0_com.android.server.notification.NotificationManagerService
12-13 15:22:00.691   214   241 I SystemServerTimingAsync: ssm.onUnlockedUser-0_com.android.server.storage.DeviceStorageMonitorService
12-13 15:22:00.691   214   241 I SystemServerTimingAsync: ssm.onUnlockedUser-0_com.android.server.location.LocationManagerService$Lifecycle
12-13 15:22:00.691   214   241 I SystemServerTimingAsync: ssm.onUnlockedUser-0_com.android.server.timedetector.TimeDetectorService$Lifecycle
12-13 15:22:00.691   214   241 I SystemServerTimingAsync: ssm.onUnlockedUser-0_com.android.server.timezonedetector.TimeZoneDetectorService$Lifecycle
12-13 15:22:00.691   214   241 I SystemServerTimingAsync: ssm.onUnlockedUser-0_com.android.server.search.SearchManagerService$Lifecycle
12-13 15:22:00.691   214   241 I SystemServerTimingAsync: ssm.onUnlockedUser-0_com.android.server.audio.AudioService$Lifecycle
12-13 15:22:00.691   214   241 I SystemServerTimingAsync: ssm.onUnlockedUser-0_com.android.server.soundtrigger_middleware.SoundTriggerMiddlewareService$Lifecycle
12-13 15:22:00.691   214   241 I SystemServerTimingAsync: ssm.onUnlockedUser-0_com.android.server.DockObserver
12-13 15:22:00.691   214   241 I SystemServerTimingAsync: ssm.onUnlockedUser-0_com.android.server.adb.AdbService$Lifecycle
12-13 15:22:00.691   214   241 I SystemServerTimingAsync: ssm.onUnlockedUser-0_com.android.server.twilight.TwilightService
12-13 15:22:00.691   214   241 I SystemServerTimingAsync: ssm.onUnlockedUser-0_com.android.server.display.color.ColorDisplayService
12-13 15:22:00.691   214   241 I SystemServerTimingAsync: ssm.onUnlockedUser-0_com.android.server.job.JobSchedulerService
12-13 15:22:00.691   214   241 I SystemServerTimingAsync: ssm.onUnlockedUser-0_com.android.server.soundtrigger.SoundTriggerService
12-13 15:22:00.691   214   241 I SystemServerTimingAsync: ssm.onUnlockedUser-0_com.android.server.trust.TrustManagerService
12-13 15:22:00.691   214   241 I SystemServerTimingAsync: ssm.onUnlockedUser-0_com.android.server.appwidget.AppWidgetService
12-13 15:22:00.691   214   241 I SystemServerTimingAsync: ssm.onUnlockedUser-0_com.android.server.role.RoleManagerService
12-13 15:22:00.691   214   241 I SystemServerTimingAsync: ssm.onUnlockedUser-0_com.android.server.voiceinteraction.VoiceInteractionManagerService
12-13 15:22:00.691   214   241 I SystemServerTimingAsync: ssm.onUnlockedUser-0_com.android.server.GestureLauncherService
12-13 15:22:00.691   214   241 I SystemServerTimingAsync: ssm.onUnlockedUser-0_com.android.server.SensorNotificationService
12-13 15:22:00.691   214   241 I SystemServerTimingAsync: ssm.onUnlockedUser-0_com.android.server.emergency.EmergencyAffordanceService
12-13 15:22:00.691   214   241 I SystemServerTimingAsync: ssm.onUnlockedUser-0_com.android.server.dreams.DreamManagerService
12-13 15:22:00.691   214   241 I SystemServerTimingAsync: ssm.onUnlockedUser-0_com.android.server.print.PrintManagerService
12-13 15:22:00.691   214   241 I SystemServerTimingAsync: ssm.onUnlockedUser-0_com.android.server.restrictions.RestrictionsManagerService
12-13 15:22:00.691   214   241 I SystemServerTimingAsync: ssm.onUnlockedUser-0_com.android.server.media.MediaSessionService
12-13 15:22:00.691   214   241 I SystemServerTimingAsync: ssm.onUnlockedUser-0_com.android.server.blob.BlobStoreManagerService
12-13 15:22:00.691   214   241 I SystemServerTimingAsync: ssm.onUnlockedUser-0_com.android.server.biometrics.BiometricService
12-13 15:22:00.691   214   241 I SystemServerTimingAsync: ssm.onUnlockedUser-0_com.android.server.biometrics.AuthService
12-13 15:22:00.691   214   241 I SystemServerTimingAsync: ssm.onUnlockedUser-0_com.android.server.pm.ShortcutService$Lifecycle
12-13 15:22:00.691   214   241 I SystemServerTimingAsync: ssm.onUnlockedUser-0_com.android.server.pm.LauncherAppsService
12-13 15:22:00.691   214   241 I SystemServerTimingAsync: ssm.onUnlockedUser-0_com.android.server.pm.CrossProfileAppsService
12-13 15:22:00.691   214   241 I SystemServerTimingAsync: ssm.onUnlockedUser-0_com.android.server.people.PeopleService
12-13 15:22:00.692   214   241 I SystemServerTimingAsync: ssm.onUnlockedUser-0_com.android.server.media.projection.MediaProjectionManagerService
12-13 15:22:00.692   214   241 I SystemServerTimingAsync: ssm.onUnlockedUser-0_com.android.server.slice.SliceManagerService$Lifecycle
12-13 15:22:00.692   214   241 I SystemServerTimingAsync: ssm.onUnlockedUser-0_com.android.server.camera.CameraServiceProxy
12-13 15:22:00.692   214   241 I SystemServerTimingAsync: ssm.onUnlockedUser-0_com.android.server.stats.StatsCompanion$Lifecycle
12-13 15:22:00.692   214   241 I SystemServerTimingAsync: ssm.onUnlockedUser-0_com.android.server.stats.pull.StatsPullAtomService
12-13 15:22:00.692   214   241 I SystemServerTimingAsync: ssm.onUnlockedUser-0_com.android.server.incident.IncidentCompanionService
12-13 15:22:00.692   214   241 I SystemServerTimingAsync: ssm.onUnlockedUser-0_com.android.server.MmsServiceBroker
12-13 15:22:00.692   214   241 I SystemServerTimingAsync: ssm.onUnlockedUser-0_com.android.server.autofill.AutofillManagerService
12-13 15:22:00.692   214   241 I SystemServerTimingAsync: ssm.onUnlockedUser-0_com.android.server.clipboard.ClipboardService
12-13 15:22:00.692   214   241 I SystemServerTimingAsync: ssm.onUnlockedUser-0_com.android.server.appbinding.AppBindingService$Lifecycle
12-13 15:22:00.692   214   241 I SystemServerTimingAsync: ssm.onUnlockedUser-0_com.android.server.policy.PermissionPolicyService
12-13 15:22:00.692   214   241 I SystemServerTimingAsync: ssm.onUnlockedUser-0_com.android.server.pm.StagingManager$Lifecycle
12-13 15:22:00.692   214   241 I SystemServerTimingAsync: ssm.onUnlockedUser-0_com.microsoft.windows.service.SystemServerService
12-13 15:22:00.692   214   241 W ActivityManager: UserLifecycleEvent 6 received without an active userJourneySession.
12-13 15:22:00.692   214   619 I chatty  : uid=1000(system) pool-5-thread-1 expire 1 line
12-13 15:22:00.693   214   214 V NotificationAssistants: disabling notification assistant for user 0: ComponentInfo{android.ext.services/android.ext.services.notification.Assistant}
12-13 15:22:00.693   214   214 D NotificationListeners: Removing active service ComponentInfo{android.ext.services/android.ext.services.notification.Assistant}
12-13 15:22:00.694   214   232 I AppWidgetServiceImpl: Processing of handleUserUnlocked u0 took 4 ms
12-13 15:22:00.695    69    69 D Zygote  : Forked child process 620
12-13 15:22:00.696   375   565 D skia    : Shader compilation error
12-13 15:22:00.696   375   565 D skia    : ------------------------
12-13 15:22:00.696   375   565 D skia    : Errors:
12-13 15:22:00.696   375   565 D skia    : 
12-13 15:22:00.696   214   282 I ActivityTaskManager: START u0 {act=android.intent.action.MAIN cat=[android.intent.category.HOME] flg=0x10000100 cmp=com.microsoft.windows.userapp/com.microsoft.windows.home.Home} from uid 0
12-13 15:22:00.701   214   214 V NotificationAssistants: enabling notification assistant for 0: ComponentInfo{android.ext.services/android.ext.services.notification.Assistant}
12-13 15:22:00.702   214   214 V NotificationAssistants: binding: Intent { act=android.service.notification.NotificationAssistantService cmp=android.ext.services/.notification.Assistant (has extras) }
12-13 15:22:00.702   214   242 I ActivityManager: Start proc 620:com.microsoft.windows.systemapp/1000 for added application com.microsoft.windows.systemapp
12-13 15:22:00.702   214   242 D CompatibilityChangeReporter: Compat change id reported: 143937733; UID 10029; state: ENABLED
12-13 15:22:00.704   214   240 D AppStandbyController: Loading headless system app cache. appIdleEnabled=true
12-13 15:22:00.706    69    69 D Zygote  : Forked child process 626
12-13 15:22:00.711   214   242 I ActivityManager: Start proc 626:com.microsoft.windows.userapp/u0a29 for added application com.microsoft.windows.userapp
12-13 15:22:00.713   214   369 I SyncManager: Loaded persisted syncs: 11 periodic syncs, 9 oneshot syncs, 35 total system server jobs, JobStats: FirstLoad: 24/24/20 LastSave: -1/-1/-1
12-13 15:22:00.713   214   214 V NotificationAssistants: 0 notification assistant service connected: ComponentInfo{android.ext.services/android.ext.services.notification.Assistant}
12-13 15:22:00.715    69    69 D Zygote  : Forked child process 633
12-13 15:22:00.715   214   632 I chatty  : uid=1000 system_server expire 1 line
12-13 15:22:00.715   214   395 D CompatibilityChangeReporter: Compat change id reported: 135634846; UID 10020; state: DISABLED
12-13 15:22:00.716   214   632 I DropBoxManagerService: add tag=SYSTEM_BOOT isTagEnabled=true flags=0x2
12-13 15:22:00.717   214   242 I ActivityManager: Start proc 633:com.android.keychain/1000 for service {com.android.keychain/com.android.keychain.KeyChainService}
12-13 15:22:00.717   214   242 D CompatibilityChangeReporter: Compat change id reported: 143937733; UID 10020; state: ENABLED
12-13 15:22:00.718   214   632 W DropBoxManagerService: Dropping: SYSTEM_BOOT (454 > 0 bytes)
12-13 15:22:00.718   214   632 I BootReceiver: Copying audit failures to DropBox
12-13 15:22:00.718   214   632 I BootReceiver: Checking for fsck errors
12-13 15:22:00.718   214   632 I BootReceiver: fs_stat, partition:sda stat:0x3
12-13 15:22:00.720    69    69 D Zygote  : Forked child process 639
12-13 15:22:00.721   214   242 I ActivityManager: Start proc 639:com.amazon.device.messaging/u0a20 for broadcast {com.amazon.device.messaging/com.amazon.device.messaging.OdotService$ScheduleFlushReceiver}
12-13 15:22:00.722   214   632 D CompatibilityChangeReporter: Compat change id reported: 135634846; UID 10004; state: DISABLED
12-13 15:22:00.722   214   242 D CompatibilityChangeReporter: Compat change id reported: 143937733; UID 10004; state: ENABLED
12-13 15:22:00.725    69    69 D Zygote  : Forked child process 645
12-13 15:22:00.726   214   242 I ActivityManager: Start proc 645:android.process.media/u0a4 for content provider {com.android.providers.downloads/com.android.providers.downloads.DownloadProvider}
12-13 15:22:00.731   214   240 I UsageStatsService: User[0] Rollover scheduled @ 2021-12-14 09:24:25(1639445065941)
12-13 15:22:00.731   214   240 I UsageStatsService: User[0] Flushing usage stats to disk
12-13 15:22:00.733   620   620 W ndows.systemap: Unexpected CPU variant for X86 using defaults: x86_64
12-13 15:22:00.733   633   633 W ndroid.keychai: Unexpected CPU variant for X86 using defaults: x86_64
12-13 15:22:00.733   626   626 W windows.userap: Unexpected CPU variant for X86 using defaults: x86_64
12-13 15:22:00.734   639   639 W evice.messagin: Unexpected CPU variant for X86 using defaults: x86_64
12-13 15:22:00.734   645   645 W d.process.medi: Unexpected CPU variant for X86 using defaults: x86_64
12-13 15:22:00.734   613   613 W rs.media.modul: Unexpected CPU variant for X86 using defaults: x86_64
12-13 15:22:00.735   645   645 E d.process.medi: Not starting debugger since process cannot load the jdwp agent.
12-13 15:22:00.735   633   633 E ndroid.keychai: Not starting debugger since process cannot load the jdwp agent.
12-13 15:22:00.735   620   620 E ndows.systemap: Not starting debugger since process cannot load the jdwp agent.
12-13 15:22:00.736   626   626 E windows.userap: Not starting debugger since process cannot load the jdwp agent.
12-13 15:22:00.736   639   639 E evice.messagin: Not starting debugger since process cannot load the jdwp agent.
12-13 15:22:00.736   613   613 E rs.media.modul: Not starting debugger since process cannot load the jdwp agent.
12-13 15:22:00.751   214   240 D CompatibilityChangeReporter: Compat change id reported: 135634846; UID 10014; state: DISABLED
12-13 15:22:00.751   214   242 D CompatibilityChangeReporter: Compat change id reported: 143937733; UID 10014; state: ENABLED
12-13 15:22:00.755    69    69 D Zygote  : Forked child process 732
12-13 15:22:00.755   633   633 I ndroid.keychai: The ClassLoaderContext is a special shared library.
12-13 15:22:00.756   214   242 I ActivityManager: Start proc 732:com.android.printspooler/u0a14 for service {com.android.printspooler/com.android.printspooler.model.PrintSpoolerService}
12-13 15:22:00.758   732   732 W id.printspoole: Unexpected CPU variant for X86 using defaults: x86_64
12-13 15:22:00.759   633   633 D NetworkSecurityConfig: No Network Security Config specified, using platform default
12-13 15:22:00.759   633   633 D NetworkSecurityConfig: No Network Security Config specified, using platform default
12-13 15:22:00.760   732   732 E id.printspoole: Not starting debugger since process cannot load the jdwp agent.
12-13 15:22:00.761   639   639 D nativeloader: classloader namespace configured for unbundled product apk. library_path=/product/priv-app/amazon-adm-release/lib/x86_64:/product/lib64:/system/product/lib64
12-13 15:22:00.762   626   626 D NetworkSecurityConfig: No Network Security Config specified, using platform default
12-13 15:22:00.762   645   645 D NetworkSecurityConfig: No Network Security Config specified, using platform default
12-13 15:22:00.763   626   626 D NetworkSecurityConfig: No Network Security Config specified, using platform default
12-13 15:22:00.763   645   645 D NetworkSecurityConfig: No Network Security Config specified, using platform default
12-13 15:22:00.765   639   639 D NetworkSecurityConfig: No Network Security Config specified, using platform default
12-13 15:22:00.765   613   613 D NetworkSecurityConfig: No Network Security Config specified, using platform default
12-13 15:22:00.765   639   639 D NetworkSecurityConfig: No Network Security Config specified, using platform default
12-13 15:22:00.765   613   613 D NetworkSecurityConfig: No Network Security Config specified, using platform default
12-13 15:22:00.765   626   626 V UserApp : onCreate
12-13 15:22:00.766   626   759 I UserApp : Initializing
12-13 15:22:00.766    30    30 I servicemanager: Since 'com.microsoft.windows.service.IShellRedirector' could not be found, trying to start it as a lazy AIDL service
12-13 15:22:00.766   620   620 D NetworkSecurityConfig: No Network Security Config specified, using platform default
12-13 15:22:00.767   620   620 D NetworkSecurityConfig: No Network Security Config specified, using platform default
12-13 15:22:00.768   639   639 I com.amazon.dcp.framework.ClassConfigurationParser: Attempting to create class com.amazon.dcp.framework.AmazonDeviceInfo with android.content.Context constructor.
12-13 15:22:00.769   639   639 W com.amazon.dcp.framework.DeviceInfo: Build Number  could not be parsed to an integer. Using default value
12-13 15:22:00.769   639   639 W Dagger2 : ApplicationModule context already set
12-13 15:22:00.770   375   554 W TelecomManager: Telecom Service not found.
12-13 15:22:00.770   639   639 W Dagger2 : ApplicationModule context already set
12-13 15:22:00.770   620   620 I libsystemapp_jni: JNI_OnLoad
12-13 15:22:00.771    47    47 I chatty  : uid=1000(system) /product/bin/hw/windows.services.rcm@1.0-service expire 80 lines
12-13 15:22:00.771   613   613 V MediaProvider: Attached media from com.android.providers.media.module
12-13 15:22:00.773   626   763 D libEGL  : loaded /vendor/lib64/egl/libEGL_emulation.so
12-13 15:22:00.773   639   639 I ...h.device.api.MAPInit: Initializing MAP (130050002 / MAPAndroidLib-1.1.266140.0) for app com.amazon.device.messaging. MAP release version: 20210527P
12-13 15:22:00.774   639   639 W ....device.messaging/mk: ThirdParty DCP metrics not supported
12-13 15:22:00.775   214   225 I chatty  : uid=1000(system) FinalizerDaemon expire 10 lines
12-13 15:22:00.775   626   763 D libEGL  : loaded /vendor/lib64/egl/libGLESv1_CM_emulation.so
12-13 15:22:00.776   639   639 I ...ntity.auth.device.cm: Caching feature IsolateApplication as false
12-13 15:22:00.776   620   620 V SystemApp: onCreate
12-13 15:22:00.776   639   639 W ....device.messaging/mk: ThirdParty Metrics component is not integrated. Please integrate with latest metrics component.
12-13 15:22:00.776   620   767 I SystemApp: Initializing
12-13 15:22:00.776   639   639 W ....device.messaging/mk: FireOS DCP metrics not supported
12-13 15:22:00.776   613   613 V MediaStore: Examining volume emulated;0 with name external_primary and state checking
12-13 15:22:00.776   639   639 I ....device.messaging/mk: Using the PlatformLoggingMetricsCollector
12-13 15:22:00.776   613   613 V MediaProvider: Updated external volumes to: {}
12-13 15:22:00.776   639   639 I ...odicMetricsCollector: Appropriate metrics component cannot be found
12-13 15:22:00.777   639   639 I chatty  : uid=10020(com.amazon.device.messaging) identical 1 line
12-13 15:22:00.777   639   639 I ...odicMetricsCollector: Appropriate metrics component cannot be found
12-13 15:22:00.777   639   639 I PeriodicLoggingMetricsCollector: Increment counter : MAPInitOnMainThread:true
12-13 15:22:00.777   639   639 I ...h.device.api.MAPInit: Running MAPInit on main thread: true
12-13 15:22:00.777   626   763 D libEGL  : loaded /vendor/lib64/egl/libGLESv2_emulation.so
12-13 15:22:00.779   613   613 D CompatibilityChangeReporter: Compat change id reported: 148180766; UID 10033; state: ENABLED
12-13 15:22:00.779   639   770 I ...ntity.auth.device.hr: Cannot find amazon authenticator. returning null
12-13 15:22:00.779   639   770 I ...ntity.auth.device.hr: No central apk detected. This should be a 3P device.
12-13 15:22:00.779   639   639 I ...ntity.auth.device.hr: Cannot find amazon authenticator. returning null
12-13 15:22:00.779   639   639 I ...ntity.auth.device.hr: No central apk detected. This should be a 3P device.
12-13 15:22:00.779   639   770 I ...ntity.auth.device.gb: Creating new DataStorageFactoryImpl
12-13 15:22:00.779   639   639 I ...ntity.auth.device.gb: Initializing new DataStorage
12-13 15:22:00.779   639   770 I ...ntity.auth.device.gb: Initializing new DataStorage
12-13 15:22:00.780   639   770 I ...ntity.auth.device.bc: Setting device attribute CentralAPK to false
12-13 15:22:00.780   639   770 I ...ntity.auth.device.gb: Creating and using new DistributedDataStorage
12-13 15:22:00.780   639   639 I ...ntity.auth.device.gb: Creating and using new DistributedDataStorage
12-13 15:22:00.780   639   770 I ...ntity.auth.device.eh: Trying to use default signature based package trust logic. This should be on 3P device
12-13 15:22:00.780   639   770 I ...ntity.auth.device.eh: Setting package trust logic as: signature based package trust logic
12-13 15:22:00.782   732   732 D NetworkSecurityConfig: No Network Security Config specified, using platform default
12-13 15:22:00.783   732   732 D NetworkSecurityConfig: No Network Security Config specified, using platform default
12-13 15:22:00.783   639   772 I ...ntity.auth.device.dn: Get DataStorage instance for initialization
12-13 15:22:00.783   639   772 I ...ntity.auth.device.dn: Initialize DataStorage instance
12-13 15:22:00.784   620   767 W UnsafeUtil: platform method missing - proto runtime falling back to safer methods: java.lang.NoSuchMethodException: sun.misc.Unsafe.copyMemory [class java.lang.Object, long, class java.lang.Object, long, long]
12-13 15:22:00.785   613   768 V MediaProvider: onConfigure() for external.db
12-13 15:22:00.786   620   767 I TetheringManager: registerTetheringEventCallback:com.microsoft.windows.systemapp
12-13 15:22:00.786   214   611 I StorageUserConnection: Service: [ComponentInfo{com.android.providers.media.module/com.android.providers.media.fuse.ExternalStorageServiceImpl}] connected. User [0]
12-13 15:22:00.786   620   767 I android_os_HwBinder: HwBinder: Starting thread pool for getting: windows.services.rcm@1.0::IRemoteConnectionManager/default
12-13 15:22:00.786   613   768 V MediaProvider: onOpen() for external.db
12-13 15:22:00.787   613   768 V MediaProvider: onOpen() finished for external.db
12-13 15:22:00.787   613   775 I ExternalStorageServiceImpl: Starting session for id: emulated;0
12-13 15:22:00.787   613   775 V FuseDaemonThread: Waiting 1000ms for FUSE start. Count 4
12-13 15:22:00.788   613   777 I FuseDaemonThread: Starting thread for emulated;0 ...
12-13 15:22:00.788   639   639 I TetheringManager: registerTetheringEventCallback:com.amazon.device.messaging
12-13 15:22:00.788   613   777 I FuseDaemon: Starting fuse...
12-13 15:22:00.789   214   296 D ConnectivityService: NetReassign [no changes]
12-13 15:22:00.789   620   783 V ApiMessageHandler(Network): Receive thread starting.
12-13 15:22:00.789   639   639 I ADM     : [ADM][D2SM]Received Intent: Intent { act=com.amazon.dcp.messaging.action.SCHEDULE_FLUSH cmp=com.amazon.device.messaging/.OdotService (has extras) } startId: 1
12-13 15:22:00.790   620   620 I NetworkRedirectionHandler: Wifi enabled. Connecting...
12-13 15:22:00.791   214   296 D ConnectivityService: NetReassign [no changes]
12-13 15:22:00.792   639   772 I ...ntity.auth.device.dn: Setup DataStorage instance
12-13 15:22:00.793   639   787 I DCP     : Submitting onBoot Lifecycle Event
12-13 15:22:00.793   639   785 I ADM     : [ADM][D2SM][Schedule]Schedule Periodic Job: Scheduled periodic odot flush job.
12-13 15:22:00.794   214   227 D CompatibilityChangeReporter: Compat change id reported: 135634846; UID 10022; state: DISABLED
12-13 15:22:00.794   214   242 D CompatibilityChangeReporter: Compat change id reported: 143937733; UID 10022; state: DISABLED
12-13 15:22:00.794   620   620 I NetworkRedirectionHandler: Found VirtWifi network.
12-13 15:22:00.796   639   785 I ADM     : [ADM][D2SM][Schedule]Schedule Flush: No connectivity, cancelling alarm
12-13 15:22:00.798    70    70 D Zygote  : Forked child process 790
12-13 15:22:00.799   626   761 D HostConnection: createUnique: call
12-13 15:22:00.799   214   242 I ActivityManager: Start proc 790:com.amazon.venezia/u0a22 for broadcast {com.amazon.venezia/com.amazon.mas.client.selfupdate.receiver.RetryDeferredPreloadInstallReceiver}
12-13 15:22:00.800   626   761 D librcm  : SocketClient connected to host port 22469
12-13 15:22:00.800   626   761 D HostConnection: HostConnection::get() New Host Connection established 0x7a03b10e9290, tid 761
12-13 15:22:00.801   626   761 D HostConnection: HostComposition ext ANDROID_EMU_host_composition_v1 ANDROID_EMU_host_composition_v2 ANDROID_EMU_virtio_gpu_next ANDROID_EMU_sync_buffer_data GL_OES_EGL_image_external_essl3 GL_OES_vertex_array_object GL_KHR_texture_compression_astc_ldr GL_EXT_texture_compression_bptc GL_EXT_texture_compression_s3tc ANDROID_EMU_host_side_tracing ANDROID_EMU_gles_max_version_3_0 
12-13 15:22:00.802   790   790 I chatty  : uid=10022(com.amazon.venezia) expire 34 lines
12-13 15:22:00.802   639   787 I ...ntity.auth.device.aa: Returning Default multiple profile settings
12-13 15:22:00.803   626   761 D EGL_emulation: eglCreateContext: 0x7a03b10e7b50: maj 3 min 0 rcv 3
12-13 15:22:00.805   626   761 D EGL_emulation: eglMakeCurrent: 0x7a03b10e7b50: ver 3 0 (tinfo 0x7a05b317f100) (first time)
12-13 15:22:00.810   639   639 I ADM     : [ADM][D2SM]Received Intent: Intent { act=com.amazon.dcp.messaging.action.QUEUE_MESSAGE pkg=com.amazon.device.messaging (has extras) } startId: 2
12-13 15:22:00.813   639   813 I ADM     : [ADM][D2SM][Queue]Queue Message (app = com.amazon.device.messaging, account=amzn1.account.AEPUL5GCEH2CHHM7ANBSZPZXMJTQ, topic = amazon.messaging.online.wns, payload = 9 bytes, expiration = Mon Dec 20 15:22:00 GMT+08:00 2021, replaceExisting = false, transport = WAN
12-13 15:22:00.815   639   813 I ....device.messaging/mk: Using the PlatformLoggingMetricsCollector
12-13 15:22:00.815   639   813 I ...odicMetricsCollector: Appropriate metrics component cannot be found
12-13 15:22:00.816   214   291 W ContextImpl: Calling a method in the system process without a qualified user: android.app.ContextImpl.sendBroadcastMultiplePermissions:1143 android.content.Context.sendBroadcastWithMultiplePermissions:2150 com.android.server.wifi.ClientModeImpl.broadcastWifiCredentialChanged:5804 com.android.server.wifi.ClientModeImpl.lambda$save$1:6227 com.android.server.wifi.ClientModeImpl.lambda$save$1$ClientModeImpl:0 
12-13 15:22:00.816   639   813 I ...saging/TokenJobQueue: Pushing task GetToken:com.amazon.device.messaging/com.amazon.dcp.sso.token.device.adptoken into TokenJobQueue.
