12-13 15:22:00.094    87    87 D HostConnection: HostComposition ext ANDROID_EMU_host_composition_v1 ANDROID_EMU_host_composition_v2 ANDROID_EMU_virtio_gpu_next ANDROID_EMU_sync_buffer_data GL_OES_EGL_image_external_essl3 GL_OES_vertex_array_object GL_KHR_texture_compression_astc_ldr GL_EXT_texture_compression_bptc GL_EXT_texture_compression_s3tc ANDROID_EMU_host_side_tracing ANDROID_EMU_gles_max_version_3_0 
12-13 15:22:00.095    87    87 E FMQ     : grantorIdx must be less than 3
12-13 15:22:00.096   407   407 D nativeloader: classloader namespace configured for unbundled product apk. library_path=/product/app/webview/lib/x86_64:/product/app/webview/webview.apk!/lib/x86_64:/product/lib64:/system/product/lib64
12-13 15:22:00.102   396   396 I WebViewLoader-: System.exit called, status: 0
12-13 15:22:00.102   396   396 I AndroidRuntime: VM exiting with result code 0, cleanup skipped.
12-13 15:22:00.104   214   227 I ActivityManager: Process WebViewLoader-x86 (pid 396) has died: psvc PER 
12-13 15:22:00.104    70    70 I Zygote  : Process 396 exited cleanly (0)
12-13 15:22:00.104   214   243 I chatty  : uid=1000(system) ActivityManager expire 5 lines
12-13 15:22:00.109   407   407 I WebViewLoader-: System.exit called, status: 0
12-13 15:22:00.109   407   407 I AndroidRuntime: VM exiting with result code 0, cleanup skipped.
12-13 15:22:00.112    70    70 D Zygote  : Forked child process 438
12-13 15:22:00.112   214   282 I ActivityManager: Process WebViewLoader-x86_64 (pid 407) has died: psvc PER 
12-13 15:22:00.112    69    69 I Zygote  : Process 407 exited cleanly (0)
12-13 15:22:00.113   214   374 I chatty  : uid=1000(system) AsyncTask #1 expire 1 line
12-13 15:22:00.114   214   288 I chatty  : uid=1000(system) NetworkPolicy expire 24 lines
12-13 15:22:00.115   214   296 D ConnectivityService: NetReassign [no changes]
12-13 15:22:00.115   214   214 I SystemServerTiming: MakeConnectivityServiceReady
12-13 15:22:00.117   438   438 I WebViewZygoteInit: Starting WebViewZygoteInit
12-13 15:22:00.121   214   214 I SystemServerTiming: MakeNetworkPolicyServiceReady
12-13 15:22:00.121   214   214 I SystemServerTiming: PhaseThirdPartyAppsCanStart
12-13 15:22:00.121   214   214 I SystemServiceManager: Starting phase 600
12-13 15:22:00.121   214   214 I SystemServerTiming: OnBootPhase_600
12-13 15:22:00.122   214   214 I SystemServerTiming: OnBootPhase_600_com.android.server.security.FileIntegrityService
12-13 15:22:00.122   214   214 I SystemServerTiming: OnBootPhase_600_com.android.server.pm.Installer
12-13 15:22:00.122   214   214 I SystemServerTiming: OnBootPhase_600_com.android.server.os.DeviceIdentifiersPolicyService
12-13 15:22:00.122   214   214 I SystemServerTiming: OnBootPhase_600_com.android.server.uri.UriGrantsManagerService$Lifecycle
12-13 15:22:00.122   214   214 I SystemServerTiming: OnBootPhase_600_com.android.server.wm.ActivityTaskManagerService$Lifecycle
12-13 15:22:00.122   214   214 I SystemServerTiming: OnBootPhase_600_com.android.server.am.ActivityManagerService$Lifecycle
12-13 15:22:00.122   214   296 D ConnectivityService: NetReassign [no changes]
12-13 15:22:00.123   214   214 I ExplicitHealthCheckController: Explicit health checks enabled.
12-13 15:22:00.123   214   214 I PackageWatchdog: Syncing state, reason: health check state enabled
12-13 15:22:00.123   214   214 I PackageWatchdog: Not pruning observers, elapsed time: 0ms
12-13 15:22:00.123   214   296 D ConnectivityService: NetReassign [no changes]
12-13 15:22:00.123   214   214 I PackageWatchdog: Cancelling state sync, nothing to sync
12-13 15:22:00.123   214   240 I PackageWatchdog: Saving observer state to file
12-13 15:22:00.123   214   214 I SystemServerTiming: OnBootPhase_600_com.android.server.pm.DataLoaderManagerService
12-13 15:22:00.123   214   214 I SystemServerTiming: OnBootPhase_600_com.android.server.power.PowerManagerService
12-13 15:22:00.123   214   214 I SystemServerTiming: OnBootPhase_600_com.android.server.power.ThermalManagerService
12-13 15:22:00.123   214   214 I SystemServerTiming: OnBootPhase_600_com.android.server.recoverysystem.RecoverySystemService$Lifecycle
12-13 15:22:00.123   214   214 I SystemServerTiming: OnBootPhase_600_com.android.server.lights.LightsService
12-13 15:22:00.123   214   214 I SystemServerTiming: OnBootPhase_600_com.android.server.display.DisplayManagerService
12-13 15:22:00.123   214   214 I SystemServerTiming: OnBootPhase_600_com.android.server.pm.UserManagerService$LifeCycle
12-13 15:22:00.123   214   214 I SystemServerTiming: OnBootPhase_600_com.android.server.om.OverlayManagerService
12-13 15:22:00.123   214   214 I SystemServerTiming: OnBootPhase_600_com.android.server.SensorPrivacyService
12-13 15:22:00.123   214   214 I SystemServerTiming: OnBootPhase_600_com.android.server.SystemConfigService
12-13 15:22:00.123   214   214 I SystemServerTiming: OnBootPhase_600_com.android.server.BatteryService
12-13 15:22:00.123   214   214 I SystemServerTiming: OnBootPhase_600_com.android.server.usage.UsageStatsService
12-13 15:22:00.123   214   214 I SystemServerTiming: OnBootPhase_600_com.android.server.webkit.WebViewUpdateService
12-13 15:22:00.123   214   214 I SystemServerTiming: OnBootPhase_600_com.android.server.CachedDeviceStateService
12-13 15:22:00.123   214   214 I SystemServerTiming: OnBootPhase_600_com.android.server.BinderCallsStatsService$LifeCycle
12-13 15:22:00.123   214   214 I SystemServerTiming: OnBootPhase_600_com.android.server.LooperStatsService$Lifecycle
12-13 15:22:00.123   214   214 I SystemServerTiming: OnBootPhase_600_com.android.server.rollback.RollbackManagerService
12-13 15:22:00.123   214   214 I SystemServerTiming: OnBootPhase_600_com.android.server.os.BugreportManagerService
12-13 15:22:00.123   214   214 I SystemServerTiming: OnBootPhase_600_com.android.server.gpu.GpuService
12-13 15:22:00.123   214   214 I SystemServerTiming: OnBootPhase_600_com.android.server.security.KeyChainSystemService
12-13 15:22:00.123   214   214 I SystemServerTiming: OnBootPhase_600_com.android.server.telecom.TelecomLoaderService
12-13 15:22:00.123   214   214 I SystemServerTiming: OnBootPhase_600_com.android.server.accounts.AccountManagerService$Lifecycle
12-13 15:22:00.123   214   214 I SystemServerTiming: OnBootPhase_600_com.android.server.content.ContentService$Lifecycle
12-13 15:22:00.123   214   214 I SystemServerTiming: OnBootPhase_600_com.android.server.DropBoxManagerService
12-13 15:22:00.123   214   214 I SystemServerTiming: OnBootPhase_600_com.android.server.AlarmManagerService
12-13 15:22:00.123   214   214 I SystemServerTiming: OnBootPhase_600_com.android.server.connectivity.IpConnectivityMetrics
12-13 15:22:00.123   214   214 I SystemServerTiming: OnBootPhase_600_com.android.server.net.watchlist.NetworkWatchlistService$Lifecycle
12-13 15:22:00.123   214   214 I SystemServerTiming: OnBootPhase_600_com.android.server.PinnerService
12-13 15:22:00.123   214   214 I SystemServerTiming: OnBootPhase_600_com.google.android.startop.iorap.IorapForwardingService
12-13 15:22:00.123   214   214 I SystemServerTiming: OnBootPhase_600_com.android.server.integrity.AppIntegrityManagerService
12-13 15:22:00.123   214   214 I SystemServerTiming: OnBootPhase_600_com.android.server.inputmethod.InputMethodManagerService$Lifecycle
12-13 15:22:00.123   214   214 I SystemServerTiming: OnBootPhase_600_com.android.server.accessibility.AccessibilityManagerService$Lifecycle
12-13 15:22:00.123   214   214 I SystemServerTiming: OnBootPhase_600_com.android.server.StorageManagerService$Lifecycle
12-13 15:22:00.123   214   214 I SystemServerTiming: OnBootPhase_600_com.android.server.usage.StorageStatsService$Lifecycle
12-13 15:22:00.123   214   214 I SystemServerTiming: OnBootPhase_600_com.android.server.UiModeManagerService
12-13 15:22:00.123   214   214 I SystemServerTiming: OnBootPhase_600_com.android.server.locksettings.LockSettingsService$Lifecycle
12-13 15:22:00.123   214   214 I SystemServerTiming: OnBootPhase_600_com.android.server.testharness.TestHarnessModeService
12-13 15:22:00.123   214   214 I SystemServerTiming: OnBootPhase_600_com.android.server.DeviceIdleController
12-13 15:22:00.123   214   214 I SystemServerTiming: OnBootPhase_600_com.android.server.devicepolicy.DevicePolicyManagerService$Lifecycle
12-13 15:22:00.123   214   214 I SystemServerTiming: OnBootPhase_600_com.android.server.textservices.TextServicesManagerService$Lifecycle
12-13 15:22:00.124   214   214 I SystemServerTiming: OnBootPhase_600_com.android.server.textclassifier.TextClassificationManagerService$Lifecycle
12-13 15:22:00.124   214   214 I SystemServerTiming: OnBootPhase_600_com.android.server.NetworkScoreService$Lifecycle
12-13 15:22:00.124   214   214 I SystemServerTiming: OnBootPhase_600_com.android.server.wifi.WifiService
12-13 15:22:00.124   214   214 I SystemServerTiming: OnBootPhase_600_com.android.server.wifi.scanner.WifiScanningService
12-13 15:22:00.124   214   214 I SystemServerTiming: OnBootPhase_600_com.android.server.ethernet.EthernetService
12-13 15:22:00.124   214   214 I SystemServerTiming: OnBootPhase_600_com.android.server.notification.NotificationManagerService
12-13 15:22:00.125   214   214 I SystemServerTiming: OnBootPhase_600_com.android.server.storage.DeviceStorageMonitorService
12-13 15:22:00.125   214   214 I SystemServerTiming: OnBootPhase_600_com.android.server.location.LocationManagerService$Lifecycle
12-13 15:22:00.131   214   214 I SystemServerTiming: OnBootPhase_600_com.android.server.timedetector.TimeDetectorService$Lifecycle
12-13 15:22:00.131   214   214 I SystemServerTiming: OnBootPhase_600_com.android.server.timezonedetector.TimeZoneDetectorService$Lifecycle
12-13 15:22:00.131   214   214 I SystemServerTiming: OnBootPhase_600_com.android.server.search.SearchManagerService$Lifecycle
12-13 15:22:00.131   214   214 I SystemServerTiming: OnBootPhase_600_com.android.server.audio.AudioService$Lifecycle
12-13 15:22:00.131   214   214 I SystemServerTiming: OnBootPhase_600_com.android.server.soundtrigger_middleware.SoundTriggerMiddlewareService$Lifecycle
12-13 15:22:00.131   214   214 I SystemServerTiming: OnBootPhase_600_com.android.server.DockObserver
12-13 15:22:00.131   214   214 I SystemServerTiming: OnBootPhase_600_com.android.server.adb.AdbService$Lifecycle
12-13 15:22:00.131   214   214 I SystemServerTiming: OnBootPhase_600_com.android.server.twilight.TwilightService
12-13 15:22:00.131   214   214 I SystemServerTiming: OnBootPhase_600_com.android.server.display.color.ColorDisplayService
12-13 15:22:00.131   214   214 I SystemServerTiming: OnBootPhase_600_com.android.server.job.JobSchedulerService
12-13 15:22:00.132   214   214 I SystemServerTiming: OnBootPhase_600_com.android.server.soundtrigger.SoundTriggerService
12-13 15:22:00.132   214   214 D SoundTriggerService: onBootPhase: 600 : false
12-13 15:22:00.132   214   214 I SystemServerTiming: OnBootPhase_600_com.android.server.trust.TrustManagerService
12-13 15:22:00.132   214   214 I SystemServerTiming: OnBootPhase_600_com.android.server.appwidget.AppWidgetService
12-13 15:22:00.132   214   214 I SystemServerTiming: OnBootPhase_600_com.android.server.role.RoleManagerService
12-13 15:22:00.132   214   214 I SystemServerTiming: OnBootPhase_600_com.android.server.voiceinteraction.VoiceInteractionManagerService
12-13 15:22:00.133   214   214 I SystemServerTiming: OnBootPhase_600_com.android.server.GestureLauncherService
12-13 15:22:00.133   214   214 I SystemServerTiming: OnBootPhase_600_com.android.server.SensorNotificationService
12-13 15:22:00.133   214   214 I SystemServerTiming: OnBootPhase_600_com.android.server.emergency.EmergencyAffordanceService
12-13 15:22:00.134   214   214 I SystemServerTiming: OnBootPhase_600_com.android.server.dreams.DreamManagerService
12-13 15:22:00.134   214   296 D ConnectivityService: NetReassign [no changes]
12-13 15:22:00.134   214   214 I SystemServerTiming: OnBootPhase_600_com.android.server.print.PrintManagerService
12-13 15:22:00.134   214   214 I SystemServerTiming: OnBootPhase_600_com.android.server.restrictions.RestrictionsManagerService
12-13 15:22:00.134   214   214 I SystemServerTiming: OnBootPhase_600_com.android.server.media.MediaSessionService
12-13 15:22:00.134   214   214 I SystemServerTiming: OnBootPhase_600_com.android.server.blob.BlobStoreManagerService
12-13 15:22:00.137   375   375 D NetworkSecurityConfig: No Network Security Config specified, using platform default
12-13 15:22:00.137   214   214 I SystemServerTiming: OnBootPhase_600_com.android.server.biometrics.BiometricService
12-13 15:22:00.137   214   214 I SystemServerTiming: OnBootPhase_600_com.android.server.biometrics.AuthService
12-13 15:22:00.137   214   214 I SystemServerTiming: OnBootPhase_600_com.android.server.pm.ShortcutService$Lifecycle
12-13 15:22:00.137   214   214 I SystemServerTiming: OnBootPhase_600_com.android.server.pm.LauncherAppsService
12-13 15:22:00.137   214   214 I SystemServerTiming: OnBootPhase_600_com.android.server.pm.CrossProfileAppsService
12-13 15:22:00.137   214   214 I SystemServerTiming: OnBootPhase_600_com.android.server.people.PeopleService
12-13 15:22:00.137   214   214 I SystemServerTiming: OnBootPhase_600_com.android.server.media.projection.MediaProjectionManagerService
12-13 15:22:00.137   214   214 I SystemServerTiming: OnBootPhase_600_com.android.server.slice.SliceManagerService$Lifecycle
12-13 15:22:00.137   214   214 I SystemServerTiming: OnBootPhase_600_com.android.server.camera.CameraServiceProxy
12-13 15:22:00.137   214   214 I SystemServerTiming: OnBootPhase_600_com.android.server.stats.StatsCompanion$Lifecycle
12-13 15:22:00.137   375   375 D NetworkSecurityConfig: No Network Security Config specified, using platform default
12-13 15:22:00.137   214   214 I SystemServerTiming: OnBootPhase_600_com.android.server.stats.pull.StatsPullAtomService
12-13 15:22:00.137   214   214 I SystemServerTiming: OnBootPhase_600_com.android.server.incident.IncidentCompanionService
12-13 15:22:00.137   214   214 I SystemServerTiming: OnBootPhase_600_com.android.server.MmsServiceBroker
12-13 15:22:00.137   214   214 I SystemServerTiming: OnBootPhase_600_com.android.server.autofill.AutofillManagerService
12-13 15:22:00.137   214   240 D StatsPullAtomService: Registering NetworkStats pullers with statsd
12-13 15:22:00.138   214   214 I SystemServerTiming: OnBootPhase_600_com.android.server.clipboard.ClipboardService
12-13 15:22:00.138   214   214 I SystemServerTiming: OnBootPhase_600_com.android.server.appbinding.AppBindingService$Lifecycle
12-13 15:22:00.138   214   214 I SystemServerTiming: OnBootPhase_600_com.android.server.policy.PermissionPolicyService
12-13 15:22:00.138   214   214 I SystemServerTiming: OnBootPhase_600_com.android.server.pm.StagingManager$Lifecycle
12-13 15:22:00.138   214   214 I SystemServerTiming: OnBootPhase_600_com.microsoft.windows.service.SystemServerService
12-13 15:22:00.138   214   214 V SystemServerService: PHASE_THIRD_PARTY_APPS_CAN_START
12-13 15:22:00.138   214   214 I SystemServerTiming: StartNetworkStack
12-13 15:22:00.138   214   214 D ConnectivityModuleConnector: Starting networking module android.net.INetworkStackConnector
12-13 15:22:00.138   375   375 V SystemUIService: SystemUIApplication constructed.
12-13 15:22:00.138   214   214 D ConnectivityModuleConnector: Starting networking module in network_stack process
12-13 15:22:00.139   214   214 D CompatibilityChangeReporter: Compat change id reported: 135634846; UID 1073; state: DISABLED
12-13 15:22:00.139   214   214 D ConnectivityModuleConnector: Networking module service start requested
12-13 15:22:00.139   214   214 I SystemServerTiming: StartTethering
12-13 15:22:00.139   214   214 D ConnectivityModuleConnector: Starting networking module android.net.ITetheringConnector
12-13 15:22:00.139   214   214 D ConnectivityModuleConnector: Starting networking module in network_stack process
12-13 15:22:00.139   214   214 D ConnectivityModuleConnector: Networking module service start requested
12-13 15:22:00.139   214   214 I SystemServerTiming: MakeCountryDetectionServiceReady
12-13 15:22:00.139   214   214 I SystemServerTiming: MakeNetworkTimeUpdateReady
12-13 15:22:00.140   214   214 D ConnectivityService: requestNetwork for uid/pid:1000/214 NetworkRequest [ TRACK_DEFAULT id=9, [ Capabilities: INTERNET&NOT_RESTRICTED&TRUSTED Uid: 1000 AdministratorUids: [] RequestorUid: 1000 RequestorPackageName: android] ]
12-13 15:22:00.140   214   214 I SystemServerTiming: MakeInputManagerServiceReady
12-13 15:22:00.140   214   296 D ConnectivityService: NetReassign [no changes]
12-13 15:22:00.141   214   214 I SystemServerTiming: MakeTelephonyRegistryReady
12-13 15:22:00.141   214   214 I SystemServerTiming: MakeMediaRouterServiceReady
12-13 15:22:00.141   214   214 I SystemServerTiming: MakeMmsServiceReady
12-13 15:22:00.141   214   214 I MmsServiceBroker: Delay connecting to MmsService until an API is called
12-13 15:22:00.141   214   214 I SystemServerTiming: IncidentDaemonReady
12-13 15:22:00.141   214   227 W StorageManagerService: No primary storage defined yet; hacking together a stub
12-13 15:22:00.141   214   214 I SystemServerTiming: getCurrentUser
12-13 15:22:00.141   214   214 I ActivityManager: Current user:0
12-13 15:22:00.141   214   214 I SystemServerTiming: ActivityManagerStartApps
12-13 15:22:00.141   214   214 I SystemServerTiming: ssm.StartUser-0
12-13 15:22:00.141   214   214 I SystemServiceManager: Calling onStartUser 0
12-13 15:22:00.141   214   214 I SystemServerTiming: ssm.onStartUser-0_com.android.server.security.FileIntegrityService
12-13 15:22:00.141   214   214 I SystemServerTiming: ssm.onStartUser-0_com.android.server.pm.Installer
12-13 15:22:00.141   214   214 I SystemServerTiming: ssm.onStartUser-0_com.android.server.os.DeviceIdentifiersPolicyService
12-13 15:22:00.141   214   214 I SystemServerTiming: ssm.onStartUser-0_com.android.server.uri.UriGrantsManagerService$Lifecycle
12-13 15:22:00.141   214   214 I SystemServerTiming: ssm.onStartUser-0_com.android.server.wm.ActivityTaskManagerService$Lifecycle
12-13 15:22:00.141   214   214 I SystemServerTiming: ssm.onStartUser-0_com.android.server.am.ActivityManagerService$Lifecycle
12-13 15:22:00.141   214   214 I SystemServerTiming: ssm.onStartUser-0_com.android.server.pm.DataLoaderManagerService
12-13 15:22:00.141   214   214 I SystemServerTiming: ssm.onStartUser-0_com.android.server.power.PowerManagerService
12-13 15:22:00.141   214   214 I SystemServerTiming: ssm.onStartUser-0_com.android.server.power.ThermalManagerService
12-13 15:22:00.141   214   214 I SystemServerTiming: ssm.onStartUser-0_com.android.server.recoverysystem.RecoverySystemService$Lifecycle
12-13 15:22:00.141   214   214 I SystemServerTiming: ssm.onStartUser-0_com.android.server.lights.LightsService
12-13 15:22:00.141   214   214 I SystemServerTiming: ssm.onStartUser-0_com.android.server.display.DisplayManagerService
12-13 15:22:00.141   214   214 I SystemServerTiming: ssm.onStartUser-0_com.android.server.pm.UserManagerService$LifeCycle
12-13 15:22:00.141   214   214 I SystemServerTiming: ssm.onStartUser-0_com.android.server.om.OverlayManagerService
12-13 15:22:00.141   214   214 I SystemServerTiming: ssm.onStartUser-0_com.android.server.SensorPrivacyService
12-13 15:22:00.141   214   214 I SystemServerTiming: ssm.onStartUser-0_com.android.server.SystemConfigService
12-13 15:22:00.141   214   214 I SystemServerTiming: ssm.onStartUser-0_com.android.server.BatteryService
12-13 15:22:00.141   214   214 I SystemServerTiming: ssm.onStartUser-0_com.android.server.usage.UsageStatsService
12-13 15:22:00.141   214   214 I SystemServerTiming: ssm.onStartUser-0_com.android.server.webkit.WebViewUpdateService
12-13 15:22:00.141   214   214 I SystemServerTiming: ssm.onStartUser-0_com.android.server.CachedDeviceStateService
12-13 15:22:00.141   214   214 I SystemServerTiming: ssm.onStartUser-0_com.android.server.BinderCallsStatsService$LifeCycle
12-13 15:22:00.141   214   214 I SystemServerTiming: ssm.onStartUser-0_com.android.server.LooperStatsService$Lifecycle
12-13 15:22:00.141   214   214 I SystemServerTiming: ssm.onStartUser-0_com.android.server.rollback.RollbackManagerService
12-13 15:22:00.141   214   214 I SystemServerTiming: ssm.onStartUser-0_com.android.server.os.BugreportManagerService
12-13 15:22:00.141   214   214 I SystemServerTiming: ssm.onStartUser-0_com.android.server.gpu.GpuService
12-13 15:22:00.141   214   214 I SystemServerTiming: ssm.onStartUser-0_com.android.server.security.KeyChainSystemService
12-13 15:22:00.141   214   214 I SystemServerTiming: ssm.onStartUser-0_com.android.server.telecom.TelecomLoaderService
12-13 15:22:00.141   214   214 I SystemServerTiming: ssm.onStartUser-0_com.android.server.accounts.AccountManagerService$Lifecycle
12-13 15:22:00.141   214   214 I SystemServerTiming: ssm.onStartUser-0_com.android.server.content.ContentService$Lifecycle
12-13 15:22:00.141   214   214 I SystemServerTiming: ssm.onStartUser-0_com.android.server.DropBoxManagerService
12-13 15:22:00.141   214   214 I SystemServerTiming: ssm.onStartUser-0_com.android.server.AlarmManagerService
12-13 15:22:00.141   214   214 I SystemServerTiming: ssm.onStartUser-0_com.android.server.connectivity.IpConnectivityMetrics
12-13 15:22:00.141   214   214 I SystemServerTiming: ssm.onStartUser-0_com.android.server.net.watchlist.NetworkWatchlistService$Lifecycle
12-13 15:22:00.141   214   214 I SystemServerTiming: ssm.onStartUser-0_com.android.server.PinnerService
12-13 15:22:00.141   214   214 I SystemServerTiming: ssm.onStartUser-0_com.google.android.startop.iorap.IorapForwardingService
12-13 15:22:00.141   214   214 I SystemServerTiming: ssm.onStartUser-0_com.android.server.integrity.AppIntegrityManagerService
12-13 15:22:00.142   214   214 I SystemServerTiming: ssm.onStartUser-0_com.android.server.inputmethod.InputMethodManagerService$Lifecycle
12-13 15:22:00.142   214   214 I SystemServerTiming: ssm.onStartUser-0_com.android.server.accessibility.AccessibilityManagerService$Lifecycle
12-13 15:22:00.142   214   214 I SystemServerTiming: ssm.onStartUser-0_com.android.server.StorageManagerService$Lifecycle
12-13 15:22:00.142   214   214 V StorageManagerService: Package com.microsoft.windows.systemapp does not have legacy storage
12-13 15:22:00.143   214   214 V StorageManagerService: Package com.android.cts.priv.ctsshim does not have legacy storage
12-13 15:22:00.143   214   214 V StorageManagerService: Package com.android.dynsystem does not have legacy storage
12-13 15:22:00.143   214   214 V StorageManagerService: Package com.android.providers.calendar does not have legacy storage
12-13 15:22:00.143   214   214 V StorageManagerService: Package com.android.providers.media has legacy storage
12-13 15:22:00.143   214   214 V StorageManagerService: Package com.google.android.accessibility.talkback does not have legacy storage
12-13 15:22:00.143   214   214 V StorageManagerService: Package com.amazon.venezia has legacy storage
12-13 15:22:00.143   214   214 V StorageManagerService: Package com.android.documentsui does not have legacy storage
12-13 15:22:00.143   214   214 V StorageManagerService: Package com.android.htmlviewer does not have legacy storage
12-13 15:22:00.143   214   214 V StorageManagerService: Package com.android.companiondevicemanager does not have legacy storage
12-13 15:22:00.143   214   214 V StorageManagerService: Package com.android.providers.downloads has legacy storage
12-13 15:22:00.143   214   214 V StorageManagerService: Package com.microsoft.windows.userapp does not have legacy storage
12-13 15:22:00.143   214   214 V StorageManagerService: Package com.android.providers.downloads.ui has legacy storage
12-13 15:22:00.143   214   214 V StorageManagerService: Package com.android.networkstack does not have legacy storage
12-13 15:22:00.143   214   214 V StorageManagerService: Package com.android.modulemetadata does not have legacy storage
12-13 15:22:00.143   214   214 V StorageManagerService: Package com.android.certinstaller does not have legacy storage
12-13 15:22:00.143   214   214 V StorageManagerService: Package android does not have legacy storage
12-13 15:22:00.143   214   214 V StorageManagerService: Package com.android.contacts does not have legacy storage
12-13 15:22:00.143   214   214 V StorageManagerService: Package com.android.camera2 has legacy storage
12-13 15:22:00.143   214   214 V StorageManagerService: Package com.android.backupconfirm does not have legacy storage
12-13 15:22:00.143   214   214 V StorageManagerService: Package com.android.settings.auto_generated_rro_vendor__ does not have legacy storage
12-13 15:22:00.143   214   214 V StorageManagerService: Package com.android.systemui.auto_generated_rro_vendor__ does not have legacy storage
12-13 15:22:00.143   214   214 V StorageManagerService: Package com.android.statementservice does not have legacy storage
12-13 15:22:00.143   214   214 V StorageManagerService: Package com.android.providers.settings does not have legacy storage
12-13 15:22:00.143   214   214 V StorageManagerService: Package com.android.printspooler does not have legacy storage
12-13 15:22:00.143   214   214 V StorageManagerService: Package com.eivaagames.RealChess3D.dbzq.m has legacy storage
12-13 15:22:00.143   214   214 V StorageManagerService: Package com.android.webview does not have legacy storage
12-13 15:22:00.143   214   214 V StorageManagerService: Package com.android.se does not have legacy storage
12-13 15:22:00.143   214   214 V StorageManagerService: Package com.android.inputdevices does not have legacy storage
12-13 15:22:00.143   214   214 V StorageManagerService: Package com.android.bips does not have legacy storage
12-13 15:22:00.143   214   214 V StorageManagerService: Package com.amazon.device.messaging does not have legacy storage
12-13 15:22:00.143   214   214 V StorageManagerService: Package com.android.providers.settings.auto_generated_rro_vendor__ does not have legacy storage
12-13 15:22:00.143   214   214 V StorageManagerService: Package android.ext.shared does not have legacy storage
12-13 15:22:00.143   214   214 V StorageManagerService: Package com.android.keychain does not have legacy storage
12-13 15:22:00.143   214   214 V StorageManagerService: Package com.android.gallery3d has legacy storage
12-13 15:22:00.143   214   214 V StorageManagerService: Package android.ext.services does not have legacy storage
12-13 15:22:00.143   214   214 V StorageManagerService: Package com.android.wifi.resources does not have legacy storage
12-13 15:22:00.143   214   214 V StorageManagerService: Package com.android.localtransport does not have legacy storage
12-13 15:22:00.143   214   214 V StorageManagerService: Package com.android.packageinstaller does not have legacy storage
12-13 15:22:00.143   214   214 V StorageManagerService: Package com.android.networkstack.tethering does not have legacy storage
12-13 15:22:00.143   214   214 V StorageManagerService: Package com.android.soundpicker has legacy storage
12-13 15:22:00.143   214   214 V StorageManagerService: Package com.android.settings does not have legacy storage
12-13 15:22:00.143   214   214 V StorageManagerService: Package com.android.networkstack.permissionconfig does not have legacy storage
12-13 15:22:00.143   214   214 V StorageManagerService: Package com.android.cts.ctsshim does not have legacy storage
12-13 15:22:00.143   214   214 V StorageManagerService: Package com.android.music does not have legacy storage
12-13 15:22:00.143   214   214 V StorageManagerService: Package com.android.shell has legacy storage
12-13 15:22:00.143   214   214 V StorageManagerService: Package com.android.wallpaperbackup does not have legacy storage
12-13 15:22:00.143   214   214 V StorageManagerService: Package com.android.providers.media.module has legacy storage
12-13 15:22:00.143   214   214 V StorageManagerService: Package com.android.hotspot2.osulogin does not have legacy storage
12-13 15:22:00.143   214   214 V StorageManagerService: Package com.android.location.fused does not have legacy storage
12-13 15:22:00.143    69    69 D Zygote  : Forked child process 452
12-13 15:22:00.143   214   214 V StorageManagerService: Package com.android.systemui has legacy storage
12-13 15:22:00.143   214   214 V StorageManagerService: Package com.android.permissioncontroller does not have legacy storage
12-13 15:22:00.143   214   214 V StorageManagerService: Package com.android.traceur does not have legacy storage
12-13 15:22:00.143   214   214 V StorageManagerService: Package com.android.providers.contacts does not have legacy storage
12-13 15:22:00.143   214   214 V StorageManagerService: Package android.auto_generated_rro_vendor__ does not have legacy storage
12-13 15:22:00.143   214   214 I SystemServerTiming: ssm.onStartUser-0_com.android.server.usage.StorageStatsService$Lifecycle
12-13 15:22:00.143   214   214 I SystemServerTiming: ssm.onStartUser-0_com.android.server.UiModeManagerService
12-13 15:22:00.143   214   214 I SystemServerTiming: ssm.onStartUser-0_com.android.server.locksettings.LockSettingsService$Lifecycle
12-13 15:22:00.143   214   214 I SystemServerTiming: ssm.onStartUser-0_com.android.server.testharness.TestHarnessModeService
12-13 15:22:00.143   214   214 I SystemServerTiming: ssm.onStartUser-0_com.android.server.DeviceIdleController
12-13 15:22:00.143   214   214 I SystemServerTiming: ssm.onStartUser-0_com.android.server.devicepolicy.DevicePolicyManagerService$Lifecycle
12-13 15:22:00.143   214   214 I SystemServerTiming: ssm.onStartUser-0_com.android.server.textservices.TextServicesManagerService$Lifecycle
12-13 15:22:00.143   214   214 I SystemServerTiming: ssm.onStartUser-0_com.android.server.textclassifier.TextClassificationManagerService$Lifecycle
12-13 15:22:00.143   214   214 I SystemServerTiming: ssm.onStartUser-0_com.android.server.NetworkScoreService$Lifecycle
12-13 15:22:00.143   214   214 I SystemServerTiming: ssm.onStartUser-0_com.android.server.wifi.WifiService
12-13 15:22:00.143   214   214 I SystemServerTiming: ssm.onStartUser-0_com.android.server.wifi.scanner.WifiScanningService
12-13 15:22:00.143   214   214 I SystemServerTiming: ssm.onStartUser-0_com.android.server.ethernet.EthernetService
12-13 15:22:00.143   214   214 I SystemServerTiming: ssm.onStartUser-0_com.android.server.notification.NotificationManagerService
12-13 15:22:00.143   214   214 I SystemServerTiming: ssm.onStartUser-0_com.android.server.storage.DeviceStorageMonitorService
12-13 15:22:00.143   214   214 I SystemServerTiming: ssm.onStartUser-0_com.android.server.location.LocationManagerService$Lifecycle
12-13 15:22:00.144   214   214 I SystemServerTiming: ssm.onStartUser-0_com.android.server.timedetector.TimeDetectorService$Lifecycle
12-13 15:22:00.144   214   214 I SystemServerTiming: ssm.onStartUser-0_com.android.server.timezonedetector.TimeZoneDetectorService$Lifecycle
12-13 15:22:00.144   214   214 I SystemServerTiming: ssm.onStartUser-0_com.android.server.search.SearchManagerService$Lifecycle
12-13 15:22:00.144   214   214 I SystemServerTiming: ssm.onStartUser-0_com.android.server.audio.AudioService$Lifecycle
12-13 15:22:00.144   214   214 I SystemServerTiming: ssm.onStartUser-0_com.android.server.soundtrigger_middleware.SoundTriggerMiddlewareService$Lifecycle
12-13 15:22:00.144   214   214 I SystemServerTiming: ssm.onStartUser-0_com.android.server.DockObserver
12-13 15:22:00.144   214   214 I SystemServerTiming: ssm.onStartUser-0_com.android.server.adb.AdbService$Lifecycle
12-13 15:22:00.144   214   214 I SystemServerTiming: ssm.onStartUser-0_com.android.server.twilight.TwilightService
12-13 15:22:00.144   214   214 I SystemServerTiming: ssm.onStartUser-0_com.android.server.display.color.ColorDisplayService
12-13 15:22:00.144   214   214 I SystemServerTiming: ssm.onStartUser-0_com.android.server.job.JobSchedulerService
12-13 15:22:00.144   214   242 I ActivityManager: Start proc 452:com.android.networkstack.process/1073 for service {com.android.networkstack/com.android.server.NetworkStackService}
12-13 15:22:00.144   214   214 I SystemServerTiming: ssm.onStartUser-0_com.android.server.soundtrigger.SoundTriggerService
12-13 15:22:00.144   214   214 I SystemServerTiming: ssm.onStartUser-0_com.android.server.trust.TrustManagerService
12-13 15:22:00.144   214   214 I SystemServerTiming: ssm.onStartUser-0_com.android.server.appwidget.AppWidgetService
12-13 15:22:00.144   214   214 I SystemServerTiming: ssm.onStartUser-0_com.android.server.role.RoleManagerService
12-13 15:22:00.145   214   214 I SystemServerTiming: ssm.onStartUser-0_com.android.server.voiceinteraction.VoiceInteractionManagerService
12-13 15:22:00.145   214   214 W VoiceInteractionManager: no available voice recognition services found for user 0
12-13 15:22:00.145   214   214 I SystemServerTiming: ssm.onStartUser-0_com.android.server.GestureLauncherService
12-13 15:22:00.145   214   214 I SystemServerTiming: ssm.onStartUser-0_com.android.server.SensorNotificationService
12-13 15:22:00.145   214   214 I SystemServerTiming: ssm.onStartUser-0_com.android.server.emergency.EmergencyAffordanceService
12-13 15:22:00.145   214   214 I SystemServerTiming: ssm.onStartUser-0_com.android.server.dreams.DreamManagerService
12-13 15:22:00.145   214   214 I SystemServerTiming: ssm.onStartUser-0_com.android.server.print.PrintManagerService
12-13 15:22:00.145   214   214 I SystemServerTiming: ssm.onStartUser-0_com.android.server.restrictions.RestrictionsManagerService
12-13 15:22:00.145   214   214 I SystemServerTiming: ssm.onStartUser-0_com.android.server.media.MediaSessionService
12-13 15:22:00.145   214   214 I SystemServerTiming: ssm.onStartUser-0_com.android.server.blob.BlobStoreManagerService
12-13 15:22:00.145   214   214 I SystemServerTiming: ssm.onStartUser-0_com.android.server.biometrics.BiometricService
12-13 15:22:00.145   214   214 I SystemServerTiming: ssm.onStartUser-0_com.android.server.biometrics.AuthService
12-13 15:22:00.145   214   214 I SystemServerTiming: ssm.onStartUser-0_com.android.server.pm.ShortcutService$Lifecycle
12-13 15:22:00.145   214   214 I SystemServerTiming: ssm.onStartUser-0_com.android.server.pm.LauncherAppsService
12-13 15:22:00.145   214   214 I SystemServerTiming: ssm.onStartUser-0_com.android.server.pm.CrossProfileAppsService
12-13 15:22:00.145   214   214 I SystemServerTiming: ssm.onStartUser-0_com.android.server.people.PeopleService
12-13 15:22:00.145   214   214 I SystemServerTiming: ssm.onStartUser-0_com.android.server.media.projection.MediaProjectionManagerService
12-13 15:22:00.145   214   214 I SystemServerTiming: ssm.onStartUser-0_com.android.server.slice.SliceManagerService$Lifecycle
12-13 15:22:00.145   214   214 I SystemServerTiming: ssm.onStartUser-0_com.android.server.camera.CameraServiceProxy
12-13 15:22:00.145   214   214 I SystemServerTiming: ssm.onStartUser-0_com.android.server.stats.StatsCompanion$Lifecycle
12-13 15:22:00.145   214   214 I SystemServerTiming: ssm.onStartUser-0_com.android.server.stats.pull.StatsPullAtomService
12-13 15:22:00.145   214   214 I SystemServerTiming: ssm.onStartUser-0_com.android.server.incident.IncidentCompanionService
12-13 15:22:00.145   214   214 I SystemServerTiming: ssm.onStartUser-0_com.android.server.MmsServiceBroker
12-13 15:22:00.145   214   214 I SystemServerTiming: ssm.onStartUser-0_com.android.server.autofill.AutofillManagerService
12-13 15:22:00.145   214   214 I SystemServerTiming: ssm.onStartUser-0_com.android.server.clipboard.ClipboardService
12-13 15:22:00.145   214   214 I SystemServerTiming: ssm.onStartUser-0_com.android.server.appbinding.AppBindingService$Lifecycle
12-13 15:22:00.145   214   214 W AppBindingService: [Default SMS app] u0 Target package not found
12-13 15:22:00.145   214   214 I SystemServerTiming: ssm.onStartUser-0_com.android.server.policy.PermissionPolicyService
12-13 15:22:00.146   214   214 I SystemServerTiming: ssm.onStartUser-0_com.android.server.pm.StagingManager$Lifecycle
12-13 15:22:00.146   214   214 I SystemServerTiming: ssm.onStartUser-0_com.microsoft.windows.service.SystemServerService
12-13 15:22:00.146   214   214 I SystemServerTiming: startPersistentApps
12-13 15:22:00.146   214   214 D CompatibilityChangeReporter: Compat change id reported: 135634846; UID 1068; state: DISABLED
12-13 15:22:00.146   214   214 I SystemServerTiming: startHomeOnAllDisplays
12-13 15:22:00.147   452   452 W rkstack.proces: Unexpected CPU variant for X86 using defaults: x86_64
12-13 15:22:00.147   214   214 I ActivityTaskManager: START u0 {act=android.intent.action.MAIN cat=[android.intent.category.HOME] flg=0x10000100 cmp=com.android.settings/.FallbackHome} from uid 0
12-13 15:22:00.149   452   452 E rkstack.proces: Not starting debugger since process cannot load the jdwp agent.
12-13 15:22:00.149    69    69 D Zygote  : Forked child process 467
12-13 15:22:00.152    88    88 I power-service.windows: Power isModeSupported: 5
12-13 15:22:00.153   467   467 W rkstack.proces: Unexpected CPU variant for X86 using defaults: x86_64
12-13 15:22:00.154   214   214 I ActivityTaskManager: Config changes=100 {1.0 ?mcc?mnc [zh_CN] ldltr sw533dp w533dp h829dp 240dpi lrg port night finger qwerty/v/v -nav/h winConfig={ mBounds=Rect(0, 0 - 800, 1280) mAppBounds=Rect(0, 0 - 800, 1280) mWindowingMode=fullscreen mDisplayWindowingMode=fullscreen mActivityType=undefined mAlwaysOnTop=undefined mRotation=ROTATION_0} s.10}
12-13 15:22:00.154   214   214 I WindowManager: Override config changes=100 {1.0 ?mcc?mnc [zh_CN] ldltr sw533dp w533dp h829dp 240dpi lrg port night finger qwerty/v/v -nav/h winConfig={ mBounds=Rect(0, 0 - 800, 1280) mAppBounds=Rect(0, 0 - 800, 1280) mWindowingMode=fullscreen mDisplayWindowingMode=fullscreen mActivityType=undefined mAlwaysOnTop=undefined mRotation=ROTATION_0} s.10} for displayId=0
12-13 15:22:00.155   467   467 E rkstack.proces: Not starting debugger since process cannot load the jdwp agent.
12-13 15:22:00.156   214   214 V WindowManager: Orientation start waiting for draw, mDrawState=DRAW_PENDING in Window{ee23a05 u0 PointerLocation - display 0}, surfaceController Surface(name=PointerLocation - display 0)/@0xeb2040b
12-13 15:22:00.157   214   214 I SystemServerTiming: showSystemReadyErrorDialogs
12-13 15:22:00.165   351   491 I chatty  : uid=1000(system) com.android.settings expire 3 lines
12-13 15:22:00.167   438   438 I WebViewZygoteInit: Beginning application preload for com.android.webview
12-13 15:22:00.176   438   438 D nativeloader: classloader namespace configured for unbundled product apk. library_path=/product/app/webview/lib/x86:/product/app/webview/webview.apk!/lib/x86:/product/lib:/system/product/lib
12-13 15:22:00.178   214   214 E Build   : Vendor interface is incompatible, error=1
12-13 15:22:00.178   214   214 E ActivityTaskManager: Build fingerprint is not consistent, warning user
12-13 15:22:00.178   214   214 I SystemServerTiming: sendUserStartBroadcast
12-13 15:22:00.179   214   214 I SystemServerTiming: resumeTopActivities
12-13 15:22:00.179   214   214 I SystemServerTiming: sendUserSwitchBroadcasts
12-13 15:22:00.180   214   214 I SystemServerTiming: setBinderProxies
12-13 15:22:00.180   214   242 I ActivityManager: Start proc 467:com.android.networkstack.process/1073 for added application com.android.networkstack.process
12-13 15:22:00.180   214   227 W ActivityManager: No pending application record for pid 452 (IApplicationThread android.app.IApplicationThread$Stub$Proxy@802bca1); dropping process
12-13 15:22:00.184    69    69 D Zygote  : Forked child process 493
12-13 15:22:00.185    69    69 I Zygote  : Process 452 exited due to signal 9 (Killed)
12-13 15:22:00.185   214   494 I chatty  : uid=1000 system_server expire 1 line
12-13 15:22:00.186   214   242 I ActivityManager: Start proc 493:com.android.se/1068 for added application com.android.se
12-13 15:22:00.187   493   493 W com.android.se: Unexpected CPU variant for X86 using defaults: x86_64
12-13 15:22:00.188   214   214 W Looper  : Slow delivery took 1068ms main h=android.app.ActivityThread$H c=null m=156
12-13 15:22:00.189   438   438 I WebViewZygoteInit: Application preload done
12-13 15:22:00.189   214   214 D ConditionProviders.SCP: onConnected
12-13 15:22:00.189   493   493 E com.android.se: Not starting debugger since process cannot load the jdwp agent.
12-13 15:22:00.189   214   214 D ConditionProviders: Subscribing to condition://android/event?userId=-10000&calendar=&reply=1 with ComponentInfo{android/com.android.server.notification.EventConditionProvider}
12-13 15:22:00.189   214   214 D ConditionProviders: Subscribing to condition://android/schedule?days=1.2.3.4.5.6.7&start=22.0&end=7.0&exitAtAlarm=true with ComponentInfo{android/com.android.server.notification.ScheduleConditionProvider}
12-13 15:22:00.190   214   214 D CompatibilityChangeReporter: Compat change id reported: 135634846; UID 10035; state: DISABLED
12-13 15:22:00.190   214   242 D CompatibilityChangeReporter: Compat change id reported: 143937733; UID 10035; state: ENABLED
12-13 15:22:00.193   214   214 D PackageWatchdog: Getting all observed packages pending health checks
12-13 15:22:00.193   214   214 I PackageWatchdog: Syncing health check requests for packages: {}
12-13 15:22:00.193   214   214 I ExplicitHealthCheckController: Service not ready to get health check supported packages. Binding...
12-13 15:22:00.193   214   214 I ExplicitHealthCheckController: Explicit health check service is bound
12-13 15:22:00.194    69    69 D Zygote  : Forked child process 517
12-13 15:22:00.195   214   242 I ActivityManager: Start proc 517:android.ext.services/u0a35 for service {android.ext.services/android.ext.services.autofill.InlineSuggestionRenderServiceImpl}
12-13 15:22:00.198   467   467 D NetworkSecurityConfig: No Network Security Config specified, using platform default
12-13 15:22:00.198   517   517 W id.ext.service: Unexpected CPU variant for X86 using defaults: x86_64
12-13 15:22:00.198   467   467 D NetworkSecurityConfig: No Network Security Config specified, using platform default
12-13 15:22:00.199   517   517 E id.ext.service: Not starting debugger since process cannot load the jdwp agent.
12-13 15:22:00.200   214   214 E TrustManagerService: EXTRA_USER_HANDLE missing or invalid, value=0
12-13 15:22:00.201   214   241 I DropBoxManagerService: add tag=system_server_wtf isTagEnabled=true flags=0x2
12-13 15:22:00.201   375   375 D CompatibilityChangeReporter: Compat change id reported: 147600208; UID 10030; state: ENABLED
12-13 15:22:00.205   351   487 I chatty  : uid=1000(system) RenderThread expire 12 lines
12-13 15:22:00.205   493   493 W ContextImpl: Failed to ensure /data/user/0/com.android.se/cache: mkdir failed: ENOENT (No such file or directory)
12-13 15:22:00.205   493   493 W ContextImpl: Failed to update user.inode_cache: stat failed: ENOENT (No such file or directory)
12-13 15:22:00.207   493   493 D NetworkSecurityConfig: No Network Security Config specified, using platform default
12-13 15:22:00.208   214   214 D AccessibilityManagerService: Ignoring non-encryption-aware service ComponentInfo{com.microsoft.windows.userapp/com.microsoft.windows.inputmethod.TsfAccessibilityService}
12-13 15:22:00.208   214   241 W DropBoxManagerService: Dropping: system_server_wtf (1240 > 0 bytes)
12-13 15:22:00.208   214   214 V NotificationAssistants: enabling notification assistant for 0: ComponentInfo{android.ext.services/android.ext.services.notification.Assistant}
12-13 15:22:00.209   214   214 V NotificationAssistants: binding: Intent { act=android.service.notification.NotificationAssistantService cmp=android.ext.services/.notification.Assistant (has extras) }
12-13 15:22:00.207   493   493 D NetworkSecurityConfig: No Network Security Config specified, using platform default
12-13 15:22:00.209   493   493 I SecureElementService: main onCreate
12-13 15:22:00.210   467   467 I TetheringManager: registerTetheringEventCallback:com.android.networkstack
12-13 15:22:00.210   493   493 I SecureElementService: Check if terminal eSE1 is available.
12-13 15:22:00.210   214   282 D ConnectivityService: requestNetwork for uid/pid:1073/467 NetworkRequest [ TRACK_DEFAULT id=10, [ Capabilities: INTERNET&NOT_RESTRICTED&TRUSTED Uid: 1073 AdministratorUids: [] RequestorUid: 1073 RequestorPackageName: com.android.networkstack] ]
12-13 15:22:00.210   214   296 D ConnectivityService: NetReassign [no changes]
12-13 15:22:00.211   493   493 D SecureElement-Terminal-eSE1: SE Hal V1.2 is not supported
12-13 15:22:00.211    89   312 E AudioFlinger: getMicMute: error -38 getting state from HAL
12-13 15:22:00.211   493   493 D SecureElement-Terminal-eSE1: SE Hal V1.1 is not supported
12-13 15:22:00.211    89   312 W AudioFlinger: setMicMute: error -38 setting state to HAL
12-13 15:22:00.211   493   493 I SecureElementService: No HAL implementation for eSE1
12-13 15:22:00.211   493   493 I SecureElementService: Check if terminal SIM1 is available.
12-13 15:22:00.211    89   312 E AudioFlinger: getMicMute: error -38 getting state from HAL
12-13 15:22:00.211   493   493 D SecureElement-Terminal-SIM1: SE Hal V1.2 is not supported
12-13 15:22:00.211   493   493 D SecureElement-Terminal-SIM1: SE Hal V1.1 is not supported
12-13 15:22:00.211   493   493 I SecureElementService: No HAL implementation for SIM1
12-13 15:22:00.212   467   467 D ApplicationLoaders: Returning zygote-cached class loader: /system/framework/android.test.base.jar
12-13 15:22:00.214   375   375 D MediaResumeListener: loaded resume components []
12-13 15:22:00.214   375   375 E BluetoothAdapter: Bluetooth binder is null
12-13 15:22:00.216   467   467 D NetworkSecurityConfig: No Network Security Config specified, using platform default
12-13 15:22:00.216   467   467 W nsconfig: com.android.networkstack.process: New config does not match the previously set config.
12-13 15:22:00.218   517   517 D NetworkSecurityConfig: No Network Security Config specified, using platform default
12-13 15:22:00.218   517   517 D NetworkSecurityConfig: No Network Security Config specified, using platform default
12-13 15:22:00.220    89   194 W APM::AudioPolicyEngine: getDevicesForStrategy() unknown strategy: -1
12-13 15:22:00.220   375   375 W AlarmManager: Unrecognized alarm listener com.android.systemui.keyguard.-$$Lambda$KeyguardSliceProvider$IhzByd8TsqFuOrSyuGurVskyPLo@991136c
12-13 15:22:00.211   214   296 D ConnectivityService: NetReassign [no changes]
12-13 15:22:00.222   214   214 D ConditionProviders.SCP: onSubscribe condition://android/schedule?days=1.2.3.4.5.6.7&start=22.0&end=7.0&exitAtAlarm=true
12-13 15:22:00.222   214   214 D ConditionProviders.SCP: setRegistered true
12-13 15:22:00.223   214   301 W ActivityThread: Failed to find provider info for com.android.calendar (user not unlocked)
12-13 15:22:00.223   214   214 D ConditionProviders.SCP: evaluateSubscriptionLocked cal=ScheduleCalendar[mDays={1, 2, 3, 4, 5, 6, 7}, mSchedule=ScheduleInfo{days=[1, 2, 3, 4, 5, 6, 7], startHour=22, startMinute=0, endHour=7, endMinute=0, exitAtAlarm=true, nextAlarm=Thu Jan 01 08:00:00 GMT+08:00 1970 (0)}], now=Mon Dec 13 15:22:00 GMT+08:00 2021 (1639380120222), nextUserAlarmTime=Thu Jan 01 08:00:00 GMT+08:00 1970 (0)
12-13 15:22:00.223   214   214 D ConditionProviders.SCP: notifyCondition condition://android/schedule?days=1.2.3.4.5.6.7&start=22.0&end=7.0&exitAtAlarm=true STATE_FALSE reason=!meetsSchedule
12-13 15:22:00.223   214   301 W ActivityThread: Failed to find provider info for com.android.calendar (user not unlocked)
12-13 15:22:00.223   214   214 D ConditionProviders.SCP: Scheduling evaluate for Mon Dec 13 22:00:00 GMT+08:00 2021 (1639404000000), in +6h37m59s778ms, now=Mon Dec 13 15:22:00 GMT+08:00 2021 (1639380120222)
12-13 15:22:00.224   375   375 V SystemUIService: SystemUIApplication created.
12-13 15:22:00.224   214   214 I AutofillManagerService: Updating for user 0: disabled=false
12-13 15:22:00.225   214   214 I ConnectivityModuleConnector: Networking module service connected
12-13 15:22:00.226   214   214 W Looper  : Drained
12-13 15:22:00.226   214   214 I ExplicitHealthCheckController: Explicit health check service is connected ComponentInfo{android.ext.services/android.ext.services.watchdog.ExplicitHealthCheckServiceImpl}
12-13 15:22:00.226   214   214 I ExplicitHealthCheckController: Service initialized, syncing requests
12-13 15:22:00.227   375   375 V SystemUIService: Starting SystemUI services for user 0.
12-13 15:22:00.227   214   489 I chatty  : uid=1000(system) Binder:214_5 expire 12 lines
12-13 15:22:00.227   214   214 V NotificationAssistants: 0 notification assistant service connected: ComponentInfo{android.ext.services/android.ext.services.notification.Assistant}
12-13 15:22:00.227   214   214 D PackageWatchdog: Getting all observed packages pending health checks
12-13 15:22:00.227   214   214 I PackageWatchdog: Syncing health check requests for packages: {}
12-13 15:22:00.227   214   214 D ExplicitHealthCheckController: Getting health check supported packages
12-13 15:22:00.228   214   489 I ExplicitHealthCheckController: Explicit health check supported packages [PackageConfig{com.android.networkstack, 86400000}]
12-13 15:22:00.228   214   489 D PackageWatchdog: Received supported packages [PackageConfig{com.android.networkstack, 86400000}]
12-13 15:22:00.228   214   489 D ExplicitHealthCheckController: Getting health check requested packages
12-13 15:22:00.228   214   489 I ExplicitHealthCheckController: Explicit health check requested packages []
12-13 15:22:00.228   214   489 I ExplicitHealthCheckController: No more health check requests, unbinding...
12-13 15:22:00.228   214   489 I ExplicitHealthCheckController: Explicit health check service is unbound
12-13 15:22:00.228   375   375 D InterruptionStateProvider: heads up is enabled
12-13 15:22:00.230   375   375 I FalsingManager: xdpi, ydpi: 0.24, 0.24
12-13 15:22:00.230   375   375 I FalsingManager: width, height: 800, 1280
