12-13 15:22:01.868   613   613 V MediaProvider: Updated external volumes to: {external_primary}
12-13 15:22:01.872   613  1085 I MediaProvider: Begin Intent { act=android.intent.action.MEDIA_MOUNTED dat=file:///storage/emulated/0 flg=0x5000010 cmp=com.android.providers.media.module/com.android.providers.media.MediaService (has extras) }
12-13 15:22:01.876   613  1085 V MediaProvider: onConfigure() for internal.db
12-13 15:22:01.877   613  1085 V MediaProvider: onOpen() for internal.db
12-13 15:22:01.877   613  1085 V MediaProvider: onOpen() finished for internal.db
12-13 15:22:01.878   613  1085 W ModernMediaScanner: Failed to visit /system/media: java.nio.file.NoSuchFileException: /system/media
12-13 15:22:01.866   214   283 D StorageManagerService: Volume emulated;0 broadcasting mounted to UserHandle{0}
12-13 15:22:01.879   214   228 D CompatibilityChangeReporter: Compat change id reported: 149924527; UID 10033; state: ENABLED
12-13 15:22:01.880   214   228 D CompatibilityChangeReporter: Compat change id reported: 132649864; UID 10033; state: DISABLED
12-13 15:22:01.881   613  1085 I MediaProvider: Scanned internal due to REASON_MOUNTED, found 0 items in 4ms, 0 inserts 0 updates 0 deletes
12-13 15:22:01.977   613  1085 W ModernMediaScanner: Failed to visit /oem/media: java.nio.file.NoSuchFileException: /oem/media
12-13 15:22:01.977   613  1085 I MediaProvider: Scanned internal due to REASON_MOUNTED, found 0 items in 1ms, 0 inserts 0 updates 0 deletes
12-13 15:22:01.978   613  1085 W ModernMediaScanner: Failed to visit /product/media: java.nio.file.NoSuchFileException: /product/media
12-13 15:22:01.978   613  1085 I MediaProvider: Scanned internal due to REASON_MOUNTED, found 0 items in 0ms, 0 inserts 0 updates 0 deletes
12-13 15:22:02.010   613  1085 I MediaProvider: Scanned external_primary due to REASON_MOUNTED, found 26 items in 25ms, 0 inserts 3 updates 0 deletes
12-13 15:22:02.011   613  1085 I MediaProvider: End Intent { act=android.intent.action.MEDIA_MOUNTED dat=file:///storage/emulated/0 flg=0x5000010 cmp=com.android.providers.media.module/com.android.providers.media.MediaService (has extras) }
12-13 15:22:02.012   613  1085 I MediaProvider: Begin Intent { act=android.intent.action.MEDIA_MOUNTED dat=file:///storage/emulated/0 flg=0x5000010 cmp=com.android.providers.media.module/com.android.providers.media.MediaService (has extras) }
12-13 15:22:02.013   613  1085 W ModernMediaScanner: Failed to visit /system/media: java.nio.file.NoSuchFileException: /system/media
12-13 15:22:02.013   613  1085 I MediaProvider: Scanned internal due to REASON_MOUNTED, found 0 items in 1ms, 0 inserts 0 updates 0 deletes
12-13 15:22:02.014   613  1085 W ModernMediaScanner: Failed to visit /oem/media: java.nio.file.NoSuchFileException: /oem/media
12-13 15:22:02.014   613  1085 I MediaProvider: Scanned internal due to REASON_MOUNTED, found 0 items in 1ms, 0 inserts 0 updates 0 deletes
12-13 15:22:02.014   613  1085 W ModernMediaScanner: Failed to visit /product/media: java.nio.file.NoSuchFileException: /product/media
12-13 15:22:02.015   613  1085 I MediaProvider: Scanned internal due to REASON_MOUNTED, found 0 items in 0ms, 0 inserts 0 updates 0 deletes
12-13 15:22:02.029   613  1085 I MediaProvider: Scanned external_primary due to REASON_MOUNTED, found 26 items in 9ms, 0 inserts 0 updates 0 deletes
12-13 15:22:02.031   613  1085 I MediaProvider: End Intent { act=android.intent.action.MEDIA_MOUNTED dat=file:///storage/emulated/0 flg=0x5000010 cmp=com.android.providers.media.module/com.android.providers.media.MediaService (has extras) }
12-13 15:22:02.043   351   365 I chatty  : uid=1000(system) FinalizerDaemon expire 1 line
12-13 15:22:02.560   338   338 I wpa_supplicant: wlan0: CTRL-EVENT-REGDOM-CHANGE init=BEACON_HINT type=UNKNOWN
12-13 15:22:02.562    30    30 I servicemanager: Since 'com.microsoft.windows.service.IShellRedirector' could not be found, trying to start it as a lazy AIDL service
12-13 15:22:02.564    30  1088 W libc    : Unable to set property "ctl.interface_start" to "aidl/com.microsoft.windows.service.IShellRedirector": error code: 0x20
12-13 15:22:02.576   152   152 W wificond: Scan is not started. Ignore abort request
12-13 15:22:02.583   338   338 I wpa_supplicant: wlan0: Trying to associate with 76:67:1f:dc:c0:aa (SSID='VirtWifi' freq=5240 MHz)
12-13 15:22:02.767    30    30 I servicemanager: Since 'com.microsoft.windows.service.IShellRedirector' could not be found, trying to start it as a lazy AIDL service
12-13 15:22:02.767   626   759 W ServiceManager: Waited one second for com.microsoft.windows.service.IShellRedirector
12-13 15:22:02.768    30  1089 W libc    : Unable to set property "ctl.interface_start" to "aidl/com.microsoft.windows.service.IShellRedirector": error code: 0x20
12-13 15:22:03.563    30    30 I servicemanager: Since 'com.microsoft.windows.service.IShellRedirector' could not be found, trying to start it as a lazy AIDL service
12-13 15:22:03.564    30  1090 W libc    : Unable to set property "ctl.interface_start" to "aidl/com.microsoft.windows.service.IShellRedirector": error code: 0x20
12-13 15:22:03.768    30    30 I servicemanager: Since 'com.microsoft.windows.service.IShellRedirector' could not be found, trying to start it as a lazy AIDL service
12-13 15:22:03.768   626   759 W ServiceManager: Waited one second for com.microsoft.windows.service.IShellRedirector
12-13 15:22:03.769    30  1092 W libc    : Unable to set property "ctl.interface_start" to "aidl/com.microsoft.windows.service.IShellRedirector": error code: 0x20
12-13 15:22:04.563    30    30 I servicemanager: Since 'com.microsoft.windows.service.IShellRedirector' could not be found, trying to start it as a lazy AIDL service
12-13 15:22:04.565    30  1093 W libc    : Unable to set property "ctl.interface_start" to "aidl/com.microsoft.windows.service.IShellRedirector": error code: 0x20
12-13 15:22:04.641   338   338 I wpa_supplicant: wlan0: Associated with 76:67:1f:dc:c0:aa
12-13 15:22:04.641   338   338 I wpa_supplicant: wlan0: CTRL-EVENT-CONNECTED - Connection to 76:67:1f:dc:c0:aa completed [id=0 id_str=%7B%22configKey%22%3A%22%5C%22VirtWifi%5C%22NONE%22%2C%22creatorUid%22%3A%221000%22%7D]
12-13 15:22:04.641   338   338 I wpa_supplicant: wlan0: CTRL-EVENT-SUBNET-STATUS-UPDATE status=0
12-13 15:22:04.644   214   291 D ConnectivityService: registerNetworkAgent NetworkAgentInfo{ ni{[type: WIFI[], state: UNKNOWN/IDLE, reason: (unspecified), extra: , failover: false, available: true, roaming: false]}  network{100}  nethandle{432902426637}  lp{{LinkAddresses: [ ] DnsAddresses: [ ] Domains: null MTU: 0 Routes: [ ]}}  nc{[ Transports: WIFI Capabilities: NOT_METERED&INTERNET&NOT_RESTRICTED&TRUSTED&NOT_VPN&NOT_ROAMING&FOREGROUND&NOT_CONGESTED&NOT_SUSPENDED LinkUpBandwidth>=1048576Kbps LinkDnBandwidth>=1048576Kbps OwnerUid: 1000 SSID: "VirtWifi" RequestorUid: -1 RequestorPackageName: null]}  Score{20}  everValidated{false}  lastValidated{false}  created{false} lingering{false} explicitlySelected{false} acceptUnvalidated{false} everCaptivePortalDetected{false} lastCaptivePortalDetected{false} partialConnectivity{false} acceptPartialConnectivity{false} clat{mBaseIface: null, mIface: null, mState: IDLE} }
12-13 15:22:04.644   214   287 I chatty  : uid=1000(system) NetworkStats expire 4 lines
12-13 15:22:04.650   214   296 D ConnectivityService: [100 WIFI] EVENT_NETWORK_INFO_CHANGED, going from UNKNOWN to UNKNOWN
12-13 15:22:04.650   214   296 D ConnectivityService: NetReassign [no changes]
12-13 15:22:04.653   214   296 D ConnectivityService: Adding iface wlan0 to network 100
12-13 15:22:04.653    68   204 E Netd    : no such netId 100
12-13 15:22:04.653   214   296 E ConnectivityService: Exception adding interface: java.lang.IllegalStateException: android.os.ServiceSpecificException: Machine is not on the network (code 64)
12-13 15:22:04.653    68  1096 E Netd    : no such netId 100
12-13 15:22:04.653    68   204 E Netd    : no such netId 100
12-13 15:22:04.653   214   296 E ConnectivityService: Exception in networkAddRouteParcel for non-gateway: android.os.ServiceSpecificException: Machine is not on the network (code 64)
12-13 15:22:04.653    68  1096 E Netd    : no such netId 100
12-13 15:22:04.654   214   296 E ConnectivityService: Exception in networkAddRouteParcel for gateway: android.os.ServiceSpecificException: Machine is not on the network (code 64)
12-13 15:22:04.654   214   296 D ConnectivityService: Setting DNS servers for network 100 to [/172.17.48.1]
12-13 15:22:04.692   214   296 I chatty  : uid=1000(system) ConnectivitySer expire 6 lines
12-13 15:22:04.768    30    30 I servicemanager: Since 'com.microsoft.windows.service.IShellRedirector' could not be found, trying to start it as a lazy AIDL service
12-13 15:22:04.768   626   759 W ServiceManager: Waited one second for com.microsoft.windows.service.IShellRedirector
12-13 15:22:04.769    30  1098 W libc    : Unable to set property "ctl.interface_start" to "aidl/com.microsoft.windows.service.IShellRedirector": error code: 0x20
12-13 15:22:04.772   214   296 D ConnectivityService: [100 WIFI] EVENT_NETWORK_INFO_CHANGED, going from UNKNOWN to CONNECTED
12-13 15:22:04.773   214   296 D DnsManager: sendDnsConfigurationForNetwork(100, [172.17.48.1], [], 1800, 25, 8, 64, 0, 0, , [])
12-13 15:22:04.773   214   296 W DnsManager: updatePrivateDns(100, PrivateDnsConfig{true:/[]})
12-13 15:22:04.773   214   296 D ConnectivityService: Setting DNS servers for network 100 to [/172.17.48.1]
12-13 15:22:04.773   214   296 D DnsManager: sendDnsConfigurationForNetwork(100, [172.17.48.1], [], 1800, 25, 8, 64, 0, 0, , [172.17.48.1])
12-13 15:22:04.773    68  1099 W resolv  : Validating DnsTlsServer on netId 100
12-13 15:22:04.774   214   296 D ConnectivityService: Adding iface wlan0 to network 100
12-13 15:22:04.774    68  1099 W resolv  : Validation failed
12-13 15:22:04.775   214   296 D ConnectivityService: Setting DNS servers for network 100 to [/172.17.48.1]
12-13 15:22:04.775   214   296 D DnsManager: sendDnsConfigurationForNetwork(100, [172.17.48.1], [], 1800, 25, 8, 64, 0, 0, , [172.17.48.1])
12-13 15:22:04.775    68  1100 W resolv  : Validating DnsTlsServer on netId 100
12-13 15:22:04.776    68  1100 W resolv  : SSL_connect ssl error =5, mark 0xf0064: Connection refused
12-13 15:22:04.776    68  1100 W resolv  : Validation failed
12-13 15:22:04.822   214   296 D ConnectivityService: NetReassign [12 : null → 100, 1 : null → 100, 10 : null → 100, 9 : null → 100, 14 : null → 100, 15 : null → 100]
12-13 15:22:04.823    68   206 W IptablesRestoreController: iptables-restore process 74 terminated status=256
12-13 15:22:04.823    68   206 E IptablesRestoreController: iptables error:
12-13 15:22:04.823    68   206 E IptablesRestoreController: ------- COMMAND -------
12-13 15:22:04.823    68   206 E IptablesRestoreController: *raw
12-13 15:22:04.823    68   206 E IptablesRestoreController: -A idletimer_raw_PREROUTING -i wlan0 -j IDLETIMER --timeout 15 --label 1 --send_nl_msg 1
12-13 15:22:04.823    68   206 E IptablesRestoreController: COMMIT
12-13 15:22:04.823    68   206 E IptablesRestoreController: *mangle
12-13 15:22:04.823    68   206 E IptablesRestoreController: -A idletimer_mangle_POSTROUTING -o wlan0 -j IDLETIMER --timeout 15 --label 1 --send_nl_msg 1
12-13 15:22:04.823    68   206 E IptablesRestoreController: COMMIT
12-13 15:22:04.823    68   206 E IptablesRestoreController: 
12-13 15:22:04.823    68   206 E IptablesRestoreController: -------  ERROR -------
12-13 15:22:04.823    68   206 E IptablesRestoreController: iptables-restore: line 256 failed
12-13 15:22:04.823    68   206 E IptablesRestoreController: ----------------------
12-13 15:22:04.823    68   206 W IptablesRestoreController: iptables-restore process 75 terminated status=256
12-13 15:22:04.823    68   206 E IptablesRestoreController: iptables error:
12-13 15:22:04.823    68   206 E IptablesRestoreController: ------- COMMAND -------
12-13 15:22:04.823    68   206 E IptablesRestoreController: *raw
12-13 15:22:04.823    68   206 E IptablesRestoreController: -A idletimer_raw_PREROUTING -i wlan0 -j IDLETIMER --timeout 15 --label 1 --send_nl_msg 1
12-13 15:22:04.823    68   206 E IptablesRestoreController: COMMIT
12-13 15:22:04.823    68   206 E IptablesRestoreController: *mangle
12-13 15:22:04.823    68   206 E IptablesRestoreController: -A idletimer_mangle_POSTROUTING -o wlan0 -j IDLETIMER --timeout 15 --label 1 --send_nl_msg 1
12-13 15:22:04.823    68   206 E IptablesRestoreController: COMMIT
12-13 15:22:04.823    68   206 E IptablesRestoreController: 
12-13 15:22:04.823    68   206 E IptablesRestoreController: -------  ERROR -------
12-13 15:22:04.823    68   206 E IptablesRestoreController: ip6tables-restore: line 229 failed
12-13 15:22:04.823    68   206 E IptablesRestoreController: ----------------------
12-13 15:22:04.823   214   296 E ConnectivityService: Exception in setupDataActivityTracking java.lang.IllegalStateException: android.os.ServiceSpecificException: Remote I/O error (code 121)
12-13 15:22:04.823   214   296 D ConnectivityService: Switching to new default network: NetworkAgentInfo{ ni{[type: WIFI[], state: CONNECTED/CONNECTED, reason: (unspecified), extra: , failover: false, available: true, roaming: false]}  network{100}  nethandle{432902426637}  lp{{InterfaceName: wlan0 LinkAddresses: [ fe80::e011:9070:5e68:317a/64,172.17.48.119/20 ] DnsAddresses: [ /172.17.48.1 ] Domains: null MTU: 0 TcpBufferSizes: 524288,1048576,2097152,262144,524288,1048576 Routes: [ fe80::/64 -> :: wlan0 mtu 0,172.17.48.0/20 -> 0.0.0.0 wlan0 mtu 0,0.0.0.0/0 -> 172.17.48.1 wlan0 mtu 0 ]}}  nc{[ Transports: WIFI Capabilities: NOT_METERED&INTERNET&NOT_RESTRICTED&TRUSTED&NOT_VPN&NOT_ROAMING&FOREGROUND&NOT_CONGESTED&NOT_SUSPENDED LinkUpBandwidth>=1048576Kbps LinkDnBandwidth>=1048576Kbps SignalStrength: -50 OwnerUid: 1000 SSID: "VirtWifi" RequestorUid: -1 RequestorPackageName: null]}  Score{20}  everValidated{false}  lastValidated{false}  created{true} lingering{false} explicitlySelected{false} acceptUnvalidated{false} everCaptivePortalDetected{false} lastCaptivePortalDetected{false} partialConnectivity{false} acceptPartialConnectivity{false} clat{mBaseIface: null, mIface: null, mState: IDLE} }
12-13 15:22:04.880   467  1103 D NetworkMonitor/100: PROBE_DNS connectivitycheck.gstatic.com 56ms OK 203.208.41.66
12-13 15:22:04.880   214   451 I chatty  : uid=1000(system) NetworkTimeUpda expire 5 lines
12-13 15:22:04.881   467  1102 D NetworkMonitor/100: PROBE_DNS www.google.com 57ms OK 127.0.0.1
12-13 15:22:04.881   467  1103 W UnsafeUtil: platform method missing - proto runtime falling back to safer methods: java.lang.NoSuchMethodException: sun.misc.Unsafe.copyMemory [class java.lang.Object, long, class java.lang.Object, long, long]
12-13 15:22:04.882   214   296 D ConnectivityService: Sending CONNECTED broadcast for type 1 [100 WIFI] isDefaultNetwork=true
12-13 15:22:04.882   620   784 I NetworkRedirectionHandler: Successfully connected to wifi.
12-13 15:22:04.883   620   767 I android_os_HwBinder: HwBinder: Starting thread pool for getting: windows.services.rcm@1.0::IRemoteConnectionManager/default
12-13 15:22:04.885   620  1112 V ApiMessageHandler(Settings): Receive thread starting.
12-13 15:22:04.885   375   375 W View    : requestLayout() improperly called by com.android.keyguard.AlphaOptimizedLinearLayout{e766502 V.E...... ......ID 4,0-27,33 #7f0a04f2 app:id/wifi_group} during layout: running second layout pass
12-13 15:22:04.885   620  1112 V SettingsRedirectionHandler: Receive SettingsMessage DeveloperMode
12-13 15:22:04.886   375   375 W View    : requestLayout() improperly called by com.android.keyguard.AlphaOptimizedLinearLayout{353097c V.E...... ......ID 4,0-27,33 #7f0a04f2 app:id/wifi_group} during layout: running second layout pass
12-13 15:22:04.886   375   375 W View    : requestLayout() improperly called by com.android.keyguard.AlphaOptimizedLinearLayout{e1ab981 V.E...... ......ID 4,0-27,33 #7f0a04f2 app:id/wifi_group} during layout: running second layout pass
12-13 15:22:04.886   467  1102 D NetworkMonitor/100: PROBE_HTTPS https://www.google.com/generate_204 Probe failed with exception java.net.ConnectException: Failed to connect to www.google.com/127.0.0.1:443
12-13 15:22:04.887   620  1112 V SettingsRedirectionHandler: Receive SettingsMessage DeveloperMode
12-13 15:22:04.887   214   255 I ActivityManager: Killing 1032:com.android.shell/2000 (adj 905): change com.android.shell
12-13 15:22:04.890   375   565 D EGL_emulation: app_time_stats: avg=1441.81ms min=64.32ms max=4069.43ms count=3
12-13 15:22:04.891    69    69 I Zygote  : Process 1032 exited due to signal 9 (Killed)
12-13 15:22:04.893   214  1117 E AdbDebuggingManager: Caught an exception opening the socket: java.io.IOException: Connection refused
12-13 15:22:04.894   214   232 I ActivityTaskManager: START u0 {flg=0x10000000 cmp=com.microsoft.windows.systemapp/com.microsoft.windows.debug.AdbPromptRedirector (has extras)} from uid 1000
12-13 15:22:04.898  1116  1116 I adbd    : Setup mdns on port= 5555
12-13 15:22:04.898  1116  1122 I adbd    : Waiting for persist.adb.tls_server.enable=1
12-13 15:22:04.898  1116  1116 I adbd    : adbd listening on tcp:5555
12-13 15:22:04.898  1116  1116 I adbd    : adbd listening on vsock:5555
12-13 15:22:04.901  1116  1124 I adbd    : adbd mDNS service _adb._tcp registered: 1
12-13 15:22:04.906   985  1003 I PermissionControllerServiceImpl: Updating user sensitive for uid 2000
12-13 15:22:04.908   985  1003 I PermissionControllerServiceImpl: Updating user sensitive for uid 2000
12-13 15:22:04.912   214   224 I chatty  : uid=1000(system) ReferenceQueueD expire 4 lines
12-13 15:22:04.933   620  1112 V SettingsRedirectionHandler: Receive SettingsMessage SyncAll
12-13 15:22:04.938   214   723 I ActivityTaskManager: Config changes=4 {1.0 ?mcc?mnc [zh_CN] ldltr sw533dp w533dp h829dp 240dpi lrg port night finger qwerty/v/v -nav/h winConfig={ mBounds=Rect(0, 0 - 800, 1280) mAppBounds=Rect(0, 0 - 800, 1280) mWindowingMode=fullscreen mDisplayWindowingMode=fullscreen mActivityType=undefined mAlwaysOnTop=undefined mRotation=ROTATION_0} s.14}
12-13 15:22:04.938   214   723 I WindowManager: Override config changes=4 {1.0 ?mcc?mnc [zh_CN] ldltr sw533dp w533dp h829dp 240dpi lrg port night finger qwerty/v/v -nav/h winConfig={ mBounds=Rect(0, 0 - 800, 1280) mAppBounds=Rect(0, 0 - 800, 1280) mWindowingMode=fullscreen mDisplayWindowingMode=fullscreen mActivityType=undefined mAlwaysOnTop=undefined mRotation=ROTATION_0} s.14} for displayId=0
12-13 15:22:04.942   613  1085 I MediaProvider: Begin Intent { act=android.intent.action.LOCALE_CHANGED flg=0x11200010 cmp=com.android.providers.media.module/com.android.providers.media.MediaService }
12-13 15:22:04.943   613  1085 I MediaProvider: End Intent { act=android.intent.action.LOCALE_CHANGED flg=0x11200010 cmp=com.android.providers.media.module/com.android.providers.media.MediaService }
12-13 15:22:04.944   214   232 I ActivityTaskManager: START u0 {flg=0x10000000 cmp=com.microsoft.windows.systemapp/com.microsoft.windows.debug.AdbPromptRedirector (has extras)} from uid 1000
12-13 15:22:04.946   620  1112 I NetworkRedirectionHandler: Found VirtWifi network.
12-13 15:22:04.971   620   767 I android_os_HwBinder: HwBinder: Starting thread pool for getting: windows.services.rcm@1.0::IRemoteConnectionManager/default
12-13 15:22:04.971   620   620 V AdbPromptRedirector: Intercepting adb prompt
12-13 15:22:04.971   620   620 V AdbPromptRedirector: Enabling adb for bssid=76:67:1f:dc:c0:aa with ssid="VirtWifi"
12-13 15:22:04.972   620  1150 V ApiMessageHandler(Shell): Receive thread starting.
12-13 15:22:04.973  1116  1122 I adbd    : persist.adb.tls_server.enable changed to 1
12-13 15:22:04.973  1116  1122 I adbd    : adbwifi started on port 44637
12-13 15:22:04.973  1116  1122 I adbd    : TlsServer running on port 44637
12-13 15:22:04.973  1116  1122 I adbd    : adb wifi started on port 44637
12-13 15:22:04.973  1116  1151 I adbd    : Registering secure_connect service (adb-Nu74rkwdvYkCXfZe-P4ETpd)
12-13 15:22:04.974  1116  1151 I adbd    : adbd mDNS service _adb-tls-connect._tcp registered: 1
12-13 15:22:04.974   620  1134 D libEGL  : loaded /vendor/lib64/egl/libEGL_emulation.so
12-13 15:22:04.974   214   757 I WindowManager: Using new display size: 800x1280
12-13 15:22:04.975   620  1134 D libEGL  : loaded /vendor/lib64/egl/libGLESv1_CM_emulation.so
12-13 15:22:04.976    30    30 I BpBinder: onLastStrongRef automatically unlinking death recipients: <uncached descriptor>
12-13 15:22:04.976   214   577 V TaskListener: Connected to shell redirector service.
12-13 15:22:04.976   214   577 V TaskListener: Task listener ready.
12-13 15:22:04.976    30    30 I BpBinder: onLastStrongRef automatically unlinking death recipients: <uncached descriptor>
12-13 15:22:04.977   620  1134 D libEGL  : loaded /vendor/lib64/egl/libGLESv2_emulation.so
12-13 15:22:04.977   620   767 I android_os_HwBinder: HwBinder: Starting thread pool for getting: windows.services.rcm@1.0::IRemoteConnectionManager/default
12-13 15:22:04.978  1116  1122 I adbd    : Waiting for persist.adb.tls_server.enable=0
12-13 15:22:04.978   626   759 W UnsafeUtil: platform method missing - proto runtime falling back to safer methods: java.lang.NoSuchMethodException: sun.misc.Unsafe.copyMemory [class java.lang.Object, long, class java.lang.Object, long, long]
12-13 15:22:04.979   620  1154 V ApiMessageHandler(UserInput): Receive thread starting.
12-13 15:22:04.979   620   767 I android_os_HwBinder: HwBinder: Starting thread pool for getting: windows.services.rcm@1.0::IRemoteConnectionManager/default
12-13 15:22:04.980   626   759 I android_os_HwBinder: HwBinder: Starting thread pool for getting: windows.services.rcm@1.0::IRemoteConnectionManager/default
12-13 15:22:04.982   620  1156 V ApiMessageHandler(Apps): Receive thread starting.
12-13 15:22:04.982   620   767 D AppsRedirectionHandler: PackageEventsReceiver has been registered
12-13 15:22:04.982   620   767 D AppsRedirectionHandler: PackageInstallerReceiver has been registered
12-13 15:22:04.983   620   767 I android_os_HwBinder: HwBinder: Starting thread pool for getting: windows.services.rcm@1.0::IRemoteConnectionManager/default
12-13 15:22:04.984   626  1158 V ApiMessageHandler(Clipboard): Receive thread starting.
12-13 15:22:04.985   626   759 I android_os_HwBinder: HwBinder: Starting thread pool for getting: windows.services.rcm@1.0::IRemoteConnectionManager/default
12-13 15:22:04.985   620  1160 V ApiMessageHandler(Notification): Receive thread starting.
12-13 15:22:04.985   620   767 D NotificationRedirectionHandler: Notification Redirection Handler initialized.
12-13 15:22:04.985   620   620 V NotificationListener: NotificationListener connected.
12-13 15:22:04.987   620   767 I android_os_HwBinder: HwBinder: Starting thread pool for getting: windows.services.rcm@1.0::IRemoteConnectionManager/default
12-13 15:22:04.988   626  1163 V ApiMessageHandler(SystemMediaControlsChannel): Receive thread starting.
12-13 15:22:04.988   626  1164 V SystemMediaControlsRedirectionHandler: Receive onActiveSessionChanged controller list size: 0
12-13 15:22:04.988   626  1164 V SystemMediaControlsRedirectionHandler: Receive onActiveSessionChanged end
12-13 15:22:04.989   626   759 I android_os_HwBinder: HwBinder: Starting thread pool for getting: windows.services.rcm@1.0::IRemoteConnectionManager/default
12-13 15:22:04.989   620   767 I SystemApp: Initialize complete
12-13 15:22:04.989   620  1165 V ApiMessageHandler(Lifetime): Receive thread starting.
12-13 15:22:04.989   620  1165 V LifetimeRedirectionHandler: Receive LifetimeMessage Wake
12-13 15:22:04.991   626  1166 V ApiMessageHandler(TextToSpeech): Receive thread starting.
12-13 15:22:04.991   626   759 I windows.userap: TsfRedirector()
12-13 15:22:04.991   467  1103 D NetworkMonitor/100: PROBE_HTTP http://connectivitycheck.gstatic.com/generate_204 time=108ms ret=204 request={Connection=[close], User-Agent=[Mozilla/5.0 (X11; Linux x86_64) AppleWebKit/537.36 (KHTML, like Gecko) Chrome/60.0.3112.32 Safari/537.36]} headers={null=[HTTP/1.1 204 No Content], Connection=[close], Content-Length=[0], Date=[Mon, 13 Dec 2021 07:22:03 GMT], X-Android-Received-Millis=[1639380124991], X-Android-Response-Source=[NETWORK 204], X-Android-Selected-Protocol=[http/1.1], X-Android-Sent-Millis=[1639380124922]}
12-13 15:22:04.991   626   759 I android_os_HwBinder: HwBinder: Starting thread pool for getting: windows.services.rcm@1.0::IRemoteConnectionManager/default
12-13 15:22:04.993   626  1167 V ApiMessageHandler(TSF): Receive thread starting.
12-13 15:22:04.993   626   759 I android_os_HwBinder: HwBinder: Starting thread pool for getting: windows.services.rcm@1.0::IRemoteConnectionManager/default
12-13 15:22:04.994   467  1101 D NetworkMonitor/100: PROBE_FALLBACK http://www.google.com/gen_204 Probe failed with exception java.net.ConnectException: Failed to connect to www.google.com/127.0.0.1:80
12-13 15:22:04.994   467  1101 D NetworkMonitor/100: isCaptivePortal: isSuccessful()=false isPortal()=false RedirectUrl=null isPartialConnectivity()=true Time=171ms
12-13 15:22:04.995   214   296 D ConnectivityService: [100 WIFI] validation failed
12-13 15:22:04.995   626  1168 V ApiMessageHandler(Intents): Receive thread starting.
12-13 15:22:04.996   626   759 I android_os_HwBinder: HwBinder: Starting thread pool for getting: windows.services.rcm@1.0::IRemoteConnectionManager/default
12-13 15:22:04.997   214   296 D NetworkNotificationManager: showNotification tag=ConnectivityNotification:100 event=PARTIAL_CONNECTIVITY transport=WLAN name="VirtWifi" highPriority=false
12-13 15:22:05.002   626  1169 V ApiMessageHandler(FileSystem): Receive thread starting.
12-13 15:22:05.003   626   759 I android_os_HwBinder: HwBinder: Starting thread pool for getting: windows.services.rcm@1.0::IRemoteConnectionManager/default
12-13 15:22:05.011   626  1158 V ClipboardRedirectionHandler: Receive ClipboardMessage SetServerClipboardContent
12-13 15:22:05.011   626  1158 V ClipboardContentHelper: Creating new ClipData with size of: 1
12-13 15:22:05.050   626   759 I UserApp : Initialize complete
12-13 15:22:05.050   626  1170 V ApiMessageHandler(Wns): Receive thread starting.
12-13 15:22:05.076   375   565 D skia    : Shader compilation error
12-13 15:22:05.076   375   565 D skia    : ------------------------
12-13 15:22:05.076   375   565 D skia    : Errors:
12-13 15:22:05.076   375   565 D skia    : 
12-13 15:22:05.107   620  1112 V SettingsRedirectionHandler: Receive SettingsMessage ClosedCaptions
12-13 15:22:05.109   620  1112 V SettingsRedirectionHandler: Receive SettingsMessage ClosedCaptions
12-13 15:22:05.198   214   214 W NotificationHistory: Attempted to add notif for locked/gone/disabled user 0
12-13 15:22:05.199   620   620 D NotificationListener: New notification detected by a notification listener
12-13 15:22:05.199   620   620 D NotificationRedirectionHandler: Generating new notification message..
12-13 15:22:05.204   620   620 D NotificationRedirectionHandler: Notification package name:android, id:745, tag:ConnectivityNotification:100, app name:适用于 Android™ 的 Windows 子系统, title:VirtWifi 的连接受限, text:点按即可继续连接
12-13 15:22:05.204   620   620 D NotificationRedirectionHandler: sendNotification sent notification message.
12-13 15:22:05.303   375   375 D InterruptionStateProvider: No bubble up: not allowed to bubble: -1|android|745|ConnectivityNotification:100|1000
12-13 15:22:05.303   375   375 D InterruptionStateProvider: No heads up: unimportant notification: -1|android|745|ConnectivityNotification:100|1000
12-13 15:22:05.304   375  1172 E BluetoothAdapter: Bluetooth binder is null
12-13 15:22:05.305   375  1172 E BluetoothAdapter: Bluetooth binder is null
12-13 15:22:05.438   375   565 D skia    : Shader compilation error
12-13 15:22:05.438   375   565 D skia    : ------------------------
12-13 15:22:05.438   375   565 D skia    : Errors:
12-13 15:22:05.438   375   565 D skia    : 
12-13 15:22:05.451   375   565 D skia    : Shader compilation error
12-13 15:22:05.451   375   565 D skia    : ------------------------
12-13 15:22:05.451   375   565 D skia    : Errors:
12-13 15:22:05.451   375   565 D skia    : 
12-13 15:22:05.543   626  1168 V IntentRedirectionHandler: Receive IntentMessage LaunchPackage
12-13 15:22:05.544   214   757 I ActivityTaskManager: START u0 {act=android.settings.APPLICATION_DEVELOPMENT_SETTINGS flg=0x10010000 pkg=com.android.settings cmp=com.android.settings/.Settings$DevelopmentSettingsDashboardActivity} from uid 10029
12-13 15:22:05.579   214   757 I DisplayManagerService: Display device added: DisplayDeviceInfo{"com.android.settings:1": uniqueId="virtual:com.microsoft.windows.systemapp:com.android.settings:1", 1050 x 640, modeId 2, defaultModeId 2, supportedModes [{id=2, width=1050, height=640, fps=60.0}], colorMode 0, supportedColorModes [0], HdrCapabilities null, allmSupported false, gameContentTypeSupported false, density 240, 240.0 x 240.0 dpi, appVsyncOff 0, presDeadline 16666666, touch VIRTUAL, rotation 0, type VIRTUAL, deviceProductInfo null, state OFF, owner com.microsoft.windows.systemapp (uid 1000), FLAG_ROTATES_WITH_CONTENT, FLAG_SECURE, FLAG_OWN_CONTENT_ONLY}
12-13 15:22:05.583   214   757 I WindowManager: Override config changes=20005df8 {0.0 ?mcc?mnc ?localeList ?layoutDir sw426dp w700dp h426dp 240dpi nrml land ?uimode ?night finger qwerty/v/v -nav/h winConfig={ mBounds=Rect(0, 0 - 1050, 640) mAppBounds=Rect(0, 0 - 1050, 640) mWindowingMode=fullscreen mDisplayWindowingMode=fullscreen mActivityType=undefined mAlwaysOnTop=undefined mRotation=ROTATION_0}} for displayId=1
12-13 15:22:05.587   214   757 I ActivityTaskManager: START u0 {flg=0x18000000 cmp=com.microsoft.windows.userapp/.PlaceholderActivity} from uid 1000
12-13 15:22:05.588   214   757 W ActivityTaskManager: Tried to set launchTime (0) < mLastActivityLaunchTime (4867)
12-13 15:22:05.598   214   235 I DisplayManagerService: Display device changed state: "com.android.settings:1", ON
12-13 15:22:05.604   214   489 I ActivityTaskManager: moveTaskToBack: Task{6335b0a #27 visible=false type=standard mode=fullscreen translucent=true I=com.microsoft.windows.userapp/.PlaceholderActivity U=0 StackId=27 sz=1}
12-13 15:22:05.610   375   375 W DisplayController: Skipping Display Configuration change on non-added display.
12-13 15:22:05.610   214   723 W ActivityTaskManager: Tried to set launchTime (0) < mLastActivityLaunchTime (4280)
12-13 15:22:05.640   214   489 E UserRestrictionsUtils: Unknown restriction queried by uid 1000 (com.android.settings et al): null
12-13 15:22:05.641   214   489 I chatty  : uid=1000(system) Binder:214_5 identical 2 lines
12-13 15:22:05.642   214   489 E UserRestrictionsUtils: Unknown restriction queried by uid 1000 (com.android.settings et al): null
12-13 15:22:05.647   214   489 I ProcessStatsService: Added stats: 2021-12-13-12-43-14, over +12m20s666ms
12-13 15:22:05.648   214   489 I ProcessStatsService: Added stats: 2021-12-13-09-24-26, over +10m18s998ms
12-13 15:22:05.649   214   489 I ProcessStatsService: Added stats: 2021-12-13-00-14-39, over +9h9m46s265ms
12-13 15:22:05.675   351   496 I chatty  : uid=1000(system) com.android.settings expire 1 line
12-13 15:22:05.683   351  1181 I chatty  : uid=1000(system) AsyncTask #2 expire 1 line
12-13 15:22:05.688   214   724 I ProcessStatsService: Added stats: 2021-12-13-12-43-14, over +12m20s666ms
12-13 15:22:05.688   214   724 I ProcessStatsService: Added stats: 2021-12-13-09-24-26, over +10m18s998ms
12-13 15:22:05.688   214   724 I ProcessStatsService: Added stats: 2021-12-13-00-14-39, over +9h9m46s265ms
12-13 15:22:05.689   351  1188 I chatty  : uid=1000(system) pool-2-thread-7 expire 7 lines
12-13 15:22:05.690   351  1188 W ProcStatsManager: No process com.amazon.device.messaging/10020 for service com.amazon.device.messaging.OdotService
12-13 15:22:05.690   351  1188 W ProcStatsManager: No process com.amazon.device.messaging/10020 for service com.amazon.device.messaging.LifecycleEventService
12-13 15:22:05.690   351  1188 W ProcStatsManager: No process com.android.keychain/1000 for service com.android.keychain.KeyChainService
12-13 15:22:05.690   351  1188 W ProcStatsManager: No process com.android.settings/1000 for service com.android.settings.fuelgauge.batterytip.AnomalyConfigJobService
12-13 15:22:05.690   351  1188 W ProcStatsManager: No process com.android.settings/1000 for service com.android.settings.fuelgauge.batterytip.AnomalyCleanupJobService
12-13 15:22:05.690   351  1188 W ProcStatsManager: No process com.android.permissioncontroller/10034 for service com.android.permissioncontroller.permission.service.PermissionControllerServiceImpl
12-13 15:22:05.690   351  1188 W ProcStatsManager: No process com.android.permissioncontroller/10034 for service com.android.permissioncontroller.permission.service.AutoRevokeService
12-13 15:22:05.704   214   233 W Looper  : Slow dispatch took 107ms android.ui h=android.view.Choreographer$FrameHandler c=android.view.Choreographer$FrameDisplayEventReceiver@a9b7903 m=0
12-13 15:22:05.732   351   496 W SharedPreferencesLogger: Tried to log unloggable object=false
12-13 15:22:05.733   351   496 W SharedPreferencesLogger: Tried to log unloggable object=map12
12-13 15:22:05.733   351   351 D AbstractBtDlgCtr: Unable to get current config index. Current codec Config is null.
12-13 15:22:05.733   351   496 W SharedPreferencesLogger: Tried to log unloggable object=false
12-13 15:22:05.734   351   351 D AbstractBtDlgCtr: Unable to get current config index. Current codec Config is null.
12-13 15:22:05.734   351   496 W SharedPreferencesLogger: Tried to log unloggable object=avrcp15
12-13 15:22:05.735   351   351 D AbstractBtDlgCtr: Unable to get current config index. Current codec Config is null.
12-13 15:22:05.737   620  1130 I Gralloc4: mapper 4.x is not supported
12-13 15:22:05.737   620  1130 W Gralloc3: mapper 3.x is not supported
12-13 15:22:05.738   620  1130 W Gralloc4: allocator 3.x is not supported
12-13 15:22:05.738   351   496 W SharedPreferencesLogger: Tried to log unloggable object=disabled
12-13 15:22:05.738   620  1130 W Gralloc3: allocator 3.x is not supported
12-13 15:22:05.741   351  1181 W SharedPreferencesLogger: Tried to log unloggable object=
12-13 15:22:05.743   351  1181 W SharedPreferencesLogger: Tried to log unloggable object=hide
12-13 15:22:05.743   351   351 W Settings: Setting bugreport_in_power_menu has moved from android.provider.Settings.Secure to android.provider.Settings.Global.
12-13 15:22:05.744   351  1181 W SharedPreferencesLogger: Tried to log unloggable object=device_default
12-13 15:22:05.800   620  1130 D HostConnection: createUnique: call
12-13 15:22:05.801   620  1130 D librcm  : SocketClient connected to host port 22469
12-13 15:22:05.801   620  1130 D HostConnection: HostConnection::get() New Host Connection established 0x7a03b10e7b50, tid 1130
12-13 15:22:05.801   620  1130 D HostConnection: HostComposition ext ANDROID_EMU_host_composition_v1 ANDROID_EMU_host_composition_v2 ANDROID_EMU_virtio_gpu_next ANDROID_EMU_sync_buffer_data GL_OES_EGL_image_external_essl3 GL_OES_vertex_array_object GL_KHR_texture_compression_astc_ldr GL_EXT_texture_compression_bptc GL_EXT_texture_compression_s3tc ANDROID_EMU_host_side_tracing ANDROID_EMU_gles_max_version_3_0 
12-13 15:22:05.878   351   487 D skia    : Shader compilation error
12-13 15:22:05.878   351   487 D skia    : ------------------------
12-13 15:22:05.878   351   487 D skia    : Errors:
12-13 15:22:05.878   351   487 D skia    : 
12-13 15:22:05.880   620  1112 V SettingsRedirectionHandler: Receive SettingsMessage ClosedCaptions
12-13 15:22:05.886   351   487 D skia    : Shader compilation error
12-13 15:22:05.886   351   487 D skia    : ------------------------
12-13 15:22:05.886   351   487 D skia    : Errors:
12-13 15:22:05.886   351   487 D skia    : 
12-13 15:22:05.889   351   487 D skia    : Shader compilation error
12-13 15:22:05.889   351   487 D skia    : ------------------------
12-13 15:22:05.889   351   487 D skia    : Errors:
12-13 15:22:05.889   351   487 D skia    : 
12-13 15:22:05.903   351   487 D skia    : Shader compilation error
12-13 15:22:05.903   351   487 D skia    : ------------------------
12-13 15:22:05.903   351   487 D skia    : Errors:
12-13 15:22:05.903   351   487 D skia    : 
12-13 15:22:05.906   351   487 D skia    : Shader compilation error
12-13 15:22:05.906   351   487 D skia    : ------------------------
12-13 15:22:05.906   351   487 D skia    : Errors:
12-13 15:22:05.906   351   487 D skia    : 
12-13 15:22:05.917   351   487 D skia    : Shader compilation error
12-13 15:22:05.917   351   487 D skia    : ------------------------
12-13 15:22:05.917   351   487 D skia    : Errors:
12-13 15:22:05.917   351   487 D skia    : 
12-13 15:22:05.947   351   351 E Settings: Error while retrieving application info for package com.android.settings.intelligence
12-13 15:22:05.947   351   351 E Settings: android.content.pm.PackageManager$NameNotFoundException: com.android.settings.intelligence
12-13 15:22:05.947   351   351 E Settings: 	at android.app.ApplicationPackageManager.getApplicationInfoAsUser(ApplicationPackageManager.java:423)
12-13 15:22:05.947   351   351 E Settings: 	at android.app.ApplicationPackageManager.getApplicationInfo(ApplicationPackageManager.java:412)
12-13 15:22:05.947   351   351 E Settings: 	at com.android.settings.Utils.isPackageEnabled(Utils.java:1041)
12-13 15:22:05.947   351   351 E Settings: 	at com.android.settings.search.actionbar.SearchMenuController.onCreateOptionsMenu(SearchMenuController.java:74)
12-13 15:22:05.947   351   351 E Settings: 	at com.android.settingslib.core.lifecycle.Lifecycle.onCreateOptionsMenu(Lifecycle.java:187)
12-13 15:22:05.947   351   351 E Settings: 	at com.android.settingslib.core.lifecycle.ObservablePreferenceFragment.onCreateOptionsMenu(ObservablePreferenceFragment.java:115)
12-13 15:22:05.947   351   351 E Settings: 	at androidx.fragment.app.Fragment.performCreateOptionsMenu(Fragment.java:3034)
12-13 15:22:05.947   351   351 E Settings: 	at androidx.fragment.app.FragmentManager.dispatchCreateOptionsMenu(FragmentManager.java:3099)
12-13 15:22:05.947   351   351 E Settings: 	at androidx.fragment.app.FragmentController.dispatchCreateOptionsMenu(FragmentController.java:391)
12-13 15:22:05.947   351   351 E Settings: 	at androidx.fragment.app.FragmentActivity.onCreatePanelMenu(FragmentActivity.java:253)
12-13 15:22:05.947   351   351 E Settings: 	at android.view.WindowCallbackWrapper.onCreatePanelMenu(WindowCallbackWrapper.java:78)
12-13 15:22:05.947   351   351 E Settings: 	at com.android.internal.app.ToolbarActionBar.populateOptionsMenu(ToolbarActionBar.java:454)
12-13 15:22:05.947   351   351 E Settings: 	at com.android.internal.app.ToolbarActionBar$1.run(ToolbarActionBar.java:57)
12-13 15:22:05.947   351   351 E Settings: 	at android.os.Handler.handleCallback(Handler.java:938)
12-13 15:22:05.947   351   351 E Settings: 	at android.os.Handler.dispatchMessage(Handler.java:99)
12-13 15:22:05.947   351   351 E Settings: 	at android.os.Looper.loop(Looper.java:223)
12-13 15:22:05.947   351   351 E Settings: 	at android.app.ActivityThread.main(ActivityThread.java:7664)
12-13 15:22:05.947   351   351 E Settings: 	at java.lang.reflect.Method.invoke(Native Method)
12-13 15:22:05.947   351   351 E Settings: 	at com.android.internal.os.RuntimeInit$MethodAndArgsCaller.run(RuntimeInit.java:592)
12-13 15:22:05.947   351   351 E Settings: 	at com.android.internal.os.ZygoteInit.main(ZygoteInit.java:947)
12-13 15:22:06.003   467  1204 D NetworkMonitor/100: PROBE_DNS www.google.com 5ms OK 127.0.0.1
12-13 15:22:06.003   467  1205 D NetworkMonitor/100: PROBE_DNS connectivitycheck.gstatic.com 6ms OK 203.208.41.66
12-13 15:22:06.005   467  1204 D NetworkMonitor/100: PROBE_HTTPS https://www.google.com/generate_204 Probe failed with exception java.net.ConnectException: Failed to connect to www.google.com/127.0.0.1:443
12-13 15:22:06.180   910   932 I d.process.acor: Waiting for a blocking GC ProfileSaver
12-13 15:22:06.214   965   984 I ackageinstalle: Waiting for a blocking GC ProfileSaver
12-13 15:22:06.223   790  1209 I HollywoodAppstore.ScheduleAlarmsService: Recently handled this, but continuing to check if a handler is enforced
12-13 15:22:06.223   790  1209 I HollywoodAppstore.ScheduleAlarmsService: Calling 12 handlers
12-13 15:22:06.223   790  1209 I HollywoodAppstore.PackageAvailabilityChecker: Scheduling an immediate task to reconcile package availability
12-13 15:22:06.225   790  1209 I HollywoodAppstore.JobSchedulerHelper: Non-Periodic JobScheduler.schedule(5, 100) returned 1
12-13 15:22:06.225   790  1209 I HollywoodAppstore.ScheduleAlarmsService: All Done
12-13 15:22:06.228   790  1213 I HollywoodAppstore.PackageAvailabilityChecker: Registering broadcast receivers.
12-13 15:22:06.229   790  1213 I HollywoodAppstore.PackageAvailabilityChecker: Sequence No: 0 Boot Count: 25 Last Reconciled: 1639370602005
12-13 15:22:06.229   790  1213 I HollywoodAppstore.PackageAvailabilityChecker: Detected reboot. Going for full reconcile.
12-13 15:22:06.390   467  1205 D NetworkMonitor/100: PROBE_HTTP http://connectivitycheck.gstatic.com/generate_204 time=386ms ret=204 request={Connection=[close], User-Agent=[Mozilla/5.0 (X11; Linux x86_64) AppleWebKit/537.36 (KHTML, like Gecko) Chrome/60.0.3112.32 Safari/537.36]} headers={null=[HTTP/1.1 204 No Content], Connection=[close], Content-Length=[0], Date=[Mon, 13 Dec 2021 07:22:04 GMT], X-Android-Received-Millis=[1639380126390], X-Android-Response-Source=[NETWORK 204], X-Android-Selected-Protocol=[http/1.1], X-Android-Sent-Millis=[1639380126134]}
12-13 15:22:06.392   467  1203 D NetworkMonitor/100: PROBE_FALLBACK http://www.google.com/gen_204 Probe failed with exception java.net.ConnectException: Failed to connect to www.google.com/127.0.0.1:80
12-13 15:22:06.393   467  1203 D NetworkMonitor/100: isCaptivePortal: isSuccessful()=false isPortal()=false RedirectUrl=null isPartialConnectivity()=true Time=395ms
12-13 15:22:05.978   620  1112 I chatty  : uid=1000(system) ApiMessageHandl identical 2 lines
12-13 15:22:05.980   620  1112 V SettingsRedirectionHandler: Receive SettingsMessage ClosedCaptions
12-13 15:22:06.393   214   296 D ConnectivityService: [100 WIFI] validation failed
12-13 15:22:06.894  1116  1123 I adbd    : adbd_auth: received a new framework connection
12-13 15:22:06.894  1116  1123 I adbd    : adbd_auth: received new framework fd 20 (current = -1)
12-13 15:22:07.234   214   610 E TaskPersister: File error accessing recents directory (directory doesn't exist?).
12-13 15:22:07.237   351   351 E BluetoothAdapter: Bluetooth binder is null
12-13 15:22:07.246   214   757 I DisplayManagerService: Display device removed: DisplayDeviceInfo{"com.android.settings:1": uniqueId="virtual:com.microsoft.windows.systemapp:com.android.settings:1", 1050 x 640, modeId 2, defaultModeId 2, supportedModes [{id=2, width=1050, height=640, fps=60.0}], colorMode 0, supportedColorModes [0], HdrCapabilities null, allmSupported false, gameContentTypeSupported false, density 240, 240.0 x 240.0 dpi, appVsyncOff 0, presDeadline 16666666, touch VIRTUAL, rotation 0, type VIRTUAL, deviceProductInfo null, state OFF, owner com.microsoft.windows.systemapp (uid 1000), FLAG_ROTATES_WITH_CONTENT, FLAG_SECURE, FLAG_OWN_CONTENT_ONLY}
12-13 15:22:07.246   214   235 W DisplayManagerService: Attempted to change non-existent display device: DisplayDeviceInfo{"com.android.settings:1": uniqueId="virtual:com.microsoft.windows.systemapp:com.android.settings:1", 1050 x 640, modeId 2, defaultModeId 2, supportedModes [{id=2, width=1050, height=640, fps=60.0}], colorMode 0, supportedColorModes [0], HdrCapabilities null, allmSupported false, gameContentTypeSupported false, density 240, 240.0 x 240.0 dpi, appVsyncOff 0, presDeadline 16666666, touch VIRTUAL, rotation 0, type VIRTUAL, deviceProductInfo null, state OFF, owner com.microsoft.windows.systemapp (uid 1000), FLAG_ROTATES_WITH_CONTENT, FLAG_SECURE, FLAG_OWN_CONTENT_ONLY}
12-13 15:22:07.246   214   235 W DisplayManagerService: Attempted to change non-existent display device: DisplayDeviceInfo{"com.android.settings:1": uniqueId="virtual:com.microsoft.windows.systemapp:com.android.settings:1", 1050 x 640, modeId 2, defaultModeId 2, supportedModes [{id=2, width=1050, height=640, fps=60.0}], colorMode 0, supportedColorModes [0], HdrCapabilities null, allmSupported false, gameContentTypeSupported false, density 240, 240.0 x 240.0 dpi, appVsyncOff 0, presDeadline 16666666, touch VIRTUAL, rotation 0, type VIRTUAL, deviceProductInfo null, state OFF, owner com.microsoft.windows.systemapp (uid 1000), FLAG_ROTATES_WITH_CONTENT, FLAG_SECURE, FLAG_OWN_CONTENT_ONLY}
12-13 15:22:07.247   214   214 W WindowManager: removeWindowToken: Attempted to remove non-existing token: android.os.Binder@51b02dc
12-13 15:22:07.252   620  1112 V SettingsRedirectionHandler: Receive SettingsMessage ClosedCaptions
12-13 15:22:07.279   620  1112 I chatty  : uid=1000(system) ApiMessageHandl identical 2 lines
12-13 15:22:07.434   620  1112 V SettingsRedirectionHandler: Receive SettingsMessage ClosedCaptions
12-13 15:22:07.436   214   235 E SensorNotificationService: Invalid local geomagnetic field, ignore.
12-13 15:22:07.437   620  1112 V SettingsRedirectionHandler: Receive SettingsMessage ClosedCaptions
12-13 15:22:07.446   375   565 D EGL_emulation: app_time_stats: avg=127.66ms min=14.81ms max=1638.72ms count=18
12-13 15:22:08.401   467  1221 D NetworkMonitor/100: PROBE_DNS connectivitycheck.gstatic.com 4ms OK 203.208.41.66
12-13 15:22:08.401   467  1220 D NetworkMonitor/100: PROBE_DNS www.google.com 5ms OK 127.0.0.1
12-13 15:22:08.403   467  1220 D NetworkMonitor/100: PROBE_HTTPS https://www.google.com/generate_204 Probe failed with exception java.net.ConnectException: Failed to connect to www.google.com/127.0.0.1:443
12-13 15:22:08.509   467  1221 D NetworkMonitor/100: PROBE_HTTP http://connectivitycheck.gstatic.com/generate_204 time=108ms ret=204 request={Connection=[close], User-Agent=[Mozilla/5.0 (X11; Linux x86_64) AppleWebKit/537.36 (KHTML, like Gecko) Chrome/60.0.3112.32 Safari/537.36]} headers={null=[HTTP/1.1 204 No Content], Connection=[close], Content-Length=[0], Date=[Mon, 13 Dec 2021 07:22:06 GMT], X-Android-Received-Millis=[1639380128509], X-Android-Response-Source=[NETWORK 204], X-Android-Selected-Protocol=[http/1.1], X-Android-Sent-Millis=[1639380128441]}
12-13 15:22:07.440   620  1112 V SettingsRedirectionHandler: Receive SettingsMessage ClosedCaptions
12-13 15:22:09.114   214   228 W OverlayManager: service 'idmap' died
12-13 15:22:10.286   214   610 E TaskPersister: File error accessing recents directory (directory doesn't exist?).
12-13 15:22:10.292   620  1112 V SettingsRedirectionHandler: Receive SettingsMessage ClosedCaptions
12-13 15:22:12.242   351   365 W System  : A resource failed to call release. 
12-13 15:22:13.564   620  1112 I chatty  : uid=1000(system) ApiMessageHandl identical 9 lines
12-13 15:22:13.823   620  1112 V SettingsRedirectionHandler: Receive SettingsMessage ClosedCaptions
12-13 15:22:14.129   626  1168 V IntentRedirectionHandler: Receive IntentMessage LaunchPackage
12-13 15:22:14.130   620  1112 V SettingsRedirectionHandler: Receive SettingsMessage ClosedCaptions
12-13 15:22:14.131   214   228 I ActivityTaskManager: START u0 {act=android.intent.action.MAIN cat=[android.intent.category.LAUNCHER] flg=0x10010000 pkg=com.eivaagames.RealChess3D.dbzq.m cmp=com.eivaagames.RealChess3D.dbzq.m/com.kuaiyouxi.gamepad.sdk.shell.KyxShellActivity} from uid 10029
12-13 15:22:14.133   620  1112 V SettingsRedirectionHandler: Receive SettingsMessage ClosedCaptions
12-13 15:22:14.140   620  1112 I chatty  : uid=1000(system) ApiMessageHandl identical 5 lines
12-13 15:22:14.143   620  1112 V SettingsRedirectionHandler: Receive SettingsMessage ClosedCaptions
12-13 15:22:14.179   214   228 I DisplayManagerService: Display device added: DisplayDeviceInfo{"com.eivaagames.RealChess3D.dbzq.m:2": uniqueId="virtual:com.microsoft.windows.systemapp:com.eivaagames.RealChess3D.dbzq.m:2", 1280 x 781, modeId 3, defaultModeId 3, supportedModes [{id=3, width=1280, height=781, fps=60.0}], colorMode 0, supportedColorModes [0], HdrCapabilities null, allmSupported false, gameContentTypeSupported false, density 240, 240.0 x 240.0 dpi, appVsyncOff 0, presDeadline 16666666, touch VIRTUAL, rotation 0, type VIRTUAL, deviceProductInfo null, state OFF, owner com.microsoft.windows.systemapp (uid 1000), FLAG_ROTATES_WITH_CONTENT, FLAG_SECURE, FLAG_OWN_CONTENT_ONLY}
12-13 15:22:14.183   214   228 I WindowManager: Override config changes=20005df8 {0.0 ?mcc?mnc ?localeList ?layoutDir sw520dp w853dp h520dp 240dpi lrg land ?uimode ?night finger qwerty/v/v -nav/h winConfig={ mBounds=Rect(0, 0 - 1280, 781) mAppBounds=Rect(0, 0 - 1280, 781) mWindowingMode=fullscreen mDisplayWindowingMode=fullscreen mActivityType=undefined mAlwaysOnTop=undefined mRotation=ROTATION_0}} for displayId=2
12-13 15:22:14.184   375   375 W DisplayController: Skipping Display Configuration change on non-added display.
12-13 15:22:14.188   214   228 I ActivityTaskManager: START u0 {flg=0x18000000 cmp=com.microsoft.windows.userapp/.PlaceholderActivity} from uid 1000
12-13 15:22:14.189   214   228 W ActivityTaskManager: Tried to set launchTime (0) < mLastActivityLaunchTime (9714)
12-13 15:22:14.203   214   235 I DisplayManagerService: Display device changed state: "com.eivaagames.RealChess3D.dbzq.m:2", ON
12-13 15:22:14.205   214   724 I ActivityTaskManager: moveTaskToBack: Task{ce290ed #29 visible=false type=standard mode=fullscreen translucent=true I=com.microsoft.windows.userapp/.PlaceholderActivity U=0 StackId=29 sz=1}
12-13 15:22:14.212   214   235 D CompatibilityChangeReporter: Compat change id reported: 135634846; UID 10036; state: DISABLED
