12-13 15:22:14.212   214   242 D CompatibilityChangeReporter: Compat change id reported: 143937733; UID 10036; state: DISABLED
12-13 15:22:14.215    70    70 D Zygote  : Forked child process 1230
12-13 15:22:14.216   214   242 I ActivityManager: Start proc 1230:com.eivaagames.RealChess3D.dbzq.m/u0a36 for pre-top-activity {com.eivaagames.RealChess3D.dbzq.m/com.kuaiyouxi.gamepad.sdk.shell.KyxShellActivity}
12-13 15:22:14.218  1230  1230 I chatty  : uid=10036(com.eivaagames.RealChess3D.dbzq.m) expire 31 lines
12-13 15:22:14.232   620  1112 V SettingsRedirectionHandler: Receive SettingsMessage ClosedCaptions
12-13 15:22:14.234   620  1112 V SettingsRedirectionHandler: Receive SettingsMessage ClosedCaptions
12-13 15:22:14.304   214   757 D CompatibilityChangeReporter: Compat change id reported: 149924527; UID 10036; state: ENABLED
12-13 15:22:14.304   214   757 D CompatibilityChangeReporter: Compat change id reported: 132649864; UID 10036; state: DISABLED
12-13 15:22:14.313   620  1112 V SettingsRedirectionHandler: Receive SettingsMessage ClosedCaptions
12-13 15:22:14.316   214   277 I chatty  : uid=1000(system) InputDispatcher expire 14 lines
12-13 15:22:14.316  1230  1256 I chatty  : uid=10036(com.eivaagames.RealChess3D.dbzq.m) expire 3 lines
12-13 15:22:14.327  1230  1258 I chatty  : uid=10036(com.eivaagames.RealChess3D.dbzq.m) expire 2 lines
12-13 15:22:14.335  1230  1260 I chatty  : uid=10036(com.eivaagames.RealChess3D.dbzq.m) expire 3 lines
12-13 15:22:14.341  1230  1254 I chatty  : uid=10036(com.eivaagames.RealChess3D.dbzq.m) RenderThread expire 26 lines
12-13 15:22:14.344    31    31 I chatty  : uid=1000(system) hwservicemanage expire 10 lines
12-13 15:22:14.426   214   240 I chatty  : uid=1000(system) android.bg expire 7 lines
12-13 15:22:14.315   620  1112 V SettingsRedirectionHandler: Receive SettingsMessage ClosedCaptions
12-13 15:22:14.427   214   724 I ActivityTaskManager: START u0 {cmp=com.eivaagames.RealChess3D.dbzq.m/com.kuaiyouxi.gamepad.sdk.LauncherActivity} from uid 10036
12-13 15:22:14.430   214   724 W ActivityTaskManager: Tried to set launchTime (0) < mLastActivityLaunchTime (18350)
12-13 15:22:14.558   214   489 I ActivityTaskManager: START u0 {act=android.content.pm.action.REQUEST_PERMISSIONS pkg=com.android.permissioncontroller cmp=com.android.permissioncontroller/.permission.ui.GrantPermissionsActivity (has extras)} from uid 10036
12-13 15:22:14.592  1230  1302 I chatty  : uid=10036(com.eivaagames.RealChess3D.dbzq.m) pool-10-thread- expire 3 lines
12-13 15:22:14.594   985  1301 D libEGL  : loaded /vendor/lib64/egl/libEGL_emulation.so
12-13 15:22:14.595   985  1301 D libEGL  : loaded /vendor/lib64/egl/libGLESv1_CM_emulation.so
12-13 15:22:14.596   985  1301 D libEGL  : loaded /vendor/lib64/egl/libGLESv2_emulation.so
12-13 15:22:14.616   985   985 V GrantPermissionsActivity: Permission grant result requestId=-3059963548814949650 callingUid=10036 callingPackage=com.eivaagames.RealChess3D.dbzq.m permission=android.permission.ACCESS_FINE_LOCATION isImplicit=false result=1
12-13 15:22:14.622   985   985 V GrantPermissionsActivity: Permission grant result requestId=-3059963548814949650 callingUid=10036 callingPackage=com.eivaagames.RealChess3D.dbzq.m permission=android.permission.ACCESS_COARSE_LOCATION isImplicit=true result=5
12-13 15:22:14.622   985   985 V GrantPermissionsActivity: Permission grant result requestId=-3059963548814949650 callingUid=10036 callingPackage=com.eivaagames.RealChess3D.dbzq.m permission=android.permission.ACCESS_BACKGROUND_LOCATION isImplicit=true result=2
12-13 15:22:14.886  1230  1253 I chatty  : uid=10036(com.eivaagames.RealChess3D.dbzq.m) expire 1 line
12-13 15:22:14.887   132   433 W ServiceManager: Permission failure: android.permission.SYSTEM_CAMERA from uid=10036 pid=1230
12-13 15:22:14.927  1053  1053 D CompatibilityChangeReporter: Compat change id reported: 150939131; UID 10018; state: DISABLED
12-13 15:22:14.943   214   278 I chatty  : uid=1000(system) InputReader expire 1 line
12-13 15:22:14.946   214   233 I chatty  : uid=1000(system) android.ui expire 3 lines
12-13 15:22:14.947   985  1003 I PermissionControllerServiceImpl: Updating user sensitive for uid 1000
12-13 15:22:14.961  1230  1312 I chatty  : uid=10036(com.eivaagames.RealChess3D.dbzq.m) expire 5 lines
12-13 15:22:14.975  1230  1316 I chatty  : uid=10036(com.eivaagames.RealChess3D.dbzq.m) pool-16-thread- expire 2 lines
12-13 15:22:15.021  1230  1320 I chatty  : uid=10036(com.eivaagames.RealChess3D.dbzq.m) pool-20-thread- expire 2 lines
12-13 15:22:15.244  1230  1329 I chatty  : uid=10036(com.eivaagames.RealChess3D.dbzq.m) expire 1 line
12-13 15:22:15.244  1230  1330 I chatty  : uid=10036(com.eivaagames.RealChess3D.dbzq.m) expire 1 line
12-13 15:22:16.595   620  1112 V SettingsRedirectionHandler: Receive SettingsMessage ClosedCaptions
12-13 15:22:16.597   620  1112 V SettingsRedirectionHandler: Receive SettingsMessage ClosedCaptions
12-13 15:22:17.777   214   610 E TaskPersister: File error accessing recents directory (directory doesn't exist?).
12-13 15:22:18.524   467  1219 D NetworkMonitor/100: PROBE_FALLBACK http://play.googleapis.com/generate_204 Probe failed with exception java.net.SocketTimeoutException: failed to connect to play.googleapis.com/142.250.66.106 (port 80) from /172.17.48.119 (port 44222) after 10000ms
12-13 15:22:18.525   467  1219 D NetworkMonitor/100: isCaptivePortal: isSuccessful()=false isPortal()=false RedirectUrl=null isPartialConnectivity()=true Time=10130ms
12-13 15:22:18.525   214   296 D ConnectivityService: [100 WIFI] validation failed
12-13 15:22:19.608   620  1112 V SettingsRedirectionHandler: Receive SettingsMessage ClosedCaptions
12-13 15:22:20.567   214   291 I chatty  : uid=1000(system) WifiHandlerThre expire 4 lines
12-13 15:22:20.614   214   288 I chatty  : uid=1000(system) NetworkPolicy expire 2 lines
12-13 15:22:22.536   467  1334 D NetworkMonitor/100: PROBE_DNS connectivitycheck.gstatic.com 5ms OK 203.208.41.66
12-13 15:22:22.537   467  1333 D NetworkMonitor/100: PROBE_DNS www.google.com 6ms OK 127.0.0.1
12-13 15:22:22.539   467  1333 D NetworkMonitor/100: PROBE_HTTPS https://www.google.com/generate_204 Probe failed with exception java.net.ConnectException: Failed to connect to www.google.com/127.0.0.1:443
12-13 15:22:22.643   467  1334 D NetworkMonitor/100: PROBE_HTTP http://connectivitycheck.gstatic.com/generate_204 time=106ms ret=204 request={Connection=[close], User-Agent=[Mozilla/5.0 (X11; Linux x86_64) AppleWebKit/537.36 (KHTML, like Gecko) Chrome/60.0.3112.32 Safari/537.36]} headers={null=[HTTP/1.1 204 No Content], Connection=[close], Content-Length=[0], Date=[Mon, 13 Dec 2021 07:22:20 GMT], X-Android-Received-Millis=[1639380142643], X-Android-Response-Source=[NETWORK 204], X-Android-Selected-Protocol=[http/1.1], X-Android-Sent-Millis=[1639380142575]}
12-13 15:22:22.645   467  1332 D NetworkMonitor/100: PROBE_FALLBACK http://www.google.com/gen_204 Probe failed with exception java.net.ConnectException: Failed to connect to www.google.com/127.0.0.1:80
12-13 15:22:22.645   467  1332 D NetworkMonitor/100: isCaptivePortal: isSuccessful()=false isPortal()=false RedirectUrl=null isPartialConnectivity()=true Time=115ms
12-13 15:22:19.609   620  1112 V SettingsRedirectionHandler: Receive SettingsMessage ClosedCaptions
12-13 15:22:22.646   214   296 D ConnectivityService: [100 WIFI] validation failed
12-13 15:22:22.974  1230  1318 E ActivityThread: Failed to find provider info for com.miui.analytics.server.AnalyticsProvider
12-13 15:22:22.975  1230  1318 I chatty  : uid=10036(com.eivaagames.RealChess3D.dbzq.m) expire 4 lines
12-13 15:22:22.976  1230  1340 I chatty  : uid=10036(com.eivaagames.RealChess3D.dbzq.m) expire 4 lines
12-13 15:22:22.980  1230  1340 E ActivityThread: Failed to find provider info for com.miui.analytics.server.AnalyticsProvider
12-13 15:22:22.987   214   227 I ActivityTaskManager: START u0 {act=android.intent.action.MAIN cat=[android.intent.category.LAUNCHER] flg=0x10000000 cmp=com.eivaagames.RealChess3D.dbzq.m/com.unity3d.player.UnityPlayerActivity} from uid 10036
12-13 15:22:22.991   214   236 I chatty  : uid=1000(system) android.anim expire 2 lines
12-13 15:22:23.006   214   489 W ActivityTaskManager: Tried to set launchTime (0) < mLastActivityLaunchTime (18556)
12-13 15:22:23.007  1230  1254 D skia    : Errors:
12-13 15:22:23.007  1230  1254 D skia    : 
12-13 15:22:23.029  1230  1230 W Unity   : Failed to get permission info for com.android.vending.BILLING, manifest likely missing custom permission declaration
12-13 15:22:23.029  1230  1230 W Unity   : Permission com.android.vending.BILLING ignored
12-13 15:22:23.030  1230  1230 W Unity   : Failed to get permission info for android.permission.ACCESS_COARSE_UPDATES, manifest likely missing custom permission declaration
12-13 15:22:23.030  1230  1230 W Unity   : Permission android.permission.ACCESS_COARSE_UPDATES ignored
12-13 15:22:23.065   214   489 I ActivityTaskManager: START u0 {act=android.content.pm.action.REQUEST_PERMISSIONS pkg=com.android.permissioncontroller cmp=com.android.permissioncontroller/.permission.ui.GrantPermissionsActivity (has extras)} from uid 10036
12-13 15:22:23.093   214   489 W ActivityTaskManager: Tried to set launchTime (0) < mLastActivityLaunchTime (18712)
12-13 15:22:23.100  1230  1254 D EGL_emulation: app_time_stats: avg=67.98ms min=1.86ms max=99.62ms count=15
12-13 15:22:23.106   985   985 V GrantPermissionsActivity: Permission grant result requestId=3670327213706161120 callingUid=10036 callingPackage=com.eivaagames.RealChess3D.dbzq.m permission=android.permission.ACCESS_BACKGROUND_LOCATION isImplicit=false result=2
12-13 15:22:23.146  1230  1353 I Unity   : SystemInfo CPU = Intel x86 SSE3, Cores = 16, Memory = 5993mb
12-13 15:22:23.146  1230  1353 I Unity   : ApplicationInfo com.eivaagames.RealChess3D.dbzq.m version 1.1 build db467738-23ef-4094-b0af-38f5006ae458
12-13 15:22:23.146  1230  1353 I Unity   : Built from '2017.3/patch-release' branch, Version '2017.3.1p4 (7f25373c3e03)', Build type 'Release', Scripting Backend 'mono'
12-13 15:22:23.201  1230  1353 D HostConnection: createUnique: call
12-13 15:22:23.202  1230  1353 D librcm  : SocketClient connected to host port 22469
12-13 15:22:23.202  1230  1353 D HostConnection: HostConnection::get() New Host Connection established 0xe932b660, tid 1353
12-13 15:22:23.203  1230  1353 D HostConnection: HostComposition ext ANDROID_EMU_host_composition_v1 ANDROID_EMU_host_composition_v2 ANDROID_EMU_virtio_gpu_next ANDROID_EMU_sync_buffer_data GL_OES_EGL_image_external_essl3 GL_OES_vertex_array_object GL_KHR_texture_compression_astc_ldr GL_EXT_texture_compression_bptc GL_EXT_texture_compression_s3tc ANDROID_EMU_host_side_tracing ANDROID_EMU_gles_max_version_3_0 
12-13 15:22:23.204  1230  1353 D EGL_emulation: eglCreateContext: 0xe932c1c0: maj 3 min 0 rcv 3
12-13 15:22:23.207  1230  1353 D EGL_emulation: eglCreateContext: 0xe932cd90: maj 3 min 0 rcv 3
12-13 15:22:23.208  1230  1353 D EGL_emulation: eglMakeCurrent: 0xe932cd90: ver 3 0 (tinfo 0xe71ed040) (first time)
12-13 15:22:23.209  1230  1353 D Unity   : GL_EXT_debug_marker GL_EXT_robustness GL_OES_EGL_sync GL_OES_EGL_image GL_OES_EGL_image_external GL_OES_depth24 GL_OES_depth32 GL_OES_element_index_uint GL_OES_texture_float GL_OES_texture_float_linear GL_OES_compressed_paletted_texture GL_OES_compressed_ETC1_RGB8_texture GL_OES_depth_texture GL_OES_texture_half_float GL_OES_texture_half_float_linear GL_OES_packed_depth_stencil GL_OES_standard_derivatives GL_OES_texture_npot GL_OES_rgb8_rgba8 GL_EXT_color_buffer_float GL_EXT_color_buffer_half_float GL_EXT_texture_format_BGRA8888 GL_APPLE_texture_format_BGRA8888 ANDROID_EMU_host_composition_v1 ANDROID_EMU_host_composition_v2 ANDROID_EMU_virtio_gpu_next ANDROID_EMU_sync_buffer_data GL_OES_EGL_image_external_essl3 GL_OES_vertex_array_object GL_KHR_texture_compression_astc_ldr GL_EXT_texture_compression_bptc GL_EXT_texture_compression_s3tc ANDROID_EMU_host_side_tracing ANDROID_EMU_gles_max_version_3_0 
12-13 15:22:23.239    89   312 W AudioFlinger: createTrack_l(): mismatch between requested flags (00000008) and output flags (00000002)
12-13 15:22:23.240    89   312 D AudioFlinger: Client defaulted notificationFrames to 1588 for frameCount 3176
12-13 15:22:23.240    89   312 D AF::TrackHandle: OpPlayAudio: track:55 usage:1 not muted
12-13 15:22:23.242  1230  1411 W AudioTrack: Use of stream types is deprecated for operations other than volume control
12-13 15:22:23.242  1230  1411 W AudioTrack: See the documentation of AudioTrack() for what to use instead with android.media.AudioAttributes to qualify your playback use case
12-13 15:22:23.243    89   312 W APM::AudioPolicyEngine: getDevicesForStrategy() unknown strategy: -1
12-13 15:22:23.243    89   312 W APM::AudioPolicyEngine: getDevicesForStrategy() unknown strategy: -1
12-13 15:22:23.244    80    80 E FMQ     : grantorIdx must be less than 3
12-13 15:22:23.244    80    80 E FMQ     : grantorIdx must be less than 3
12-13 15:22:23.244    89   229 E FMQ     : grantorIdx must be less than 3
12-13 15:22:23.463   214   227 I ActivityTaskManager: START u0 {act=android.content.pm.action.REQUEST_PERMISSIONS pkg=com.android.permissioncontroller cmp=com.android.permissioncontroller/.permission.ui.GrantPermissionsActivity (has extras)} from uid 10036
12-13 15:22:23.463   214   227 W ActivityTaskManager: startActivity called from finishing ActivityRecord{947438a u0 com.eivaagames.RealChess3D.dbzq.m/com.kuaiyouxi.gamepad.sdk.LauncherActivity t28 f}}; forcing Intent.FLAG_ACTIVITY_NEW_TASK for: Intent { act=android.content.pm.action.REQUEST_PERMISSIONS flg=0x800000 pkg=com.android.permissioncontroller cmp=com.android.permissioncontroller/.permission.ui.GrantPermissionsActivity (has extras) }
12-13 15:22:23.244    89   229 E FMQ     : grantorIdx must be less than 3
12-13 15:22:23.966   214   235 W ActivityTaskManager: Activity pause timeout for ActivityRecord{75c9c58 u0 com.eivaagames.RealChess3D.dbzq.m/com.unity3d.player.UnityPlayerActivity t28}
12-13 15:22:23.966   214   235 W ActivityTaskManager: Tried to set launchTime (0) < mLastActivityLaunchTime (27219)
12-13 15:22:23.970   985   985 I GrantPermissionsActivity: No package: null
12-13 15:22:23.970   985   985 I GrantPermissionsActivity: android.content.pm.PackageManager$NameNotFoundException
12-13 15:22:23.970   985   985 I GrantPermissionsActivity: 	at android.app.ApplicationPackageManager.getPackageInfoAsUser(ApplicationPackageManager.java:206)
12-13 15:22:23.970   985   985 I GrantPermissionsActivity: 	at android.app.ApplicationPackageManager.getPackageInfo(ApplicationPackageManager.java:178)
12-13 15:22:23.970   985   985 I GrantPermissionsActivity: 	at com.android.permissioncontroller.permission.ui.GrantPermissionsActivity.getCallingPackageInfo(GrantPermissionsActivity.java:1150)
12-13 15:22:23.970   985   985 I GrantPermissionsActivity: 	at com.android.permissioncontroller.permission.ui.GrantPermissionsActivity.onCreate(GrantPermissionsActivity.java:328)
12-13 15:22:23.970   985   985 I GrantPermissionsActivity: 	at android.app.Activity.performCreate(Activity.java:7994)
12-13 15:22:23.970   985   985 I GrantPermissionsActivity: 	at android.app.Activity.performCreate(Activity.java:7978)
12-13 15:22:23.970   985   985 I GrantPermissionsActivity: 	at android.app.Instrumentation.callActivityOnCreate(Instrumentation.java:1309)
12-13 15:22:23.970   985   985 I GrantPermissionsActivity: 	at android.app.ActivityThread.performLaunchActivity(ActivityThread.java:3404)
12-13 15:22:23.970   985   985 I GrantPermissionsActivity: 	at android.app.ActivityThread.handleLaunchActivity(ActivityThread.java:3595)
12-13 15:22:23.970   985   985 I GrantPermissionsActivity: 	at android.app.servertransaction.LaunchActivityItem.execute(LaunchActivityItem.java:85)
12-13 15:22:23.970   985   985 I GrantPermissionsActivity: 	at android.app.servertransaction.TransactionExecutor.executeCallbacks(TransactionExecutor.java:135)
12-13 15:22:23.970   985   985 I GrantPermissionsActivity: 	at android.app.servertransaction.TransactionExecutor.execute(TransactionExecutor.java:95)
12-13 15:22:23.970   985   985 I GrantPermissionsActivity: 	at android.app.ActivityThread$H.handleMessage(ActivityThread.java:2066)
12-13 15:22:23.970   985   985 I GrantPermissionsActivity: 	at android.os.Handler.dispatchMessage(Handler.java:106)
12-13 15:22:23.970   985   985 I GrantPermissionsActivity: 	at android.os.Looper.loop(Looper.java:223)
12-13 15:22:23.970   985   985 I GrantPermissionsActivity: 	at android.app.ActivityThread.main(ActivityThread.java:7664)
12-13 15:22:23.970   985   985 I GrantPermissionsActivity: 	at java.lang.reflect.Method.invoke(Native Method)
12-13 15:22:23.970   985   985 I GrantPermissionsActivity: 	at com.android.internal.os.RuntimeInit$MethodAndArgsCaller.run(RuntimeInit.java:592)
12-13 15:22:23.970   985   985 I GrantPermissionsActivity: 	at com.android.internal.os.ZygoteInit.main(ZygoteInit.java:947)
12-13 15:22:24.331  1230  1411 D AudioTrack: stop(8): called with 26624 frames delivered
12-13 15:22:24.333  1230  1230 I Choreographer: Skipped 103 frames!  The application may be doing too much work on its main thread.
12-13 15:22:24.336  1230  1353 V MediaRouter: Selecting route: RouteInfo{ name=手机, description=null, status=null, category=RouteCategory{ name=系统 types=ROUTE_TYPE_LIVE_AUDIO ROUTE_TYPE_LIVE_VIDEO  groupable=false }, supportedTypes=ROUTE_TYPE_LIVE_AUDIO ROUTE_TYPE_LIVE_VIDEO , presentationDisplay=null }
12-13 15:22:24.419    89   731 W AudioFlinger: createTrack_l(): mismatch between requested flags (00000008) and output flags (00000002)
12-13 15:22:24.419    89   731 D AudioFlinger: Client defaulted notificationFrames to 1588 for frameCount 3176
12-13 15:22:24.419    89   731 D AF::TrackHandle: OpPlayAudio: track:56 usage:1 not muted
12-13 15:22:24.421  1230  1425 W AudioTrack: Use of stream types is deprecated for operations other than volume control
12-13 15:22:24.421  1230  1425 W AudioTrack: See the documentation of AudioTrack() for what to use instead with android.media.AudioAttributes to qualify your playback use case
12-13 15:22:24.421  1230  1230 V MediaRouter: Selecting route: RouteInfo{ name=手机, description=null, status=null, category=RouteCategory{ name=系统 types=ROUTE_TYPE_LIVE_AUDIO ROUTE_TYPE_LIVE_VIDEO  groupable=false }, supportedTypes=ROUTE_TYPE_LIVE_AUDIO ROUTE_TYPE_LIVE_VIDEO , presentationDisplay=null }
12-13 15:22:24.529  1230  1254 D EGL_emulation: app_time_stats: avg=478.63ms min=29.95ms max=1364.00ms count=3
12-13 15:22:25.258  1230  1428 W Settings: Setting android_id has moved from android.provider.Settings.System to android.provider.Settings.Secure, returning read-only value.
12-13 15:22:25.517  1230  1353 D EGL_emulation: app_time_stats: avg=30.04ms min=25.87ms max=58.99ms count=36
12-13 15:22:26.480   620  1112 V SettingsRedirectionHandler: Receive SettingsMessage ClosedCaptions
12-13 15:22:26.483   620  1112 V SettingsRedirectionHandler: Receive SettingsMessage ClosedCaptions
12-13 15:22:26.521   214   610 E TaskPersister: File error accessing recents directory (directory doesn't exist?).
12-13 15:22:26.522  1230  1353 D EGL_emulation: app_time_stats: avg=32.35ms min=29.11ms max=47.06ms count=31
12-13 15:22:27.632  1230  1353 D EGL_emulation: app_time_stats: avg=36.87ms min=28.41ms max=120.05ms count=30
12-13 15:22:27.749   620  1112 V SettingsRedirectionHandler: Receive SettingsMessage ClosedCaptions
12-13 15:22:28.645  1230  1353 D EGL_emulation: app_time_stats: avg=40.43ms min=32.20ms max=112.09ms count=25
12-13 15:22:29.651  1230  1353 D EGL_emulation: app_time_stats: avg=50.24ms min=31.52ms max=130.41ms count=20
12-13 15:22:30.653  1230  1353 D EGL_emulation: app_time_stats: avg=34.45ms min=23.08ms max=122.38ms count=29
12-13 15:22:30.659   467  1438 D NetworkMonitor/100: PROBE_DNS connectivitycheck.gstatic.com 4ms OK 203.208.41.66
12-13 15:22:30.659   467  1437 D NetworkMonitor/100: PROBE_DNS www.google.com 5ms OK 127.0.0.1
12-13 15:22:30.662   467  1437 D NetworkMonitor/100: PROBE_HTTPS https://www.google.com/generate_204 Probe failed with exception java.net.ConnectException: Failed to connect to www.google.com/127.0.0.1:443
12-13 15:22:30.764   467  1438 D NetworkMonitor/100: PROBE_HTTP http://connectivitycheck.gstatic.com/generate_204 time=105ms ret=204 request={Connection=[close], User-Agent=[Mozilla/5.0 (X11; Linux x86_64) AppleWebKit/537.36 (KHTML, like Gecko) Chrome/60.0.3112.32 Safari/537.36]} headers={null=[HTTP/1.1 204 No Content], Connection=[close], Content-Length=[0], Date=[Mon, 13 Dec 2021 07:22:28 GMT], X-Android-Received-Millis=[1639380150764], X-Android-Response-Source=[NETWORK 204], X-Android-Selected-Protocol=[http/1.1], X-Android-Sent-Millis=[1639380150697]}
12-13 15:22:30.775  1230  1417 W Choreographer: Frame time is 0.251469 ms in the future!  Check that graphics HAL is generating vsync timestamps using the correct timebase.
12-13 15:22:31.289    89   229 D AudioFlinger: mixer(0x788a74ff7040) throttle end: throttle time(46)
12-13 15:22:31.706  1230  1353 D EGL_emulation: app_time_stats: avg=55.35ms min=23.40ms max=305.04ms count=19
12-13 15:22:32.441   214   228 I chatty  : uid=1000(system) Binder:214_2 expire 12 lines
12-13 15:22:32.744  1230  1353 D EGL_emulation: app_time_stats: avg=73.98ms min=61.84ms max=108.44ms count=14
12-13 15:22:33.783  1230  1353 D EGL_emulation: app_time_stats: avg=61.01ms min=54.30ms max=63.96ms count=17
12-13 15:22:34.794  1230  1353 D EGL_emulation: app_time_stats: avg=63.10ms min=60.83ms max=63.96ms count=16
12-13 15:22:35.803  1230  1353 D EGL_emulation: app_time_stats: avg=62.88ms min=61.12ms max=63.96ms count=16
12-13 15:22:36.859  1230  1353 D EGL_emulation: app_time_stats: avg=65.85ms min=60.90ms max=79.57ms count=16
12-13 15:22:37.867  1230  1353 D EGL_emulation: app_time_stats: avg=62.86ms min=56.11ms max=70.38ms count=16
12-13 15:22:38.876  1230  1353 D EGL_emulation: app_time_stats: avg=62.92ms min=61.69ms max=63.81ms count=16
12-13 15:22:39.885  1230  1353 D EGL_emulation: app_time_stats: avg=62.93ms min=61.70ms max=63.99ms count=16
12-13 15:22:40.774   467  1436 D NetworkMonitor/100: PROBE_FALLBACK http://play.googleapis.com/generate_204 Probe failed with exception java.net.SocketTimeoutException: failed to connect to play.googleapis.com/142.250.66.106 (port 80) from /172.17.48.119 (port 44250) after 10000ms
12-13 15:22:40.774   467  1436 D NetworkMonitor/100: isCaptivePortal: isSuccessful()=false isPortal()=false RedirectUrl=null isPartialConnectivity()=true Time=10121ms
12-13 15:22:35.567   620  1112 I chatty  : uid=1000(system) ApiMessageHandl identical 10 lines
12-13 15:22:35.569   620  1112 V SettingsRedirectionHandler: Receive SettingsMessage ClosedCaptions
12-13 15:22:40.775   214   296 D ConnectivityService: [100 WIFI] validation failed
12-13 15:22:40.890  1230  1353 D EGL_emulation: app_time_stats: avg=62.70ms min=61.44ms max=63.95ms count=16
12-13 15:22:41.898  1230  1353 D EGL_emulation: app_time_stats: avg=62.84ms min=61.38ms max=64.19ms count=16
12-13 15:22:42.905  1230  1353 D EGL_emulation: app_time_stats: avg=62.83ms min=55.74ms max=70.09ms count=16
12-13 15:22:43.917  1230  1353 D EGL_emulation: app_time_stats: avg=63.09ms min=61.83ms max=63.89ms count=16
12-13 15:22:44.941  1230  1353 D EGL_emulation: app_time_stats: avg=63.90ms min=61.02ms max=72.70ms count=16
12-13 15:22:45.994  1230  1353 D EGL_emulation: app_time_stats: avg=55.29ms min=52.17ms max=66.76ms count=19
12-13 15:22:47.042  1230  1353 D EGL_emulation: app_time_stats: avg=55.08ms min=51.98ms max=62.64ms count=19
12-13 15:22:47.994  1230  1344 D SDKAssist: showBanner
12-13 15:22:48.061  1230  1353 D EGL_emulation: app_time_stats: avg=56.49ms min=52.00ms max=71.11ms count=18
12-13 15:22:49.112  1230  1353 D EGL_emulation: app_time_stats: avg=58.26ms min=52.84ms max=73.06ms count=18
12-13 15:22:50.164  1230  1353 D EGL_emulation: app_time_stats: avg=58.33ms min=53.48ms max=85.91ms count=18
12-13 15:22:51.150   790   890 I Metrics:BatchTransmitte: QueuePusher.sendBatches - Drained batch queue.; Number of HIGH_NON_ANONYMOUS queue batches sent: 0
12-13 15:22:51.151   790   889 I Metrics:BatchTransmitte: QueuePusher.sendBatches - Drained batch queue.; Number of HIGH_ANONYMOUS queue batches sent: 0
12-13 15:22:51.208  1230  1353 D EGL_emulation: app_time_stats: avg=52.11ms min=50.27ms max=55.62ms count=20
12-13 15:22:52.239  1230  1353 D EGL_emulation: app_time_stats: avg=51.50ms min=50.08ms max=63.31ms count=20
12-13 15:22:53.278  1230  1353 D EGL_emulation: app_time_stats: avg=57.60ms min=51.19ms max=64.22ms count=18
12-13 15:22:54.289  1230  1353 D EGL_emulation: app_time_stats: avg=63.06ms min=60.78ms max=63.96ms count=16
12-13 15:22:55.300  1230  1353 D EGL_emulation: app_time_stats: avg=63.06ms min=61.34ms max=64.13ms count=16
12-13 15:22:55.456   375   565 D EGL_emulation: app_time_stats: avg=48010.21ms min=48010.21ms max=48010.21ms count=1
12-13 15:22:56.359  1230  1353 D EGL_emulation: app_time_stats: avg=62.15ms min=53.40ms max=80.93ms count=17
12-13 15:22:56.788   467  1450 D NetworkMonitor/100: PROBE_DNS connectivitycheck.gstatic.com 4ms OK 203.208.41.66
12-13 15:22:56.789   467  1449 D NetworkMonitor/100: PROBE_DNS www.google.com 5ms OK 127.0.0.1
12-13 15:22:56.791   467  1449 D NetworkMonitor/100: PROBE_HTTPS https://www.google.com/generate_204 Probe failed with exception java.net.ConnectException: Failed to connect to www.google.com/127.0.0.1:443
12-13 15:22:56.910   467  1450 D NetworkMonitor/100: PROBE_HTTP http://connectivitycheck.gstatic.com/generate_204 time=122ms ret=204 request={Connection=[close], User-Agent=[Mozilla/5.0 (X11; Linux x86_64) AppleWebKit/537.36 (KHTML, like Gecko) Chrome/60.0.3112.32 Safari/537.36]} headers={null=[HTTP/1.1 204 No Content], Connection=[close], Content-Length=[0], Date=[Mon, 13 Dec 2021 07:22:55 GMT], X-Android-Received-Millis=[1639380176910], X-Android-Response-Source=[NETWORK 204], X-Android-Selected-Protocol=[http/1.1], X-Android-Sent-Millis=[1639380176834]}
12-13 15:22:56.912   467  1448 D NetworkMonitor/100: PROBE_FALLBACK http://www.google.com/gen_204 Probe failed with exception java.net.ConnectException: Failed to connect to www.google.com/127.0.0.1:80
12-13 15:22:56.913   467  1448 D NetworkMonitor/100: isCaptivePortal: isSuccessful()=false isPortal()=false RedirectUrl=null isPartialConnectivity()=true Time=130ms
12-13 15:22:57.369  1230  1353 D EGL_emulation: app_time_stats: avg=63.02ms min=61.03ms max=63.91ms count=16
12-13 15:22:56.913   214   296 D ConnectivityService: [100 WIFI] validation failed
12-13 15:22:58.073  1230  1318 E ActivityThread: Failed to find provider info for com.miui.analytics.server.AnalyticsProvider
12-13 15:22:58.074  1230  1318 E chameleon-plugin--URLClient-[pool-17-thread-1]: performRequest
12-13 15:22:58.074  1230  1318 E chameleon-plugin--URLClient-[pool-17-thread-1]: java.io.IOException: Cleartext HTTP traffic to api.ad.xiaomi.com not permitted
12-13 15:22:58.074  1230  1318 E chameleon-plugin--URLClient-[pool-17-thread-1]: 	at com.android.okhttp.HttpHandler$CleartextURLFilter.checkURLPermitted(HttpHandler.java:127)
12-13 15:22:58.074  1230  1318 E chameleon-plugin--URLClient-[pool-17-thread-1]: 	at com.android.okhttp.internal.huc.HttpURLConnectionImpl.execute(HttpURLConnectionImpl.java:462)
12-13 15:22:58.074  1230  1318 E chameleon-plugin--URLClient-[pool-17-thread-1]: 	at com.android.okhttp.internal.huc.HttpURLConnectionImpl.connect(HttpURLConnectionImpl.java:131)
12-13 15:22:58.074  1230  1318 E chameleon-plugin--URLClient-[pool-17-thread-1]: 	at com.miui.zeus.utils.http.URLClient.performRequest(URLClient.java:115)
12-13 15:22:58.074  1230  1318 E chameleon-plugin--URLClient-[pool-17-thread-1]: 	at com.miui.zeus.utils.http.Server.connect(Server.java:65)
12-13 15:22:58.074  1230  1318 E chameleon-plugin--URLClient-[pool-17-thread-1]: 	at com.miui.zeus.utils.http.Server.connect(Server.java:50)
12-13 15:22:58.074  1230  1318 E chameleon-plugin--URLClient-[pool-17-thread-1]: 	at com.miui.zeus.utils.http.Server.connect(Server.java:45)
12-13 15:22:58.074  1230  1318 E chameleon-plugin--URLClient-[pool-17-thread-1]: 	at com.miui.mimo.plugin.server.MimoAdServer.connect(MimoAdServer.java:77)
12-13 15:22:58.074  1230  1318 E chameleon-plugin--URLClient-[pool-17-thread-1]: 	at com.miui.mimo.plugin.server.MimoAdServer.requestAd(MimoAdServer.java:64)
12-13 15:22:58.074  1230  1318 E chameleon-plugin--URLClient-[pool-17-thread-1]: 	at com.miui.mimo.plugin.invoker.MimoAdInvoker.getAdResponseInRealTime(MimoAdInvoker.java:111)
12-13 15:22:58.074  1230  1318 E chameleon-plugin--URLClient-[pool-17-thread-1]: 	at com.miui.mimo.plugin.invoker.MimoAdInvoker.startRequest(MimoAdInvoker.java:67)
12-13 15:22:58.074  1230  1318 E chameleon-plugin--URLClient-[pool-17-thread-1]: 	at com.miui.mimo.plugin.PluginMimoNativeAdImpl$1.execute(PluginMimoNativeAdImpl.java:77)
12-13 15:22:58.074  1230  1318 E chameleon-plugin--URLClient-[pool-17-thread-1]: 	at com.miui.zeus.utils.concurrent.ThrowableCaughtRunnable.run(ThrowableCaughtRunnable.java:30)
12-13 15:22:58.074  1230  1318 E chameleon-plugin--URLClient-[pool-17-thread-1]: 	at java.util.concurrent.ThreadPoolExecutor.runWorker(ThreadPoolExecutor.java:1167)
12-13 15:22:58.074  1230  1318 E chameleon-plugin--URLClient-[pool-17-thread-1]: 	at java.util.concurrent.ThreadPoolExecutor$Worker.run(ThreadPoolExecutor.java:641)
12-13 15:22:58.074  1230  1318 E chameleon-plugin--URLClient-[pool-17-thread-1]: 	at java.lang.Thread.run(Thread.java:923)
12-13 15:22:58.074  1230  1318 W chameleon-plugin--MimoAdServer@SV-[pool-17-thread-1]: response null
12-13 15:22:58.074  1230  1318 E chameleon-plugin--PluginMimoNativeAdImpl-[pool-17-thread-1]: response failed
12-13 15:22:58.074  1230  1340 E chameleon-plugin--MimoAdInvoker-[pool-17-thread-2]: +++++++++++++++++++++++++++++++++++++++++++++++++++                                                ++                                                ++                                                +++++++++++++++++++++++++++++++++++++++++++++++++++
12-13 15:22:58.156  1230  1230 D MtaOnEvent: Ad load failed
12-13 15:22:58.376  1230  1353 D EGL_emulation: app_time_stats: avg=66.97ms min=60.81ms max=111.74ms count=15
12-13 15:22:59.416  1230  1353 D EGL_emulation: app_time_stats: avg=64.89ms min=61.20ms max=78.56ms count=16
12-13 15:22:59.468   214   757 I chatty  : uid=1000(system) Binder:214_9 expire 3 lines
12-13 15:22:59.470   214   247 W KernelCpuProcStringReader: File not found. It's normal if not implemented: /proc/uid_concurrent_policy_time
12-13 15:22:59.470   214   247 E KernelCpuSpeedReader: Failed to read cpu-freq: /sys/devices/system/cpu/cpu0/cpufreq/stats/time_in_state: open failed: ENOENT (No such file or directory)
12-13 15:22:59.470   620  1112 V SettingsRedirectionHandler: Receive SettingsMessage ClosedCaptions
12-13 15:22:59.471    46    51 I chatty  : uid=1000(system) Binder:46_2 expire 10 lines
12-13 15:22:59.966   985  1003 I PermissionControllerServiceImpl: Updating user sensitive for user 0
12-13 15:22:59.967   985  1139 I UserPackageInfos: updating UserPackageInfosLiveData for user 0
12-13 15:22:59.967   985  1136 I LancherPackagesLiveData: updating LauncherPackageLiveData
12-13 15:23:00.014   375   565 D EGL_emulation: app_time_stats: avg=4557.79ms min=4557.79ms max=4557.79ms count=1
12-13 15:23:00.458  1230  1353 D EGL_emulation: app_time_stats: avg=57.78ms min=52.01ms max=68.64ms count=18
12-13 15:23:01.480  1230  1353 D EGL_emulation: app_time_stats: avg=53.67ms min=52.17ms max=60.37ms count=19
12-13 15:23:01.809   214  1459 I chatty  : uid=1000 system_server expire 6 lines
12-13 15:23:02.482  1230  1353 D EGL_emulation: app_time_stats: avg=52.66ms min=51.77ms max=56.62ms count=19
12-13 15:23:03.519  1230  1353 D EGL_emulation: app_time_stats: avg=54.50ms min=51.66ms max=58.68ms count=19
12-13 15:23:04.567  1230  1353 D EGL_emulation: app_time_stats: avg=65.36ms min=61.62ms max=79.17ms count=16
12-13 15:23:05.575  1230  1353 D EGL_emulation: app_time_stats: avg=62.81ms min=61.20ms max=64.04ms count=16
12-13 15:23:06.598  1230  1353 D EGL_emulation: app_time_stats: avg=63.82ms min=55.55ms max=78.61ms count=16
12-13 15:23:07.611  1230  1353 D EGL_emulation: app_time_stats: avg=53.24ms min=50.57ms max=58.94ms count=19
12-13 15:23:08.633  1230  1353 D EGL_emulation: app_time_stats: avg=53.64ms min=50.33ms max=61.85ms count=19
12-13 15:23:09.652  1230  1353 D EGL_emulation: app_time_stats: avg=50.88ms min=50.01ms max=51.75ms count=20
12-13 15:23:10.659  1230  1353 D EGL_emulation: app_time_stats: avg=52.93ms min=50.60ms max=56.51ms count=19
12-13 15:23:11.694  1230  1353 D EGL_emulation: app_time_stats: avg=60.80ms min=52.83ms max=63.92ms count=17
12-13 15:23:12.706  1230  1353 D EGL_emulation: app_time_stats: avg=63.07ms min=61.65ms max=64.07ms count=16
12-13 15:23:13.712  1230  1353 D EGL_emulation: app_time_stats: avg=62.78ms min=61.19ms max=64.09ms count=16
12-13 15:23:14.735  1230  1353 D EGL_emulation: app_time_stats: avg=63.75ms min=59.81ms max=79.52ms count=16
12-13 15:23:15.743  1230  1353 D EGL_emulation: app_time_stats: avg=62.88ms min=61.60ms max=64.08ms count=16
12-13 15:23:16.737  1116  1462 I adbd    : host-15: write thread spawning
12-13 15:23:16.737  1116  1461 I adbd    : host-15: read thread spawning
12-13 15:23:16.738  1116  1116 I adbd    : host-15: already offline
12-13 15:23:16.738  1116  1116 I adbd    : Calling send_auth_request...
12-13 15:23:16.747  1116  1116 I adbd    : adbd_auth: loading keys from /data/misc/adb/adb_keys
12-13 15:23:16.747  1116  1116 I adbd    : adb client authorized
12-13 15:23:16.770  1230  1353 D EGL_emulation: app_time_stats: avg=64.07ms min=61.30ms max=82.35ms count=16
12-13 15:23:17.791  1230  1353 D EGL_emulation: app_time_stats: avg=56.59ms min=50.42ms max=77.88ms count=18
12-13 15:23:18.840  1230  1353 D EGL_emulation: app_time_stats: avg=52.34ms min=50.03ms max=59.24ms count=20
12-13 15:23:19.853  1230  1353 D EGL_emulation: app_time_stats: avg=53.24ms min=51.98ms max=55.45ms count=19
12-13 15:23:20.858  1230  1353 D EGL_emulation: app_time_stats: avg=59.05ms min=53.84ms max=63.87ms count=17
12-13 15:23:21.360  1466  1468 I cmd     : oneway function results will be dropped but finished with status OK and parcel size 4
12-13 15:23:21.502  1473  1473 D AndroidRuntime: >>>>>> START com.android.internal.os.RuntimeInit uid 2000 <<<<<<
12-13 15:23:21.504  1473  1473 E libc    : Access denied finding property "persist.device_config.runtime_native_boot.profilebootclasspath"
12-13 15:23:21.504  1473  1473 E libc    : Access denied finding property "persist.device_config.runtime_native_boot.enable_apex_image"
12-13 15:23:21.504  1473  1473 I AndroidRuntime: Using default boot image
12-13 15:23:21.504  1473  1473 E libc    : Access denied finding property "persist.device_config.runtime_native_boot.disable_lock_profiling"
12-13 15:23:21.504  1473  1473 I AndroidRuntime: Leaving lock profiling enabled
12-13 15:23:21.504  1473  1473 E libc    : Access denied finding property "persist.device_config.runtime_native_boot.enable_generational_cc"
12-13 15:23:21.546  1473  1473 D app_process: Time zone APEX ICU file found: /apex/com.android.tzdata/etc/icu/icu_tzdata.dat
12-13 15:23:21.546  1473  1473 D app_process: I18n APEX ICU file found: /apex/com.android.i18n/etc/icu/icudt66l.dat
12-13 15:23:21.549  1473  1473 W app_process: Unexpected CPU variant for X86 using defaults: x86_64
12-13 15:23:21.550  1473  1473 I app_process: The ClassLoaderContext is a special shared library.
12-13 15:23:21.557  1473  1473 W app_process: JNI RegisterNativeMethods: attempt to register 0 native methods for android.media.AudioAttributes
12-13 15:23:21.561  1473  1473 D AndroidRuntime: Calling main entry com.android.commands.monkey.Monkey
12-13 15:23:21.561  1473  1473 W Monkey  : args: [-p, com.eivaagames.RealChess3D.dbzq.m, --throttle, 500, --ignore-timeouts, --ignore-crashes, --monitor-native-crashes, -v, -v, -v, 100]
12-13 15:23:21.561  1473  1473 W Monkey  :  arg: "-p"
12-13 15:23:21.561  1473  1473 W Monkey  :  arg: "com.eivaagames.RealChess3D.dbzq.m"
12-13 15:23:21.561  1473  1473 W Monkey  :  arg: "--throttle"
12-13 15:23:21.561  1473  1473 W Monkey  :  arg: "500"
12-13 15:23:21.561  1473  1473 W Monkey  :  arg: "--ignore-timeouts"
12-13 15:23:21.561  1473  1473 W Monkey  :  arg: "--ignore-crashes"
12-13 15:23:21.561  1473  1473 W Monkey  :  arg: "--monitor-native-crashes"
12-13 15:23:21.561  1473  1473 W Monkey  :  arg: "-v"
12-13 15:23:21.561  1473  1473 I chatty  : uid=2000(shell) identical 1 line
12-13 15:23:21.561  1473  1473 W Monkey  :  arg: "-v"
12-13 15:23:21.561  1473  1473 W Monkey  :  arg: "100"
12-13 15:23:21.562  1473  1473 W Monkey  : data="com.eivaagames.RealChess3D.dbzq.m"
12-13 15:23:21.562  1473  1473 W Monkey  : arg="--throttle" mCurArgData="null" mNextArg=3 argwas="--throttle" nextarg="500"
12-13 15:23:21.562  1473  1473 W Monkey  : data="500"
12-13 15:23:21.562  1473  1473 W Monkey  : arg="--ignore-timeouts" mCurArgData="null" mNextArg=5 argwas="--ignore-timeouts" nextarg="--ignore-crashes"
12-13 15:23:21.562  1473  1473 W Monkey  : arg="--ignore-crashes" mCurArgData="null" mNextArg=6 argwas="--ignore-crashes" nextarg="--monitor-native-crashes"
12-13 15:23:21.562  1473  1473 W Monkey  : arg="--monitor-native-crashes" mCurArgData="null" mNextArg=7 argwas="--monitor-native-crashes" nextarg="-v"
12-13 15:23:21.579  1473  1473 I Monkey  : :Monkey: seed=1639572038930 count=100
12-13 15:23:21.579  1473  1473 I Monkey  : :AllowPackage: com.eivaagames.RealChess3D.dbzq.m
12-13 15:23:21.579  1473  1473 I Monkey  : :IncludeCategory: android.intent.category.LAUNCHER
12-13 15:23:21.579  1473  1473 I Monkey  : :IncludeCategory: android.intent.category.MONKEY
12-13 15:23:18.654   620  1112 I chatty  : uid=1000(system) ApiMessageHandl identical 17 lines
12-13 15:23:18.657   620  1112 V SettingsRedirectionHandler: Receive SettingsMessage ClosedCaptions
12-13 15:23:21.582   214   241 W BroadcastQueue: Skipping deliver [background] BroadcastRecord{6cc3225 u-1 android.net.conn.CONNECTIVITY_CHANGE} to ReceiverList{9d6cffa 1473 (unknown name)/2000/u-1 remote:c13a38f}: process gone or crashing
12-13 15:23:21.584  1473  1473 I Monkey  : // Selecting main activities from category android.intent.category.LAUNCHER
12-13 15:23:21.584  1473  1473 I Monkey  : //   - NOT USING main activity com.android.camera.CameraLauncher (from package com.android.camera2)
12-13 15:23:21.584  1473  1473 I Monkey  : //   - NOT USING main activity com.android.contacts.activities.PeopleActivity (from package com.android.contacts)
12-13 15:23:21.584  1473  1473 I Monkey  : //   - NOT USING main activity com.android.gallery3d.app.GalleryActivity (from package com.android.gallery3d)
12-13 15:23:21.584  1473  1473 I Monkey  : //   - NOT USING main activity com.android.settings.Settings (from package com.android.settings)
12-13 15:23:21.584  1473  1473 I Monkey  : //   - NOT USING main activity com.amazon.venezia.Launcher (from package com.amazon.venezia)
12-13 15:23:21.584  1473  1473 I Monkey  : //   - NOT USING main activity com.android.documentsui.LauncherActivity (from package com.android.documentsui)
12-13 15:23:21.584  1473  1473 I Monkey  : //   + Using main activity com.kuaiyouxi.gamepad.sdk.shell.KyxShellActivity (from package com.eivaagames.RealChess3D.dbzq.m)
12-13 15:23:21.585  1473  1473 I Monkey  : // Selecting main activities from category android.intent.category.MONKEY
12-13 15:23:21.585  1473  1473 I Monkey  : //   - NOT USING main activity com.android.settings.Settings$RunningServicesActivity (from package com.android.settings)
12-13 15:23:21.585  1473  1473 I Monkey  : //   - NOT USING main activity com.android.settings.Settings$StorageUseActivity (from package com.android.settings)
12-13 15:23:21.585  1473  1473 I Monkey  : // Seeded: 1639572038930
12-13 15:23:21.587  1473  1473 I Monkey  : // Event percentages:
12-13 15:23:21.587  1473  1473 I Monkey  : //   0: 15.0%
12-13 15:23:21.587  1473  1473 I Monkey  : //   1: 10.0%
12-13 15:23:21.587  1473  1473 I Monkey  : //   2: 2.0%
12-13 15:23:21.587  1473  1473 I Monkey  : //   3: 15.0%
12-13 15:23:21.587  1473  1473 I Monkey  : //   4: -0.0%
12-13 15:23:21.587  1473  1473 I Monkey  : //   5: -0.0%
12-13 15:23:21.587  1473  1473 I Monkey  : //   6: 25.0%
12-13 15:23:21.588  1473  1473 I Monkey  : //   7: 15.0%
12-13 15:23:21.588  1473  1473 I Monkey  : //   8: 2.0%
12-13 15:23:21.588  1473  1473 I Monkey  : //   9: 2.0%
12-13 15:23:21.588  1473  1473 I Monkey  : //   10: 1.0%
12-13 15:23:21.588  1473  1473 I Monkey  : //   11: 13.0%
12-13 15:23:21.588  1473  1473 I Monkey  : :Switch: #Intent;action=android.intent.action.MAIN;category=android.intent.category.LAUNCHER;launchFlags=0x10200000;component=com.eivaagames.RealChess3D.dbzq.m/com.kuaiyouxi.gamepad.sdk.shell.KyxShellActivity;end
12-13 15:23:21.589   214   228 I ActivityTaskManager: START u0 {act=android.intent.action.MAIN cat=[android.intent.category.LAUNCHER] flg=0x10200000 cmp=com.eivaagames.RealChess3D.dbzq.m/com.kuaiyouxi.gamepad.sdk.shell.KyxShellActivity} from uid 2000
12-13 15:23:21.592  1473  1473 I Monkey  :     // Allowing start of Intent { act=android.intent.action.MAIN cat=[android.intent.category.LAUNCHER] cmp=com.eivaagames.RealChess3D.dbzq.m/com.kuaiyouxi.gamepad.sdk.shell.KyxShellActivity } in package com.eivaagames.RealChess3D.dbzq.m
12-13 15:23:21.597  1473  1473 I Monkey  : Sleeping for 500 milliseconds
12-13 15:23:21.633   620  1112 V SettingsRedirectionHandler: Receive SettingsMessage ClosedCaptions
12-13 15:23:21.671   214   332 I chatty  : uid=1000(system) RenderThread expire 9 lines
12-13 15:23:21.859  1230  1353 D EGL_emulation: app_time_stats: avg=66.52ms min=56.48ms max=106.24ms count=15
12-13 15:23:22.098  1473  1473 I Monkey  : :Sending Key (ACTION_DOWN): 21    // KEYCODE_DPAD_LEFT
12-13 15:23:22.099  1473  1473 I Monkey  : :Sending Key (ACTION_UP): 21    // KEYCODE_DPAD_LEFT
12-13 15:23:22.099   214   277 I chatty  : uid=1000(system) InputDispatcher expire 14 lines
12-13 15:23:22.100  1473  1473 I Monkey  : Sleeping for 500 milliseconds
12-13 15:23:22.600  1473  1473 I Monkey  : :Sending Key (ACTION_DOWN): 19    // KEYCODE_DPAD_UP
12-13 15:23:22.602  1473  1473 I Monkey  : :Sending Key (ACTION_UP): 19    // KEYCODE_DPAD_UP
12-13 15:23:22.602  1473  1473 I Monkey  : Sleeping for 500 milliseconds
12-13 15:23:22.891  1230  1353 D EGL_emulation: app_time_stats: avg=57.25ms min=52.29ms max=65.84ms count=18
12-13 15:23:23.103  1473  1473 I Monkey  : :Sending Key (ACTION_DOWN): 170    // KEYCODE_TV
12-13 15:23:23.103  1473  1473 I Monkey  : :Sending Key (ACTION_UP): 170    // KEYCODE_TV
12-13 15:23:23.104  1473  1473 I Monkey  : Sleeping for 500 milliseconds
12-13 15:23:23.604  1473  1473 I Monkey  : :Sending Key (ACTION_DOWN): 70    // KEYCODE_EQUALS
12-13 15:23:23.605  1473  1473 I Monkey  : :Sending Key (ACTION_UP): 70    // KEYCODE_EQUALS
12-13 15:23:23.606  1473  1473 I Monkey  : Sleeping for 500 milliseconds
12-13 15:23:23.934  1230  1353 D EGL_emulation: app_time_stats: avg=54.82ms min=52.13ms max=70.16ms count=19
12-13 15:23:24.106  1473  1473 I Monkey  : :Sending Key (ACTION_DOWN): 82    // KEYCODE_MENU
12-13 15:23:24.107  1473  1473 I Monkey  : :Sending Key (ACTION_UP): 82    // KEYCODE_MENU
12-13 15:23:24.108  1473  1473 I Monkey  : Sleeping for 500 milliseconds
12-13 15:23:24.608  1473  1473 I Monkey  : :Sending Key (ACTION_DOWN): 82    // KEYCODE_MENU
12-13 15:23:24.609  1473  1473 I Monkey  : :Sending Key (ACTION_UP): 82    // KEYCODE_MENU
12-13 15:23:24.610  1473  1473 I Monkey  : Sleeping for 500 milliseconds
12-13 15:23:24.944  1230  1353 D EGL_emulation: app_time_stats: avg=53.09ms min=52.20ms max=55.06ms count=19
12-13 15:23:25.110  1473  1473 I Monkey  : :Sending Key (ACTION_DOWN): 21    // KEYCODE_DPAD_LEFT
12-13 15:23:25.111  1473  1473 I Monkey  : :Sending Key (ACTION_UP): 21    // KEYCODE_DPAD_LEFT
12-13 15:23:25.112  1473  1473 I Monkey  : Sleeping for 500 milliseconds
12-13 15:23:25.612  1473  1473 I Monkey  : :Sending Key (ACTION_DOWN): 22    // KEYCODE_DPAD_RIGHT
12-13 15:23:25.613  1473  1473 I Monkey  : :Sending Key (ACTION_UP): 22    // KEYCODE_DPAD_RIGHT
12-13 15:23:25.613  1473  1473 I Monkey  : Sleeping for 500 milliseconds
12-13 15:23:25.838  1230  1283 I lChess3D.dbzq.: Explicit concurrent copying GC freed 195216(13MB) AllocSpace objects, 27(624KB) LOS objects, 49% free, 3401KB/6802KB, paused 51us total 9.964ms
12-13 15:23:25.853  1230  1244 W System  : A resource failed to call close. 
12-13 15:23:25.853  1230  1244 W System  : A resource failed to call end. 
12-13 15:23:25.853  1230  1244 I chatty  : uid=10036(com.eivaagames.RealChess3D.dbzq.m) FinalizerDaemon identical 3 lines
12-13 15:23:25.991  1230  1353 I chatty  : uid=10036(com.eivaagames.RealChess3D.dbzq.m) UnityMain expire 15 lines
12-13 15:23:26.115  1473  1473 I Monkey  : :Sending Touch (ACTION_DOWN): 0:(107.0,611.0)
12-13 15:23:26.116  1473  1473 I Monkey  : :Sending Touch (ACTION_MOVE): 0:(124.07365,627.0693)
12-13 15:23:26.116   214   235 I chatty  : uid=1000(system) android.display expire 6 lines
12-13 15:23:26.116  1473  1473 I Monkey  : :Sending Touch (ACTION_MOVE): 0:(127.02031,638.46344)
12-13 15:23:26.116  1473  1473 I Monkey  : :Sending Touch (ACTION_MOVE): 0:(138.53464,657.79425)
12-13 15:23:26.117  1473  1473 I Monkey  : :Sending Touch (ACTION_MOVE): 0:(150.76534,661.08344)
12-13 15:23:26.117  1473  1473 I Monkey  : :Sending Touch (ACTION_MOVE): 0:(162.20166,673.10205)
12-13 15:23:26.118  1473  1473 I Monkey  : :Sending Touch (ACTION_MOVE): 0:(169.15103,690.27203)
12-13 15:23:26.118  1473  1473 I Monkey  : :Sending Touch (ACTION_MOVE): 0:(174.24574,704.3722)
12-13 15:23:26.118  1473  1473 I Monkey  : :Sending Touch (ACTION_UP): 0:(181.09534,715.9202)
12-13 15:23:26.119  1473  1473 I Monkey  : Sleeping for 500 milliseconds
12-13 15:23:26.619  1473  1473 I Monkey  : :Sending Touch (ACTION_DOWN): 0:(785.0,1106.0)
12-13 15:23:26.620  1473  1473 I Monkey  : :Sending Touch (ACTION_UP): 0:(776.52795,1118.141)
12-13 15:23:26.620  1473  1473 I Monkey  : Sleeping for 500 milliseconds
12-13 15:23:27.121  1473  1473 I Monkey  : :Sending Key (ACTION_DOWN): 82    // KEYCODE_MENU
12-13 15:23:27.121  1473  1473 I Monkey  : :Sending Key (ACTION_UP): 82    // KEYCODE_MENU
12-13 15:23:27.123  1473  1473 I Monkey  : Sleeping for 500 milliseconds
12-13 15:23:27.623  1473  1473 I Monkey  : :Sending Trackball (ACTION_MOVE): 0:(-2.0,0.0)
12-13 15:23:27.624  1473  1473 I Monkey  : :Sending Trackball (ACTION_MOVE): 0:(4.0,-2.0)
12-13 15:23:27.624  1473  1473 I Monkey  : :Sending Trackball (ACTION_MOVE): 0:(1.0,-5.0)
12-13 15:23:27.625  1473  1473 I Monkey  : :Sending Trackball (ACTION_MOVE): 0:(-3.0,4.0)
12-13 15:23:27.625  1473  1473 I Monkey  : :Sending Trackball (ACTION_MOVE): 0:(2.0,2.0)
12-13 15:23:27.625  1473  1473 I Monkey  : :Sending Trackball (ACTION_MOVE): 0:(-4.0,-3.0)
12-13 15:23:27.626  1473  1473 I Monkey  : :Sending Trackball (ACTION_MOVE): 0:(-1.0,0.0)
12-13 15:23:27.626  1473  1473 I Monkey  : :Sending Trackball (ACTION_MOVE): 0:(-3.0,-5.0)
12-13 15:23:27.627  1473  1473 I Monkey  : :Sending Trackball (ACTION_MOVE): 0:(-3.0,1.0)
12-13 15:23:27.627  1473  1473 I Monkey  : :Sending Trackball (ACTION_MOVE): 0:(2.0,-3.0)
12-13 15:23:27.627  1473  1473 I Monkey  : :Sending Key (ACTION_DOWN): 22    // KEYCODE_DPAD_RIGHT
12-13 15:23:27.635  1473  1473 I Monkey  : :Sending Key (ACTION_UP): 22    // KEYCODE_DPAD_RIGHT
12-13 15:23:27.636  1473  1473 I Monkey  : Sleeping for 500 milliseconds
12-13 15:23:28.136  1473  1473 I Monkey  : :Sending Key (ACTION_DOWN): 20    // KEYCODE_DPAD_DOWN
12-13 15:23:28.137  1473  1473 I Monkey  : :Sending Key (ACTION_UP): 20    // KEYCODE_DPAD_DOWN
12-13 15:23:28.138  1473  1473 I Monkey  : Sleeping for 500 milliseconds
12-13 15:23:28.638  1473  1473 I Monkey  : :Sending Key (ACTION_DOWN): 21    // KEYCODE_DPAD_LEFT
12-13 15:23:28.639  1473  1473 I Monkey  : :Sending Key (ACTION_UP): 21    // KEYCODE_DPAD_LEFT
12-13 15:23:28.639  1473  1473 I Monkey  : Sleeping for 500 milliseconds
12-13 15:23:28.927   467  1530 D NetworkMonitor/100: PROBE_DNS www.google.com 5ms OK 127.0.0.1
12-13 15:23:28.928   467  1531 D NetworkMonitor/100: PROBE_DNS connectivitycheck.gstatic.com 5ms OK 203.208.41.66
12-13 15:23:28.930   467  1530 D NetworkMonitor/100: PROBE_HTTPS https://www.google.com/generate_204 Probe failed with exception java.net.ConnectException: Failed to connect to www.google.com/127.0.0.1:443
12-13 15:23:29.043   467  1531 D NetworkMonitor/100: PROBE_HTTP http://connectivitycheck.gstatic.com/generate_204 time=115ms ret=204 request={Connection=[close], User-Agent=[Mozilla/5.0 (X11; Linux x86_64) AppleWebKit/537.36 (KHTML, like Gecko) Chrome/60.0.3112.32 Safari/537.36]} headers={null=[HTTP/1.1 204 No Content], Connection=[close], Content-Length=[0], Date=[Mon, 13 Dec 2021 07:23:27 GMT], X-Android-Received-Millis=[1639380209043], X-Android-Response-Source=[NETWORK 204], X-Android-Selected-Protocol=[http/1.1], X-Android-Sent-Millis=[1639380208970]}
12-13 15:23:29.045   467  1529 D NetworkMonitor/100: PROBE_FALLBACK http://www.google.com/gen_204 Probe failed with exception java.net.ConnectException: Failed to connect to www.google.com/127.0.0.1:80
12-13 15:23:29.045   467  1529 D NetworkMonitor/100: isCaptivePortal: isSuccessful()=false isPortal()=false RedirectUrl=null isPartialConnectivity()=true Time=124ms
12-13 15:23:24.637   620  1112 I chatty  : uid=1000(system) ApiMessageHandl identical 2 lines
12-13 15:23:24.639   620  1112 V SettingsRedirectionHandler: Receive SettingsMessage ClosedCaptions
12-13 15:23:29.045   214   296 D ConnectivityService: [100 WIFI] validation failed
12-13 15:23:29.140  1473  1473 I Monkey  : :Sending Key (ACTION_DOWN): 235    // KEYCODE_TV_TERRESTRIAL_ANALOG
