12-12 20:52:09.835   376   376 W System.err: 	at com.android.systemui.recents.ScreenPinningRequest_Factory.get(ScreenPinningRequest_Factory.java:11)
12-12 20:52:09.835   376   376 W System.err: 	at com.android.systemui.statusbar.phone.dagger.StatusBarPhoneModule_ProvideStatusBarFactory.provideInstance(StatusBarPhoneModule_ProvideStatusBarFactory.java:620)
12-12 20:52:09.835   376   376 W System.err: 	at com.android.systemui.statusbar.phone.dagger.StatusBarPhoneModule_ProvideStatusBarFactory.get(StatusBarPhoneModule_ProvideStatusBarFactory.java:409)
12-12 20:52:09.835   376   376 W System.err: 	at com.android.systemui.statusbar.phone.dagger.StatusBarPhoneModule_ProvideStatusBarFactory.get(StatusBarPhoneModule_ProvideStatusBarFactory.java:88)
12-12 20:52:09.835   376   376 W System.err: 	at dagger.internal.DoubleCheck.get(DoubleCheck.java:47)
12-12 20:52:09.835   376   376 W System.err: 	at com.android.systemui.dagger.ContextComponentResolver.resolve(ContextComponentResolver.java:100)
12-12 20:52:09.835   376   376 W System.err: 	at com.android.systemui.dagger.ContextComponentResolver.resolveSystemUI(ContextComponentResolver.java:93)
12-12 20:52:09.835   376   376 W System.err: 	at com.android.systemui.SystemUIApplication.startServicesIfNeeded(SystemUIApplication.java:189)
12-12 20:52:09.835   376   376 W System.err: 	at com.android.systemui.SystemUIApplication.startServicesIfNeeded(SystemUIApplication.java:143)
12-12 20:52:09.835   376   376 W System.err: 	at com.android.systemui.SystemUIService.onCreate(SystemUIService.java:70)
12-12 20:52:09.835   376   376 W System.err: 	at android.app.ActivityThread.handleCreateService(ActivityThread.java:4186)
12-12 20:52:09.835   376   376 W System.err: 	at android.app.ActivityThread.access$1500(ActivityThread.java:237)
12-12 20:52:09.835   376   376 W System.err: 	at android.app.ActivityThread$H.handleMessage(ActivityThread.java:1932)
12-12 20:52:09.835   376   376 W System.err: 	at android.os.Handler.dispatchMessage(Handler.java:106)
12-12 20:52:09.835   376   376 W System.err: 	at android.os.Looper.loop(Looper.java:223)
12-12 20:52:09.835   376   376 W System.err: 	at android.app.ActivityThread.main(ActivityThread.java:7664)
12-12 20:52:09.835   376   376 W System.err: 	at java.lang.reflect.Method.invoke(Native Method)
12-12 20:52:09.835   376   376 W System.err: 	at com.android.internal.os.RuntimeInit$MethodAndArgsCaller.run(RuntimeInit.java:592)
12-12 20:52:09.835   376   376 W System.err: 	at com.android.internal.os.ZygoteInit.main(ZygoteInit.java:947)
12-12 20:52:09.835   376   376 W System.err: Caused by: android.os.RemoteException: Remote stack trace:
12-12 20:52:09.835   376   376 W System.err: 	at com.android.server.wm.TaskOrganizerController.registerTaskOrganizer(TaskOrganizerController.java:298)
12-12 20:52:09.835   376   376 W System.err: 	at android.window.ITaskOrganizerController$Stub.onTransact(ITaskOrganizerController.java:166)
12-12 20:52:09.835   376   376 W System.err: 	at android.os.Binder.execTransactInternal(Binder.java:1154)
12-12 20:52:09.835   376   376 W System.err: 	at android.os.Binder.execTransact(Binder.java:1123)
12-12 20:52:09.835   376   376 D NavigationModeController: getCurrentInteractionMode: mode=0 contextUser=0
12-12 20:52:09.836   376   376 V OverviewProxyService: Cannot attempt connection, is enabled false
12-12 20:52:09.836   376   376 D NavigationModeController: getCurrentInteractionMode: mode=0 contextUser=0
12-12 20:52:09.836   376   376 I vol.Events: writeEvent collection_started
12-12 20:52:09.843   376   562 I vol.Events: writeEvent level_changed STREAM_VOICE_CALL 5
12-12 20:52:09.844   376   562 I vol.Events: writeEvent level_changed STREAM_SYSTEM 7
12-12 20:52:09.844   376   562 I vol.Events: writeEvent level_changed STREAM_RING 7
12-12 20:52:09.845   376   562 I vol.Events: writeEvent level_changed STREAM_MUSIC 15
12-12 20:52:09.846    68   203 E Netd    : Removing unknown address 172.17.62.62/20 from ifindex 14
12-12 20:52:09.846   376   562 I vol.Events: writeEvent level_changed STREAM_ALARM 7
12-12 20:52:09.847   376   376 V MediaRouter: Selecting route: RouteInfo{ name=手机, description=null, status=null, category=RouteCategory{ name=系统 types=ROUTE_TYPE_LIVE_AUDIO ROUTE_TYPE_LIVE_VIDEO  groupable=false }, supportedTypes=ROUTE_TYPE_LIVE_AUDIO ROUTE_TYPE_LIVE_VIDEO , presentationDisplay=null }
12-12 20:52:09.847   376   562 I vol.Events: writeEvent level_changed STREAM_BLUETOOTH_SCO 15
12-12 20:52:09.849   376   376 I TetheringManager: registerTetheringEventCallback caller:com.android.systemui
12-12 20:52:09.850   376   562 I vol.Events: writeEvent external_ringer_mode_changed unknown
12-12 20:52:09.851   376   562 I vol.Events: writeEvent zen_mode_config_changed [disallowAlarms=false disallowMedia=false disallowSystem=true disallowRinger=false]
12-12 20:52:09.851   376   376 D StatusBar: disable<e i a s b h r c s > disable2<q i n >
12-12 20:52:09.852   214   488 I StatusBarManagerService: registerStatusBar bar=com.android.internal.statusbar.IStatusBar$Stub$Proxy@13dd7e5
12-12 20:52:09.854   214   249 E KernelCpuSpeedReader: Failed to read cpu-freq: /sys/devices/system/cpu/cpu0/cpufreq/stats/time_in_state: open failed: ENOENT (No such file or directory)
12-12 20:52:09.865   376   376 I CameraManagerGlobal: Connecting to camera service
12-12 20:52:09.873   376   376 D StatusBar: mUserSetupObserver - DeviceProvisionedListener called for user 0
12-12 20:52:09.874   376   376 D StatusBar: updateQsExpansionEnabled - QS Expand enabled: true
12-12 20:52:09.874   376   376 D StatusBar: mUserSetupObserver - DeviceProvisionedListener called for user 0
12-12 20:52:09.962   376   568 D OpenGLRenderer: profile bars disabled
12-12 20:52:09.963   376   568 D OpenGLRenderer: ambientRatio = 1.50
12-12 20:52:09.969   376   376 W AudioManager: attempt to call registerAudioRecordingCallback() on a previouslyregistered callback
12-12 20:52:09.969   376   376 D NotifPipeline: Notif pipeline initialized
12-12 20:52:09.969   376   376 W TelecomManager: Telecom Service not found.
12-12 20:52:09.971   376   376 V WifiManager: registerSoftApCallback: callback=com.android.systemui.statusbar.policy.HotspotControllerImpl@545fbfa, executor=android.os.HandlerExecutor@eeea5ab
12-12 20:52:09.972   214   296 D ConnectivityService: NetReassign [no changes]
12-12 20:52:09.972   376   376 D KeyguardViewMediator: adjustStatusBarLocked: mShowing=false mOccluded=false isSecure=false force=false --> flags=0x0
12-12 20:52:09.972   376   376 D NavigationModeController: getCurrentInteractionMode: mode=0 contextUser=0
12-12 20:52:09.974   376   558 W ActivityThread: Failed to find provider info for com.android.contacts (user not unlocked)
12-12 20:52:09.975   376   556 W TelecomManager: Telecom Service not found.
12-12 20:52:09.975   376   376 D StatusBar: disable<e i a s b h r c s > disable2<q i n >
12-12 20:52:09.977   376   567 D KeyguardViewMediator: onStartedWakingUp, seq = 1
12-12 20:52:09.977   376   567 D KeyguardViewMediator: notifyStartedWakingUp
12-12 20:52:09.977   376   376 W KeyguardUpdateMonitor: invalid subId in handleServiceStateChange()
12-12 20:52:09.977   376   567 D KeyguardViewMediator: notifyScreenOn
12-12 20:52:09.977   376   567 D KeyguardViewMediator: notifyScreenTurnedOn
12-12 20:52:09.977   376   567 D KeyguardViewMediator: adjustStatusBarLocked: mShowing=false mOccluded=false isSecure=false force=false --> flags=0x0
12-12 20:52:09.987   376   376 D QSTileHost: Recreating tiles
12-12 20:52:09.987   376   376 D QSTileHost: Creating tile: wifi
12-12 20:52:09.987   376   376 D QSTileHost: Creating tile: bt
12-12 20:52:09.987   376   376 D QSTileHost: Destroying not available tile: bt
12-12 20:52:09.987   376   376 D QSTileHost: Creating tile: dnd
12-12 20:52:09.987   376   376 D QSTileHost: Creating tile: flashlight
12-12 20:52:09.987   376   376 D QSTileHost: Destroying not available tile: flashlight
12-12 20:52:09.987   376   376 D QSTileHost: Creating tile: rotation
12-12 20:52:09.987   376   376 D QSTileHost: Creating tile: battery
12-12 20:52:09.987   376   376 D QSTileHost: Creating tile: cell
12-12 20:52:09.987   376   376 D QSTileHost: Creating tile: airplane
12-12 20:52:09.987   376   376 D QSTileHost: Creating tile: cast
12-12 20:52:09.987   376   376 D QSTileHost: Creating tile: screenrecord
12-12 20:52:10.006   214   524 E WindowManager: Window Session Crash
12-12 20:52:10.006   214   524 E WindowManager: java.lang.IllegalArgumentException: Requested window null does not exist
12-12 20:52:10.006   214   524 E WindowManager: 	at com.android.server.wm.WindowManagerService.windowForClientLocked(WindowManagerService.java:5443)
12-12 20:52:10.006   214   524 E WindowManager: 	at com.android.server.wm.Session.actionOnWallpaper(Session.java:356)
12-12 20:52:10.006   214   524 E WindowManager: 	at com.android.server.wm.Session.setWallpaperZoomOut(Session.java:382)
12-12 20:52:10.006   214   524 E WindowManager: 	at android.view.IWindowSession$Stub.onTransact(IWindowSession.java:1154)
12-12 20:52:10.006   214   524 E WindowManager: 	at com.android.server.wm.Session.onTransact(Session.java:139)
12-12 20:52:10.006   214   524 E WindowManager: 	at android.os.Binder.execTransactInternal(Binder.java:1159)
12-12 20:52:10.006   214   524 E WindowManager: 	at android.os.Binder.execTransact(Binder.java:1123)
12-12 20:52:10.006   214   243 I DropBoxManagerService: add tag=system_server_wtf isTagEnabled=true flags=0x2
12-12 20:52:10.022   376   556 W ActivityThread: Failed to find provider info for com.android.contacts (user not unlocked)
12-12 20:52:10.023   376   556 W ActivityThread: Failed to find provider info for com.android.contacts (user not unlocked)
12-12 20:52:10.032   214   524 V WindowManager: Orientation start waiting for draw, mDrawState=DRAW_PENDING in Window{679efcc u0 PointerLocation - display 0}, surfaceController Surface(name=PointerLocation - display 0)/@0x70cb6aa
12-12 20:52:10.032   214   524 V WindowManager: Orientation start waiting for draw, mDrawState=DRAW_PENDING in Window{c840e00 u0 com.android.settings/com.android.settings.FallbackHome}, surfaceController Surface(name=com.android.settings/com.android.settings.FallbackHome)/@0x7252f57
12-12 20:52:10.035   376   376 D StatusBar: disable<e i a s b h r c s > disable2<q i n >
12-12 20:52:10.036   376   376 W Resources: Drawable com.android.systemui:anim/lock_unlock has unresolved theme attributes! Consider using Resources.getDrawable(int, Theme) or Context.getDrawable(int).
12-12 20:52:10.036   376   376 W Resources: java.lang.RuntimeException
12-12 20:52:10.036   376   376 W Resources: 	at android.content.res.Resources.getDrawable(Resources.java:899)
12-12 20:52:10.036   376   376 W Resources: 	at com.android.systemui.statusbar.phone.LockIcon.getIcon(LockIcon.java:174)
12-12 20:52:10.036   376   376 W Resources: 	at com.android.systemui.statusbar.phone.LockIcon.access$200(LockIcon.java:45)
12-12 20:52:10.036   376   376 W Resources: 	at com.android.systemui.statusbar.phone.LockIcon$1.onPreDraw(LockIcon.java:68)
12-12 20:52:10.036   376   376 W Resources: 	at android.view.ViewTreeObserver.dispatchOnPreDraw(ViewTreeObserver.java:1093)
12-12 20:52:10.036   376   376 W Resources: 	at android.view.ViewRootImpl.performTraversals(ViewRootImpl.java:3094)
12-12 20:52:10.036   376   376 W Resources: 	at android.view.ViewRootImpl.doTraversal(ViewRootImpl.java:1948)
12-12 20:52:10.036   376   376 W Resources: 	at android.view.ViewRootImpl$TraversalRunnable.run(ViewRootImpl.java:8177)
12-12 20:52:10.036   376   376 W Resources: 	at android.view.Choreographer$CallbackRecord.run(Choreographer.java:972)
12-12 20:52:10.036   376   376 W Resources: 	at android.view.Choreographer.doCallbacks(Choreographer.java:796)
12-12 20:52:10.036   376   376 W Resources: 	at android.view.Choreographer.doFrame(Choreographer.java:731)
12-12 20:52:10.036   376   376 W Resources: 	at android.view.Choreographer$FrameDisplayEventReceiver.run(Choreographer.java:957)
12-12 20:52:10.036   376   376 W Resources: 	at android.os.Handler.handleCallback(Handler.java:938)
12-12 20:52:10.036   376   376 W Resources: 	at android.os.Handler.dispatchMessage(Handler.java:99)
12-12 20:52:10.036   376   376 W Resources: 	at android.os.Looper.loop(Looper.java:223)
12-12 20:52:10.036   376   376 W Resources: 	at android.app.ActivityThread.main(ActivityThread.java:7664)
12-12 20:52:10.036   376   376 W Resources: 	at java.lang.reflect.Method.invoke(Native Method)
12-12 20:52:10.036   376   376 W Resources: 	at com.android.internal.os.RuntimeInit$MethodAndArgsCaller.run(RuntimeInit.java:592)
12-12 20:52:10.036   376   376 W Resources: 	at com.android.internal.os.ZygoteInit.main(ZygoteInit.java:947)
12-12 20:52:10.043   214   524 V WindowManager: Orientation start waiting for draw, mDrawState=DRAW_PENDING in Window{679efcc u0 PointerLocation - display 0}, surfaceController Surface(name=PointerLocation - display 0)/@0x70cb6aa
12-12 20:52:10.043   214   524 V WindowManager: Orientation start waiting for draw, mDrawState=DRAW_PENDING in Window{c840e00 u0 com.android.settings/com.android.settings.FallbackHome}, surfaceController Surface(name=com.android.settings/com.android.settings.FallbackHome)/@0x7252f57
12-12 20:52:10.044   376   568 D libEGL  : loaded /vendor/lib64/egl/libEGL_emulation.so
12-12 20:52:10.045   376   568 D libEGL  : loaded /vendor/lib64/egl/libGLESv1_CM_emulation.so
12-12 20:52:10.046   376   568 D libEGL  : loaded /vendor/lib64/egl/libGLESv2_emulation.so
12-12 20:52:10.059   376   568 D HostConnection: createUnique: call
12-12 20:52:10.059   376   568 D librcm  : SocketClient connected to host port 22469
12-12 20:52:10.060   376   568 D HostConnection: HostConnection::get() New Host Connection established 0x7ce8a3800510, tid 568
12-12 20:52:10.060   376   568 D HostConnection: HostComposition ext ANDROID_EMU_host_composition_v1 ANDROID_EMU_host_composition_v2 ANDROID_EMU_virtio_gpu_next ANDROID_EMU_sync_buffer_data GL_OES_EGL_image_external_essl3 GL_OES_vertex_array_object GL_KHR_texture_compression_astc_ldr GL_EXT_texture_compression_bptc GL_EXT_texture_compression_s3tc ANDROID_EMU_host_side_tracing ANDROID_EMU_gles_max_version_3_0 
12-12 20:52:10.061   376   568 D EGL_emulation: eglCreateContext: 0x7ce8a37fedd0: maj 3 min 0 rcv 3
12-12 20:52:10.063   376   568 D EGL_emulation: eglMakeCurrent: 0x7ce8a37fedd0: ver 3 0 (tinfo 0x7ceaa55fc080) (first time)
12-12 20:52:10.072   376   568 I Gralloc4: mapper 4.x is not supported
12-12 20:52:10.072   376   568 W Gralloc3: mapper 3.x is not supported
12-12 20:52:10.073   376   568 D HostConnection: createUnique: call
12-12 20:52:10.073   376   568 D librcm  : SocketClient connected to host port 22469
12-12 20:52:10.073   376   568 D HostConnection: HostConnection::get() New Host Connection established 0x7ce8a3800090, tid 568
12-12 20:52:10.073   376   568 D HostConnection: HostComposition ext ANDROID_EMU_host_composition_v1 ANDROID_EMU_host_composition_v2 ANDROID_EMU_virtio_gpu_next ANDROID_EMU_sync_buffer_data GL_OES_EGL_image_external_essl3 GL_OES_vertex_array_object GL_KHR_texture_compression_astc_ldr GL_EXT_texture_compression_bptc GL_EXT_texture_compression_s3tc ANDROID_EMU_host_side_tracing ANDROID_EMU_gles_max_version_3_0 
12-12 20:52:10.084   376   568 D skia    : Shader compilation error
12-12 20:52:10.084   376   568 D skia    : ------------------------
12-12 20:52:10.084   376   568 D skia    : Errors:
12-12 20:52:10.084   376   568 D skia    : 
12-12 20:52:10.091   376   568 D skia    : Shader compilation error
12-12 20:52:10.091   376   568 D skia    : ------------------------
12-12 20:52:10.091   376   568 D skia    : Errors:
12-12 20:52:10.091   376   568 D skia    : 
12-12 20:52:10.105   376   568 D skia    : Shader compilation error
12-12 20:52:10.105   376   568 D skia    : ------------------------
12-12 20:52:10.105   376   568 D skia    : Errors:
12-12 20:52:10.105   376   568 D skia    : 
12-12 20:52:10.126   376   568 D skia    : Shader compilation error
12-12 20:52:10.126   376   568 D skia    : ------------------------
12-12 20:52:10.126   376   568 D skia    : Errors:
12-12 20:52:10.126   376   568 D skia    : 
12-12 20:52:10.145   376   376 V ShadeControllerImpl: NotificationShadeWindow: com.android.systemui.statusbar.phone.NotificationShadeWindowView{dfacb1d I.E...... ......ID 0,0-800,1280} canPanelBeCollapsed(): false
12-12 20:52:10.145   376   376 D KeyguardViewMediator: onSystemReady
12-12 20:52:10.146   376   376 D KeyguardViewMediator: doKeyguard: not showing because lockscreen is off
12-12 20:52:10.146   376   376 D KeyguardViewMediator: adjustStatusBarLocked: mShowing=false mOccluded=false isSecure=false force=false --> flags=0x0
12-12 20:52:10.146   376   376 D KeyguardViewMediator: handleNotifyWakingUp
12-12 20:52:10.148   376   376 D KeyguardViewMediator: handleNotifyScreenTurningOn
12-12 20:52:10.149   376   376 D KeyguardViewMediator: handleNotifyScreenTurnedOn
12-12 20:52:10.149   214   237 I WindowManager: ******* TELLING SURFACE FLINGER WE ARE BOOTED!
12-12 20:52:10.149    94   334 I chatty  : uid=1000(system) Binder:94_3 expire 3 lines
12-12 20:52:10.150   214   237 I ActivityManagerTiming: FinishBooting
12-12 20:52:10.151    30    30 I servicemanager: Found android.hardware.power.IPower/default in device VINTF manifest.
12-12 20:52:10.151    94   515 I chatty  : uid=1000(system) Binder:94_4 expire 5 lines
12-12 20:52:10.151    88    88 I power-service.windows: Power isModeSupported: 6
12-12 20:52:10.151   214   237 I ActivityManager: About to commit checkpoint
12-12 20:52:10.151    88    88 I power-service.windows: Power isBoostSupported: 1
12-12 20:52:10.152   214   237 I SystemServiceManager: Starting phase 1000
12-12 20:52:10.152   214   237 I ActivityManagerTiming: OnBootPhase_1000
12-12 20:52:10.152   214   237 I ActivityManagerTiming: OnBootPhase_1000_com.android.server.security.FileIntegrityService
12-12 20:52:10.152   214   237 I ActivityManagerTiming: OnBootPhase_1000_com.android.server.pm.Installer
12-12 20:52:10.152   214   237 I ActivityManagerTiming: OnBootPhase_1000_com.android.server.os.DeviceIdentifiersPolicyService
12-12 20:52:10.152   214   237 I ActivityManagerTiming: OnBootPhase_1000_com.android.server.uri.UriGrantsManagerService$Lifecycle
12-12 20:52:10.152   214   237 I ActivityManagerTiming: OnBootPhase_1000_com.android.server.wm.ActivityTaskManagerService$Lifecycle
12-12 20:52:10.152   214   237 I ActivityManagerTiming: OnBootPhase_1000_com.android.server.am.ActivityManagerService$Lifecycle
12-12 20:52:10.152   214   237 I ActivityManagerTiming: OnBootPhase_1000_com.android.server.pm.DataLoaderManagerService
12-12 20:52:10.152   214   237 I ActivityManagerTiming: OnBootPhase_1000_com.android.server.power.PowerManagerService
12-12 20:52:10.152   214   237 I ActivityManagerTiming: OnBootPhase_1000_com.android.server.power.ThermalManagerService
12-12 20:52:10.152   214   237 I ActivityManagerTiming: OnBootPhase_1000_com.android.server.recoverysystem.RecoverySystemService$Lifecycle
12-12 20:52:10.152   214   237 I ActivityManagerTiming: OnBootPhase_1000_com.android.server.lights.LightsService
12-12 20:52:10.152   214   237 I ActivityManagerTiming: OnBootPhase_1000_com.android.server.display.DisplayManagerService
12-12 20:52:10.152   214   237 I ActivityManagerTiming: OnBootPhase_1000_com.android.server.pm.UserManagerService$LifeCycle
12-12 20:52:10.152   214   237 I ActivityManagerTiming: OnBootPhase_1000_com.android.server.om.OverlayManagerService
12-12 20:52:10.152   214   237 I ActivityManagerTiming: OnBootPhase_1000_com.android.server.SensorPrivacyService
12-12 20:52:10.152   214   237 I ActivityManagerTiming: OnBootPhase_1000_com.android.server.SystemConfigService
12-12 20:52:10.152   214   237 I ActivityManagerTiming: OnBootPhase_1000_com.android.server.BatteryService
12-12 20:52:10.152   214   237 I ActivityManagerTiming: OnBootPhase_1000_com.android.server.usage.UsageStatsService
12-12 20:52:10.152   214   252 V DisplayPowerController: Brightness [0.39763778] reason changing to: 'manual', previous reason: 'override'.
12-12 20:52:10.153   214   237 I ActivityManagerTiming: OnBootPhase_1000_com.android.server.webkit.WebViewUpdateService
12-12 20:52:10.153   214   237 I ActivityManagerTiming: OnBootPhase_1000_com.android.server.CachedDeviceStateService
12-12 20:52:10.153   214   237 I ActivityManagerTiming: OnBootPhase_1000_com.android.server.BinderCallsStatsService$LifeCycle
12-12 20:52:10.153   214   237 I ActivityManagerTiming: OnBootPhase_1000_com.android.server.LooperStatsService$Lifecycle
12-12 20:52:10.153   214   237 I ActivityManagerTiming: OnBootPhase_1000_com.android.server.rollback.RollbackManagerService
12-12 20:52:10.153   214   237 I ActivityManagerTiming: OnBootPhase_1000_com.android.server.os.BugreportManagerService
12-12 20:52:10.153   214   237 I ActivityManagerTiming: OnBootPhase_1000_com.android.server.gpu.GpuService
12-12 20:52:10.153   214   237 I ActivityManagerTiming: OnBootPhase_1000_com.android.server.security.KeyChainSystemService
12-12 20:52:10.153   214   237 I ActivityManagerTiming: OnBootPhase_1000_com.android.server.telecom.TelecomLoaderService
12-12 20:52:10.153   214   237 I ActivityManagerTiming: OnBootPhase_1000_com.android.server.accounts.AccountManagerService$Lifecycle
12-12 20:52:10.153   214   237 I ActivityManagerTiming: OnBootPhase_1000_com.android.server.content.ContentService$Lifecycle
12-12 20:52:10.153   214   237 I ActivityManagerTiming: OnBootPhase_1000_com.android.server.DropBoxManagerService
12-12 20:52:10.153   214   237 I ActivityManagerTiming: OnBootPhase_1000_com.android.server.AlarmManagerService
12-12 20:52:10.153   214   237 I ActivityManagerTiming: OnBootPhase_1000_com.android.server.connectivity.IpConnectivityMetrics
12-12 20:52:10.153   214   237 I ActivityManagerTiming: OnBootPhase_1000_com.android.server.net.watchlist.NetworkWatchlistService$Lifecycle
12-12 20:52:10.153   214   237 I ActivityManagerTiming: OnBootPhase_1000_com.android.server.PinnerService
12-12 20:52:10.153   214   237 I ActivityManagerTiming: OnBootPhase_1000_com.google.android.startop.iorap.IorapForwardingService
12-12 20:52:10.153   214   237 I ActivityManagerTiming: OnBootPhase_1000_com.android.server.integrity.AppIntegrityManagerService
12-12 20:52:10.153   214   237 I ActivityManagerTiming: OnBootPhase_1000_com.android.server.inputmethod.InputMethodManagerService$Lifecycle
12-12 20:52:10.153   214   237 I ActivityManagerTiming: OnBootPhase_1000_com.android.server.accessibility.AccessibilityManagerService$Lifecycle
12-12 20:52:10.153   214   237 I ActivityManagerTiming: OnBootPhase_1000_com.android.server.StorageManagerService$Lifecycle
12-12 20:52:10.153   214   283 D StorageManagerService: Thinking about init, mBootCompleted=true, mDaemonConnected=true
12-12 20:52:10.153   214   237 D StorageManagerService: FUSE flags. Settings: true. Default: true
12-12 20:52:10.153   214   283 D StorageManagerService: Thinking about reset, mBootCompleted=true, mDaemonConnected=true
12-12 20:52:10.153   214   237 I ActivityManagerTiming: OnBootPhase_1000_com.android.server.usage.StorageStatsService$Lifecycle
12-12 20:52:10.153   214   237 I ActivityManagerTiming: OnBootPhase_1000_com.android.server.UiModeManagerService
12-12 20:52:10.153   214   237 I ActivityManagerTiming: OnBootPhase_1000_com.android.server.locksettings.LockSettingsService$Lifecycle
12-12 20:52:10.153   214   237 I ActivityManagerTiming: OnBootPhase_1000_com.android.server.testharness.TestHarnessModeService
12-12 20:52:10.153   214   268 D RollbackManager: mRollbackLifetimeDurationInMillis=1209600000
12-12 20:52:10.154   214   237 D TestHarnessModeService: Completing Test Harness Mode setup.
12-12 20:52:10.154   214   237 D TestHarnessModeService: Getting PersistentDataBlockManagerInternal from LocalServices
12-12 20:52:10.154   214   237 E TestHarnessModeService: Failed to start Test Harness Mode; no implementation of PersistentDataBlockManagerInternal was bound!
12-12 20:52:10.154   214   237 I ActivityManagerTiming: OnBootPhase_1000_com.android.server.DeviceIdleController
12-12 20:52:10.154   214   237 I ActivityManagerTiming: OnBootPhase_1000_com.android.server.devicepolicy.DevicePolicyManagerService$Lifecycle
12-12 20:52:10.154   214   237 I ActivityManagerTiming: OnBootPhase_1000_com.android.server.textservices.TextServicesManagerService$Lifecycle
12-12 20:52:10.154   214   237 I ActivityManagerTiming: OnBootPhase_1000_com.android.server.textclassifier.TextClassificationManagerService$Lifecycle
12-12 20:52:10.154   214   237 I ActivityManagerTiming: OnBootPhase_1000_com.android.server.NetworkScoreService$Lifecycle
12-12 20:52:10.154   214   237 I ActivityManagerTiming: OnBootPhase_1000_com.android.server.wifi.WifiService
12-12 20:52:10.154   214   237 I ActivityManagerTiming: OnBootPhase_1000_com.android.server.wifi.scanner.WifiScanningService
12-12 20:52:10.154   214   283 I StorageSessionController: Started resetting external storage service...
12-12 20:52:10.154   214   237 I ActivityManagerTiming: OnBootPhase_1000_com.android.server.ethernet.EthernetService
12-12 20:52:10.154   214   237 I ActivityManagerTiming: OnBootPhase_1000_com.android.server.notification.NotificationManagerService
12-12 20:52:10.154   214   237 I ActivityManagerTiming: OnBootPhase_1000_com.android.server.storage.DeviceStorageMonitorService
12-12 20:52:10.154   214   237 I ActivityManagerTiming: OnBootPhase_1000_com.android.server.location.LocationManagerService$Lifecycle
12-12 20:52:10.154   214   237 I ActivityManagerTiming: OnBootPhase_1000_com.android.server.timedetector.TimeDetectorService$Lifecycle
12-12 20:52:10.154   214   237 I ActivityManagerTiming: OnBootPhase_1000_com.android.server.timezonedetector.TimeZoneDetectorService$Lifecycle
12-12 20:52:10.154   214   237 I ActivityManagerTiming: OnBootPhase_1000_com.android.server.search.SearchManagerService$Lifecycle
12-12 20:52:10.154   214   237 I ActivityManagerTiming: OnBootPhase_1000_com.android.server.audio.AudioService$Lifecycle
12-12 20:52:10.154   214   237 I ActivityManagerTiming: OnBootPhase_1000_com.android.server.soundtrigger_middleware.SoundTriggerMiddlewareService$Lifecycle
12-12 20:52:10.154   214   237 I ActivityManagerTiming: OnBootPhase_1000_com.android.server.DockObserver
12-12 20:52:10.154   214   237 I ActivityManagerTiming: OnBootPhase_1000_com.android.server.adb.AdbService$Lifecycle
12-12 20:52:10.154   214   237 I ActivityManagerTiming: OnBootPhase_1000_com.android.server.twilight.TwilightService
12-12 20:52:10.154   214   283 I StorageSessionController: Finished resetting external storage service
12-12 20:52:10.154   214   283 I StorageManagerService: Resetting vold...
12-12 20:52:10.154   214   237 I ActivityManagerTiming: OnBootPhase_1000_com.android.server.display.color.ColorDisplayService
12-12 20:52:10.154   214   237 I ActivityManagerTiming: OnBootPhase_1000_com.android.server.job.JobSchedulerService
12-12 20:52:10.154   214   237 I ActivityManagerTiming: OnBootPhase_1000_com.android.server.soundtrigger.SoundTriggerService
12-12 20:52:10.154   214   237 D SoundTriggerService: onBootPhase: 1000 : false
12-12 20:52:10.154   214   237 I ActivityManagerTiming: OnBootPhase_1000_com.android.server.trust.TrustManagerService
12-12 20:52:10.154   214   237 I ActivityManagerTiming: OnBootPhase_1000_com.android.server.appwidget.AppWidgetService
12-12 20:52:10.154   214   237 I ActivityManagerTiming: OnBootPhase_1000_com.android.server.role.RoleManagerService
12-12 20:52:10.154   214   237 I ActivityManagerTiming: OnBootPhase_1000_com.android.server.voiceinteraction.VoiceInteractionManagerService
12-12 20:52:10.154   214   237 I ActivityManagerTiming: OnBootPhase_1000_com.android.server.GestureLauncherService
12-12 20:52:10.154   214   237 I ActivityManagerTiming: OnBootPhase_1000_com.android.server.SensorNotificationService
12-12 20:52:10.154   214   283 I StorageManagerService: Reset vold
12-12 20:52:10.155    36    40 I vold    : onUserAdded: 0
12-12 20:52:10.155   214   237 I ActivityManagerTiming: OnBootPhase_1000_com.android.server.emergency.EmergencyAffordanceService
12-12 20:52:10.155   214   237 I ActivityManagerTiming: OnBootPhase_1000_com.android.server.dreams.DreamManagerService
12-12 20:52:10.155   214   237 I ActivityManagerTiming: OnBootPhase_1000_com.android.server.print.PrintManagerService
12-12 20:52:10.155   214   237 I ActivityManagerTiming: OnBootPhase_1000_com.android.server.restrictions.RestrictionsManagerService
12-12 20:52:10.155   214   237 I ActivityManagerTiming: OnBootPhase_1000_com.android.server.media.MediaSessionService
12-12 20:52:10.155   214   237 I ActivityManagerTiming: OnBootPhase_1000_com.android.server.blob.BlobStoreManagerService
12-12 20:52:10.155   214   234 E AdbDebuggingManager: Expected keyStore, but got tag=null
12-12 20:52:10.155   214   234 E AdbDebuggingManager: Expected keyStore, but got tag=null
12-12 20:52:10.155   214   237 I ActivityManagerTiming: OnBootPhase_1000_com.android.server.biometrics.BiometricService
12-12 20:52:10.155   214   237 I ActivityManagerTiming: OnBootPhase_1000_com.android.server.biometrics.AuthService
12-12 20:52:10.155   214   237 I ActivityManagerTiming: OnBootPhase_1000_com.android.server.pm.ShortcutService$Lifecycle
12-12 20:52:10.155   214   237 I ActivityManagerTiming: OnBootPhase_1000_com.android.server.pm.LauncherAppsService
12-12 20:52:10.155   214   237 I ActivityManagerTiming: OnBootPhase_1000_com.android.server.pm.CrossProfileAppsService
12-12 20:52:10.155   214   237 I ActivityManagerTiming: OnBootPhase_1000_com.android.server.people.PeopleService
12-12 20:52:10.155   214   237 I ActivityManagerTiming: OnBootPhase_1000_com.android.server.media.projection.MediaProjectionManagerService
12-12 20:52:10.155   214   237 I ActivityManagerTiming: OnBootPhase_1000_com.android.server.slice.SliceManagerService$Lifecycle
12-12 20:52:10.155   214   237 I ActivityManagerTiming: OnBootPhase_1000_com.android.server.camera.CameraServiceProxy
12-12 20:52:10.155   214   237 I ActivityManagerTiming: OnBootPhase_1000_com.android.server.stats.StatsCompanion$Lifecycle
12-12 20:52:10.155   214   237 I ActivityManagerTiming: OnBootPhase_1000_com.android.server.stats.pull.StatsPullAtomService
12-12 20:52:10.155   214   237 I ActivityManagerTiming: OnBootPhase_1000_com.android.server.incident.IncidentCompanionService
12-12 20:52:10.156   214   237 I ActivityManagerTiming: OnBootPhase_1000_com.android.server.MmsServiceBroker
12-12 20:52:10.156   214   237 I ActivityManagerTiming: OnBootPhase_1000_com.android.server.autofill.AutofillManagerService
12-12 20:52:10.156   214   237 I ActivityManagerTiming: OnBootPhase_1000_com.android.server.clipboard.ClipboardService
12-12 20:52:10.156   214   237 I ActivityManagerTiming: OnBootPhase_1000_com.android.server.appbinding.AppBindingService$Lifecycle
12-12 20:52:10.156   214   237 I ActivityManagerTiming: OnBootPhase_1000_com.android.server.policy.PermissionPolicyService
12-12 20:52:10.156   214   237 I ActivityManagerTiming: OnBootPhase_1000_com.android.server.pm.StagingManager$Lifecycle
12-12 20:52:10.156   214   296 D ConnectivityService: Got NetworkProvider Messenger for WifiNetworkFactory
12-12 20:52:10.156   214   296 D ConnectivityService: Got NetworkProvider Messenger for UntrustedWifiNetworkFactory
12-12 20:52:10.156   214   234 I AdbDebuggingManager: Not connected to any wireless network. Not enabling adbwifi.
12-12 20:52:10.156   214   237 I ActivityManagerTiming: OnBootPhase_1000_com.microsoft.windows.service.SystemServerService
12-12 20:52:10.156   214   237 V SystemServerService: PHASE_BOOT_COMPLETED
12-12 20:52:10.156   214   237 D ActivityManagerTiming: TotalBootTime took to complete: 1818ms
12-12 20:52:10.157   214   237 D SystemServerInitThreadPool: Shutdown requested
12-12 20:52:10.157   214   237 I SystemServerTiming: WaitInitThreadPoolShutdown
12-12 20:52:10.158   214   237 D SystemServerInitThreadPool: Shutdown successful
12-12 20:52:10.159   214   237 I ActivityManager: User 0 state changed from BOOTING to RUNNING_LOCKED
12-12 20:52:10.160   214   237 W ActivityManager: UserLifecycleEvent 4 received without an active userJourneySession.
12-12 20:52:10.160    30    30 I servicemanager: Since 'com.microsoft.windows.service.IShellRedirector' could not be found, trying to start it as a lazy AIDL service
12-12 20:52:10.165   214   237 D StorageManagerService: unlockUserKey: 0 isFileEncryptedNativeOrEmulated: true hasToken: false hasSecret: false
12-12 20:52:10.165    30   583 W libc    : Unable to set property "ctl.interface_start" to "aidl/com.microsoft.windows.service.IShellRedirector": error code: 0x20
12-12 20:52:10.165    36    40 D vold    : fscrypt_unlock_user_key 0 serial=0 token_present=0
12-12 20:52:10.166    36    40 D vold    : Skipping non-key ..
12-12 20:52:10.166   376   568 D skia    : Shader compilation error
12-12 20:52:10.166   376   568 D skia    : ------------------------
12-12 20:52:10.166   376   568 D skia    : Errors:
12-12 20:52:10.166   376   568 D skia    : 
12-12 20:52:10.166    36    40 D vold    : Skipping non-key .
12-12 20:52:10.166    36    40 D vold    : Trying user CE key /data/misc/vold/user_keys/ce/0/current
12-12 20:52:10.166   376   376 D CompatibilityChangeReporter: Compat change id reported: 150939131; UID 10030; state: ENABLED
12-12 20:52:10.169    36    40 I vold    : List of Keymaster HALs found:
12-12 20:52:10.169    36    40 I vold    : Keymaster HAL #1: SoftwareKeymasterDevice from Google SecurityLevel: SOFTWARE HAL: android.hardware.keymaster@4.1::IKeymasterDevice/default
12-12 20:52:10.169    36    40 I vold    : Using SoftwareKeymasterDevice from Google for encryption.  Security level: SOFTWARE, HAL: android.hardware.keymaster@4.1::IKeymasterDevice/default
12-12 20:52:10.170    36    40 D vold    : Successfully retrieved key
12-12 20:52:10.171    36    40 D vold    : Installed fscrypt key with ref 8998ecc7cbe48c9abc1b73c707b2c8b6 to /data
12-12 20:52:10.171    36    40 D vold    : Added fscrypt-provisioning key for 8998ecc7cbe48c9abc1b73c707b2c8b6 to session keyring
12-12 20:52:10.171    36    40 D vold    : Installed ce key for user 0
12-12 20:52:10.173   584   584 I bootstat: Service started: /system/bin/bootstat --record_boot_complete --record_boot_reason --record_time_since_factory_reset -l 
12-12 20:52:10.173   584   584 E bootstat: Failed to read /data/misc/bootstat/post_decrypt_time_elapsed: No such file or directory
12-12 20:52:10.173   584   584 E bootstat: Failed to parse boot time record: /data/misc/bootstat/post_decrypt_time_elapsed
12-12 20:52:10.173   214   237 W ActivityManager: UserLifecycleEvent 5 received without an active userJourneySession.
12-12 20:52:10.173   214   237 D ActivityManager: Started unlocking user 0
12-12 20:52:10.173   214   237 D ActivityManager: Unlocking user 0 progress 0
12-12 20:52:10.173   214   237 D ActivityManager: Unlocking user 0 progress 5
12-12 20:52:10.174    36    40 D vold    : fscrypt_prepare_user_storage for volume null, user 0, serial 0, flags 2
12-12 20:52:10.174    36    40 D vold    : Preparing: /data/system_ce/0
12-12 20:52:10.174    36    40 D vold    : Preparing: /data/misc_ce/0
12-12 20:52:10.174    36    40 D vold    : Preparing: /data/vendor_ce/0
12-12 20:52:10.174    36    40 D vold    : Preparing: /data/media/0
12-12 20:52:10.174   584   584 W bootstat: LogBootEvents, atomInfo not defined for events:build_date,time_since_last_boot,boot_reason,system_boot_reason,last_boot_time_utc,ro.boottime.init.cold_boot_wait
12-12 20:52:10.174    36    40 D vold    : Preparing: /data/data
12-12 20:52:10.174    36    40 I vold    : Verified that /data/system_ce/0 has the encryption policy 8998ecc7cbe48c9abc1b73c707b2c8b6 v2 modes 1/4 flags 0x2
12-12 20:52:10.175    36    40 I vold    : Verified that /data/misc_ce/0 has the encryption policy 8998ecc7cbe48c9abc1b73c707b2c8b6 v2 modes 1/4 flags 0x2
12-12 20:52:10.175    36    40 I vold    : Verified that /data/vendor_ce/0 has the encryption policy 8998ecc7cbe48c9abc1b73c707b2c8b6 v2 modes 1/4 flags 0x2
12-12 20:52:10.175    36    40 I vold    : Verified that /data/media/0 has the encryption policy 8998ecc7cbe48c9abc1b73c707b2c8b6 v2 modes 1/4 flags 0x2
12-12 20:52:10.175    36    40 I vold    : Verified that /data/data has the encryption policy 8998ecc7cbe48c9abc1b73c707b2c8b6 v2 modes 1/4 flags 0x2
12-12 20:52:10.175    36    40 D vold    : Starting restorecon of /data/system_ce/0
12-12 20:52:10.176    36    40 D vold    : Finished restorecon of /data/system_ce/0
12-12 20:52:10.176    36    40 D vold    : Starting restorecon of /data/vendor_ce/0
12-12 20:52:10.176   214   237 D ColorDisplayService: setUp: currentUser=0
12-12 20:52:10.176   214   243 D CompatibilityChangeReporter: Compat change id reported: 135634846; UID 10024; state: DISABLED
12-12 20:52:10.177   214   244 D CompatibilityChangeReporter: Compat change id reported: 143937733; UID 10024; state: ENABLED
12-12 20:52:10.177    36    40 D vold    : Finished restorecon of /data/vendor_ce/0
12-12 20:52:10.177    36    40 D vold    : Starting restorecon of /data/misc_ce/0
12-12 20:52:10.178    36    40 D vold    : Finished restorecon of /data/misc_ce/0
12-12 20:52:10.178    36    40 D vold    : /system/bin/vold_prepare_subdirs
12-12 20:52:10.178    36    40 D vold    :     prepare
12-12 20:52:10.178    36    40 D vold    :     
12-12 20:52:10.178    36    40 D vold    :     0
12-12 20:52:10.178    36    40 D vold    :     2
12-12 20:52:10.181    69    69 D Zygote  : Forked child process 591
12-12 20:52:10.182   214   244 I ActivityManager: Start proc 591:com.google.android.accessibility.talkback/u0a24 for broadcast {com.google.android.accessibility.talkback/com.google.android.accessibility.talkback.BootReceiver}
12-12 20:52:10.184   590   590 D vold_prepare_subdirs: Setting up mode 700 uid 0 gid 0 context u:object_r:vold_data_file:s0 on path: /data/misc_ce/0/vold
12-12 20:52:10.184   590   590 D vold_prepare_subdirs: Setting up mode 700 uid 0 gid 0 context u:object_r:storaged_data_file:s0 on path: /data/misc_ce/0/storaged
12-12 20:52:10.184   590   590 D vold_prepare_subdirs: Setting up mode 700 uid 0 gid 0 context u:object_r:rollback_data_file:s0 on path: /data/misc_ce/0/rollback
12-12 20:52:10.184   590   590 D vold_prepare_subdirs: Setting up mode 700 uid 0 gid 0 context u:object_r:apex_rollback_data_file:s0 on path: /data/misc_ce/0/apexrollback
12-12 20:52:10.185   590   590 D vold_prepare_subdirs: Setting up mode 711 uid 0 gid 0 context u:object_r:apex_module_data_file:s0 on path: /data/misc_ce/0/apexdata
12-12 20:52:10.185   590   590 D vold_prepare_subdirs: Setting up mode 771 uid 0 gid 1000 context u:object_r:apex_module_data_file:s0 on path: /data/misc_ce/0/apexdata/com.microsoft.windows.framework
12-12 20:52:10.185   590   590 D vold_prepare_subdirs: Setting up mode 771 uid 0 gid 1000 context u:object_r:apex_module_data_file:s0 on path: /data/misc_ce/0/apexdata/com.android.conscrypt
12-12 20:52:10.185   590   590 D vold_prepare_subdirs: Setting up mode 771 uid 0 gid 1000 context u:object_r:apex_module_data_file:s0 on path: /data/misc_ce/0/apexdata/com.android.neuralnetworks
12-12 20:52:10.185   590   590 D vold_prepare_subdirs: Setting up mode 771 uid 0 gid 1000 context u:object_r:apex_module_data_file:s0 on path: /data/misc_ce/0/apexdata/com.android.media
12-12 20:52:10.185   590   590 D vold_prepare_subdirs: Setting up mode 771 uid 0 gid 1000 context u:object_r:apex_module_data_file:s0 on path: /data/misc_ce/0/apexdata/com.android.os.statsd
12-12 20:52:10.185   590   590 D vold_prepare_subdirs: Setting up mode 771 uid 0 gid 1000 context u:object_r:apex_wifi_data_file:s0 on path: /data/misc_ce/0/apexdata/com.android.wifi
12-12 20:52:10.185   590   590 D vold_prepare_subdirs: Setting up mode 771 uid 0 gid 1000 context u:object_r:apex_module_data_file:s0 on path: /data/misc_ce/0/apexdata/com.android.vndk.v30
12-12 20:52:10.186   590   590 D vold_prepare_subdirs: Setting up mode 771 uid 0 gid 1000 context u:object_r:apex_module_data_file:s0 on path: /data/misc_ce/0/apexdata/com.android.mediaprovider
12-12 20:52:10.186   590   590 D vold_prepare_subdirs: Setting up mode 771 uid 0 gid 1000 context u:object_r:apex_module_data_file:s0 on path: /data/misc_ce/0/apexdata/com.android.tzdata
12-12 20:52:10.186   590   590 D vold_prepare_subdirs: Setting up mode 771 uid 0 gid 1000 context u:object_r:apex_module_data_file:s0 on path: /data/misc_ce/0/apexdata/com.android.ipsec
12-12 20:52:10.186   590   590 D vold_prepare_subdirs: Setting up mode 771 uid 0 gid 1000 context u:object_r:apex_module_data_file:s0 on path: /data/misc_ce/0/apexdata/com.android.media.swcodec
12-12 20:52:10.186   590   590 D vold_prepare_subdirs: Setting up mode 771 uid 0 gid 1000 context u:object_r:apex_module_data_file:s0 on path: /data/misc_ce/0/apexdata/com.android.adbd
12-12 20:52:10.186   590   590 D vold_prepare_subdirs: Setting up mode 771 uid 0 gid 1000 context u:object_r:apex_module_data_file:s0 on path: /data/misc_ce/0/apexdata/com.android.runtime
12-12 20:52:10.186   590   590 D vold_prepare_subdirs: Setting up mode 771 uid 0 gid 1000 context u:object_r:apex_permission_data_file:s0 on path: /data/misc_ce/0/apexdata/com.android.permission
12-12 20:52:10.186   590   590 D vold_prepare_subdirs: Setting up mode 771 uid 0 gid 1000 context u:object_r:apex_module_data_file:s0 on path: /data/misc_ce/0/apexdata/com.android.resolv
12-12 20:52:10.186   590   590 D vold_prepare_subdirs: Setting up mode 771 uid 0 gid 1000 context u:object_r:apex_module_data_file:s0 on path: /data/misc_ce/0/apexdata/com.android.tethering
12-12 20:52:10.186   590   590 D vold_prepare_subdirs: Setting up mode 771 uid 0 gid 1000 context u:object_r:apex_module_data_file:s0 on path: /data/misc_ce/0/apexdata/com.android.art
12-12 20:52:10.186   590   590 D vold_prepare_subdirs: Setting up mode 771 uid 0 gid 1000 context u:object_r:apex_module_data_file:s0 on path: /data/misc_ce/0/apexdata/com.android.i18n
12-12 20:52:10.186   590   590 D vold_prepare_subdirs: Setting up mode 771 uid 0 gid 1000 context u:object_r:apex_module_data_file:s0 on path: /data/misc_ce/0/apexdata/com.android.sdkext
12-12 20:52:10.186   590   590 D vold_prepare_subdirs: Setting up mode 771 uid 0 gid 1000 context u:object_r:apex_module_data_file:s0 on path: /data/misc_ce/0/apexdata/com.android.extservices
12-12 20:52:10.186   590   590 D vold_prepare_subdirs: Setting up mode 700 uid 1000 gid 1000 context u:object_r:backup_data_file:s0 on path: /data/system_ce/0/backup
12-12 20:52:10.187   590   590 D vold_prepare_subdirs: Setting up mode 700 uid 1000 gid 1000 context u:object_r:backup_data_file:s0 on path: /data/system_ce/0/backup_stage
12-12 20:52:10.187   590   590 D vold_prepare_subdirs: Setting up mode 700 uid 1000 gid 1000 context u:object_r:face_vendor_data_file:s0 on path: /data/vendor_ce/0/facedata
12-12 20:52:10.188   214   234 V UserDataPreparer: Found /data/user/0 with serial number 0
12-12 20:52:10.188   214   234 V UserDataPreparer: Found /data/system_ce/0 with serial number 0
12-12 20:52:10.188   214   234 D UserDataPreparer: Setting property: sys.user.0.ce_available=true
12-12 20:52:10.189   214   234 V PackageManager: reconcileAppsData for null u0 0x2 migrateAppData=false
12-12 20:52:10.206   214   234 V PackageManager: reconcileAppsData finished 55 packages
12-12 20:52:10.206   214   234 I ActivityManager: User 0 state changed from RUNNING_LOCKED to RUNNING_UNLOCKING
12-12 20:52:10.208   591   591 W bility.talkbac: Unexpected CPU variant for X86 using defaults: x86_64
12-12 20:52:10.209   591   591 E bility.talkbac: Not starting debugger since process cannot load the jdwp agent.
12-12 20:52:10.281   214   234 D ActivityManager: Unlocking user 0 progress 20
12-12 20:52:10.281   214   234 W Looper  : Slow dispatch took 108ms android.fg h=android.os.Handler c=com.android.server.am.-$$Lambda$UserController$stQk1028ON105v_u-VMykVjcxLk@125b42b m=0
12-12 20:52:10.281   214   243 I SystemServerTimingAsync: ssm.UnlockingUser-0
12-12 20:52:10.281   214   243 I SystemServiceManager: Calling onUnlockingUser 0
12-12 20:52:10.281   214   243 I SystemServerTimingAsync: ssm.onUnlockingUser-0_com.android.server.security.FileIntegrityService
12-12 20:52:10.282   214   243 I SystemServerTimingAsync: ssm.onUnlockingUser-0_com.android.server.pm.Installer
12-12 20:52:10.282   214   243 I SystemServerTimingAsync: ssm.onUnlockingUser-0_com.android.server.os.DeviceIdentifiersPolicyService
12-12 20:52:10.282   214   243 I SystemServerTimingAsync: ssm.onUnlockingUser-0_com.android.server.uri.UriGrantsManagerService$Lifecycle
12-12 20:52:10.282   214   243 I SystemServerTimingAsync: ssm.onUnlockingUser-0_com.android.server.wm.ActivityTaskManagerService$Lifecycle
12-12 20:52:10.282   214   488 W ActivityManager: Slow operation: 69ms so far, now at attachApplicationLocked: before bindApplication
12-12 20:52:10.282   214   488 W ActivityManager: Slow operation: 70ms so far, now at attachApplicationLocked: immediately before bindApplication
12-12 20:52:10.282   214   243 I LaunchParamsPersister: Didn't find launch param folder for user 0
12-12 20:52:10.282   214   243 I SystemServerTimingAsync: ssm.onUnlockingUser-0_com.android.server.am.ActivityManagerService$Lifecycle
12-12 20:52:10.282   214   243 I SystemServerTimingAsync: ssm.onUnlockingUser-0_com.android.server.pm.DataLoaderManagerService
12-12 20:52:10.282   214   243 I SystemServerTimingAsync: ssm.onUnlockingUser-0_com.android.server.power.PowerManagerService
12-12 20:52:10.282   214   243 I SystemServerTimingAsync: ssm.onUnlockingUser-0_com.android.server.power.ThermalManagerService
12-12 20:52:10.282   214   243 I SystemServerTimingAsync: ssm.onUnlockingUser-0_com.android.server.recoverysystem.RecoverySystemService$Lifecycle
12-12 20:52:10.283   214   243 I SystemServerTimingAsync: ssm.onUnlockingUser-0_com.android.server.lights.LightsService
12-12 20:52:10.283   214   243 I SystemServerTimingAsync: ssm.onUnlockingUser-0_com.android.server.display.DisplayManagerService
12-12 20:52:10.283   214   243 I SystemServerTimingAsync: ssm.onUnlockingUser-0_com.android.server.pm.UserManagerService$LifeCycle
12-12 20:52:10.283   214   243 I SystemServerTimingAsync: ssm.onUnlockingUser-0_com.android.server.om.OverlayManagerService
12-12 20:52:10.283   214   243 I SystemServerTimingAsync: ssm.onUnlockingUser-0_com.android.server.SensorPrivacyService
12-12 20:52:10.283   214   243 I SystemServerTimingAsync: ssm.onUnlockingUser-0_com.android.server.SystemConfigService
12-12 20:52:10.283   214   243 I SystemServerTimingAsync: ssm.onUnlockingUser-0_com.android.server.BatteryService
12-12 20:52:10.283   214   243 I SystemServerTimingAsync: ssm.onUnlockingUser-0_com.android.server.usage.UsageStatsService
12-12 20:52:10.283   214   243 I SystemServerTimingAsync: ssm.onUnlockingUser-0_com.android.server.webkit.WebViewUpdateService
12-12 20:52:10.283   214   243 I SystemServerTimingAsync: ssm.onUnlockingUser-0_com.android.server.CachedDeviceStateService
12-12 20:52:10.283   214   243 I SystemServerTimingAsync: ssm.onUnlockingUser-0_com.android.server.BinderCallsStatsService$LifeCycle
12-12 20:52:10.283   214   243 I SystemServerTimingAsync: ssm.onUnlockingUser-0_com.android.server.LooperStatsService$Lifecycle
12-12 20:52:10.283   214   243 I SystemServerTimingAsync: ssm.onUnlockingUser-0_com.android.server.rollback.RollbackManagerService
12-12 20:52:10.283   214   243 I SystemServerTimingAsync: ssm.onUnlockingUser-0_com.android.server.os.BugreportManagerService
12-12 20:52:10.283   214   243 I SystemServerTimingAsync: ssm.onUnlockingUser-0_com.android.server.gpu.GpuService
12-12 20:52:10.283   214   243 I SystemServerTimingAsync: ssm.onUnlockingUser-0_com.android.server.security.KeyChainSystemService
12-12 20:52:10.283   214   243 I SystemServerTimingAsync: ssm.onUnlockingUser-0_com.android.server.telecom.TelecomLoaderService
12-12 20:52:10.283   214   243 I SystemServerTimingAsync: ssm.onUnlockingUser-0_com.android.server.accounts.AccountManagerService$Lifecycle
12-12 20:52:10.283   214   488 W ActivityManager: Slow operation: 71ms so far, now at attachApplicationLocked: immediately after bindApplication
12-12 20:52:10.283   214   488 W ActivityManager: Slow operation: 71ms so far, now at attachApplicationLocked: after updateLruProcessLocked
12-12 20:52:10.283   214   488 W ActivityManager: Slow operation: 71ms so far, now at attachApplicationLocked: after mServices.attachApplicationLocked
12-12 20:52:10.283   214   243 I SystemServerTimingAsync: ssm.onUnlockingUser-0_com.android.server.content.ContentService$Lifecycle
12-12 20:52:10.283   214   488 W ActivityManager: Slow operation: 71ms so far, now at attachApplicationLocked: after sendPendingBroadcastsLocked
12-12 20:52:10.284   214   243 I SystemServerTimingAsync: ssm.onUnlockingUser-0_com.android.server.DropBoxManagerService
12-12 20:52:10.284   214   242 D CountryDetector: Using custom country detector class: com.android.server.location.ComprehensiveCountryDetector
12-12 20:52:10.284   214   243 I SystemServerTimingAsync: ssm.onUnlockingUser-0_com.android.server.AlarmManagerService
12-12 20:52:10.284   214   243 I SystemServerTimingAsync: ssm.onUnlockingUser-0_com.android.server.connectivity.IpConnectivityMetrics
12-12 20:52:10.284   214   243 I SystemServerTimingAsync: ssm.onUnlockingUser-0_com.android.server.net.watchlist.NetworkWatchlistService$Lifecycle
12-12 20:52:10.284   214   243 I SystemServerTimingAsync: ssm.onUnlockingUser-0_com.android.server.PinnerService
12-12 20:52:10.284   214   243 I SystemServerTimingAsync: ssm.onUnlockingUser-0_com.google.android.startop.iorap.IorapForwardingService
12-12 20:52:10.284   214   243 I SystemServerTimingAsync: ssm.onUnlockingUser-0_com.android.server.integrity.AppIntegrityManagerService
