12-12 20:52:08.831   214   214 I SystemServerTiming: StartInputMethodManagerLifecycle
12-12 20:52:08.831   214   214 I SystemServiceManager: Starting com.android.server.inputmethod.InputMethodManagerService$Lifecycle
12-12 20:52:08.832   214   214 I SystemServerTiming: StartAccessibilityManagerService
12-12 20:52:08.832   214   214 I SystemServiceManager: Starting com.android.server.accessibility.AccessibilityManagerService$Lifecycle
12-12 20:52:08.833   214   214 I SystemServerTiming: MakeDisplayReady
12-12 20:52:08.833   214   214 I WindowManager: FORCED DISPLAY SIZE: 800x1280
12-12 20:52:08.835   214   214 I ActivityTaskManager: Config changes=20005df8 {1.0 ?mcc?mnc [zh_CN] ldltr sw533dp w533dp h829dp 240dpi lrg port ?uimode ?night -touch qwerty/v/v -nav/h winConfig={ mBounds=Rect(0, 0 - 800, 1280) mAppBounds=Rect(0, 0 - 800, 1280) mWindowingMode=fullscreen mDisplayWindowingMode=fullscreen mActivityType=undefined mAlwaysOnTop=undefined mRotation=ROTATION_0} s.2}
12-12 20:52:08.836   214   214 I WindowManager: Override config changes=60007dfc {1.0 ?mcc?mnc [zh_CN] ldltr sw533dp w533dp h829dp 240dpi lrg port ?uimode ?night -touch qwerty/v/v -nav/h winConfig={ mBounds=Rect(0, 0 - 800, 1280) mAppBounds=Rect(0, 0 - 800, 1280) mWindowingMode=fullscreen mDisplayWindowingMode=fullscreen mActivityType=undefined mAlwaysOnTop=undefined mRotation=ROTATION_0} s.2} for displayId=0
12-12 20:52:08.837   214   214 I ActivityTaskManager: Config changes=8 {1.0 ?mcc?mnc [zh_CN] ldltr sw533dp w533dp h829dp 240dpi lrg port ?uimode ?night finger qwerty/v/v -nav/h winConfig={ mBounds=Rect(0, 0 - 800, 1280) mAppBounds=Rect(0, 0 - 800, 1280) mWindowingMode=fullscreen mDisplayWindowingMode=fullscreen mActivityType=undefined mAlwaysOnTop=undefined mRotation=ROTATION_0} s.4}
12-12 20:52:08.838   214   214 I WindowManager: Override config changes=8 {1.0 ?mcc?mnc [zh_CN] ldltr sw533dp w533dp h829dp 240dpi lrg port ?uimode ?night finger qwerty/v/v -nav/h winConfig={ mBounds=Rect(0, 0 - 800, 1280) mAppBounds=Rect(0, 0 - 800, 1280) mWindowingMode=fullscreen mDisplayWindowingMode=fullscreen mActivityType=undefined mAlwaysOnTop=undefined mRotation=ROTATION_0} s.4} for displayId=0
12-12 20:52:08.838   214   214 I SystemServerTiming: StartStorageManagerService
12-12 20:52:08.838   214   214 I SystemServiceManager: Starting com.android.server.StorageManagerService$Lifecycle
12-12 20:52:08.840   131   146 D installd: Found quota mount /dev/block/sda at /data
12-12 20:52:08.840   131   146 D installd: Found quota mount /dev/block/sda at /data/user/0
12-12 20:52:08.841   214   283 D StorageManagerService: Thinking about init, mBootCompleted=false, mDaemonConnected=true
12-12 20:52:08.841   214   283 D StorageManagerService: Thinking about reset, mBootCompleted=false, mDaemonConnected=true
12-12 20:52:08.841   214   283 D StorageManagerService: Thinking about init, mBootCompleted=false, mDaemonConnected=true
12-12 20:52:08.841   214   283 D StorageManagerService: Thinking about reset, mBootCompleted=false, mDaemonConnected=true
12-12 20:52:08.841   214   214 I SystemServerTiming: StartStorageStatsService
12-12 20:52:08.841   214   214 I SystemServiceManager: Starting com.android.server.usage.StorageStatsService$Lifecycle
12-12 20:52:08.842   131   146 D installd: Found quota mount /dev/block/sda at /data
12-12 20:52:08.842   131   146 D installd: Found quota mount /dev/block/sda at /data/user/0
12-12 20:52:08.842   131   146 D installd: Found quota mount /dev/block/sda at /data
12-12 20:52:08.842   131   146 D installd: Found quota mount /dev/block/sda at /data/user/0
12-12 20:52:08.842   214   214 I SystemServerTiming: StartUiModeManager
12-12 20:52:08.842   214   214 I SystemServiceManager: Starting com.android.server.UiModeManagerService
12-12 20:52:08.843   214   284 I SystemServerTimingAsync: InitThreadPoolExec:UiModeManager.onStart
12-12 20:52:08.843   214   214 I SystemServerTiming: UpdatePackagesIfNeeded
12-12 20:52:08.843   214   214 I Watchdog: Pausing HandlerChecker: main thread for reason: dexopt. Pause count: 1
12-12 20:52:08.843   214   214 I Watchdog: Resuming HandlerChecker: main thread for reason: dexopt. Pause count: 0
12-12 20:52:08.843   214   214 I SystemServerTiming: PerformFstrimIfNeeded
12-12 20:52:08.843   214   214 I SystemServerTiming: StartLockSettingsService
12-12 20:52:08.843   214   214 I SystemServiceManager: Starting com.android.server.locksettings.LockSettingsService$Lifecycle
12-12 20:52:08.848   214   214 I SystemServerTiming: StartTestHarnessMode
12-12 20:52:08.848   214   214 I SystemServiceManager: Starting com.android.server.testharness.TestHarnessModeService
12-12 20:52:08.849   214   214 I OemLock : OemLock HAL not present on device
12-12 20:52:08.849   214   214 I SystemServerTiming: StartDeviceIdleController
12-12 20:52:08.849   214   214 I SystemServiceManager: Starting com.android.server.DeviceIdleController
12-12 20:52:08.850   214   214 I SystemServerTiming: StartDevicePolicyManager
12-12 20:52:08.850   214   214 I SystemServiceManager: Starting com.android.server.devicepolicy.DevicePolicyManagerService$Lifecycle
12-12 20:52:08.859   135   151 W AudioAnalytics: (key=audio.flinger) Audioflinger constructor event detected
12-12 20:52:08.860    70    70 E ActivityRecognitionHardware: activity_recognition HAL is deprecated. class_init is effectively a no-op
12-12 20:52:08.862   214   214 I SystemServerTiming: StartStatusBarManagerService
12-12 20:52:08.863   214   214 D SystemServer: ContentCaptureService disabled because resource is not overlaid
12-12 20:52:08.863   214   214 D SystemServer: AttentionService is not configured on this device
12-12 20:52:08.863   214   214 D SystemServer: SystemCaptionsManagerService disabled because resource is not overlaid
12-12 20:52:08.863   214   214 D SystemServer: AppPredictionService not defined by OEM
12-12 20:52:08.863   214   214 D SystemServer: ContentSuggestionsService not defined by OEM
12-12 20:52:08.863   214   214 I SystemServerTiming: InitConnectivityModuleConnector
12-12 20:52:08.863   214   214 D ConnectivityModuleConnector: Network stack init
12-12 20:52:08.863   214   214 I SystemServerTiming: InitNetworkStackClient
12-12 20:52:08.864   214   214 I SystemServerTiming: StartNetworkManagementService
12-12 20:52:08.868   214   214 I SystemServerTiming: StartIpSecService
12-12 20:52:08.869   214   214 I SystemServerTiming: StartTextServicesManager
12-12 20:52:08.869   214   214 I SystemServiceManager: Starting com.android.server.textservices.TextServicesManagerService$Lifecycle
12-12 20:52:08.869   214   214 I SystemServerTiming: StartTextClassificationManagerService
12-12 20:52:08.869   214   214 I SystemServiceManager: Starting com.android.server.textclassifier.TextClassificationManagerService$Lifecycle
12-12 20:52:08.869   214   214 I SystemServerTiming: StartNetworkScoreService
12-12 20:52:08.869   214   214 I SystemServiceManager: Starting com.android.server.NetworkScoreService$Lifecycle
12-12 20:52:08.870   214   214 I SystemServerTiming: StartNetworkStatsService
12-12 20:52:08.870   214   214 I SystemServerTiming: StartNetworkPolicyManagerService
12-12 20:52:08.871   214   214 I SystemServerTiming: StartWifi
12-12 20:52:08.873   214   214 I SystemServiceManager: Starting com.android.server.wifi.WifiService
12-12 20:52:08.882    67    67 I ServiceManager: Waiting for service 'statscompanion' on '/dev/binder'...
12-12 20:52:08.925   214   214 E HistoricalRegistry: Interaction before persistence initialized
12-12 20:52:08.930   214   214 I SystemServerTiming: StartWifiScanning
12-12 20:52:08.930   214   214 I SystemServiceManager: Starting com.android.server.wifi.scanner.WifiScanningService
12-12 20:52:08.931   214   214 I SystemServerTiming: StartEthernet
12-12 20:52:08.931   214   214 I SystemServiceManager: Starting com.android.server.ethernet.EthernetService
12-12 20:52:08.931   214   214 I SystemServerTiming: StartConnectivityService
12-12 20:52:08.931    70    70 W Zygote  : Class not found for preloading: android.inputmethodservice.-$$Lambda$InputMethodService$TvVfWDKZ3ljQdrU87qYykg6uD-I
12-12 20:52:08.937    70    70 I zygote  : Thread[1,tid=70,Native,Thread*=0xe3d04610,peer=0x12c401e8,"main"] recursive attempt to load library "libmedia_jni.so"
12-12 20:52:08.937    70    70 I zygote  : Thread[1,tid=70,Native,Thread*=0xe3d04610,peer=0x12c401e8,"main"] recursive attempt to load library "libmedia_jni.so"
12-12 20:52:08.938    70    70 D MtpDeviceJNI: register_android_mtp_MtpDevice
12-12 20:52:08.938   214   214 D ConnectivityService: ConnectivityService starting up
12-12 20:52:08.938    70    70 I zygote  : Thread[1,tid=70,Native,Thread*=0xe3d04610,peer=0x12c401e8,"main"] recursive attempt to load library "libmedia_jni.so"
12-12 20:52:08.939   214   214 D ConnectivityService: wifiOnly=false
12-12 20:52:08.938    70    70 I zygote  : Thread[1,tid=70,Native,Thread*=0xe3d04610,peer=0x12c401e8,"main"] recursive attempt to load library "libmedia_jni.so"
12-12 20:52:08.941    70    70 W Zygote  : Class not found for preloading: android.media.MediaRouter$Static$Client$1
12-12 20:52:08.941    70    70 W Zygote  : Class not found for preloading: android.media.MediaRouter$Static$Client$2
12-12 20:52:08.941   214   214 I SystemServerTiming: StartNsdService
12-12 20:52:08.942   214   214 D NsdService: Network service discovery is enabled
12-12 20:52:08.942   214   214 I SystemServerTiming: StartSystemUpdateManagerService
12-12 20:52:08.942   214   214 I SystemUpdateManagerService: No existing info file /data/system/system-update-info.xml
12-12 20:52:08.943   214   214 I SystemServerTiming: StartUpdateLockService
12-12 20:52:08.943   214   214 I SystemServerTiming: StartNotificationManager
12-12 20:52:08.943   214   214 I SystemServiceManager: Starting com.android.server.notification.NotificationManagerService
12-12 20:52:08.946    70    70 W Zygote  : Class not found for preloading: android.net.shared.Inet4AddressUtils
12-12 20:52:08.946    70    70 W Zygote  : Class not found for preloading: android.net.shared.InetAddressUtils
12-12 20:52:08.949   214   214 D ConditionProviders.SCP: new ScheduleConditionProvider()
12-12 20:52:08.951   214   214 I NotificationAssistants: Read notification assistant permissions from xml
12-12 20:52:08.951   214   214 I ConditionProviders: Read condition provider permissions from xml
12-12 20:52:08.951   214   214 I ConditionProviders: Read condition provider permissions from xml
12-12 20:52:08.951   214   214 D NotificationAssistants: Approving default notification assistant for user 0
12-12 20:52:08.952   214   214 I ConditionProviders:  Allowing condition provider android.ext.services/android.ext.services.notification.Assistant
12-12 20:52:08.953   214   214 I SystemServerTiming: StartDeviceMonitor
12-12 20:52:08.953   214   214 I SystemServiceManager: Starting com.android.server.storage.DeviceStorageMonitorService
12-12 20:52:08.953   214   214 I SystemServerTiming: StartLocationManagerService
12-12 20:52:08.953   214   214 I SystemServiceManager: Starting com.android.server.location.LocationManagerService$Lifecycle
12-12 20:52:08.954   214   214 I SystemServerTiming: StartCountryDetectorService
12-12 20:52:08.954   214   214 I SystemServerTiming: StartTimeDetectorService
12-12 20:52:08.955   214   214 I SystemServiceManager: Starting com.android.server.timedetector.TimeDetectorService$Lifecycle
12-12 20:52:08.955   214   214 I SystemServerTiming: StartTimeZoneDetectorService
12-12 20:52:08.955   214   214 I SystemServiceManager: Starting com.android.server.timezonedetector.TimeZoneDetectorService$Lifecycle
12-12 20:52:08.955   214   214 I SystemServerTiming: StartSearchManagerService
12-12 20:52:08.955   214   214 I SystemServiceManager: Starting com.android.server.search.SearchManagerService$Lifecycle
12-12 20:52:08.956   214   214 I SystemServer: Wallpaper service disabled by config
12-12 20:52:08.956   214   214 I SystemServerTiming: StartAudioService
12-12 20:52:08.956   214   214 I SystemServiceManager: Starting com.android.server.audio.AudioService$Lifecycle
12-12 20:52:08.959    70    70 W Zygote  : Class not found for preloading: android.telephony.ims.stub.-$$Lambda$ImsRegistrationImplBase$wwtkoeOtGwMjG5I0-ZTfjNpGU-s
12-12 20:52:08.964    70    70 W Zygote  : Class not found for preloading: android.view.-$$Lambda$cZhmLzK8aetUdx4VlP9w5jR7En0
12-12 20:52:08.965    70    70 W Zygote  : Class not found for preloading: android.view.autofill.-$$Lambda$AutofillManager$AutofillManagerClient$vxNm6RuuD-r5pkiSxNSBBd1w_Qc
12-12 20:52:08.965    70    70 W Zygote  : Class not found for preloading: android.view.contentcapture.-$$Lambda$MainContentCaptureSession$1$JPRO-nNGZpgXrKr4QC_iQiTbQx0
12-12 20:52:08.965    70    70 W Zygote  : Class not found for preloading: android.view.contentcapture.-$$Lambda$MainContentCaptureSession$1$Xhq3WJibbalS1G_W3PRC2m7muhM
12-12 20:52:08.966    70    70 W Zygote  : Class not found for preloading: android.view.contentcapture.MainContentCaptureSession$1
12-12 20:52:08.974    70    70 W Zygote  : Class not found for preloading: com.android.internal.telephony.-$$Lambda$SubscriptionController$VCQsMNqRHpN3RyoXYzh2YUwA2yc
12-12 20:52:08.974    70    70 W Zygote  : Class not found for preloading: com.android.internal.telephony.-$$Lambda$SubscriptionController$u5xE-urXR6ElZ50305_6guo20Fc
12-12 20:52:08.982    67    67 I ServiceManager: Waiting for service 'statscompanion' on '/dev/binder'...
12-12 20:52:08.993    70    70 W Zygote  : Class not found for preloading: com.android.internal.telephony.IccSmsInterfaceManager$2
12-12 20:52:08.995    70    70 W Zygote  : Class not found for preloading: com.android.internal.telephony.dataconnection.DcTracker$5
12-12 20:52:08.997    70    70 W Zygote  : Class not found for preloading: com.android.internal.widget.-$$Lambda$gPQuiuEDuOmrh2MixBcV6a5gu5s
12-12 20:52:08.997    70    70 W Zygote  : Class not found for preloading: com.android.internal.widget.LockPatternUtils$2
12-12 20:52:09.009    70    70 I Zygote  : ...preloaded 12107 classes in 217ms.
12-12 20:52:09.009    70    70 I zygote  : VMRuntime.preloadDexCaches starting
12-12 20:52:09.015    70    70 I zygote  : VMRuntime.preloadDexCaches strings total=418390 before=11374 after=11374
12-12 20:52:09.015    70    70 I zygote  : VMRuntime.preloadDexCaches types total=40936 before=11224 after=11400
12-12 20:52:09.015    70    70 I zygote  : VMRuntime.preloadDexCaches fields total=173762 before=14203 after=15087
12-12 20:52:09.015    70    70 I zygote  : VMRuntime.preloadDexCaches methods total=316012 before=18080 after=18080
12-12 20:52:09.015    70    70 I zygote  : VMRuntime.preloadDexCaches finished
12-12 20:52:09.016    70    70 I zygote  : The ClassLoaderContext is a special shared library.
12-12 20:52:09.017    70    70 D ApplicationLoaders: Created zygote-cached class loader: /system/framework/android.hidl.base-V1.0-java.jar
12-12 20:52:09.017    70    70 I zygote  : The ClassLoaderContext is a special shared library.
12-12 20:52:09.017    70    70 D ApplicationLoaders: Created zygote-cached class loader: /system/framework/android.hidl.manager-V1.0-java.jar
12-12 20:52:09.018    70    70 I zygote  : The ClassLoaderContext is a special shared library.
12-12 20:52:09.018    70    70 D ApplicationLoaders: Created zygote-cached class loader: /system/framework/android.test.base.jar
12-12 20:52:09.018    70    70 I Zygote  : Preloading resources...
12-12 20:52:09.020    70    70 W Resources: Preloaded drawable resource #0x108028c (android:drawable/dialog_background_material) that varies with configuration!!
12-12 20:52:09.023    70    70 I Zygote  : ...preloaded 64 resources in 5ms.
12-12 20:52:09.024    70    70 I Zygote  : ...preloaded 41 resources in 1ms.
12-12 20:52:09.027    70    70 I Zygote  : Preloading shared libraries...
12-12 20:52:09.029    70    70 I Zygote  : Called ZygoteHooks.endPreload()
12-12 20:52:09.029    70    70 I Zygote  : Installed AndroidKeyStoreProvider in 1ms.
12-12 20:52:09.031    70    70 I Zygote  : Warmed up JCA providers in 1ms.
12-12 20:52:09.031    70    70 D Zygote  : end preload
12-12 20:52:09.082    67    67 I ServiceManager: Waiting for service 'statscompanion' on '/dev/binder'...
12-12 20:52:09.183    67    67 I ServiceManager: Waiting for service 'statscompanion' on '/dev/binder'...
12-12 20:52:09.283    67    67 I ServiceManager: Waiting for service 'statscompanion' on '/dev/binder'...
12-12 20:52:09.383    67    67 I ServiceManager: Waiting for service 'statscompanion' on '/dev/binder'...
12-12 20:52:09.420    80    80 I AudioHAL: Got sample rate: 8000 (ret = 0)
12-12 20:52:09.420    80    80 D AudioHAL: Input stream opened.
12-12 20:52:09.421    80    80 I AudioHAL: Audio input buffer size set to: 1600
12-12 20:52:09.421    91   305 I AudioFlinger: AudioFlinger's thread 0x71b5dacc6040 tid=305 ready to run
12-12 20:52:09.421    91   305 W AudioFlinger: no wake lock to update, system not ready yet
12-12 20:52:09.422    91   305 W AudioFlinger: no wake lock to update, system not ready yet
12-12 20:52:09.422    80    80 D AudioHAL: Closing audio input stream.
12-12 20:52:09.426    80    80 D AudioHAL: Cleaning up INPUT stream
12-12 20:52:09.427    80    80 I r_submix: adev_open(name=audio_hw_if)
12-12 20:52:09.427    80    80 I r_submix: adev_init_check()
12-12 20:52:09.427    91    91 I AudioFlinger: loadHwModule() Loaded r_submix audio interface, handle 18
12-12 20:52:09.427    80    80 D r_submix: adev_open_input_stream(addr=0)
12-12 20:52:09.427    80    80 D r_submix: submix_audio_device_create_pipe_l(addr=0, idx=9)
12-12 20:52:09.427    80    80 D r_submix:   now using address 0 for route 9
12-12 20:52:09.428    91   307 I AudioFlinger: AudioFlinger's thread 0x71b5dacc6040 tid=307 ready to run
12-12 20:52:09.428    80    80 I r_submix: in_standby()
12-12 20:52:09.428    91   307 W AudioFlinger: no wake lock to update, system not ready yet
12-12 20:52:09.428    80    95 I r_submix: in_standby()
12-12 20:52:09.429    91   307 W AudioFlinger: no wake lock to update, system not ready yet
12-12 20:52:09.429    80    95 D r_submix: adev_close_input_stream()
12-12 20:52:09.429    80    95 D r_submix: submix_audio_device_release_pipe_l(idx=9) addr=0
12-12 20:52:09.429    80    95 D r_submix: submix_audio_device_destroy_pipe_l(): pipe destroyed
12-12 20:52:09.429    91    91 W APM::AudioPolicyEngine: getDevicesForStrategy() unknown strategy: -1
12-12 20:52:09.430   214   228 E HistoricalRegistry: Interaction before persistence initialized
12-12 20:52:09.429    91    91 W APM::AudioPolicyEngine: getDevicesForStrategy() unknown strategy: -1
12-12 20:52:09.470    91    91 D PermissionCache: checking android.permission.MODIFY_AUDIO_ROUTING for uid=1000 => granted (243 us)
12-12 20:52:09.471    91    91 D PermissionCache: checking android.permission.MODIFY_AUDIO_SETTINGS for uid=1000 => granted (60 us)
12-12 20:52:09.471    91    91 E AudioFlinger: getMicMute: error -38 getting state from HAL
12-12 20:52:09.472    91    91 W AudioFlinger: setMicMute: error -38 setting state to HAL
12-12 20:52:09.472    91    91 E AudioFlinger: getMicMute: error -38 getting state from HAL
12-12 20:52:09.483    91    91 W APM::AudioPolicyEngine: getDevicesForStrategy() unknown strategy: -1
12-12 20:52:09.483    67    67 I ServiceManager: Waiting for service 'statscompanion' on '/dev/binder'...
12-12 20:52:09.484    91    91 D AudioFlinger: isLowRamDevice:false totalMemory:6284718080 mClientSharedHeapSize:33554432
12-12 20:52:09.485   214   214 I SystemServerTiming: StartSoundTriggerMiddlewareService
12-12 20:52:09.485   214   214 I SystemServiceManager: Starting com.android.server.soundtrigger_middleware.SoundTriggerMiddlewareService$Lifecycle
12-12 20:52:09.487    91    91 I CaptureStateNotifier: Registering a listener
12-12 20:52:09.487   214   214 I SystemServerTiming: StartDockObserver
12-12 20:52:09.487   214   214 I SystemServiceManager: Starting com.android.server.DockObserver
12-12 20:52:09.487   214   214 W DockObserver: This kernel does not have dock station support
12-12 20:52:09.487   214   314 I chatty  : uid=1000(system) Thread-4 expire 1 line
12-12 20:52:09.487   214   214 I SystemServerTiming: StartWiredAccessoryManager
12-12 20:52:09.487   214   214 W WiredAccessoryManager: This kernel does not have wired headset support
12-12 20:52:09.488   214   214 W WiredAccessoryManager: This kernel does not have usb audio support
12-12 20:52:09.488   214   214 W WiredAccessoryManager: This kernel does not have HDMI audio support
12-12 20:52:09.488   214   214 I SystemServerTiming: StartAdbService
12-12 20:52:09.488   214   214 I SystemServiceManager: Starting com.android.server.adb.AdbService$Lifecycle
12-12 20:52:09.488   214   214 I SystemServerTiming: StartSerialService
12-12 20:52:09.489   214   214 I SystemServerTiming: StartHardwarePropertiesManagerService
12-12 20:52:09.489   214   214 I SystemServerTiming: StartTwilightService
12-12 20:52:09.489   214   214 I SystemServiceManager: Starting com.android.server.twilight.TwilightService
12-12 20:52:09.489   214   214 I SystemServerTiming: StartColorDisplay
12-12 20:52:09.489   214   214 I SystemServiceManager: Starting com.android.server.display.color.ColorDisplayService
12-12 20:52:09.490   214   214 I SystemServerTiming: StartJobScheduler
12-12 20:52:09.490   214   214 I SystemServiceManager: Starting com.android.server.job.JobSchedulerService
12-12 20:52:09.493   214   214 D JobStore: Start tag: job-info
12-12 20:52:09.495   214   214 I JobStore: Read 24 jobs
12-12 20:52:09.496   214   296 D ConnectivityService: NetReassign [no changes]
12-12 20:52:09.497   214   214 E HistoricalRegistry: Interaction before persistence initialized
12-12 20:52:09.497   214   214 I SystemServerTiming: StartSoundTrigger
12-12 20:52:09.497   214   214 I SystemServiceManager: Starting com.android.server.soundtrigger.SoundTriggerService
12-12 20:52:09.498   214   214 I SystemServerTiming: StartTrustManager
12-12 20:52:09.498   214   214 I SystemServiceManager: Starting com.android.server.trust.TrustManagerService
12-12 20:52:09.498   214   214 I SystemServerTiming: StartAppWidgetService
12-12 20:52:09.498   214   214 I SystemServiceManager: Starting com.android.server.appwidget.AppWidgetService
12-12 20:52:09.499   214   214 I SystemServerTiming: StartRoleManagerService
12-12 20:52:09.500   214   214 I SystemServerTiming: StartVoiceRecognitionManager
12-12 20:52:09.500   214   214 I SystemServiceManager: Starting com.android.server.voiceinteraction.VoiceInteractionManagerService
12-12 20:52:09.501   214   214 I SystemServerTiming: StartGestureLauncher
12-12 20:52:09.501   214   214 I SystemServiceManager: Starting com.android.server.GestureLauncherService
12-12 20:52:09.501   214   214 I SystemServerTiming: StartSensorNotification
12-12 20:52:09.501   214   214 I SystemServiceManager: Starting com.android.server.SensorNotificationService
12-12 20:52:09.501   214   214 I SystemServerTiming: StartDiskStatsService
12-12 20:52:09.502   214   214 I SystemServerTiming: RuntimeService
12-12 20:52:09.502   214   214 I SystemServerTiming: StartNetworkTimeUpdateService
12-12 20:52:09.502   214   214 I SystemServerTiming: CertBlacklister
12-12 20:52:09.503   214   214 I SystemServerTiming: StartEmergencyAffordanceService
12-12 20:52:09.503   214   214 I SystemServiceManager: Starting com.android.server.emergency.EmergencyAffordanceService
12-12 20:52:09.503   214   214 I SystemServerTiming: StartDreamManager
12-12 20:52:09.503   214   214 I SystemServiceManager: Starting com.android.server.dreams.DreamManagerService
12-12 20:52:09.503   214   318 I SystemServerTimingAsync: InitThreadPoolExec:startBlobStoreManagerService
12-12 20:52:09.503   214   318 I SystemServerTimingAsync: startBlobStoreManagerService
12-12 20:52:09.503   214   214 I SystemServerTiming: AddGraphicsStatsService
12-12 20:52:09.504   214   214 I SystemServerTiming: StartPrintManager
12-12 20:52:09.504   214   214 I SystemServiceManager: Starting com.android.server.print.PrintManagerService
12-12 20:52:09.505   214   214 I SystemServerTiming: StartRestrictionManager
12-12 20:52:09.505    67    72 I ServiceManager: Waiting for service 'statscompanion' on '/dev/binder'...
12-12 20:52:09.505   214   214 I SystemServiceManager: Starting com.android.server.restrictions.RestrictionsManagerService
12-12 20:52:09.505   214   214 I SystemServerTiming: StartMediaSessionService
12-12 20:52:09.505   214   214 I SystemServiceManager: Starting com.android.server.media.MediaSessionService
12-12 20:52:09.506   214   214 I SystemServerTiming: StartMediaRouterService
12-12 20:52:09.506   214   318 I SystemServiceManager: Starting com.android.server.blob.BlobStoreManagerService
12-12 20:52:09.506   214   214 E HistoricalRegistry: Interaction before persistence initialized
12-12 20:52:09.507   214   214 I SystemServerTiming: StartBiometricService
12-12 20:52:09.507   214   214 I SystemServiceManager: Starting com.android.server.biometrics.BiometricService
12-12 20:52:09.508   214   214 I SystemServerTiming: StartAuthService
12-12 20:52:09.508   214   214 I SystemServiceManager: Starting com.android.server.biometrics.AuthService
12-12 20:52:09.508   214   214 I SystemServerTiming: StartBackgroundDexOptService
12-12 20:52:09.508   214   214 I SystemServerTiming: StartDynamicCodeLoggingService
12-12 20:52:09.509   214   214 I SystemServerTiming: StartPruneInstantAppsJobService
12-12 20:52:09.509   214   214 I SystemServerTiming: StartShortcutServiceLifecycle
12-12 20:52:09.509   214   214 I SystemServiceManager: Starting com.android.server.pm.ShortcutService$Lifecycle
12-12 20:52:09.509   214   214 E HistoricalRegistry: Interaction before persistence initialized
12-12 20:52:09.509   214   214 I SystemServerTiming: StartLauncherAppsService
12-12 20:52:09.509   214   214 I SystemServiceManager: Starting com.android.server.pm.LauncherAppsService
12-12 20:52:09.510   214   214 I SystemServerTiming: StartCrossProfileAppsService
12-12 20:52:09.510   214   214 I SystemServiceManager: Starting com.android.server.pm.CrossProfileAppsService
12-12 20:52:09.510   214   214 I SystemServerTiming: StartPeopleService
12-12 20:52:09.510   214   214 I SystemServiceManager: Starting com.android.server.people.PeopleService
12-12 20:52:09.510   214   214 I SystemServerTiming: StartMediaProjectionManager
12-12 20:52:09.510   214   214 I SystemServiceManager: Starting com.android.server.media.projection.MediaProjectionManagerService
12-12 20:52:09.511   214   214 I SystemServerTiming: StartSliceManagerService
12-12 20:52:09.511   214   214 I SystemServiceManager: Starting com.android.server.slice.SliceManagerService$Lifecycle
12-12 20:52:09.511   214   214 I SystemServerTiming: StartCameraServiceProxy
12-12 20:52:09.512   214   214 I SystemServiceManager: Starting com.android.server.camera.CameraServiceProxy
12-12 20:52:09.512   214   214 I SystemServerTiming: StartStatsCompanion
12-12 20:52:09.514   214   214 I SystemServiceManager: Starting com.android.server.stats.StatsCompanion$Lifecycle
12-12 20:52:09.516   214   214 I SystemServerTiming: StartStatsPullAtomService
12-12 20:52:09.519   214   214 I SystemServiceManager: Starting com.android.server.stats.pull.StatsPullAtomService
12-12 20:52:09.519   214   214 I SystemServerTiming: StartIncidentCompanionService
12-12 20:52:09.519   214   214 I SystemServiceManager: Starting com.android.server.incident.IncidentCompanionService
12-12 20:52:09.520   214   214 I SystemServerTiming: StartMmsService
12-12 20:52:09.520   214   214 I SystemServiceManager: Starting com.android.server.MmsServiceBroker
12-12 20:52:09.520   214   214 I SystemServerTiming: StartAutoFillService
12-12 20:52:09.521   214   214 I SystemServiceManager: Starting com.android.server.autofill.AutofillManagerService
12-12 20:52:09.523   214   214 I SystemServerTiming: StartClipboardService
12-12 20:52:09.523   214   214 I SystemServiceManager: Starting com.android.server.clipboard.ClipboardService
12-12 20:52:09.523   214   214 I SystemServerTiming: AppServiceManager
12-12 20:52:09.523   214   214 I SystemServiceManager: Starting com.android.server.appbinding.AppBindingService$Lifecycle
12-12 20:52:09.524   214   214 I SystemServerTiming: MakeVibratorServiceReady
12-12 20:52:09.524   214   214 E HistoricalRegistry: Interaction before persistence initialized
12-12 20:52:09.524   214   214 I SystemServerTiming: MakeLockSettingsServiceReady
12-12 20:52:09.527   214   214 I SyntheticPasswordManager: Device does not support weaver
12-12 20:52:09.527   214   214 I LockSettingsService: Device doesn't implement AuthSecret HAL
12-12 20:52:09.527   214   214 I SystemServerTiming: StartBootPhaseLockSettingsReady
12-12 20:52:09.527   214   214 I SystemServiceManager: Starting phase 480
12-12 20:52:09.527   214   214 I SystemServerTiming: OnBootPhase_480
12-12 20:52:09.527   214   214 I SystemServerTiming: OnBootPhase_480_com.android.server.security.FileIntegrityService
12-12 20:52:09.527   214   214 I SystemServerTiming: OnBootPhase_480_com.android.server.pm.Installer
12-12 20:52:09.527   214   214 I SystemServerTiming: OnBootPhase_480_com.android.server.os.DeviceIdentifiersPolicyService
12-12 20:52:09.527   214   214 I SystemServerTiming: OnBootPhase_480_com.android.server.uri.UriGrantsManagerService$Lifecycle
12-12 20:52:09.527   214   214 I SystemServerTiming: OnBootPhase_480_com.android.server.wm.ActivityTaskManagerService$Lifecycle
12-12 20:52:09.527   214   214 I SystemServerTiming: OnBootPhase_480_com.android.server.am.ActivityManagerService$Lifecycle
12-12 20:52:09.527   214   214 I SystemServerTiming: OnBootPhase_480_com.android.server.pm.DataLoaderManagerService
12-12 20:52:09.527   214   214 I SystemServerTiming: OnBootPhase_480_com.android.server.power.PowerManagerService
12-12 20:52:09.527   214   214 I SystemServerTiming: OnBootPhase_480_com.android.server.power.ThermalManagerService
12-12 20:52:09.527   214   214 I SystemServerTiming: OnBootPhase_480_com.android.server.recoverysystem.RecoverySystemService$Lifecycle
12-12 20:52:09.527   214   214 I SystemServerTiming: OnBootPhase_480_com.android.server.lights.LightsService
12-12 20:52:09.527   214   214 I SystemServerTiming: OnBootPhase_480_com.android.server.display.DisplayManagerService
12-12 20:52:09.527   214   214 I SystemServerTiming: OnBootPhase_480_com.android.server.pm.UserManagerService$LifeCycle
12-12 20:52:09.527   214   214 I SystemServerTiming: OnBootPhase_480_com.android.server.om.OverlayManagerService
12-12 20:52:09.527   214   214 I SystemServerTiming: OnBootPhase_480_com.android.server.SensorPrivacyService
12-12 20:52:09.527   214   214 I SystemServerTiming: OnBootPhase_480_com.android.server.SystemConfigService
12-12 20:52:09.527   214   214 I SystemServerTiming: OnBootPhase_480_com.android.server.BatteryService
12-12 20:52:09.527   214   214 I SystemServerTiming: OnBootPhase_480_com.android.server.usage.UsageStatsService
12-12 20:52:09.527   214   214 I SystemServerTiming: OnBootPhase_480_com.android.server.webkit.WebViewUpdateService
12-12 20:52:09.527   214   214 I SystemServerTiming: OnBootPhase_480_com.android.server.CachedDeviceStateService
12-12 20:52:09.527   214   214 I SystemServerTiming: OnBootPhase_480_com.android.server.BinderCallsStatsService$LifeCycle
12-12 20:52:09.527   214   214 I SystemServerTiming: OnBootPhase_480_com.android.server.LooperStatsService$Lifecycle
12-12 20:52:09.527   214   214 I SystemServerTiming: OnBootPhase_480_com.android.server.rollback.RollbackManagerService
12-12 20:52:09.527   214   214 I SystemServerTiming: OnBootPhase_480_com.android.server.os.BugreportManagerService
12-12 20:52:09.527   214   214 I SystemServerTiming: OnBootPhase_480_com.android.server.gpu.GpuService
12-12 20:52:09.527   214   214 I SystemServerTiming: OnBootPhase_480_com.android.server.security.KeyChainSystemService
12-12 20:52:09.527   214   214 I SystemServerTiming: OnBootPhase_480_com.android.server.telecom.TelecomLoaderService
12-12 20:52:09.527   214   214 I SystemServerTiming: OnBootPhase_480_com.android.server.accounts.AccountManagerService$Lifecycle
12-12 20:52:09.527   214   214 I SystemServerTiming: OnBootPhase_480_com.android.server.content.ContentService$Lifecycle
12-12 20:52:09.527   214   214 I SystemServerTiming: OnBootPhase_480_com.android.server.DropBoxManagerService
12-12 20:52:09.527   214   214 I SystemServerTiming: OnBootPhase_480_com.android.server.AlarmManagerService
12-12 20:52:09.527   214   214 I SystemServerTiming: OnBootPhase_480_com.android.server.connectivity.IpConnectivityMetrics
12-12 20:52:09.527   214   214 I SystemServerTiming: OnBootPhase_480_com.android.server.net.watchlist.NetworkWatchlistService$Lifecycle
12-12 20:52:09.527   214   214 I SystemServerTiming: OnBootPhase_480_com.android.server.PinnerService
12-12 20:52:09.527   214   214 I SystemServerTiming: OnBootPhase_480_com.google.android.startop.iorap.IorapForwardingService
12-12 20:52:09.527   214   214 I SystemServerTiming: OnBootPhase_480_com.android.server.integrity.AppIntegrityManagerService
12-12 20:52:09.527   214   214 I SystemServerTiming: OnBootPhase_480_com.android.server.inputmethod.InputMethodManagerService$Lifecycle
12-12 20:52:09.527   214   214 I SystemServerTiming: OnBootPhase_480_com.android.server.accessibility.AccessibilityManagerService$Lifecycle
12-12 20:52:09.527   214   214 I SystemServerTiming: OnBootPhase_480_com.android.server.StorageManagerService$Lifecycle
12-12 20:52:09.527   214   214 I SystemServerTiming: OnBootPhase_480_com.android.server.usage.StorageStatsService$Lifecycle
12-12 20:52:09.527   214   214 I SystemServerTiming: OnBootPhase_480_com.android.server.UiModeManagerService
12-12 20:52:09.527   214   214 I SystemServerTiming: OnBootPhase_480_com.android.server.locksettings.LockSettingsService$Lifecycle
12-12 20:52:09.527   214   214 I SystemServerTiming: OnBootPhase_480_com.android.server.testharness.TestHarnessModeService
12-12 20:52:09.527   214   214 I SystemServerTiming: OnBootPhase_480_com.android.server.DeviceIdleController
12-12 20:52:09.527   214   214 I SystemServerTiming: OnBootPhase_480_com.android.server.devicepolicy.DevicePolicyManagerService$Lifecycle
12-12 20:52:09.527   214   214 I SystemServerTiming: OnBootPhase_480_com.android.server.textservices.TextServicesManagerService$Lifecycle
12-12 20:52:09.527   214   214 I SystemServerTiming: OnBootPhase_480_com.android.server.textclassifier.TextClassificationManagerService$Lifecycle
12-12 20:52:09.527   214   214 I SystemServerTiming: OnBootPhase_480_com.android.server.NetworkScoreService$Lifecycle
12-12 20:52:09.527   214   214 I SystemServerTiming: OnBootPhase_480_com.android.server.wifi.WifiService
12-12 20:52:09.527   214   214 I SystemServerTiming: OnBootPhase_480_com.android.server.wifi.scanner.WifiScanningService
12-12 20:52:09.527   214   214 I SystemServerTiming: OnBootPhase_480_com.android.server.ethernet.EthernetService
12-12 20:52:09.527   214   214 I SystemServerTiming: OnBootPhase_480_com.android.server.notification.NotificationManagerService
12-12 20:52:09.527   214   214 I SystemServerTiming: OnBootPhase_480_com.android.server.storage.DeviceStorageMonitorService
12-12 20:52:09.527   214   214 I SystemServerTiming: OnBootPhase_480_com.android.server.location.LocationManagerService$Lifecycle
12-12 20:52:09.527   214   214 I SystemServerTiming: OnBootPhase_480_com.android.server.timedetector.TimeDetectorService$Lifecycle
12-12 20:52:09.527   214   214 I SystemServerTiming: OnBootPhase_480_com.android.server.timezonedetector.TimeZoneDetectorService$Lifecycle
12-12 20:52:09.527   214   214 I SystemServerTiming: OnBootPhase_480_com.android.server.search.SearchManagerService$Lifecycle
12-12 20:52:09.528   214   214 I SystemServerTiming: OnBootPhase_480_com.android.server.audio.AudioService$Lifecycle
12-12 20:52:09.528   214   214 I SystemServerTiming: OnBootPhase_480_com.android.server.soundtrigger_middleware.SoundTriggerMiddlewareService$Lifecycle
12-12 20:52:09.528   214   214 I SystemServerTiming: OnBootPhase_480_com.android.server.DockObserver
12-12 20:52:09.528   214   214 I SystemServerTiming: OnBootPhase_480_com.android.server.adb.AdbService$Lifecycle
12-12 20:52:09.528   214   214 I SystemServerTiming: OnBootPhase_480_com.android.server.twilight.TwilightService
12-12 20:52:09.528   214   214 I SystemServerTiming: OnBootPhase_480_com.android.server.display.color.ColorDisplayService
12-12 20:52:09.528   214   214 I SystemServerTiming: OnBootPhase_480_com.android.server.job.JobSchedulerService
12-12 20:52:09.528   214   214 I SystemServerTiming: OnBootPhase_480_com.android.server.soundtrigger.SoundTriggerService
12-12 20:52:09.528   214   214 D SoundTriggerService: onBootPhase: 480 : false
12-12 20:52:09.528   214   214 I SystemServerTiming: OnBootPhase_480_com.android.server.trust.TrustManagerService
12-12 20:52:09.528   214   214 I SystemServerTiming: OnBootPhase_480_com.android.server.appwidget.AppWidgetService
12-12 20:52:09.528   214   214 I SystemServerTiming: OnBootPhase_480_com.android.server.role.RoleManagerService
12-12 20:52:09.528   214   214 I SystemServerTiming: OnBootPhase_480_com.android.server.voiceinteraction.VoiceInteractionManagerService
12-12 20:52:09.528   214   214 I SystemServerTiming: OnBootPhase_480_com.android.server.GestureLauncherService
12-12 20:52:09.528   214   214 I SystemServerTiming: OnBootPhase_480_com.android.server.SensorNotificationService
12-12 20:52:09.528   214   214 I SystemServerTiming: OnBootPhase_480_com.android.server.emergency.EmergencyAffordanceService
12-12 20:52:09.528   214   214 I SystemServerTiming: OnBootPhase_480_com.android.server.dreams.DreamManagerService
12-12 20:52:09.528   214   214 I SystemServerTiming: OnBootPhase_480_com.android.server.print.PrintManagerService
12-12 20:52:09.528   214   214 I SystemServerTiming: OnBootPhase_480_com.android.server.restrictions.RestrictionsManagerService
12-12 20:52:09.528   214   214 I SystemServerTiming: OnBootPhase_480_com.android.server.media.MediaSessionService
12-12 20:52:09.528   214   214 I SystemServerTiming: OnBootPhase_480_com.android.server.blob.BlobStoreManagerService
12-12 20:52:09.528   214   214 I SystemServerTiming: OnBootPhase_480_com.android.server.biometrics.BiometricService
12-12 20:52:09.528   214   214 I SystemServerTiming: OnBootPhase_480_com.android.server.biometrics.AuthService
12-12 20:52:09.528   214   214 I SystemServerTiming: OnBootPhase_480_com.android.server.pm.ShortcutService$Lifecycle
12-12 20:52:09.528   214   214 I SystemServerTiming: OnBootPhase_480_com.android.server.pm.LauncherAppsService
12-12 20:52:09.528   214   214 I SystemServerTiming: OnBootPhase_480_com.android.server.pm.CrossProfileAppsService
12-12 20:52:09.528   214   214 I SystemServerTiming: OnBootPhase_480_com.android.server.people.PeopleService
12-12 20:52:09.528   214   214 I SystemServerTiming: OnBootPhase_480_com.android.server.media.projection.MediaProjectionManagerService
12-12 20:52:09.528   214   214 I SystemServerTiming: OnBootPhase_480_com.android.server.slice.SliceManagerService$Lifecycle
12-12 20:52:09.528   214   214 I SystemServerTiming: OnBootPhase_480_com.android.server.camera.CameraServiceProxy
12-12 20:52:09.528   214   214 I SystemServerTiming: OnBootPhase_480_com.android.server.stats.StatsCompanion$Lifecycle
12-12 20:52:09.528   214   214 I SystemServerTiming: OnBootPhase_480_com.android.server.stats.pull.StatsPullAtomService
12-12 20:52:09.528   214   214 I SystemServerTiming: OnBootPhase_480_com.android.server.incident.IncidentCompanionService
12-12 20:52:09.528   214   214 I SystemServerTiming: OnBootPhase_480_com.android.server.MmsServiceBroker
12-12 20:52:09.528   214   214 I SystemServerTiming: OnBootPhase_480_com.android.server.autofill.AutofillManagerService
12-12 20:52:09.528   214   214 I SystemServerTiming: OnBootPhase_480_com.android.server.clipboard.ClipboardService
12-12 20:52:09.528   214   214 I SystemServerTiming: OnBootPhase_480_com.android.server.appbinding.AppBindingService$Lifecycle
12-12 20:52:09.528   214   214 I SystemServerTiming: StartBootPhaseSystemServicesReady
12-12 20:52:09.528   214   214 I SystemServiceManager: Starting phase 500
12-12 20:52:09.528   214   214 I SystemServerTiming: OnBootPhase_500
12-12 20:52:09.528   214   214 I SystemServerTiming: OnBootPhase_500_com.android.server.security.FileIntegrityService
12-12 20:52:09.528   214   214 I SystemServerTiming: OnBootPhase_500_com.android.server.pm.Installer
12-12 20:52:09.528   214   214 I SystemServerTiming: OnBootPhase_500_com.android.server.os.DeviceIdentifiersPolicyService
12-12 20:52:09.528   214   214 I SystemServerTiming: OnBootPhase_500_com.android.server.uri.UriGrantsManagerService$Lifecycle
12-12 20:52:09.528   214   214 I SystemServerTiming: OnBootPhase_500_com.android.server.wm.ActivityTaskManagerService$Lifecycle
12-12 20:52:09.528   214   214 I SystemServerTiming: OnBootPhase_500_com.android.server.am.ActivityManagerService$Lifecycle
12-12 20:52:09.529   214   214 I SystemServerTiming: OnBootPhase_500_com.android.server.pm.DataLoaderManagerService
12-12 20:52:09.529   214   214 I SystemServerTiming: OnBootPhase_500_com.android.server.power.PowerManagerService
12-12 20:52:09.529   214   214 I SystemServerTiming: OnBootPhase_500_com.android.server.power.ThermalManagerService
12-12 20:52:09.529   214   214 I SystemServerTiming: OnBootPhase_500_com.android.server.recoverysystem.RecoverySystemService$Lifecycle
12-12 20:52:09.529   214   214 I SystemServerTiming: OnBootPhase_500_com.android.server.lights.LightsService
12-12 20:52:09.529   214   214 I SystemServerTiming: OnBootPhase_500_com.android.server.display.DisplayManagerService
12-12 20:52:09.529   214   214 I SystemServerTiming: OnBootPhase_500_com.android.server.pm.UserManagerService$LifeCycle
12-12 20:52:09.529   214   214 I SystemServerTiming: OnBootPhase_500_com.android.server.om.OverlayManagerService
12-12 20:52:09.529   214   214 I SystemServerTiming: OnBootPhase_500_com.android.server.SensorPrivacyService
12-12 20:52:09.529   214   214 I SystemServerTiming: OnBootPhase_500_com.android.server.SystemConfigService
12-12 20:52:09.529   214   214 I SystemServerTiming: OnBootPhase_500_com.android.server.BatteryService
12-12 20:52:09.529   214   214 I SystemServerTiming: OnBootPhase_500_com.android.server.usage.UsageStatsService
12-12 20:52:09.529   214   214 D AppStandbyController: Setting app idle enabled state
12-12 20:52:09.530   214   214 E HistoricalRegistry: Interaction before persistence initialized
12-12 20:52:09.530   214   214 I SystemServerTiming: OnBootPhase_500_com.android.server.webkit.WebViewUpdateService
12-12 20:52:09.530   214   214 I SystemServerTiming: OnBootPhase_500_com.android.server.CachedDeviceStateService
12-12 20:52:09.530   214   214 I SystemServerTiming: OnBootPhase_500_com.android.server.BinderCallsStatsService$LifeCycle
12-12 20:52:09.531   214   214 I SystemServerTiming: OnBootPhase_500_com.android.server.LooperStatsService$Lifecycle
12-12 20:52:09.531   214   214 I SystemServerTiming: OnBootPhase_500_com.android.server.rollback.RollbackManagerService
12-12 20:52:09.531   214   214 I SystemServerTiming: OnBootPhase_500_com.android.server.os.BugreportManagerService
12-12 20:52:09.531   214   214 I SystemServerTiming: OnBootPhase_500_com.android.server.gpu.GpuService
12-12 20:52:09.531   214   214 I SystemServerTiming: OnBootPhase_500_com.android.server.security.KeyChainSystemService
12-12 20:52:09.531   214   214 I SystemServerTiming: OnBootPhase_500_com.android.server.telecom.TelecomLoaderService
12-12 20:52:09.531   214   214 I SystemServerTiming: OnBootPhase_500_com.android.server.accounts.AccountManagerService$Lifecycle
12-12 20:52:09.531   214   214 I SystemServerTiming: OnBootPhase_500_com.android.server.content.ContentService$Lifecycle
12-12 20:52:09.531   214   214 I SystemServerTiming: OnBootPhase_500_com.android.server.DropBoxManagerService
12-12 20:52:09.532   214   214 I SystemServerTiming: OnBootPhase_500_com.android.server.AlarmManagerService
12-12 20:52:09.532   214   214 I SystemServerTiming: OnBootPhase_500_com.android.server.connectivity.IpConnectivityMetrics
12-12 20:52:09.533   214   214 I SystemServerTiming: OnBootPhase_500_com.android.server.net.watchlist.NetworkWatchlistService$Lifecycle
12-12 20:52:09.533   214   214 I SystemServerTiming: OnBootPhase_500_com.android.server.PinnerService
12-12 20:52:09.533   214   214 I SystemServerTiming: OnBootPhase_500_com.google.android.startop.iorap.IorapForwardingService
12-12 20:52:09.533   214   214 I SystemServerTiming: OnBootPhase_500_com.android.server.integrity.AppIntegrityManagerService
12-12 20:52:09.533   214   214 I SystemServerTiming: OnBootPhase_500_com.android.server.inputmethod.InputMethodManagerService$Lifecycle
12-12 20:52:09.533   214   214 I SystemServerTiming: OnBootPhase_500_com.android.server.accessibility.AccessibilityManagerService$Lifecycle
12-12 20:52:09.533   214   214 I SystemServerTiming: OnBootPhase_500_com.android.server.StorageManagerService$Lifecycle
12-12 20:52:09.534   214   214 I SystemServerTiming: OnBootPhase_500_com.android.server.usage.StorageStatsService$Lifecycle
12-12 20:52:09.534   214   214 I SystemServerTiming: OnBootPhase_500_com.android.server.UiModeManagerService
12-12 20:52:09.535   214   214 I ActivityTaskManager: Config changes=200 {1.0 ?mcc?mnc [zh_CN] ldltr sw533dp w533dp h829dp 240dpi lrg port night finger qwerty/v/v -nav/h winConfig={ mBounds=Rect(0, 0 - 800, 1280) mAppBounds=Rect(0, 0 - 800, 1280) mWindowingMode=fullscreen mDisplayWindowingMode=fullscreen mActivityType=undefined mAlwaysOnTop=undefined mRotation=ROTATION_0} s.6}
12-12 20:52:09.536   214   214 I WindowManager: Override config changes=200 {1.0 ?mcc?mnc [zh_CN] ldltr sw533dp w533dp h829dp 240dpi lrg port night finger qwerty/v/v -nav/h winConfig={ mBounds=Rect(0, 0 - 800, 1280) mAppBounds=Rect(0, 0 - 800, 1280) mWindowingMode=fullscreen mDisplayWindowingMode=fullscreen mActivityType=undefined mAlwaysOnTop=undefined mRotation=ROTATION_0} s.6} for displayId=0
12-12 20:52:09.536   214   214 I SystemServerTiming: OnBootPhase_500_com.android.server.locksettings.LockSettingsService$Lifecycle
12-12 20:52:09.536   214   214 I SystemServerTiming: OnBootPhase_500_com.android.server.testharness.TestHarnessModeService
12-12 20:52:09.536   214   214 D TestHarnessModeService: Setting up test harness mode
12-12 20:52:09.536   214   214 D TestHarnessModeService: Getting PersistentDataBlockManagerInternal from LocalServices
12-12 20:52:09.536   214   214 E TestHarnessModeService: Failed to start Test Harness Mode; no implementation of PersistentDataBlockManagerInternal was bound!
12-12 20:52:09.536   214   214 I SystemServerTiming: OnBootPhase_500_com.android.server.DeviceIdleController
12-12 20:52:09.537   214   214 E HistoricalRegistry: Interaction before persistence initialized
12-12 20:52:09.537   214   214 I SystemServerTiming: OnBootPhase_500_com.android.server.devicepolicy.DevicePolicyManagerService$Lifecycle
12-12 20:52:09.537   214   214 I SystemServerTiming: OnBootPhase_500_com.android.server.textservices.TextServicesManagerService$Lifecycle
12-12 20:52:09.537   214   214 I SystemServerTiming: OnBootPhase_500_com.android.server.textclassifier.TextClassificationManagerService$Lifecycle
12-12 20:52:09.537   214   214 I SystemServerTiming: OnBootPhase_500_com.android.server.NetworkScoreService$Lifecycle
12-12 20:52:09.538   214   214 I SystemServerTiming: OnBootPhase_500_com.android.server.wifi.WifiService
12-12 20:52:09.538   214   214 I SystemServerTiming: OnBootPhase_500_com.android.server.wifi.scanner.WifiScanningService
12-12 20:52:09.538   214   214 I SystemServerTiming: OnBootPhase_500_com.android.server.ethernet.EthernetService
12-12 20:52:09.540   214   296 D ConnectivityService: Got NetworkProvider Messenger for Ethernet
12-12 20:52:09.540   214   326 I chatty  : uid=1000(system) EthernetService expire 7 lines
12-12 20:52:09.540   214   214 I SystemServerTiming: OnBootPhase_500_com.android.server.notification.NotificationManagerService
12-12 20:52:09.542   214   214 I SystemServerTiming: OnBootPhase_500_com.android.server.storage.DeviceStorageMonitorService
12-12 20:52:09.542   214   214 I SystemServerTiming: OnBootPhase_500_com.android.server.location.LocationManagerService$Lifecycle
12-12 20:52:09.542   214   292 I chatty  : uid=1000(system) WifiHandlerThre expire 111 lines
12-12 20:52:09.542   214   214 E HistoricalRegistry: Interaction before persistence initialized
12-12 20:52:09.543   214   214 I SystemServerTiming: OnBootPhase_500_com.android.server.timedetector.TimeDetectorService$Lifecycle
12-12 20:52:09.543   214   214 I SystemServerTiming: OnBootPhase_500_com.android.server.timezonedetector.TimeZoneDetectorService$Lifecycle
12-12 20:52:09.543   214   214 I SystemServerTiming: OnBootPhase_500_com.android.server.search.SearchManagerService$Lifecycle
12-12 20:52:09.543   214   214 I SystemServerTiming: OnBootPhase_500_com.android.server.audio.AudioService$Lifecycle
12-12 20:52:09.543   214   214 I SystemServerTiming: OnBootPhase_500_com.android.server.soundtrigger_middleware.SoundTriggerMiddlewareService$Lifecycle
12-12 20:52:09.543   214   214 I SystemServerTiming: OnBootPhase_500_com.android.server.DockObserver
12-12 20:52:09.543   214   214 I SystemServerTiming: OnBootPhase_500_com.android.server.adb.AdbService$Lifecycle
12-12 20:52:09.543   214   214 I SystemServerTiming: OnBootPhase_500_com.android.server.twilight.TwilightService
12-12 20:52:09.543   214   214 I SystemServerTiming: OnBootPhase_500_com.android.server.display.color.ColorDisplayService
12-12 20:52:09.543   214   214 I SystemServerTiming: OnBootPhase_500_com.android.server.job.JobSchedulerService
12-12 20:52:09.543   214   214 E HistoricalRegistry: Interaction before persistence initialized
