12-12 20:52:09.544   214   214 I SystemServerTiming: OnBootPhase_500_com.android.server.soundtrigger.SoundTriggerService
12-12 20:52:09.544   214   214 D SoundTriggerService: onBootPhase: 500 : false
12-12 20:52:09.544   214   214 I SystemServerTiming: OnBootPhase_500_com.android.server.trust.TrustManagerService
12-12 20:52:09.544   214   214 I SystemServerTiming: OnBootPhase_500_com.android.server.appwidget.AppWidgetService
12-12 20:52:09.544   214   214 I SystemServerTiming: OnBootPhase_500_com.android.server.role.RoleManagerService
12-12 20:52:09.544   214   214 I SystemServerTiming: OnBootPhase_500_com.android.server.voiceinteraction.VoiceInteractionManagerService
12-12 20:52:09.544   214   214 I SystemServerTiming: OnBootPhase_500_com.android.server.GestureLauncherService
12-12 20:52:09.544   214   214 I SystemServerTiming: OnBootPhase_500_com.android.server.SensorNotificationService
12-12 20:52:09.544   214   214 I SystemServerTiming: OnBootPhase_500_com.android.server.emergency.EmergencyAffordanceService
12-12 20:52:09.544   214   214 I SystemServerTiming: OnBootPhase_500_com.android.server.dreams.DreamManagerService
12-12 20:52:09.544   214   214 I SystemServerTiming: OnBootPhase_500_com.android.server.print.PrintManagerService
12-12 20:52:09.544   214   214 I SystemServerTiming: OnBootPhase_500_com.android.server.restrictions.RestrictionsManagerService
12-12 20:52:09.544   214   214 I SystemServerTiming: OnBootPhase_500_com.android.server.media.MediaSessionService
12-12 20:52:09.544   214   214 I SystemServerTiming: OnBootPhase_500_com.android.server.blob.BlobStoreManagerService
12-12 20:52:09.544   214   214 I SystemServerTiming: OnBootPhase_500_com.android.server.biometrics.BiometricService
12-12 20:52:09.544   214   214 I SystemServerTiming: OnBootPhase_500_com.android.server.biometrics.AuthService
12-12 20:52:09.544   214   214 I SystemServerTiming: OnBootPhase_500_com.android.server.pm.ShortcutService$Lifecycle
12-12 20:52:09.544   214   214 I SystemServerTiming: OnBootPhase_500_com.android.server.pm.LauncherAppsService
12-12 20:52:09.544   214   214 I SystemServerTiming: OnBootPhase_500_com.android.server.pm.CrossProfileAppsService
12-12 20:52:09.544   214   214 I SystemServerTiming: OnBootPhase_500_com.android.server.people.PeopleService
12-12 20:52:09.544   214   214 I SystemServerTiming: OnBootPhase_500_com.android.server.media.projection.MediaProjectionManagerService
12-12 20:52:09.544   214   214 I SystemServerTiming: OnBootPhase_500_com.android.server.slice.SliceManagerService$Lifecycle
12-12 20:52:09.544   214   214 I SystemServerTiming: OnBootPhase_500_com.android.server.camera.CameraServiceProxy
12-12 20:52:09.544   214   214 I SystemServerTiming: OnBootPhase_500_com.android.server.stats.StatsCompanion$Lifecycle
12-12 20:52:09.544   214   214 I SystemServerTiming: OnBootPhase_500_com.android.server.stats.pull.StatsPullAtomService
12-12 20:52:09.544   214   214 I SystemServerTiming: OnBootPhase_500_com.android.server.incident.IncidentCompanionService
12-12 20:52:09.544   214   214 I SystemServerTiming: OnBootPhase_500_com.android.server.MmsServiceBroker
12-12 20:52:09.544   214   214 I SystemServerTiming: OnBootPhase_500_com.android.server.autofill.AutofillManagerService
12-12 20:52:09.544   214   214 I SystemServerTiming: OnBootPhase_500_com.android.server.clipboard.ClipboardService
12-12 20:52:09.544   214   214 I SystemServerTiming: OnBootPhase_500_com.android.server.appbinding.AppBindingService$Lifecycle
12-12 20:52:09.544   214   214 I SystemServerTiming: MakeWindowManagerServiceReady
12-12 20:52:09.545   214   214 I SystemServerTiming: MakePowerManagerServiceReady
12-12 20:52:09.546   214   242 E KernelCpuThreadReader: Failed to initialize KernelCpuThreadReader
12-12 20:52:09.546   214   242 E KernelCpuThreadReader: java.nio.file.NoSuchFileException: /proc/self/time_in_state
12-12 20:52:09.546   214   242 E KernelCpuThreadReader: 	at sun.nio.fs.UnixFileSystemProvider.newByteChannel(UnixFileSystemProvider.java:214)
12-12 20:52:09.546   214   242 E KernelCpuThreadReader: 	at java.nio.file.Files.newByteChannel(Files.java:361)
12-12 20:52:09.546   214   242 E KernelCpuThreadReader: 	at java.nio.file.Files.newByteChannel(Files.java:407)
12-12 20:52:09.546   214   242 E KernelCpuThreadReader: 	at java.nio.file.Files.readAllBytes(Files.java:3152)
12-12 20:52:09.546   214   242 E KernelCpuThreadReader: 	at com.android.internal.os.ProcTimeInStateReader.initializeTimeInStateFormat(ProcTimeInStateReader.java:163)
12-12 20:52:09.546   214   242 E KernelCpuThreadReader: 	at com.android.internal.os.ProcTimeInStateReader.<init>(ProcTimeInStateReader.java:110)
12-12 20:52:09.546   214   242 E KernelCpuThreadReader: 	at com.android.internal.os.KernelCpuThreadReader.<init>(KernelCpuThreadReader.java:138)
12-12 20:52:09.546   214   242 E KernelCpuThreadReader: 	at com.android.internal.os.KernelCpuThreadReader.create(KernelCpuThreadReader.java:151)
12-12 20:52:09.546   214   242 E KernelCpuThreadReader: 	at com.android.internal.os.KernelCpuThreadReaderSettingsObserver.<init>(KernelCpuThreadReaderSettingsObserver.java:95)
12-12 20:52:09.546   214   242 E KernelCpuThreadReader: 	at com.android.internal.os.KernelCpuThreadReaderSettingsObserver.getSettingsModifiedReader(KernelCpuThreadReaderSettingsObserver.java:80)
12-12 20:52:09.546   214   242 E KernelCpuThreadReader: 	at com.android.server.stats.pull.StatsPullAtomService.initializePullersState(StatsPullAtomService.java:729)
12-12 20:52:09.546   214   242 E KernelCpuThreadReader: 	at com.android.server.stats.pull.StatsPullAtomService.lambda$onBootPhase$0$StatsPullAtomService(StatsPullAtomService.java:676)
12-12 20:52:09.546   214   242 E KernelCpuThreadReader: 	at com.android.server.stats.pull.-$$Lambda$StatsPullAtomService$DD__7RQZDPvJeL9pnb_7J1voUNE.run(Unknown Source:2)
12-12 20:52:09.546   214   242 E KernelCpuThreadReader: 	at android.os.Handler.handleCallback(Handler.java:938)
12-12 20:52:09.546   214   242 E KernelCpuThreadReader: 	at android.os.Handler.dispatchMessage(Handler.java:99)
12-12 20:52:09.546   214   242 E KernelCpuThreadReader: 	at android.os.Looper.loop(Looper.java:223)
12-12 20:52:09.546   214   242 E KernelCpuThreadReader: 	at android.os.HandlerThread.run(HandlerThread.java:67)
12-12 20:52:09.547   214   242 I chatty  : uid=1000(system) android.bg expire 16 lines
12-12 20:52:09.547   214   214 E DisplayPowerController: failed to set up display white-balance: java.lang.IllegalStateException: cannot find light sensor
12-12 20:52:09.547   214   242 I HealthServiceWrapper: health: HealthServiceWrapper listening to instance default
12-12 20:52:09.548   214   234 I chatty  : uid=1000(system) android.fg expire 34 lines
12-12 20:52:09.548   214   242 D StatsPullAtomService: Registering pullers with statsd
12-12 20:52:09.548    88    88 I power-service.windows: Power isBoostSupported: 0
12-12 20:52:09.548   214   331 I chatty  : uid=1000(system) HealthServiceHw expire 1 line
12-12 20:52:09.549   214   296 D ConnectivityService: NetReassign [no changes]
12-12 20:52:09.549   214   242 I StatsPullAtomService: register thermal listener successfully
12-12 20:52:09.549   214   249 W KernelCpuProcStringReader: File not found. It's normal if not implemented: /proc/uid_concurrent_policy_time
12-12 20:52:09.549   214   249 E KernelCpuSpeedReader: Failed to read cpu-freq: /sys/devices/system/cpu/cpu0/cpufreq/stats/time_in_state: open failed: ENOENT (No such file or directory)
12-12 20:52:09.550   139   139 I wificond: create scanner for interface with index: 14
12-12 20:52:09.550   139   139 I wificond: subscribe scan result for interface with index: 14
12-12 20:52:09.551   214   214 I SystemServerTiming: StartPermissionPolicyService
12-12 20:52:09.551   214   214 I SystemServiceManager: Starting com.android.server.policy.PermissionPolicyService
12-12 20:52:09.551   214   235 I chatty  : uid=1000(system) android.ui expire 12 lines
12-12 20:52:09.552   214   252 W KeyguardServiceDelegate: onScreenTurningOn(): no keyguard service!
12-12 20:52:09.552   214   252 V DisplayPowerController: Brightness [0.39763778] reason changing to: 'override', previous reason: '0'.
12-12 20:52:09.552   214   214 I SystemServerTiming: MakePackageManagerServiceReady
12-12 20:52:09.552    88    88 I power-service.windows: Power isModeSupported: 9
12-12 20:52:09.553   214   295 I chatty  : uid=1000(system) WifiScanningSer expire 6 lines
12-12 20:52:09.553   214   214 I PackageManager: Permission ownership changed. Updating all permissions.
12-12 20:52:09.559   214   333 I chatty  : uid=1000(system) RenderThread expire 18 lines
12-12 20:52:09.563   214   214 V UserDataPreparer: Found /data/user_de/0 with serial number 0
12-12 20:52:09.563   214   214 V UserDataPreparer: Found /data/user/0 with serial number 0
12-12 20:52:09.563   214   214 V UserDataPreparer: Found /data/system_de/0 with serial number 0
12-12 20:52:09.563   214   214 V UserDataPreparer: Found /data/system_ce/0 with serial number 0
12-12 20:52:09.563   214   214 V UserDataPreparer: Found /data/misc_ce/0 with serial number 0
12-12 20:52:09.564   214   214 I SystemServerTiming: MakeDisplayManagerServiceReady
12-12 20:52:09.565   214   237 E DisplayModeDirector: Asked about unknown display, returning empty display mode specs!(id=0)
12-12 20:52:09.565   214   237 E DisplayModeDirector: Asked about unknown display, returning empty display mode specs!(id=0)
12-12 20:52:09.566   214   214 I SystemServerTiming: StartDeviceSpecificServices
12-12 20:52:09.566   214   214 I SystemServerTiming: StartDeviceSpecificServices com.microsoft.windows.service.SystemServerService
12-12 20:52:09.581   214   214 I SystemServiceManager: Starting com.microsoft.windows.service.SystemServerService
12-12 20:52:09.581   214   214 I SystemServerTiming: StartBootPhaseDeviceSpecificServicesReady
12-12 20:52:09.581   214   214 I SystemServiceManager: Starting phase 520
12-12 20:52:09.581   214   214 I SystemServerTiming: OnBootPhase_520
12-12 20:52:09.582   214   214 I SystemServerTiming: OnBootPhase_520_com.android.server.security.FileIntegrityService
12-12 20:52:09.582   214   214 I SystemServerTiming: OnBootPhase_520_com.android.server.pm.Installer
12-12 20:52:09.582   214   214 I SystemServerTiming: OnBootPhase_520_com.android.server.os.DeviceIdentifiersPolicyService
12-12 20:52:09.582   214   214 I SystemServerTiming: OnBootPhase_520_com.android.server.uri.UriGrantsManagerService$Lifecycle
12-12 20:52:09.582   214   214 I SystemServerTiming: OnBootPhase_520_com.android.server.wm.ActivityTaskManagerService$Lifecycle
12-12 20:52:09.582   214   214 I SystemServerTiming: OnBootPhase_520_com.android.server.am.ActivityManagerService$Lifecycle
12-12 20:52:09.582   214   214 I SystemServerTiming: OnBootPhase_520_com.android.server.pm.DataLoaderManagerService
12-12 20:52:09.582   214   214 I SystemServerTiming: OnBootPhase_520_com.android.server.power.PowerManagerService
12-12 20:52:09.582   214   214 I SystemServerTiming: OnBootPhase_520_com.android.server.power.ThermalManagerService
12-12 20:52:09.582   214   214 I SystemServerTiming: OnBootPhase_520_com.android.server.recoverysystem.RecoverySystemService$Lifecycle
12-12 20:52:09.582   214   214 I SystemServerTiming: OnBootPhase_520_com.android.server.lights.LightsService
12-12 20:52:09.582   214   214 I SystemServerTiming: OnBootPhase_520_com.android.server.display.DisplayManagerService
12-12 20:52:09.582   214   214 I SystemServerTiming: OnBootPhase_520_com.android.server.pm.UserManagerService$LifeCycle
12-12 20:52:09.582   214   214 I SystemServerTiming: OnBootPhase_520_com.android.server.om.OverlayManagerService
12-12 20:52:09.582   214   214 I SystemServerTiming: OnBootPhase_520_com.android.server.SensorPrivacyService
12-12 20:52:09.582   214   214 I SystemServerTiming: OnBootPhase_520_com.android.server.SystemConfigService
12-12 20:52:09.582   214   214 I SystemServerTiming: OnBootPhase_520_com.android.server.BatteryService
12-12 20:52:09.582   214   214 I SystemServerTiming: OnBootPhase_520_com.android.server.usage.UsageStatsService
12-12 20:52:09.582   214   214 I SystemServerTiming: OnBootPhase_520_com.android.server.webkit.WebViewUpdateService
12-12 20:52:09.582   214   214 I SystemServerTiming: OnBootPhase_520_com.android.server.CachedDeviceStateService
12-12 20:52:09.582   214   214 I SystemServerTiming: OnBootPhase_520_com.android.server.BinderCallsStatsService$LifeCycle
12-12 20:52:09.582   214   214 I SystemServerTiming: OnBootPhase_520_com.android.server.LooperStatsService$Lifecycle
12-12 20:52:09.582   214   214 I SystemServerTiming: OnBootPhase_520_com.android.server.rollback.RollbackManagerService
12-12 20:52:09.582   214   214 I SystemServerTiming: OnBootPhase_520_com.android.server.os.BugreportManagerService
12-12 20:52:09.582   214   214 I SystemServerTiming: OnBootPhase_520_com.android.server.gpu.GpuService
12-12 20:52:09.582   214   214 I SystemServerTiming: OnBootPhase_520_com.android.server.security.KeyChainSystemService
12-12 20:52:09.582   214   214 I SystemServerTiming: OnBootPhase_520_com.android.server.telecom.TelecomLoaderService
12-12 20:52:09.582   214   214 I SystemServerTiming: OnBootPhase_520_com.android.server.accounts.AccountManagerService$Lifecycle
12-12 20:52:09.582   214   214 I SystemServerTiming: OnBootPhase_520_com.android.server.content.ContentService$Lifecycle
12-12 20:52:09.582   214   214 I SystemServerTiming: OnBootPhase_520_com.android.server.DropBoxManagerService
12-12 20:52:09.582   214   214 I SystemServerTiming: OnBootPhase_520_com.android.server.AlarmManagerService
12-12 20:52:09.582   214   214 I SystemServerTiming: OnBootPhase_520_com.android.server.connectivity.IpConnectivityMetrics
12-12 20:52:09.582   214   214 I SystemServerTiming: OnBootPhase_520_com.android.server.net.watchlist.NetworkWatchlistService$Lifecycle
12-12 20:52:09.582   214   214 I SystemServerTiming: OnBootPhase_520_com.android.server.PinnerService
12-12 20:52:09.582   214   214 I SystemServerTiming: OnBootPhase_520_com.google.android.startop.iorap.IorapForwardingService
12-12 20:52:09.582   214   214 I SystemServerTiming: OnBootPhase_520_com.android.server.integrity.AppIntegrityManagerService
12-12 20:52:09.582   214   214 I SystemServerTiming: OnBootPhase_520_com.android.server.inputmethod.InputMethodManagerService$Lifecycle
12-12 20:52:09.582   214   214 I SystemServerTiming: OnBootPhase_520_com.android.server.accessibility.AccessibilityManagerService$Lifecycle
12-12 20:52:09.582   214   214 I SystemServerTiming: OnBootPhase_520_com.android.server.StorageManagerService$Lifecycle
12-12 20:52:09.582   214   214 I SystemServerTiming: OnBootPhase_520_com.android.server.usage.StorageStatsService$Lifecycle
12-12 20:52:09.582   214   214 I SystemServerTiming: OnBootPhase_520_com.android.server.UiModeManagerService
12-12 20:52:09.582   214   214 I SystemServerTiming: OnBootPhase_520_com.android.server.locksettings.LockSettingsService$Lifecycle
12-12 20:52:09.582   214   214 I SystemServerTiming: OnBootPhase_520_com.android.server.testharness.TestHarnessModeService
12-12 20:52:09.582   214   214 I SystemServerTiming: OnBootPhase_520_com.android.server.DeviceIdleController
12-12 20:52:09.582   214   214 I SystemServerTiming: OnBootPhase_520_com.android.server.devicepolicy.DevicePolicyManagerService$Lifecycle
12-12 20:52:09.582   214   214 I SystemServerTiming: OnBootPhase_520_com.android.server.textservices.TextServicesManagerService$Lifecycle
12-12 20:52:09.582   214   214 I SystemServerTiming: OnBootPhase_520_com.android.server.textclassifier.TextClassificationManagerService$Lifecycle
12-12 20:52:09.582   214   214 I SystemServerTiming: OnBootPhase_520_com.android.server.NetworkScoreService$Lifecycle
12-12 20:52:09.582   214   214 I SystemServerTiming: OnBootPhase_520_com.android.server.wifi.WifiService
12-12 20:52:09.582   214   214 I SystemServerTiming: OnBootPhase_520_com.android.server.wifi.scanner.WifiScanningService
12-12 20:52:09.582   214   214 I SystemServerTiming: OnBootPhase_520_com.android.server.ethernet.EthernetService
12-12 20:52:09.582   214   214 I SystemServerTiming: OnBootPhase_520_com.android.server.notification.NotificationManagerService
12-12 20:52:09.582   214   214 I SystemServerTiming: OnBootPhase_520_com.android.server.storage.DeviceStorageMonitorService
12-12 20:52:09.582   214   214 I SystemServerTiming: OnBootPhase_520_com.android.server.location.LocationManagerService$Lifecycle
12-12 20:52:09.582   214   214 I SystemServerTiming: OnBootPhase_520_com.android.server.timedetector.TimeDetectorService$Lifecycle
12-12 20:52:09.582   214   214 I SystemServerTiming: OnBootPhase_520_com.android.server.timezonedetector.TimeZoneDetectorService$Lifecycle
12-12 20:52:09.582   214   214 I SystemServerTiming: OnBootPhase_520_com.android.server.search.SearchManagerService$Lifecycle
12-12 20:52:09.582   214   214 I SystemServerTiming: OnBootPhase_520_com.android.server.audio.AudioService$Lifecycle
12-12 20:52:09.582   214   214 I SystemServerTiming: OnBootPhase_520_com.android.server.soundtrigger_middleware.SoundTriggerMiddlewareService$Lifecycle
12-12 20:52:09.582   214   214 I SystemServerTiming: OnBootPhase_520_com.android.server.DockObserver
12-12 20:52:09.582   214   214 I SystemServerTiming: OnBootPhase_520_com.android.server.adb.AdbService$Lifecycle
12-12 20:52:09.582   214   214 I SystemServerTiming: OnBootPhase_520_com.android.server.twilight.TwilightService
12-12 20:52:09.582   214   214 I SystemServerTiming: OnBootPhase_520_com.android.server.display.color.ColorDisplayService
12-12 20:52:09.582   214   214 I SystemServerTiming: OnBootPhase_520_com.android.server.job.JobSchedulerService
12-12 20:52:09.582   214   214 I SystemServerTiming: OnBootPhase_520_com.android.server.soundtrigger.SoundTriggerService
12-12 20:52:09.582   214   214 D SoundTriggerService: onBootPhase: 520 : false
12-12 20:52:09.582   214   214 W SoundTriggerHelper: listModules status=0, # of modules=0
12-12 20:52:09.582   214   214 I SystemServerTiming: OnBootPhase_520_com.android.server.trust.TrustManagerService
12-12 20:52:09.582   214   214 I SystemServerTiming: OnBootPhase_520_com.android.server.appwidget.AppWidgetService
12-12 20:52:09.582   214   214 I SystemServerTiming: OnBootPhase_520_com.android.server.role.RoleManagerService
12-12 20:52:09.582   214   214 I SystemServerTiming: OnBootPhase_520_com.android.server.voiceinteraction.VoiceInteractionManagerService
12-12 20:52:09.582   214   214 I SystemServerTiming: OnBootPhase_520_com.android.server.GestureLauncherService
12-12 20:52:09.583   214   214 I SystemServerTiming: OnBootPhase_520_com.android.server.SensorNotificationService
12-12 20:52:09.583   214   214 I SystemServerTiming: OnBootPhase_520_com.android.server.emergency.EmergencyAffordanceService
12-12 20:52:09.583   214   214 I SystemServerTiming: OnBootPhase_520_com.android.server.dreams.DreamManagerService
12-12 20:52:09.583   214   214 I SystemServerTiming: OnBootPhase_520_com.android.server.print.PrintManagerService
12-12 20:52:09.583   214   214 I SystemServerTiming: OnBootPhase_520_com.android.server.restrictions.RestrictionsManagerService
12-12 20:52:09.583   214   214 I SystemServerTiming: OnBootPhase_520_com.android.server.media.MediaSessionService
12-12 20:52:09.583   214   214 I SystemServerTiming: OnBootPhase_520_com.android.server.blob.BlobStoreManagerService
12-12 20:52:09.583   214   214 I SystemServerTiming: OnBootPhase_520_com.android.server.biometrics.BiometricService
12-12 20:52:09.583   214   214 I SystemServerTiming: OnBootPhase_520_com.android.server.biometrics.AuthService
12-12 20:52:09.583   214   214 I SystemServerTiming: OnBootPhase_520_com.android.server.pm.ShortcutService$Lifecycle
12-12 20:52:09.583   214   214 I SystemServerTiming: OnBootPhase_520_com.android.server.pm.LauncherAppsService
12-12 20:52:09.583   214   214 I SystemServerTiming: OnBootPhase_520_com.android.server.pm.CrossProfileAppsService
12-12 20:52:09.583   214   214 I SystemServerTiming: OnBootPhase_520_com.android.server.people.PeopleService
12-12 20:52:09.583   214   214 I SystemServerTiming: OnBootPhase_520_com.android.server.media.projection.MediaProjectionManagerService
12-12 20:52:09.583   214   214 I SystemServerTiming: OnBootPhase_520_com.android.server.slice.SliceManagerService$Lifecycle
12-12 20:52:09.583   214   214 I SystemServerTiming: OnBootPhase_520_com.android.server.camera.CameraServiceProxy
12-12 20:52:09.583   214   214 I SystemServerTiming: OnBootPhase_520_com.android.server.stats.StatsCompanion$Lifecycle
12-12 20:52:09.583   214   214 I SystemServerTiming: OnBootPhase_520_com.android.server.stats.pull.StatsPullAtomService
12-12 20:52:09.583   214   214 I SystemServerTiming: OnBootPhase_520_com.android.server.incident.IncidentCompanionService
12-12 20:52:09.583   214   214 I SystemServerTiming: OnBootPhase_520_com.android.server.MmsServiceBroker
12-12 20:52:09.583   214   214 I SystemServerTiming: OnBootPhase_520_com.android.server.autofill.AutofillManagerService
12-12 20:52:09.583   214   214 I SystemServerTiming: OnBootPhase_520_com.android.server.clipboard.ClipboardService
12-12 20:52:09.583   214   214 I SystemServerTiming: OnBootPhase_520_com.android.server.appbinding.AppBindingService$Lifecycle
12-12 20:52:09.583   214   214 I SystemServerTiming: OnBootPhase_520_com.android.server.policy.PermissionPolicyService
12-12 20:52:09.583   214   214 I SystemServerTiming: OnBootPhase_520_com.android.server.pm.StagingManager$Lifecycle
12-12 20:52:09.583   214   214 I SystemServerTiming: OnBootPhase_520_com.microsoft.windows.service.SystemServerService
12-12 20:52:09.583   214   214 V SystemServerService: PHASE_DEVICE_SPECIFIC_SERVICES_READY
12-12 20:52:09.583   214   214 I SystemServerTiming: PhaseActivityManagerReady
12-12 20:52:09.583   214   214 I SystemServerTiming: controllersReady
12-12 20:52:09.584   214   336 I chatty  : uid=1000(system) Binder:214_3 expire 19 lines
12-12 20:52:09.585   214   340 I SystemServerTimingAsync: InitThreadPoolExec:Update app-ops uidState in case package com.eivaagames.RealChess3D.dbzq.m changed
12-12 20:52:09.585    67    67 I statsd  : Statsd starts to listen to socket.
12-12 20:52:09.585   214   341 I SystemServerTimingAsync: InitThreadPoolExec:Update app-ops uidState in case package com.android.providers.media.module changed
12-12 20:52:09.585   214   342 I SystemServerTimingAsync: InitThreadPoolExec:Update app-ops uidState in case package com.android.systemui changed
12-12 20:52:09.585   214   344 I SystemServerTimingAsync: InitThreadPoolExec:Update app-ops uidState in case package com.microsoft.windows.userapp changed
12-12 20:52:09.585   214   345 I SystemServerTimingAsync: InitThreadPoolExec:Update app-ops uidState in case package com.google.android.accessibility.talkback changed
12-12 20:52:09.585   214   346 I SystemServerTimingAsync: InitThreadPoolExec:Update app-ops uidState in case package com.amazon.venezia changed
12-12 20:52:09.585   214   347 I SystemServerTimingAsync: InitThreadPoolExec:Update app-ops uidState in case package com.amazon.device.messaging changed
12-12 20:52:09.586   214   241 I SystemServerTimingAsync: InitThreadPoolExec:Update app-ops uidState in case package com.android.providers.contacts changed
12-12 20:52:09.586   214   264 I SystemServerTimingAsync: InitThreadPoolExec:Update app-ops uidState in case package com.android.providers.media changed
12-12 20:52:09.586   214   349 I SystemServerTimingAsync: InitThreadPoolExec:Update app-ops uidState in case package com.android.providers.calendar changed
12-12 20:52:09.586   214   262 I SystemServerTimingAsync: InitThreadPoolExec:Update app-ops uidState in case package com.android.providers.downloads changed
12-12 20:52:09.586   214   270 I SystemServerTimingAsync: InitThreadPoolExec:Update app-ops uidState in case package com.android.providers.downloads.ui changed
12-12 20:52:09.586   214   340 I SystemServerTimingAsync: InitThreadPoolExec:Update app-ops uidState in case package android changed
12-12 20:52:09.586   214   341 I SystemServerTimingAsync: InitThreadPoolExec:Update app-ops uidState in case package com.android.location.fused changed
12-12 20:52:09.586   214   269 I SystemServerTimingAsync: InitThreadPoolExec:Update app-ops uidState in case package com.android.wallpaperbackup changed
12-12 20:52:09.586   214   284 I SystemServerTimingAsync: InitThreadPoolExec:Update app-ops uidState in case package com.android.dynsystem changed
12-12 20:52:09.586   214   277 I SystemServerTimingAsync: InitThreadPoolExec:Update app-ops uidState in case package com.microsoft.windows.systemapp changed
12-12 20:52:09.586   214   262 I SystemServerTimingAsync: InitThreadPoolExec:Update app-ops uidState in case package com.android.settings changed
12-12 20:52:09.586   214   214 I SystemServerTiming: killProcesses
12-12 20:52:09.586   214   214 I ActivityManager: System now ready
12-12 20:52:09.586   214   214 I SystemServerTiming: updateTopComponentForFactoryTest
12-12 20:52:09.586   214   214 I SystemServerTiming: registerActivityLaunchObserver
12-12 20:52:09.586   214   214 I SystemServerTiming: watchDeviceProvisioning
12-12 20:52:09.589   214   243 D CompatibilityChangeReporter: Compat change id reported: 135634846; UID 1000; state: DISABLED
12-12 20:52:09.592    69    69 D Zygote  : Forked child process 352
12-12 20:52:09.593   214   214 I SystemServerTiming: retrieveSettings
12-12 20:52:09.593   214   244 I ActivityManager: Start proc 352:com.android.settings/1000 for broadcast {com.android.settings/com.android.settings.fuelgauge.batterytip.AnomalyConfigReceiver}
12-12 20:52:09.594   214   214 I ActivityTaskManager: Config changes=100 {1.0 ?mcc?mnc [zh_CN] ldltr sw533dp w533dp h829dp 240dpi lrg port night finger qwerty/v/v -nav/h winConfig={ mBounds=Rect(0, 0 - 800, 1280) mAppBounds=Rect(0, 0 - 800, 1280) mWindowingMode=fullscreen mDisplayWindowingMode=fullscreen mActivityType=undefined mAlwaysOnTop=undefined mRotation=ROTATION_0} s.8}
12-12 20:52:09.595   214   214 I WindowManager: Override config changes=100 {1.0 ?mcc?mnc [zh_CN] ldltr sw533dp w533dp h829dp 240dpi lrg port night finger qwerty/v/v -nav/h winConfig={ mBounds=Rect(0, 0 - 800, 1280) mAppBounds=Rect(0, 0 - 800, 1280) mWindowingMode=fullscreen mDisplayWindowingMode=fullscreen mActivityType=undefined mAlwaysOnTop=undefined mRotation=ROTATION_0} s.8} for displayId=0
12-12 20:52:09.595   214   214 V WindowManager: Orientation start waiting for draw, mDrawState=DRAW_PENDING in Window{679efcc u0 PointerLocation - display 0}, surfaceController Surface(name=PointerLocation - display 0)/@0x70cb6aa
12-12 20:52:09.595   352   352 I chatty  : uid=1000(system) com.android.settings expire 49 lines
12-12 20:52:09.596   214   214 I SystemServerTiming: Ugm.onSystemReady
12-12 20:52:09.596   214   214 I SystemServerTiming: updateForceBackgroundCheck
12-12 20:52:09.596   214   214 I SystemServer: Making services ready
12-12 20:52:09.596   214   214 I SystemServerTiming: StartActivityManagerReadyPhase
12-12 20:52:09.596   214   214 I SystemServiceManager: Starting phase 550
12-12 20:52:09.596   214   214 I SystemServerTiming: OnBootPhase_550
12-12 20:52:09.596   214   214 I SystemServerTiming: OnBootPhase_550_com.android.server.security.FileIntegrityService
12-12 20:52:09.596   214   214 I SystemServerTiming: OnBootPhase_550_com.android.server.pm.Installer
12-12 20:52:09.596   214   214 I SystemServerTiming: OnBootPhase_550_com.android.server.os.DeviceIdentifiersPolicyService
12-12 20:52:09.596   214   214 I SystemServerTiming: OnBootPhase_550_com.android.server.uri.UriGrantsManagerService$Lifecycle
12-12 20:52:09.596   214   214 I SystemServerTiming: OnBootPhase_550_com.android.server.wm.ActivityTaskManagerService$Lifecycle
12-12 20:52:09.596   214   214 I SystemServerTiming: OnBootPhase_550_com.android.server.am.ActivityManagerService$Lifecycle
12-12 20:52:09.597   214   214 I SystemServerTiming: OnBootPhase_550_com.android.server.pm.DataLoaderManagerService
12-12 20:52:09.597   214   214 I SystemServerTiming: OnBootPhase_550_com.android.server.power.PowerManagerService
12-12 20:52:09.597   214   214 I SystemServerTiming: OnBootPhase_550_com.android.server.power.ThermalManagerService
12-12 20:52:09.597   214   214 E ThermalHalWrapper: Thermal HAL 2.0 service not connected.
12-12 20:52:09.598   214   214 E ThermalHalWrapper: Thermal HAL 1.1 service not connected.
12-12 20:52:09.598   214   214 E ThermalHalWrapper: Thermal HAL 1.0 service not connected.
12-12 20:52:09.598   214   214 W ThermalManagerService: No Thermal HAL service on this device
12-12 20:52:09.598   214   214 I SystemServerTiming: OnBootPhase_550_com.android.server.recoverysystem.RecoverySystemService$Lifecycle
12-12 20:52:09.598   214   214 I SystemServerTiming: OnBootPhase_550_com.android.server.lights.LightsService
12-12 20:52:09.598   214   214 I SystemServerTiming: OnBootPhase_550_com.android.server.display.DisplayManagerService
12-12 20:52:09.598   214   214 I SystemServerTiming: OnBootPhase_550_com.android.server.pm.UserManagerService$LifeCycle
12-12 20:52:09.598   214   214 I SystemServerTiming: OnBootPhase_550_com.android.server.om.OverlayManagerService
12-12 20:52:09.598   214   214 I SystemServerTiming: OnBootPhase_550_com.android.server.SensorPrivacyService
12-12 20:52:09.598   214   214 I SystemServerTiming: OnBootPhase_550_com.android.server.SystemConfigService
12-12 20:52:09.598   214   214 I SystemServerTiming: OnBootPhase_550_com.android.server.BatteryService
12-12 20:52:09.598   214   214 I SystemServerTiming: OnBootPhase_550_com.android.server.usage.UsageStatsService
12-12 20:52:09.598   214   214 I SystemServerTiming: OnBootPhase_550_com.android.server.webkit.WebViewUpdateService
12-12 20:52:09.598   214   214 I SystemServerTiming: OnBootPhase_550_com.android.server.CachedDeviceStateService
12-12 20:52:09.598   214   214 I SystemServerTiming: OnBootPhase_550_com.android.server.BinderCallsStatsService$LifeCycle
12-12 20:52:09.598   214   214 I SystemServerTiming: OnBootPhase_550_com.android.server.LooperStatsService$Lifecycle
12-12 20:52:09.598   214   214 I SystemServerTiming: OnBootPhase_550_com.android.server.rollback.RollbackManagerService
12-12 20:52:09.598   214   214 I SystemServerTiming: OnBootPhase_550_com.android.server.os.BugreportManagerService
12-12 20:52:09.598   214   214 I SystemServerTiming: OnBootPhase_550_com.android.server.gpu.GpuService
12-12 20:52:09.598   214   214 I SystemServerTiming: OnBootPhase_550_com.android.server.security.KeyChainSystemService
12-12 20:52:09.598   214   214 I SystemServerTiming: OnBootPhase_550_com.android.server.telecom.TelecomLoaderService
12-12 20:52:09.599   214   214 W ActivityManager: Unable to start service Intent { act=com.android.ITelecomService cmp=com.android.server.telecom/.components.TelecomService } U=0: not found
12-12 20:52:09.599   214   214 I SystemServerTiming: OnBootPhase_550_com.android.server.accounts.AccountManagerService$Lifecycle
12-12 20:52:09.599   214   214 I SystemServerTiming: OnBootPhase_550_com.android.server.content.ContentService$Lifecycle
12-12 20:52:09.599   339   339 I wpa_supplicant: Processing hidl events on FD 3
12-12 20:52:09.600   339   339 I HidlServiceManagement: Registered android.hardware.wifi.supplicant@1.3::ISupplicant/default
12-12 20:52:09.600   339   339 I wpa_supplicant: Successfully initialized wpa_supplicant
12-12 20:52:09.601   214   332 I chatty  : uid=1000(system) HwBinder:214_2 expire 2 lines
12-12 20:52:09.610   214   214 I SystemServerTiming: OnBootPhase_550_com.android.server.DropBoxManagerService
12-12 20:52:09.610   214   214 I SystemServerTiming: OnBootPhase_550_com.android.server.AlarmManagerService
12-12 20:52:09.610   214   214 I SystemServerTiming: OnBootPhase_550_com.android.server.connectivity.IpConnectivityMetrics
12-12 20:52:09.610   214   214 I SystemServerTiming: OnBootPhase_550_com.android.server.net.watchlist.NetworkWatchlistService$Lifecycle
12-12 20:52:09.612   214   214 I SystemServerTiming: OnBootPhase_550_com.android.server.PinnerService
12-12 20:52:09.612   214   214 I SystemServerTiming: OnBootPhase_550_com.google.android.startop.iorap.IorapForwardingService
12-12 20:52:09.612   214   214 I SystemServerTiming: OnBootPhase_550_com.android.server.integrity.AppIntegrityManagerService
12-12 20:52:09.612   214   214 I SystemServerTiming: OnBootPhase_550_com.android.server.inputmethod.InputMethodManagerService$Lifecycle
12-12 20:52:09.613   214   214 W InputMethodUtils: Found no fallback locale. imis=[]
12-12 20:52:09.613   214   214 W InputMethodUtils: No software keyboard is found. imis=[] systemLocale=zh_CN fallbackLocale=null
12-12 20:52:09.613   214   214 I SystemServerTiming: OnBootPhase_550_com.android.server.accessibility.AccessibilityManagerService$Lifecycle
12-12 20:52:09.613   214   214 I SystemServerTiming: OnBootPhase_550_com.android.server.StorageManagerService$Lifecycle
12-12 20:52:09.613   214   214 I SystemServerTiming: OnBootPhase_550_com.android.server.usage.StorageStatsService$Lifecycle
12-12 20:52:09.613   214   214 I SystemServerTiming: OnBootPhase_550_com.android.server.UiModeManagerService
12-12 20:52:09.613   214   214 I SystemServerTiming: OnBootPhase_550_com.android.server.locksettings.LockSettingsService$Lifecycle
12-12 20:52:09.613   214   214 I SystemServerTiming: OnBootPhase_550_com.android.server.testharness.TestHarnessModeService
12-12 20:52:09.613   214   214 I SystemServerTiming: OnBootPhase_550_com.android.server.DeviceIdleController
12-12 20:52:09.613   214   214 I SystemServerTiming: OnBootPhase_550_com.android.server.devicepolicy.DevicePolicyManagerService$Lifecycle
12-12 20:52:09.613   214   214 I SystemServerTiming: OnBootPhase_550_com.android.server.textservices.TextServicesManagerService$Lifecycle
12-12 20:52:09.613   214   214 I SystemServerTiming: OnBootPhase_550_com.android.server.textclassifier.TextClassificationManagerService$Lifecycle
12-12 20:52:09.613   214   214 I SystemServerTiming: OnBootPhase_550_com.android.server.NetworkScoreService$Lifecycle
12-12 20:52:09.613   214   214 I SystemServerTiming: OnBootPhase_550_com.android.server.wifi.WifiService
12-12 20:52:09.613   214   214 I SystemServerTiming: OnBootPhase_550_com.android.server.wifi.scanner.WifiScanningService
12-12 20:52:09.613   214   214 I SystemServerTiming: OnBootPhase_550_com.android.server.ethernet.EthernetService
12-12 20:52:09.613   214   214 I SystemServerTiming: OnBootPhase_550_com.android.server.notification.NotificationManagerService
12-12 20:52:09.613   214   214 I SystemServerTiming: OnBootPhase_550_com.android.server.storage.DeviceStorageMonitorService
12-12 20:52:09.613   214   214 I SystemServerTiming: OnBootPhase_550_com.android.server.location.LocationManagerService$Lifecycle
12-12 20:52:09.613   214   214 I SystemServerTiming: OnBootPhase_550_com.android.server.timedetector.TimeDetectorService$Lifecycle
12-12 20:52:09.613   214   214 I SystemServerTiming: OnBootPhase_550_com.android.server.timezonedetector.TimeZoneDetectorService$Lifecycle
12-12 20:52:09.613   214   214 I SystemServerTiming: OnBootPhase_550_com.android.server.search.SearchManagerService$Lifecycle
12-12 20:52:09.613   214   214 I SystemServerTiming: OnBootPhase_550_com.android.server.audio.AudioService$Lifecycle
12-12 20:52:09.613   214   214 I SystemServerTiming: OnBootPhase_550_com.android.server.soundtrigger_middleware.SoundTriggerMiddlewareService$Lifecycle
12-12 20:52:09.613   214   214 I SystemServerTiming: OnBootPhase_550_com.android.server.DockObserver
12-12 20:52:09.613   214   214 I SystemServerTiming: OnBootPhase_550_com.android.server.adb.AdbService$Lifecycle
12-12 20:52:09.613   214   214 I SystemServerTiming: OnBootPhase_550_com.android.server.twilight.TwilightService
12-12 20:52:09.613   214   214 I SystemServerTiming: OnBootPhase_550_com.android.server.display.color.ColorDisplayService
12-12 20:52:09.613   214   214 I SystemServerTiming: OnBootPhase_550_com.android.server.job.JobSchedulerService
12-12 20:52:09.614   214   214 I SystemServerTiming: OnBootPhase_550_com.android.server.soundtrigger.SoundTriggerService
12-12 20:52:09.614   214   214 D SoundTriggerService: onBootPhase: 550 : false
12-12 20:52:09.614   214   214 I SystemServerTiming: OnBootPhase_550_com.android.server.trust.TrustManagerService
12-12 20:52:09.614   214   214 I SystemServerTiming: OnBootPhase_550_com.android.server.appwidget.AppWidgetService
12-12 20:52:09.614   214   214 I SystemServerTiming: OnBootPhase_550_com.android.server.role.RoleManagerService
12-12 20:52:09.614   214   214 I SystemServerTiming: OnBootPhase_550_com.android.server.voiceinteraction.VoiceInteractionManagerService
12-12 20:52:09.614   214   214 I SystemServerTiming: OnBootPhase_550_com.android.server.GestureLauncherService
12-12 20:52:09.614   214   214 I SystemServerTiming: OnBootPhase_550_com.android.server.SensorNotificationService
12-12 20:52:09.614   214   214 I SystemServerTiming: OnBootPhase_550_com.android.server.emergency.EmergencyAffordanceService
12-12 20:52:09.614   214   214 I SystemServerTiming: OnBootPhase_550_com.android.server.dreams.DreamManagerService
12-12 20:52:09.614   214   214 I SystemServerTiming: OnBootPhase_550_com.android.server.print.PrintManagerService
12-12 20:52:09.614   214   214 I SystemServerTiming: OnBootPhase_550_com.android.server.restrictions.RestrictionsManagerService
12-12 20:52:09.614   214   214 I SystemServerTiming: OnBootPhase_550_com.android.server.media.MediaSessionService
12-12 20:52:09.614   214   214 I SystemServerTiming: OnBootPhase_550_com.android.server.blob.BlobStoreManagerService
12-12 20:52:09.614   214   283 D StorageManagerService: Isolated storage local flag 0 and remote flag 0 resolved to true
12-12 20:52:09.614   214   311 I chatty  : uid=1000(system) AudioService expire 4 lines
12-12 20:52:09.614   214   214 I SystemServerTiming: OnBootPhase_550_com.android.server.biometrics.BiometricService
12-12 20:52:09.614   214   214 I SystemServerTiming: OnBootPhase_550_com.android.server.biometrics.AuthService
12-12 20:52:09.614   214   214 I SystemServerTiming: OnBootPhase_550_com.android.server.pm.ShortcutService$Lifecycle
12-12 20:52:09.614   214   214 I SystemServerTiming: OnBootPhase_550_com.android.server.pm.LauncherAppsService
12-12 20:52:09.614   214   214 I SystemServerTiming: OnBootPhase_550_com.android.server.pm.CrossProfileAppsService
12-12 20:52:09.614   214   214 I SystemServerTiming: OnBootPhase_550_com.android.server.people.PeopleService
12-12 20:52:09.614   214   214 I SystemServerTiming: OnBootPhase_550_com.android.server.media.projection.MediaProjectionManagerService
12-12 20:52:09.614   214   214 I SystemServerTiming: OnBootPhase_550_com.android.server.slice.SliceManagerService$Lifecycle
12-12 20:52:09.614   214   214 I SystemServerTiming: OnBootPhase_550_com.android.server.camera.CameraServiceProxy
12-12 20:52:09.614   214   214 I SystemServerTiming: OnBootPhase_550_com.android.server.stats.StatsCompanion$Lifecycle
12-12 20:52:09.614   214   214 I SystemServerTiming: OnBootPhase_550_com.android.server.stats.pull.StatsPullAtomService
12-12 20:52:09.614   214   214 I SystemServerTiming: OnBootPhase_550_com.android.server.incident.IncidentCompanionService
12-12 20:52:09.614   214   214 I SystemServerTiming: OnBootPhase_550_com.android.server.MmsServiceBroker
12-12 20:52:09.614   214   214 I SystemServerTiming: OnBootPhase_550_com.android.server.autofill.AutofillManagerService
12-12 20:52:09.614   214   214 I SystemServerTiming: OnBootPhase_550_com.android.server.clipboard.ClipboardService
12-12 20:52:09.614   214   214 I SystemServerTiming: OnBootPhase_550_com.android.server.appbinding.AppBindingService$Lifecycle
12-12 20:52:09.614   214   214 I AppBindingService: Updating constants with: null
12-12 20:52:09.614   214   214 I SystemServerTiming: OnBootPhase_550_com.android.server.policy.PermissionPolicyService
12-12 20:52:09.620   214   214 I PackageManager: Permission ownership changed. Updating all permissions.
12-12 20:52:09.620    91    91 I AudioFlinger: systemReady
12-12 20:52:09.620    91   313 E AudioFlinger: getMicMute: error -38 getting state from HAL
12-12 20:52:09.623   214   303 I chatty  : uid=1000(system) AS.SfxWorker expire 12 lines
12-12 20:52:09.623   214   214 I SystemServerTiming: OnBootPhase_550_com.android.server.pm.StagingManager$Lifecycle
12-12 20:52:09.623   214   214 I SystemServerTiming: OnBootPhase_550_com.microsoft.windows.service.SystemServerService
12-12 20:52:09.623   214   214 V SystemServerService: PHASE_ACTIVITY_MANAGER_READY
12-12 20:52:09.624   214   312 I chatty  : uid=1000(system) AudioDeviceBrok expire 2 lines
12-12 20:52:09.627   214   214 I SystemServerTiming: StartObservingNativeCrashes
12-12 20:52:09.627   214   214 I SystemServerTiming: StartSystemUI
12-12 20:52:09.627   214   342 I SystemServerTimingAsync: InitThreadPoolExec:WebViewFactoryPreparation
12-12 20:52:09.627   214   342 I SystemServer: WebViewFactoryPreparation
12-12 20:52:09.627   214   342 I SystemServerTimingAsync: WebViewFactoryPreparation
12-12 20:52:09.629   214   214 D CompatibilityChangeReporter: Compat change id reported: 135634846; UID 10030; state: DISABLED
12-12 20:52:09.629   214   244 D CompatibilityChangeReporter: Compat change id reported: 143937733; UID 10030; state: ENABLED
12-12 20:52:09.629   214   214 I SystemServerTiming: MakeNetworkManagementServiceReady
12-12 20:52:09.630   214   214 I SystemServerTiming: MakeIpSecServiceReady
12-12 20:52:09.630   214   214 D IpSecService: IpSecService is ready
12-12 20:52:09.631   214   214 I SystemServerTiming: MakeNetworkStatsServiceReady
12-12 20:52:09.632    69    69 D Zygote  : Forked child process 376
12-12 20:52:09.634   214   289 W NetworkPolicy: setRestrictBackgroundUL: already false
12-12 20:52:09.634   214   244 I ActivityManager: Start proc 376:com.android.systemui/u0a30 for service {com.android.systemui/com.android.systemui.SystemUIService}
12-12 20:52:09.635   376   376 I chatty  : uid=10030(com.android.systemui) expire 10 lines
12-12 20:52:09.653    94   161 I chatty  : uid=1000(system) ImageManager expire 4 lines
12-12 20:52:09.659    87    87 E FMQ     : grantorIdx must be less than 3
12-12 20:52:09.659    70    70 D Zygote  : Forked child process 395
12-12 20:52:09.660    87    87 E FMQ     : grantorIdx must be less than 3
12-12 20:52:09.660   339   339 I wpa_supplicant: rfkill: Cannot open RFKILL control device
12-12 20:52:09.660   214   244 I ActivityManager: Start proc 395:WebViewLoader-x86/1037 [android.webkit.WebViewLibraryLoader$RelroFileCreator] for null
12-12 20:52:09.662   395   395 W WebViewLoader-: Unexpected CPU variant for X86 using defaults: x86_64
12-12 20:52:09.663    69    69 D Zygote  : Forked child process 407
12-12 20:52:09.664   395   395 E WebViewLoader-: Not starting debugger since process cannot load the jdwp agent.
12-12 20:52:09.664   214   235 W Looper  : Slow dispatch took 113ms android.ui h=android.view.Choreographer$FrameHandler c=android.view.Choreographer$FrameDisplayEventReceiver@2f4a4f7 m=0
12-12 20:52:09.664   214   244 I ActivityManager: Start proc 407:WebViewLoader-x86_64/1037 [android.webkit.WebViewLibraryLoader$RelroFileCreator] for null
12-12 20:52:09.666   407   407 W WebViewLoader-: Unexpected CPU variant for X86 using defaults: x86_64
12-12 20:52:09.667    87    87 D HostConnection: createUnique: call
12-12 20:52:09.667   407   407 E WebViewLoader-: Not starting debugger since process cannot load the jdwp agent.
12-12 20:52:09.667    87    87 D librcm  : SocketClient connected to host port 22469
12-12 20:52:09.668    87    87 D HostConnection: HostConnection::get() New Host Connection established 0x7979da7b0210, tid 87
12-12 20:52:09.668    87    87 D HostConnection: HostComposition ext ANDROID_EMU_host_composition_v1 ANDROID_EMU_host_composition_v2 ANDROID_EMU_virtio_gpu_next ANDROID_EMU_sync_buffer_data GL_OES_EGL_image_external_essl3 GL_OES_vertex_array_object GL_KHR_texture_compression_astc_ldr GL_EXT_texture_compression_bptc GL_EXT_texture_compression_s3tc ANDROID_EMU_host_side_tracing ANDROID_EMU_gles_max_version_3_0 
12-12 20:52:09.669   395   395 V WebViewLibraryLoader: RelroFileCreator (64bit = false), package: com.android.webview library: libwebviewchromium.so
12-12 20:52:09.672   407   407 V WebViewLibraryLoader: RelroFileCreator (64bit = true), package: com.android.webview library: libwebviewchromium.so
12-12 20:52:09.674   395   395 D nativeloader: classloader namespace configured for unbundled product apk. library_path=/product/app/webview/lib/x86:/product/app/webview/webview.apk!/lib/x86:/product/lib:/system/product/lib
12-12 20:52:09.677   407   407 D nativeloader: classloader namespace configured for unbundled product apk. library_path=/product/app/webview/lib/x86_64:/product/app/webview/webview.apk!/lib/x86_64:/product/lib64:/system/product/lib64
12-12 20:52:09.684   395   395 I WebViewLoader-: System.exit called, status: 0
12-12 20:52:09.684   395   395 I AndroidRuntime: VM exiting with result code 0, cleanup skipped.
12-12 20:52:09.686   214   228 I ActivityManager: Process WebViewLoader-x86 (pid 395) has died: psvc PER 
12-12 20:52:09.686    70    70 I Zygote  : Process 395 exited cleanly (0)
12-12 20:52:09.686   214   245 I chatty  : uid=1000(system) ActivityManager expire 7 lines
12-12 20:52:09.691   407   407 I WebViewLoader-: System.exit called, status: 0
12-12 20:52:09.691   407   407 I AndroidRuntime: VM exiting with result code 0, cleanup skipped.
12-12 20:52:09.693    70    70 D Zygote  : Forked child process 437
12-12 20:52:09.694   214   228 I ActivityManager: Process WebViewLoader-x86_64 (pid 407) has died: psvc PER 
12-12 20:52:09.694    69    69 I Zygote  : Process 407 exited cleanly (0)
12-12 20:52:09.694   214   375 I chatty  : uid=1000(system) AsyncTask #1 expire 1 line
12-12 20:52:09.698   437   437 I WebViewZygoteInit: Starting WebViewZygoteInit
12-12 20:52:09.704   214   289 I chatty  : uid=1000(system) NetworkPolicy expire 24 lines
12-12 20:52:09.704   214   296 D ConnectivityService: NetReassign [no changes]
12-12 20:52:09.705   214   214 I SystemServerTiming: MakeConnectivityServiceReady
12-12 20:52:09.709   214   214 I SystemServerTiming: MakeNetworkPolicyServiceReady
12-12 20:52:09.709   214   214 I SystemServerTiming: PhaseThirdPartyAppsCanStart
12-12 20:52:09.709   214   214 I SystemServiceManager: Starting phase 600
12-12 20:52:09.709   214   214 I SystemServerTiming: OnBootPhase_600
12-12 20:52:09.709   214   214 I SystemServerTiming: OnBootPhase_600_com.android.server.security.FileIntegrityService
12-12 20:52:09.709   214   214 I SystemServerTiming: OnBootPhase_600_com.android.server.pm.Installer
12-12 20:52:09.709   214   214 I SystemServerTiming: OnBootPhase_600_com.android.server.os.DeviceIdentifiersPolicyService
12-12 20:52:09.709   214   214 I SystemServerTiming: OnBootPhase_600_com.android.server.uri.UriGrantsManagerService$Lifecycle
12-12 20:52:09.709   214   214 I SystemServerTiming: OnBootPhase_600_com.android.server.wm.ActivityTaskManagerService$Lifecycle
12-12 20:52:09.709   214   214 I SystemServerTiming: OnBootPhase_600_com.android.server.am.ActivityManagerService$Lifecycle
12-12 20:52:09.709   214   296 D ConnectivityService: NetReassign [no changes]
12-12 20:52:09.709   214   214 I ExplicitHealthCheckController: Explicit health checks enabled.
12-12 20:52:09.709   214   214 I PackageWatchdog: Syncing state, reason: health check state enabled
12-12 20:52:09.709   214   214 I PackageWatchdog: Not pruning observers, elapsed time: 0ms
12-12 20:52:09.709   214   214 I PackageWatchdog: Cancelling state sync, nothing to sync
12-12 20:52:09.709   214   242 I PackageWatchdog: Saving observer state to file
12-12 20:52:09.709   214   214 I SystemServerTiming: OnBootPhase_600_com.android.server.pm.DataLoaderManagerService
12-12 20:52:09.709   214   214 I SystemServerTiming: OnBootPhase_600_com.android.server.power.PowerManagerService
12-12 20:52:09.709   214   296 D ConnectivityService: NetReassign [no changes]
12-12 20:52:09.710   214   214 I SystemServerTiming: OnBootPhase_600_com.android.server.power.ThermalManagerService
12-12 20:52:09.710   214   214 I SystemServerTiming: OnBootPhase_600_com.android.server.recoverysystem.RecoverySystemService$Lifecycle
12-12 20:52:09.710   214   214 I SystemServerTiming: OnBootPhase_600_com.android.server.lights.LightsService
12-12 20:52:09.710   214   214 I SystemServerTiming: OnBootPhase_600_com.android.server.display.DisplayManagerService
12-12 20:52:09.710   214   214 I SystemServerTiming: OnBootPhase_600_com.android.server.pm.UserManagerService$LifeCycle
12-12 20:52:09.710   214   214 I SystemServerTiming: OnBootPhase_600_com.android.server.om.OverlayManagerService
12-12 20:52:09.710   214   214 I SystemServerTiming: OnBootPhase_600_com.android.server.SensorPrivacyService
12-12 20:52:09.710   214   214 I SystemServerTiming: OnBootPhase_600_com.android.server.SystemConfigService
12-12 20:52:09.710   214   214 I SystemServerTiming: OnBootPhase_600_com.android.server.BatteryService
12-12 20:52:09.710   214   214 I SystemServerTiming: OnBootPhase_600_com.android.server.usage.UsageStatsService
12-12 20:52:09.710   214   214 I SystemServerTiming: OnBootPhase_600_com.android.server.webkit.WebViewUpdateService
12-12 20:52:09.710   214   214 I SystemServerTiming: OnBootPhase_600_com.android.server.CachedDeviceStateService
12-12 20:52:09.710   214   214 I SystemServerTiming: OnBootPhase_600_com.android.server.BinderCallsStatsService$LifeCycle
12-12 20:52:09.710   214   214 I SystemServerTiming: OnBootPhase_600_com.android.server.LooperStatsService$Lifecycle
12-12 20:52:09.710   214   214 I SystemServerTiming: OnBootPhase_600_com.android.server.rollback.RollbackManagerService
12-12 20:52:09.710   214   214 I SystemServerTiming: OnBootPhase_600_com.android.server.os.BugreportManagerService
