12-12 20:52:11.677   614  1085 I MediaProvider: End Intent { act=android.intent.action.MEDIA_MOUNTED dat=file:///storage/emulated/0 flg=0x5000010 cmp=com.android.providers.media.module/com.android.providers.media.MediaService (has extras) }
12-12 20:52:12.161    30    30 I servicemanager: Since 'com.microsoft.windows.service.IShellRedirector' could not be found, trying to start it as a lazy AIDL service
12-12 20:52:12.162    30  1088 W libc    : Unable to set property "ctl.interface_start" to "aidl/com.microsoft.windows.service.IShellRedirector": error code: 0x20
12-12 20:52:12.201   339   339 I wpa_supplicant: wlan0: CTRL-EVENT-REGDOM-CHANGE init=BEACON_HINT type=UNKNOWN
12-12 20:52:12.201   214   227 I chatty  : uid=1000(system) Binder:214_1 expire 12 lines
12-12 20:52:12.215   139   139 W wificond: Scan is not started. Ignore abort request
12-12 20:52:12.223   339   339 I wpa_supplicant: wlan0: Trying to associate with 1e:4f:91:7b:4b:a3 (SSID='VirtWifi' freq=5240 MHz)
12-12 20:52:12.349    30    30 I servicemanager: Since 'com.microsoft.windows.service.IShellRedirector' could not be found, trying to start it as a lazy AIDL service
12-12 20:52:12.349   645   715 W ServiceManager: Waited one second for com.microsoft.windows.service.IShellRedirector
12-12 20:52:12.350    30  1089 W libc    : Unable to set property "ctl.interface_start" to "aidl/com.microsoft.windows.service.IShellRedirector": error code: 0x20
12-12 20:52:13.162    30    30 I servicemanager: Since 'com.microsoft.windows.service.IShellRedirector' could not be found, trying to start it as a lazy AIDL service
12-12 20:52:13.163    30  1090 W libc    : Unable to set property "ctl.interface_start" to "aidl/com.microsoft.windows.service.IShellRedirector": error code: 0x20
12-12 20:52:13.349    30    30 I servicemanager: Since 'com.microsoft.windows.service.IShellRedirector' could not be found, trying to start it as a lazy AIDL service
12-12 20:52:13.350   645   715 W ServiceManager: Waited one second for com.microsoft.windows.service.IShellRedirector
12-12 20:52:13.350    30  1092 W libc    : Unable to set property "ctl.interface_start" to "aidl/com.microsoft.windows.service.IShellRedirector": error code: 0x20
12-12 20:52:14.162    30    30 I servicemanager: Since 'com.microsoft.windows.service.IShellRedirector' could not be found, trying to start it as a lazy AIDL service
12-12 20:52:14.164    30  1094 W libc    : Unable to set property "ctl.interface_start" to "aidl/com.microsoft.windows.service.IShellRedirector": error code: 0x20
12-12 20:52:14.282   339   339 I wpa_supplicant: wlan0: Associated with 1e:4f:91:7b:4b:a3
12-12 20:52:14.282   339   339 I wpa_supplicant: wlan0: CTRL-EVENT-CONNECTED - Connection to 1e:4f:91:7b:4b:a3 completed [id=0 id_str=%7B%22configKey%22%3A%22%5C%22VirtWifi%5C%22NONE%22%2C%22creatorUid%22%3A%221000%22%7D]
12-12 20:52:14.282   339   339 I wpa_supplicant: wlan0: CTRL-EVENT-SUBNET-STATUS-UPDATE status=0
12-12 20:52:14.284   214   292 D ConnectivityService: registerNetworkAgent NetworkAgentInfo{ ni{[type: WIFI[], state: UNKNOWN/IDLE, reason: (unspecified), extra: , failover: false, available: true, roaming: false]}  network{100}  nethandle{432902426637}  lp{{LinkAddresses: [ ] DnsAddresses: [ ] Domains: null MTU: 0 Routes: [ ]}}  nc{[ Transports: WIFI Capabilities: NOT_METERED&INTERNET&NOT_RESTRICTED&TRUSTED&NOT_VPN&NOT_ROAMING&FOREGROUND&NOT_CONGESTED&NOT_SUSPENDED LinkUpBandwidth>=1048576Kbps LinkDnBandwidth>=1048576Kbps OwnerUid: 1000 SSID: "VirtWifi" RequestorUid: -1 RequestorPackageName: null]}  Score{20}  everValidated{false}  lastValidated{false}  created{false} lingering{false} explicitlySelected{false} acceptUnvalidated{false} everCaptivePortalDetected{false} lastCaptivePortalDetected{false} partialConnectivity{false} acceptPartialConnectivity{false} clat{mBaseIface: null, mIface: null, mState: IDLE} }
12-12 20:52:14.285   214   288 I chatty  : uid=1000(system) NetworkStats expire 10 lines
12-12 20:52:14.292   214   296 D ConnectivityService: [100 WIFI] EVENT_NETWORK_INFO_CHANGED, going from UNKNOWN to UNKNOWN
12-12 20:52:14.293   214   296 D ConnectivityService: NetReassign [no changes]
12-12 20:52:14.294   214   296 D ConnectivityService: Adding iface wlan0 to network 100
12-12 20:52:14.294    68   209 E Netd    : no such netId 100
12-12 20:52:14.295   214   296 E ConnectivityService: Exception adding interface: java.lang.IllegalStateException: android.os.ServiceSpecificException: Machine is not on the network (code 64)
12-12 20:52:14.295    68  1098 E Netd    : no such netId 100
12-12 20:52:14.295   214   296 E ConnectivityService: Exception in networkAddRouteParcel for non-gateway: android.os.ServiceSpecificException: Machine is not on the network (code 64)
12-12 20:52:14.295    68  1098 E Netd    : no such netId 100
12-12 20:52:14.295    68   207 E Netd    : no such netId 100
12-12 20:52:14.295   214   296 E ConnectivityService: Exception in networkAddRouteParcel for gateway: android.os.ServiceSpecificException: Machine is not on the network (code 64)
12-12 20:52:14.295   214   296 D ConnectivityService: Setting DNS servers for network 100 to [/172.17.48.1]
12-12 20:52:14.324   214   296 I chatty  : uid=1000(system) ConnectivitySer expire 6 lines
12-12 20:52:14.350    30    30 I servicemanager: Since 'com.microsoft.windows.service.IShellRedirector' could not be found, trying to start it as a lazy AIDL service
12-12 20:52:14.350   645   715 W ServiceManager: Waited one second for com.microsoft.windows.service.IShellRedirector
12-12 20:52:14.351    30  1099 W libc    : Unable to set property "ctl.interface_start" to "aidl/com.microsoft.windows.service.IShellRedirector": error code: 0x20
12-12 20:52:14.423   214   296 D ConnectivityService: [100 WIFI] EVENT_NETWORK_INFO_CHANGED, going from UNKNOWN to CONNECTED
12-12 20:52:14.426   214   296 D DnsManager: sendDnsConfigurationForNetwork(100, [172.17.48.1], [], 1800, 25, 8, 64, 0, 0, , [])
12-12 20:52:14.427   214   296 W DnsManager: updatePrivateDns(100, PrivateDnsConfig{true:/[]})
12-12 20:52:14.427   214   296 D ConnectivityService: Setting DNS servers for network 100 to [/172.17.48.1]
12-12 20:52:14.428   214   296 D DnsManager: sendDnsConfigurationForNetwork(100, [172.17.48.1], [], 1800, 25, 8, 64, 0, 0, , [172.17.48.1])
12-12 20:52:14.428    68  1100 W resolv  : Validating DnsTlsServer on netId 100
12-12 20:52:14.428   214   296 D ConnectivityService: Adding iface wlan0 to network 100
12-12 20:52:14.429    68  1100 W resolv  : Validation failed
12-12 20:52:14.430   214   296 D ConnectivityService: Setting DNS servers for network 100 to [/172.17.48.1]
12-12 20:52:14.430   214   296 D DnsManager: sendDnsConfigurationForNetwork(100, [172.17.48.1], [], 1800, 25, 8, 64, 0, 0, , [172.17.48.1])
12-12 20:52:14.430    68  1101 W resolv  : Validating DnsTlsServer on netId 100
12-12 20:52:14.431    68  1101 W resolv  : SSL_connect ssl error =5, mark 0xf0064: Connection refused
12-12 20:52:14.431    68  1101 W resolv  : Validation failed
12-12 20:52:14.483   214   296 D ConnectivityService: NetReassign [12 : null → 100, 10 : null → 100, 14 : null → 100, 1 : null → 100, 15 : null → 100, 9 : null → 100]
12-12 20:52:14.484    68    68 W IptablesRestoreController: iptables-restore process 74 terminated status=256
12-12 20:52:14.484    68    68 E IptablesRestoreController: iptables error:
12-12 20:52:14.484    68    68 E IptablesRestoreController: ------- COMMAND -------
12-12 20:52:14.484    68    68 E IptablesRestoreController: *raw
12-12 20:52:14.484    68    68 E IptablesRestoreController: -A idletimer_raw_PREROUTING -i wlan0 -j IDLETIMER --timeout 15 --label 1 --send_nl_msg 1
12-12 20:52:14.484    68    68 E IptablesRestoreController: COMMIT
12-12 20:52:14.484    68    68 E IptablesRestoreController: *mangle
12-12 20:52:14.484    68    68 E IptablesRestoreController: -A idletimer_mangle_POSTROUTING -o wlan0 -j IDLETIMER --timeout 15 --label 1 --send_nl_msg 1
12-12 20:52:14.484    68    68 E IptablesRestoreController: COMMIT
12-12 20:52:14.484    68    68 E IptablesRestoreController: 
12-12 20:52:14.484    68    68 E IptablesRestoreController: -------  ERROR -------
12-12 20:52:14.484    68    68 E IptablesRestoreController: iptables-restore: line 256 failed
12-12 20:52:14.484    68    68 E IptablesRestoreController: ----------------------
12-12 20:52:14.485    68    68 W IptablesRestoreController: iptables-restore process 75 terminated status=256
12-12 20:52:14.485    68    68 E IptablesRestoreController: iptables error:
12-12 20:52:14.485    68    68 E IptablesRestoreController: ------- COMMAND -------
12-12 20:52:14.485    68    68 E IptablesRestoreController: *raw
12-12 20:52:14.485    68    68 E IptablesRestoreController: -A idletimer_raw_PREROUTING -i wlan0 -j IDLETIMER --timeout 15 --label 1 --send_nl_msg 1
12-12 20:52:14.485    68    68 E IptablesRestoreController: COMMIT
12-12 20:52:14.485    68    68 E IptablesRestoreController: *mangle
12-12 20:52:14.485    68    68 E IptablesRestoreController: -A idletimer_mangle_POSTROUTING -o wlan0 -j IDLETIMER --timeout 15 --label 1 --send_nl_msg 1
12-12 20:52:14.485    68    68 E IptablesRestoreController: COMMIT
12-12 20:52:14.485    68    68 E IptablesRestoreController: 
12-12 20:52:14.485    68    68 E IptablesRestoreController: -------  ERROR -------
12-12 20:52:14.485    68    68 E IptablesRestoreController: ip6tables-restore: line 229 failed
12-12 20:52:14.485    68    68 E IptablesRestoreController: ----------------------
12-12 20:52:14.485   214   296 E ConnectivityService: Exception in setupDataActivityTracking java.lang.IllegalStateException: android.os.ServiceSpecificException: Remote I/O error (code 121)
12-12 20:52:14.485   214   296 D ConnectivityService: Switching to new default network: NetworkAgentInfo{ ni{[type: WIFI[], state: CONNECTED/CONNECTED, reason: (unspecified), extra: , failover: false, available: true, roaming: false]}  network{100}  nethandle{432902426637}  lp{{InterfaceName: wlan0 LinkAddresses: [ fe80::d9f7:20ce:e933:f9d9/64,172.17.62.62/20 ] DnsAddresses: [ /172.17.48.1 ] Domains: null MTU: 0 TcpBufferSizes: 524288,1048576,2097152,262144,524288,1048576 Routes: [ fe80::/64 -> :: wlan0 mtu 0,172.17.48.0/20 -> 0.0.0.0 wlan0 mtu 0,0.0.0.0/0 -> 172.17.48.1 wlan0 mtu 0 ]}}  nc{[ Transports: WIFI Capabilities: NOT_METERED&INTERNET&NOT_RESTRICTED&TRUSTED&NOT_VPN&NOT_ROAMING&FOREGROUND&NOT_CONGESTED&NOT_SUSPENDED LinkUpBandwidth>=1048576Kbps LinkDnBandwidth>=1048576Kbps SignalStrength: -50 OwnerUid: 1000 SSID: "VirtWifi" RequestorUid: -1 RequestorPackageName: null]}  Score{20}  everValidated{false}  lastValidated{false}  created{true} lingering{false} explicitlySelected{false} acceptUnvalidated{false} everCaptivePortalDetected{false} lastCaptivePortalDetected{false} partialConnectivity{false} acceptPartialConnectivity{false} clat{mBaseIface: null, mIface: null, mState: IDLE} }
12-12 20:52:14.546   469  1103 D NetworkMonitor/100: PROBE_DNS www.google.com 61ms OK 202.160.129.36
12-12 20:52:14.547   469  1104 D NetworkMonitor/100: PROBE_DNS connectivitycheck.gstatic.com 62ms OK 203.208.41.34
12-12 20:52:14.548   469  1103 W UnsafeUtil: platform method missing - proto runtime falling back to safer methods: java.lang.NoSuchMethodException: sun.misc.Unsafe.copyMemory [class java.lang.Object, long, class java.lang.Object, long, long]
12-12 20:52:14.551   214   450 I chatty  : uid=1000(system) NetworkTimeUpda expire 5 lines
12-12 20:52:14.552   214   296 D ConnectivityService: Sending CONNECTED broadcast for type 1 [100 WIFI] isDefaultNetwork=true
12-12 20:52:14.552   626   732 I NetworkRedirectionHandler: Successfully connected to wifi.
12-12 20:52:14.553   626   722 I android_os_HwBinder: HwBinder: Starting thread pool for getting: windows.services.rcm@1.0::IRemoteConnectionManager/default
12-12 20:52:14.555   626  1114 V ApiMessageHandler(Settings): Receive thread starting.
12-12 20:52:14.555   626  1114 V SettingsRedirectionHandler: Receive SettingsMessage DeveloperMode
12-12 20:52:14.558   214   257 I ActivityManager: Killing 1033:com.android.shell/2000 (adj 905): change com.android.shell
12-12 20:52:14.558   626  1114 V SettingsRedirectionHandler: Receive SettingsMessage DeveloperMode
12-12 20:52:14.560   376   376 W View    : requestLayout() improperly called by com.android.keyguard.AlphaOptimizedLinearLayout{51e2650 V.E...... ......ID 4,0-27,33 #7f0a04f2 app:id/wifi_group} during layout: running second layout pass
12-12 20:52:14.560    69    69 I Zygote  : Process 1033 exited due to signal 9 (Killed)
12-12 20:52:14.562   376   376 W View    : requestLayout() improperly called by com.android.keyguard.AlphaOptimizedLinearLayout{837905a V.E...... ......ID 4,0-27,33 #7f0a04f2 app:id/wifi_group} during layout: running second layout pass
12-12 20:52:14.562   376   376 W View    : requestLayout() improperly called by com.android.keyguard.AlphaOptimizedLinearLayout{a1b4c67 V.E...... ......ID 4,0-27,33 #7f0a04f2 app:id/wifi_group} during layout: running second layout pass
12-12 20:52:14.565   214   234 I ActivityTaskManager: START u0 {flg=0x10000000 cmp=com.microsoft.windows.systemapp/com.microsoft.windows.debug.AdbPromptRedirector (has extras)} from uid 1000
12-12 20:52:14.570   376   568 D EGL_emulation: app_time_stats: avg=1467.35ms min=33.33ms max=4178.70ms count=3
12-12 20:52:14.571  1118  1118 I adbd    : Setup mdns on port= 5555
12-12 20:52:14.571  1118  1122 I adbd    : Waiting for persist.adb.tls_server.enable=1
12-12 20:52:14.571  1118  1118 I adbd    : adbd listening on tcp:5555
12-12 20:52:14.571  1118  1118 I adbd    : adbd listening on vsock:5555
12-12 20:52:14.574  1118  1123 I adbd    : adbd_auth: received a new framework connection
12-12 20:52:14.574  1118  1123 I adbd    : adbd_auth: received new framework fd 19 (current = -1)
12-12 20:52:14.576   626   626 V AdbPromptRedirector: Intercepting adb prompt
12-12 20:52:14.576   626   626 V AdbPromptRedirector: Enabling adb for bssid=1e:4f:91:7b:4b:a3 with ssid="VirtWifi"
12-12 20:52:14.581  1118  1122 I adbd    : persist.adb.tls_server.enable changed to 1
12-12 20:52:14.581  1118  1122 I adbd    : adbwifi started on port 42925
12-12 20:52:14.581  1118  1122 I adbd    : TlsServer running on port 42925
12-12 20:52:14.581  1118  1122 I adbd    : adb wifi started on port 42925
12-12 20:52:14.581  1118  1136 I adbd    : Registering secure_connect service (adb-Nu74rkwdvYkCXfZe-P4ETpd)
12-12 20:52:14.585  1118  1122 I adbd    : Waiting for persist.adb.tls_server.enable=0
12-12 20:52:14.585  1118  1123 I adbd    : adbd_auth: received packet: DA
12-12 20:52:14.585  1118  1123 E adbd    : adbd_auth: unhandled packet: DA
12-12 20:52:14.585  1118  1123 I adbd    : adbd_auth: received new framework fd -1 (current = 19)
12-12 20:52:14.585   214  1132 W AdbDebuggingManager: Read failed with count -1
12-12 20:52:14.585   986  1004 I PermissionControllerServiceImpl: Updating user sensitive for uid 2000
12-12 20:52:14.585  1118  1123 I adbd    : adbd_auth: received a new framework connection
12-12 20:52:14.585  1118  1123 I adbd    : adbd_auth: received new framework fd 19 (current = -1)
12-12 20:52:14.588   986  1004 I PermissionControllerServiceImpl: Updating user sensitive for uid 2000
12-12 20:52:14.612   626  1114 V SettingsRedirectionHandler: Receive SettingsMessage SyncAll
12-12 20:52:14.617   214   336 I ActivityTaskManager: Config changes=4 {1.0 ?mcc?mnc [zh_CN] ldltr sw533dp w533dp h829dp 240dpi lrg port night finger qwerty/v/v -nav/h winConfig={ mBounds=Rect(0, 0 - 800, 1280) mAppBounds=Rect(0, 0 - 800, 1280) mWindowingMode=fullscreen mDisplayWindowingMode=fullscreen mActivityType=undefined mAlwaysOnTop=undefined mRotation=ROTATION_0} s.14}
12-12 20:52:14.618   214   336 I WindowManager: Override config changes=4 {1.0 ?mcc?mnc [zh_CN] ldltr sw533dp w533dp h829dp 240dpi lrg port night finger qwerty/v/v -nav/h winConfig={ mBounds=Rect(0, 0 - 800, 1280) mAppBounds=Rect(0, 0 - 800, 1280) mWindowingMode=fullscreen mDisplayWindowingMode=fullscreen mActivityType=undefined mAlwaysOnTop=undefined mRotation=ROTATION_0} s.14} for displayId=0
12-12 20:52:14.624   614  1085 I MediaProvider: Begin Intent { act=android.intent.action.LOCALE_CHANGED flg=0x11200010 cmp=com.android.providers.media.module/com.android.providers.media.MediaService }
12-12 20:52:14.625   614  1085 I MediaProvider: End Intent { act=android.intent.action.LOCALE_CHANGED flg=0x11200010 cmp=com.android.providers.media.module/com.android.providers.media.MediaService }
12-12 20:52:14.629   626  1114 I NetworkRedirectionHandler: Found VirtWifi network.
12-12 20:52:14.632   626   722 I android_os_HwBinder: HwBinder: Starting thread pool for getting: windows.services.rcm@1.0::IRemoteConnectionManager/default
12-12 20:52:14.633   626  1157 V ApiMessageHandler(Shell): Receive thread starting.
12-12 20:52:14.634   214   227 I WindowManager: Using new display size: 800x1280
12-12 20:52:14.635    30    30 I BpBinder: onLastStrongRef automatically unlinking death recipients: <uncached descriptor>
12-12 20:52:14.636   214   580 V TaskListener: Connected to shell redirector service.
12-12 20:52:14.636    30    30 I BpBinder: onLastStrongRef automatically unlinking death recipients: <uncached descriptor>
12-12 20:52:14.636   626  1135 D libEGL  : loaded /vendor/lib64/egl/libEGL_emulation.so
12-12 20:52:14.636   214   580 V TaskListener: Task listener ready.
12-12 20:52:14.636   626   722 I android_os_HwBinder: HwBinder: Starting thread pool for getting: windows.services.rcm@1.0::IRemoteConnectionManager/default
12-12 20:52:14.637   626  1135 D libEGL  : loaded /vendor/lib64/egl/libGLESv1_CM_emulation.so
12-12 20:52:14.638   645   715 W UnsafeUtil: platform method missing - proto runtime falling back to safer methods: java.lang.NoSuchMethodException: sun.misc.Unsafe.copyMemory [class java.lang.Object, long, class java.lang.Object, long, long]
12-12 20:52:14.638   626  1135 D libEGL  : loaded /vendor/lib64/egl/libGLESv2_emulation.so
12-12 20:52:14.639   626  1158 V ApiMessageHandler(UserInput): Receive thread starting.
12-12 20:52:14.639   645   715 I android_os_HwBinder: HwBinder: Starting thread pool for getting: windows.services.rcm@1.0::IRemoteConnectionManager/default
12-12 20:52:14.639   626   722 I android_os_HwBinder: HwBinder: Starting thread pool for getting: windows.services.rcm@1.0::IRemoteConnectionManager/default
12-12 20:52:14.641   645  1160 V ApiMessageHandler(Clipboard): Receive thread starting.
12-12 20:52:14.642   626  1161 V ApiMessageHandler(Apps): Receive thread starting.
12-12 20:52:14.643   626   722 D AppsRedirectionHandler: PackageEventsReceiver has been registered
12-12 20:52:14.643   645   715 I android_os_HwBinder: HwBinder: Starting thread pool for getting: windows.services.rcm@1.0::IRemoteConnectionManager/default
12-12 20:52:14.643   626   722 D AppsRedirectionHandler: PackageInstallerReceiver has been registered
12-12 20:52:14.645   626   722 I android_os_HwBinder: HwBinder: Starting thread pool for getting: windows.services.rcm@1.0::IRemoteConnectionManager/default
12-12 20:52:14.646   645  1162 V ApiMessageHandler(SystemMediaControlsChannel): Receive thread starting.
12-12 20:52:14.647   645  1163 V SystemMediaControlsRedirectionHandler: Receive onActiveSessionChanged controller list size: 0
12-12 20:52:14.647   645  1163 V SystemMediaControlsRedirectionHandler: Receive onActiveSessionChanged end
12-12 20:52:14.647   645   715 I android_os_HwBinder: HwBinder: Starting thread pool for getting: windows.services.rcm@1.0::IRemoteConnectionManager/default
12-12 20:52:14.647   626  1164 V ApiMessageHandler(Notification): Receive thread starting.
12-12 20:52:14.647   626   722 D NotificationRedirectionHandler: Notification Redirection Handler initialized.
12-12 20:52:14.648   626   626 V NotificationListener: NotificationListener connected.
12-12 20:52:14.648   626   722 I android_os_HwBinder: HwBinder: Starting thread pool for getting: windows.services.rcm@1.0::IRemoteConnectionManager/default
12-12 20:52:14.649   645  1166 V ApiMessageHandler(TextToSpeech): Receive thread starting.
12-12 20:52:14.649    47    47 D windows.services.rcm@1.0-service: SocketClient is acting as a server and waiting for connections on port 1461835791
12-12 20:52:14.649   645   715 I windows.userap: TsfRedirector()
12-12 20:52:14.650    47    47 D windows.services.rcm@1.0-service: SocketClient accepted a connection
12-12 20:52:14.650    47    47 D librcm  : Returning channel Lifetime
12-12 20:52:14.650   645   715 I android_os_HwBinder: HwBinder: Starting thread pool for getting: windows.services.rcm@1.0::IRemoteConnectionManager/default
12-12 20:52:14.650   626   722 I SystemApp: Initialize complete
12-12 20:52:14.651   626  1167 V ApiMessageHandler(Lifetime): Receive thread starting.
12-12 20:52:14.651    47    47 D RemoteConnectionManager: createChannel called for TSF
12-12 20:52:14.651    47    47 D librcm  : createChannel called with channel name: TSF
12-12 20:52:14.651    47    47 D windows.services.rcm@1.0-service: SocketClient is acting as a server and waiting for connections on port 1461835792
12-12 20:52:14.651   626  1167 V LifetimeRedirectionHandler: Receive LifetimeMessage Wake
12-12 20:52:14.652    47    47 D windows.services.rcm@1.0-service: SocketClient accepted a connection
12-12 20:52:14.652    47    47 D librcm  : Returning channel TSF
12-12 20:52:14.653   645  1168 V ApiMessageHandler(TSF): Receive thread starting.
12-12 20:52:14.653   645   715 I android_os_HwBinder: HwBinder: Starting thread pool for getting: windows.services.rcm@1.0::IRemoteConnectionManager/default
12-12 20:52:14.653    47    47 D RemoteConnectionManager: createChannel called for Intents
12-12 20:52:14.653    47    47 D librcm  : createChannel called with channel name: Intents
12-12 20:52:14.653    47    47 D windows.services.rcm@1.0-service: SocketClient is acting as a server and waiting for connections on port 1461835793
12-12 20:52:14.654    47    47 D windows.services.rcm@1.0-service: SocketClient accepted a connection
12-12 20:52:14.654    47    47 D librcm  : Returning channel Intents
12-12 20:52:14.655   645  1169 V ApiMessageHandler(Intents): Receive thread starting.
12-12 20:52:14.655   645   715 I android_os_HwBinder: HwBinder: Starting thread pool for getting: windows.services.rcm@1.0::IRemoteConnectionManager/default
12-12 20:52:14.655   645  1169 V IntentRedirectionHandler: Receive IntentMessage LaunchPackage
12-12 20:52:14.655    47    47 D RemoteConnectionManager: createChannel called for FileSystem
12-12 20:52:14.655    47    47 D librcm  : createChannel called with channel name: FileSystem
12-12 20:52:14.655    47    47 D windows.services.rcm@1.0-service: SocketClient is acting as a server and waiting for connections on port 1461835794
12-12 20:52:14.656    47    47 D windows.services.rcm@1.0-service: SocketClient accepted a connection
12-12 20:52:14.656    47    47 D librcm  : Returning channel FileSystem
12-12 20:52:14.657   214   401 I ActivityTaskManager: START u0 {act=android.settings.APPLICATION_DEVELOPMENT_SETTINGS flg=0x10010000 pkg=com.android.settings cmp=com.android.settings/.Settings$DevelopmentSettingsDashboardActivity} from uid 10029
12-12 20:52:14.658   376   568 D skia    : Shader compilation error
12-12 20:52:14.658   376   568 D skia    : ------------------------
12-12 20:52:14.658   376   568 D skia    : Errors:
12-12 20:52:14.658   376   568 D skia    : 
12-12 20:52:14.665   469  1104 D NetworkMonitor/100: PROBE_HTTP http://connectivitycheck.gstatic.com/generate_204 time=116ms ret=204 request={Connection=[close], User-Agent=[Mozilla/5.0 (X11; Linux x86_64) AppleWebKit/537.36 (KHTML, like Gecko) Chrome/60.0.3112.32 Safari/537.36]} headers={null=[HTTP/1.1 204 No Content], Connection=[close], Content-Length=[0], Date=[Sun, 12 Dec 2021 12:52:14 GMT], X-Android-Received-Millis=[1639313534665], X-Android-Response-Source=[NETWORK 204], X-Android-Selected-Protocol=[http/1.1], X-Android-Sent-Millis=[1639313534590]}
12-12 20:52:14.668   626  1114 V SettingsRedirectionHandler: Receive SettingsMessage ClosedCaptions
12-12 20:52:14.672   626  1114 I chatty  : uid=1000(system) ApiMessageHandl identical 1 line
12-12 20:52:14.693   626  1114 V SettingsRedirectionHandler: Receive SettingsMessage ClosedCaptions
12-12 20:52:14.729   645  1160 V ClipboardRedirectionHandler: Receive ClipboardMessage SetServerClipboardContent
12-12 20:52:14.729   645  1160 V ClipboardContentHelper: Creating new ClipData with size of: 1
12-12 20:52:14.733   214   401 I DisplayManagerService: Display device added: DisplayDeviceInfo{"com.android.settings:1": uniqueId="virtual:com.microsoft.windows.systemapp:com.android.settings:1", 1050 x 640, modeId 2, defaultModeId 2, supportedModes [{id=2, width=1050, height=640, fps=60.0}], colorMode 0, supportedColorModes [0], HdrCapabilities null, allmSupported false, gameContentTypeSupported false, density 240, 240.0 x 240.0 dpi, appVsyncOff 0, presDeadline 16666666, touch VIRTUAL, rotation 0, type VIRTUAL, deviceProductInfo null, state OFF, owner com.microsoft.windows.systemapp (uid 1000), FLAG_ROTATES_WITH_CONTENT, FLAG_SECURE, FLAG_OWN_CONTENT_ONLY}
12-12 20:52:14.739   214   401 I WindowManager: Override config changes=20005df8 {0.0 ?mcc?mnc ?localeList ?layoutDir sw426dp w700dp h426dp 240dpi nrml land ?uimode ?night finger qwerty/v/v -nav/h winConfig={ mBounds=Rect(0, 0 - 1050, 640) mAppBounds=Rect(0, 0 - 1050, 640) mWindowingMode=fullscreen mDisplayWindowingMode=fullscreen mActivityType=undefined mAlwaysOnTop=undefined mRotation=ROTATION_0}} for displayId=1
12-12 20:52:14.743   214   401 I ActivityTaskManager: START u0 {flg=0x18000000 cmp=com.microsoft.windows.userapp/.PlaceholderActivity} from uid 1000
12-12 20:52:14.745   214   401 W ActivityTaskManager: Tried to set launchTime (0) < mLastActivityLaunchTime (5362)
12-12 20:52:14.751   645  1171 V ApiMessageHandler(FileSystem): Receive thread starting.
12-12 20:52:14.752   645   715 I android_os_HwBinder: HwBinder: Starting thread pool for getting: windows.services.rcm@1.0::IRemoteConnectionManager/default
12-12 20:52:14.752    47    47 D RemoteConnectionManager: createChannel called for Wns
12-12 20:52:14.752    47    47 D librcm  : createChannel called with channel name: Wns
12-12 20:52:14.752    47    47 D windows.services.rcm@1.0-service: SocketClient is acting as a server and waiting for connections on port 1461835795
12-12 20:52:14.753    47    47 D windows.services.rcm@1.0-service: SocketClient accepted a connection
12-12 20:52:14.753    47    47 D librcm  : Returning channel Wns
12-12 20:52:14.754   645   715 I UserApp : Initialize complete
12-12 20:52:14.754   645  1172 V ApiMessageHandler(Wns): Receive thread starting.
12-12 20:52:14.762   376   376 W DisplayController: Skipping Display Configuration change on non-added display.
12-12 20:52:14.764   214   237 I DisplayManagerService: Display device changed state: "com.android.settings:1", ON
12-12 20:52:14.768   626   672 I Gralloc4: mapper 4.x is not supported
12-12 20:52:14.769   626   672 W Gralloc3: mapper 3.x is not supported
12-12 20:52:14.770   626   672 W Gralloc4: allocator 3.x is not supported
12-12 20:52:14.770   626   672 W Gralloc3: allocator 3.x is not supported
12-12 20:52:14.778   214   401 I ActivityTaskManager: moveTaskToBack: Task{ce06d35 #51 visible=false type=standard mode=fullscreen translucent=true I=com.microsoft.windows.userapp/.PlaceholderActivity U=0 StackId=51 sz=1}
12-12 20:52:14.779   626   672 D HostConnection: createUnique: call
12-12 20:52:14.780   626   672 D librcm  : SocketClient connected to host port 22469
12-12 20:52:14.780   626   672 D HostConnection: HostConnection::get() New Host Connection established 0x7ce8a37e5ed0, tid 672
12-12 20:52:14.780   626   672 D HostConnection: HostComposition ext ANDROID_EMU_host_composition_v1 ANDROID_EMU_host_composition_v2 ANDROID_EMU_virtio_gpu_next ANDROID_EMU_sync_buffer_data GL_OES_EGL_image_external_essl3 GL_OES_vertex_array_object GL_KHR_texture_compression_astc_ldr GL_EXT_texture_compression_bptc GL_EXT_texture_compression_s3tc ANDROID_EMU_host_side_tracing ANDROID_EMU_gles_max_version_3_0 
12-12 20:52:14.783   214   401 W ActivityTaskManager: Tried to set launchTime (0) < mLastActivityLaunchTime (4770)
12-12 20:52:14.801   376   568 D skia    : Shader compilation error
12-12 20:52:14.801   376   568 D skia    : ------------------------
12-12 20:52:14.801   376   568 D skia    : Errors:
12-12 20:52:14.801   376   568 D skia    : 
12-12 20:52:14.819   626  1114 V SettingsRedirectionHandler: Receive SettingsMessage ClosedCaptions
12-12 20:52:14.822   626  1114 V SettingsRedirectionHandler: Receive SettingsMessage ClosedCaptions
12-12 20:52:14.834   214   227 E UserRestrictionsUtils: Unknown restriction queried by uid 1000 (com.android.dynsystem et al): null
12-12 20:52:14.835   214   227 I chatty  : uid=1000(system) Binder:214_1 identical 2 lines
12-12 20:52:14.836   214   227 E UserRestrictionsUtils: Unknown restriction queried by uid 1000 (com.android.dynsystem et al): null
12-12 20:52:14.844   214   227 I ProcessStatsService: Added stats: 2021-12-12-18-22-30, over +2h5m10s845ms
12-12 20:52:14.878   352   500 I chatty  : uid=1000(system) com.android.settings expire 4 lines
12-12 20:52:14.892   352  1182 I chatty  : uid=1000(system) com.android.settings expire 7 lines
12-12 20:52:14.925   626  1114 V SettingsRedirectionHandler: Receive SettingsMessage ClosedCaptions
12-12 20:52:14.927   626  1114 V SettingsRedirectionHandler: Receive SettingsMessage ClosedCaptions
12-12 20:52:15.222   214  1199 I ProcessStatsService: Added stats: 2021-12-12-18-22-30, over +2h5m10s845ms
12-12 20:52:15.223   352  1192 I chatty  : uid=1000(system) pool-2-thread-1 expire 15 lines
12-12 20:52:15.300   591   613 I bility.talkbac: Waiting for a blocking GC ProfileSaver
12-12 20:52:15.425   743   762 I evice.messagin: Waiting for a blocking GC ProfileSaver
12-12 20:52:15.574  1118  1124 I adbd    : adbd mDNS service _adb._tcp registered: 1
12-12 20:52:15.574  1118  1136 I adbd    : adbd mDNS service _adb-tls-connect._tcp registered: 1
12-12 20:52:15.875   778  1205 I chatty  : uid=10022(com.amazon.venezia) expire 5 lines
12-12 20:52:15.878   778  1209 I chatty  : uid=10022(com.amazon.venezia) expire 3 lines
12-12 20:52:15.881   911   933 I d.process.acor: Waiting for a blocking GC ProfileSaver
12-12 20:52:16.655   626  1114 V SettingsRedirectionHandler: Receive SettingsMessage ClosedCaptions
12-12 20:52:16.658   626  1114 V SettingsRedirectionHandler: Receive SettingsMessage ClosedCaptions
12-12 20:52:16.658   214   237 E SensorNotificationService: Invalid local geomagnetic field, ignore.
12-12 20:52:16.660   626  1114 V SettingsRedirectionHandler: Receive SettingsMessage ClosedCaptions
12-12 20:52:16.696   376   568 D EGL_emulation: app_time_stats: avg=149.12ms min=4.52ms max=1606.05ms count=13
12-12 20:52:17.298   214  1199 I chatty  : uid=1000(system) Binder:214_8 expire 12 lines
12-12 20:52:18.663  1118  1215 I adbd    : host-15: read thread spawning
12-12 20:52:18.663  1118  1216 I adbd    : host-15: write thread spawning
12-12 20:52:18.663  1118  1118 I adbd    : host-15: already offline
12-12 20:52:18.663  1118  1118 I adbd    : Calling send_auth_request...
12-12 20:52:18.670  1118  1118 I adbd    : adbd_auth: loading keys from /data/misc/adb/adb_keys
12-12 20:52:18.670  1118  1118 I adbd    : adb client authorized
12-12 20:52:17.335   626  1114 I chatty  : uid=1000(system) ApiMessageHandl identical 3 lines
12-12 20:52:17.347   626  1114 V SettingsRedirectionHandler: Receive SettingsMessage ClosedCaptions
12-12 20:52:18.777   214  1199 W OverlayManager: service 'idmap' died
12-12 20:52:18.881   214   609 E TaskPersister: File error accessing recents directory (directory doesn't exist?).
12-12 20:52:19.168   626  1114 V SettingsRedirectionHandler: Receive SettingsMessage ClosedCaptions
12-12 20:52:19.191   626  1114 I chatty  : uid=1000(system) ApiMessageHandl identical 2 lines
12-12 20:52:19.199   626  1114 V SettingsRedirectionHandler: Receive SettingsMessage ClosedCaptions
12-12 20:52:19.930   214   235 W Looper  : Slow dispatch took 179ms android.ui h=android.view.Choreographer$FrameHandler c=android.view.Choreographer$FrameDisplayEventReceiver@2f4a4f7 m=0
12-12 20:52:22.180   626  1114 V SettingsRedirectionHandler: Receive SettingsMessage ClosedCaptions
12-12 20:52:23.393   626  1114 I chatty  : uid=1000(system) ApiMessageHandl identical 15 lines
12-12 20:52:23.394   626  1114 V SettingsRedirectionHandler: Receive SettingsMessage ClosedCaptions
12-12 20:52:23.449   645  1169 V IntentRedirectionHandler: Receive IntentMessage LaunchPackage
12-12 20:52:23.450   214   336 I ActivityTaskManager: START u0 {act=android.intent.action.MAIN cat=[android.intent.category.LAUNCHER] flg=0x10010000 pkg=com.eivaagames.RealChess3D.dbzq.m cmp=com.eivaagames.RealChess3D.dbzq.m/com.kuaiyouxi.gamepad.sdk.shell.KyxShellActivity} from uid 10029
12-12 20:52:23.499   214   336 I DisplayManagerService: Display device added: DisplayDeviceInfo{"com.eivaagames.RealChess3D.dbzq.m:2": uniqueId="virtual:com.microsoft.windows.systemapp:com.eivaagames.RealChess3D.dbzq.m:2", 1280 x 781, modeId 3, defaultModeId 3, supportedModes [{id=3, width=1280, height=781, fps=60.0}], colorMode 0, supportedColorModes [0], HdrCapabilities null, allmSupported false, gameContentTypeSupported false, density 240, 240.0 x 240.0 dpi, appVsyncOff 0, presDeadline 16666666, touch VIRTUAL, rotation 0, type VIRTUAL, deviceProductInfo null, state OFF, owner com.microsoft.windows.systemapp (uid 1000), FLAG_ROTATES_WITH_CONTENT, FLAG_SECURE, FLAG_OWN_CONTENT_ONLY}
12-12 20:52:23.503   214   336 I WindowManager: Override config changes=20005df8 {0.0 ?mcc?mnc ?localeList ?layoutDir sw520dp w853dp h520dp 240dpi lrg land ?uimode ?night finger qwerty/v/v -nav/h winConfig={ mBounds=Rect(0, 0 - 1280, 781) mAppBounds=Rect(0, 0 - 1280, 781) mWindowingMode=fullscreen mDisplayWindowingMode=fullscreen mActivityType=undefined mAlwaysOnTop=undefined mRotation=ROTATION_0}} for displayId=2
12-12 20:52:23.503   376   376 W DisplayController: Skipping Display Configuration change on non-added display.
12-12 20:52:23.507   214   336 I ActivityTaskManager: START u0 {flg=0x18000000 cmp=com.microsoft.windows.userapp/.PlaceholderActivity} from uid 1000
12-12 20:52:23.509   214   336 W ActivityTaskManager: Tried to set launchTime (0) < mLastActivityLaunchTime (9779)
12-12 20:52:23.522   214   237 I DisplayManagerService: Display device changed state: "com.eivaagames.RealChess3D.dbzq.m:2", ON
12-12 20:52:23.526   214  1199 I ActivityTaskManager: moveTaskToBack: Task{55cc7c4 #53 visible=false type=standard mode=fullscreen translucent=true I=com.microsoft.windows.userapp/.PlaceholderActivity U=0 StackId=53 sz=1}
12-12 20:52:23.535   214   237 D CompatibilityChangeReporter: Compat change id reported: 135634846; UID 10036; state: DISABLED
12-12 20:52:23.536   214   244 D CompatibilityChangeReporter: Compat change id reported: 143937733; UID 10036; state: DISABLED
12-12 20:52:23.539    70    70 D Zygote  : Forked child process 1220
12-12 20:52:23.540   214   244 I ActivityManager: Start proc 1220:com.eivaagames.RealChess3D.dbzq.m/u0a36 for pre-top-activity {com.eivaagames.RealChess3D.dbzq.m/com.kuaiyouxi.gamepad.sdk.shell.KyxShellActivity}
12-12 20:52:23.542  1220  1220 I chatty  : uid=10036(com.eivaagames.RealChess3D.dbzq.m) expire 38 lines
12-12 20:52:23.560   352   487 I chatty  : uid=1000(system) RenderThread expire 12 lines
12-12 20:52:23.616   214   670 D CompatibilityChangeReporter: Compat change id reported: 149924527; UID 10036; state: ENABLED
12-12 20:52:23.617   214   670 D CompatibilityChangeReporter: Compat change id reported: 132649864; UID 10036; state: DISABLED
12-12 20:52:23.624  1220  1248 I chatty  : uid=10036(com.eivaagames.RealChess3D.dbzq.m) expire 3 lines
12-12 20:52:23.624   214   235 W Looper  : Slow dispatch took 104ms android.ui h=android.view.Choreographer$FrameHandler c=android.view.Choreographer$FrameDisplayEventReceiver@2f4a4f7 m=0
12-12 20:52:23.632  1220  1250 I chatty  : uid=10036(com.eivaagames.RealChess3D.dbzq.m) expire 2 lines
12-12 20:52:23.639  1220  1252 I chatty  : uid=10036(com.eivaagames.RealChess3D.dbzq.m) expire 3 lines
12-12 20:52:23.646  1220  1246 I chatty  : uid=10036(com.eivaagames.RealChess3D.dbzq.m) RenderThread expire 29 lines
12-12 20:52:23.648    31    31 I chatty  : uid=1000(system) hwservicemanage expire 10 lines
12-12 20:52:23.691   626  1114 V SettingsRedirectionHandler: Receive SettingsMessage ClosedCaptions
12-12 20:52:23.695   626  1114 V SettingsRedirectionHandler: Receive SettingsMessage ClosedCaptions
12-12 20:52:23.787   214   670 I ActivityTaskManager: START u0 {cmp=com.eivaagames.RealChess3D.dbzq.m/com.kuaiyouxi.gamepad.sdk.LauncherActivity} from uid 10036
12-12 20:52:23.794   214   336 W ActivityTaskManager: Tried to set launchTime (0) < mLastActivityLaunchTime (18583)
12-12 20:52:23.868   214   224 I chatty  : uid=1000(system) ReferenceQueueD expire 4 lines
12-12 20:52:23.871   626  1114 V SettingsRedirectionHandler: Receive SettingsMessage ClosedCaptions
12-12 20:52:23.872   626  1114 V SettingsRedirectionHandler: Receive SettingsMessage ClosedCaptions
12-12 20:52:23.994   214   336 I ActivityTaskManager: START u0 {act=android.content.pm.action.REQUEST_PERMISSIONS pkg=com.android.permissioncontroller cmp=com.android.permissioncontroller/.permission.ui.GrantPermissionsActivity (has extras)} from uid 10036
12-12 20:52:24.002   214   670 I chatty  : uid=1000(system) Binder:214_7 expire 12 lines
12-12 20:52:24.027  1220  1287 I chatty  : uid=10036(com.eivaagames.RealChess3D.dbzq.m) pool-10-thread- expire 3 lines
12-12 20:52:24.037   986  1293 D libEGL  : loaded /vendor/lib64/egl/libEGL_emulation.so
12-12 20:52:24.038   986  1293 D libEGL  : loaded /vendor/lib64/egl/libGLESv1_CM_emulation.so
12-12 20:52:24.040   986  1293 D libEGL  : loaded /vendor/lib64/egl/libGLESv2_emulation.so
12-12 20:52:24.062   986   986 V GrantPermissionsActivity: Permission grant result requestId=8320158928211162315 callingUid=10036 callingPackage=com.eivaagames.RealChess3D.dbzq.m permission=android.permission.ACCESS_FINE_LOCATION isImplicit=false result=1
12-12 20:52:24.068   986   986 V GrantPermissionsActivity: Permission grant result requestId=8320158928211162315 callingUid=10036 callingPackage=com.eivaagames.RealChess3D.dbzq.m permission=android.permission.ACCESS_COARSE_LOCATION isImplicit=true result=5
12-12 20:52:24.069   986   986 V GrantPermissionsActivity: Permission grant result requestId=8320158928211162315 callingUid=10036 callingPackage=com.eivaagames.RealChess3D.dbzq.m permission=android.permission.ACCESS_BACKGROUND_LOCATION isImplicit=true result=2
12-12 20:52:24.075    94   122 I chatty  : uid=1000(system) Binder:94_1 expire 1 line
12-12 20:52:24.200  1220  1300 I chatty  : uid=10036(com.eivaagames.RealChess3D.dbzq.m) expire 4 lines
12-12 20:52:24.221  1220  1305 I chatty  : uid=10036(com.eivaagames.RealChess3D.dbzq.m) pool-16-thread- expire 2 lines
12-12 20:52:24.245  1220  1309 I chatty  : uid=10036(com.eivaagames.RealChess3D.dbzq.m) pool-20-thread- expire 2 lines
12-12 20:52:24.246  1220  1244 I chatty  : uid=10036(com.eivaagames.RealChess3D.dbzq.m) expire 1 line
12-12 20:52:24.247   115   266 W ServiceManager: Permission failure: android.permission.SYSTEM_CAMERA from uid=10036 pid=1220
12-12 20:52:24.455  1220  1320 I chatty  : uid=10036(com.eivaagames.RealChess3D.dbzq.m) expire 1 line
12-12 20:52:24.458  1220  1321 I chatty  : uid=10036(com.eivaagames.RealChess3D.dbzq.m) expire 1 line
12-12 20:52:24.555   469  1103 D NetworkMonitor/100: PROBE_HTTPS https://www.google.com/generate_204 Probe failed with exception java.net.SocketTimeoutException: failed to connect to www.google.com/202.160.129.36 (port 443) from /172.17.62.62 (port 60292) after 10000ms
12-12 20:52:24.564   986  1004 I PermissionControllerServiceImpl: Updating user sensitive for uid 1000
12-12 20:52:24.565   214   235 I chatty  : uid=1000(system) android.ui expire 10 lines
12-12 20:52:24.568  1054  1054 D CompatibilityChangeReporter: Compat change id reported: 150939131; UID 10018; state: DISABLED
12-12 20:52:24.568   214   242 I chatty  : uid=1000(system) android.bg expire 9 lines
12-12 20:52:26.872   626  1114 V SettingsRedirectionHandler: Receive SettingsMessage ClosedCaptions
12-12 20:52:26.874   626  1114 V SettingsRedirectionHandler: Receive SettingsMessage ClosedCaptions
12-12 20:52:27.094   214   609 E TaskPersister: File error accessing recents directory (directory doesn't exist?).
12-12 20:52:27.497   469  1102 D NetworkMonitor/100: PROBE_FALLBACK http://www.google.com/gen_204 Probe failed with exception java.net.SocketTimeoutException: failed to connect to www.google.com/202.160.129.36 (port 80) from /172.17.62.62 (port 60676) after 10000ms
12-12 20:52:27.498   469  1102 D NetworkMonitor/100: isCaptivePortal: isSuccessful()=false isPortal()=false RedirectUrl=null isPartialConnectivity()=true Time=13014ms
12-12 20:52:27.498   214   296 D ConnectivityService: [100 WIFI] validation failed
12-12 20:52:27.499   214   292 I chatty  : uid=1000(system) WifiHandlerThre expire 12 lines
12-12 20:52:27.500   214   296 D NetworkNotificationManager: showNotification tag=ConnectivityNotification:100 event=PARTIAL_CONNECTIVITY transport=WLAN name="VirtWifi" highPriority=false
12-12 20:52:27.554   214   289 I chatty  : uid=1000(system) NetworkPolicy expire 8 lines
12-12 20:52:27.705   214   214 W NotificationHistory: Attempted to add notif for locked/gone/disabled user 0
12-12 20:52:27.706   626   626 D NotificationListener: New notification detected by a notification listener
12-12 20:52:27.706   626   626 D NotificationRedirectionHandler: Generating new notification message..
12-12 20:52:27.712   626   626 D NotificationRedirectionHandler: Notification package name:android, id:745, tag:ConnectivityNotification:100, app name:适用于 Android™ 的 Windows 子系统, title:VirtWifi 的连接受限, text:点按即可继续连接
12-12 20:52:27.712   626   626 D NotificationRedirectionHandler: sendNotification sent notification message.
12-12 20:52:27.715   376   376 D InterruptionStateProvider: No bubble up: not allowed to bubble: -1|android|745|ConnectivityNotification:100|1000
12-12 20:52:27.715   376   376 D InterruptionStateProvider: No heads up: unimportant notification: -1|android|745|ConnectivityNotification:100|1000
12-12 20:52:27.716   376  1323 E BluetoothAdapter: Bluetooth binder is null
12-12 20:52:27.717   376  1323 E BluetoothAdapter: Bluetooth binder is null
12-12 20:52:27.741   376   568 D EGL_emulation: app_time_stats: avg=11044.90ms min=11044.90ms max=11044.90ms count=1
12-12 20:52:27.803   376   568 D skia    : Shader compilation error
12-12 20:52:27.803   376   568 D skia    : ------------------------
12-12 20:52:27.803   376   568 D skia    : Errors:
12-12 20:52:27.803   376   568 D skia    : 
12-12 20:52:28.506   469  1326 D NetworkMonitor/100: PROBE_DNS www.google.com 5ms OK 202.160.129.36
12-12 20:52:28.506   469  1327 D NetworkMonitor/100: PROBE_DNS connectivitycheck.gstatic.com 5ms OK 203.208.41.34
12-12 20:52:28.618   469  1327 D NetworkMonitor/100: PROBE_HTTP http://connectivitycheck.gstatic.com/generate_204 time=110ms ret=204 request={Connection=[close], User-Agent=[Mozilla/5.0 (X11; Linux x86_64) AppleWebKit/537.36 (KHTML, like Gecko) Chrome/60.0.3112.32 Safari/537.36]} headers={null=[HTTP/1.1 204 No Content], Connection=[close], Content-Length=[0], Date=[Sun, 12 Dec 2021 12:52:28 GMT], X-Android-Received-Millis=[1639313548617], X-Android-Response-Source=[NETWORK 204], X-Android-Selected-Protocol=[http/1.1], X-Android-Sent-Millis=[1639313548546]}
12-12 20:52:32.204  1220  1310 I chatty  : uid=10036(com.eivaagames.RealChess3D.dbzq.m) expire 1 line
12-12 20:52:32.210  1220  1307 E ActivityThread: Failed to find provider info for com.miui.analytics.server.AnalyticsProvider
12-12 20:52:32.212  1220  1307 I chatty  : uid=10036(com.eivaagames.RealChess3D.dbzq.m) expire 7 lines
12-12 20:52:32.213  1220  1334 I chatty  : uid=10036(com.eivaagames.RealChess3D.dbzq.m) expire 5 lines
12-12 20:52:32.216  1220  1334 E ActivityThread: Failed to find provider info for com.miui.analytics.server.AnalyticsProvider
12-12 20:52:32.221   214   401 I ActivityTaskManager: START u0 {act=android.intent.action.MAIN cat=[android.intent.category.LAUNCHER] flg=0x10000000 cmp=com.eivaagames.RealChess3D.dbzq.m/com.unity3d.player.UnityPlayerActivity} from uid 10036
12-12 20:52:32.244   214   524 W ActivityTaskManager: Tried to set launchTime (0) < mLastActivityLaunchTime (18828)
12-12 20:52:32.300   214   401 I ActivityTaskManager: START u0 {act=android.content.pm.action.REQUEST_PERMISSIONS pkg=com.android.permissioncontroller cmp=com.android.permissioncontroller/.permission.ui.GrantPermissionsActivity (has extras)} from uid 10036
12-12 20:52:32.332   214   401 W ActivityTaskManager: Tried to set launchTime (0) < mLastActivityLaunchTime (19063)
12-12 20:52:32.344   986   986 V GrantPermissionsActivity: Permission grant result requestId=-8187734575310822602 callingUid=10036 callingPackage=com.eivaagames.RealChess3D.dbzq.m permission=android.permission.ACCESS_BACKGROUND_LOCATION isImplicit=false result=2
12-12 20:52:32.502  1220  1348 I chatty  : uid=10036(com.eivaagames.RealChess3D.dbzq.m) UnityMain expire 26 lines
12-12 20:52:32.810    91   542 W AudioFlinger: createTrack_l(): mismatch between requested flags (00000008) and output flags (00000002)
12-12 20:52:32.810    91   542 D AudioFlinger: Client defaulted notificationFrames to 1588 for frameCount 3176
12-12 20:52:32.811    91   542 D AF::TrackHandle: OpPlayAudio: track:55 usage:1 not muted
12-12 20:52:32.813  1220  1405 I chatty  : uid=10036(com.eivaagames.RealChess3D.dbzq.m) expire 3 lines
12-12 20:52:32.813    91   542 W APM::AudioPolicyEngine: getDevicesForStrategy() unknown strategy: -1
12-12 20:52:32.813    91   542 W APM::AudioPolicyEngine: getDevicesForStrategy() unknown strategy: -1
12-12 20:52:32.814    80    80 E FMQ     : grantorIdx must be less than 3
12-12 20:52:32.814    80    80 E FMQ     : grantorIdx must be less than 3
12-12 20:52:32.814    91   229 E FMQ     : grantorIdx must be less than 3
12-12 20:52:32.854   214   524 I ActivityTaskManager: START u0 {act=android.content.pm.action.REQUEST_PERMISSIONS pkg=com.android.permissioncontroller cmp=com.android.permissioncontroller/.permission.ui.GrantPermissionsActivity (has extras)} from uid 10036
12-12 20:52:32.854   214   524 W ActivityTaskManager: startActivity called from finishing ActivityRecord{dbd698f u0 com.eivaagames.RealChess3D.dbzq.m/com.kuaiyouxi.gamepad.sdk.LauncherActivity t52 f}}; forcing Intent.FLAG_ACTIVITY_NEW_TASK for: Intent { act=android.content.pm.action.REQUEST_PERMISSIONS flg=0x800000 pkg=com.android.permissioncontroller cmp=com.android.permissioncontroller/.permission.ui.GrantPermissionsActivity (has extras) }
12-12 20:52:32.814    91   229 E FMQ     : grantorIdx must be less than 3
12-12 20:52:33.356   214   237 W ActivityTaskManager: Activity pause timeout for ActivityRecord{7f5c569 u0 com.eivaagames.RealChess3D.dbzq.m/com.unity3d.player.UnityPlayerActivity t52}
12-12 20:52:33.357   214   237 W ActivityTaskManager: Tried to set launchTime (0) < mLastActivityLaunchTime (27366)
12-12 20:52:33.367   986   986 I GrantPermissionsActivity: No package: null
12-12 20:52:33.367   986   986 I GrantPermissionsActivity: android.content.pm.PackageManager$NameNotFoundException
12-12 20:52:33.367   986   986 I GrantPermissionsActivity: 	at android.app.ApplicationPackageManager.getPackageInfoAsUser(ApplicationPackageManager.java:206)
12-12 20:52:33.367   986   986 I GrantPermissionsActivity: 	at android.app.ApplicationPackageManager.getPackageInfo(ApplicationPackageManager.java:178)
12-12 20:52:33.367   986   986 I GrantPermissionsActivity: 	at com.android.permissioncontroller.permission.ui.GrantPermissionsActivity.getCallingPackageInfo(GrantPermissionsActivity.java:1150)
12-12 20:52:33.367   986   986 I GrantPermissionsActivity: 	at com.android.permissioncontroller.permission.ui.GrantPermissionsActivity.onCreate(GrantPermissionsActivity.java:328)
12-12 20:52:33.367   986   986 I GrantPermissionsActivity: 	at android.app.Activity.performCreate(Activity.java:7994)
12-12 20:52:33.367   986   986 I GrantPermissionsActivity: 	at android.app.Activity.performCreate(Activity.java:7978)
12-12 20:52:33.367   986   986 I GrantPermissionsActivity: 	at android.app.Instrumentation.callActivityOnCreate(Instrumentation.java:1309)
12-12 20:52:33.367   986   986 I GrantPermissionsActivity: 	at android.app.ActivityThread.performLaunchActivity(ActivityThread.java:3404)
12-12 20:52:33.367   986   986 I GrantPermissionsActivity: 	at android.app.ActivityThread.handleLaunchActivity(ActivityThread.java:3595)
12-12 20:52:33.367   986   986 I GrantPermissionsActivity: 	at android.app.servertransaction.LaunchActivityItem.execute(LaunchActivityItem.java:85)
12-12 20:52:33.367   986   986 I GrantPermissionsActivity: 	at android.app.servertransaction.TransactionExecutor.executeCallbacks(TransactionExecutor.java:135)
12-12 20:52:33.367   986   986 I GrantPermissionsActivity: 	at android.app.servertransaction.TransactionExecutor.execute(TransactionExecutor.java:95)
12-12 20:52:33.367   986   986 I GrantPermissionsActivity: 	at android.app.ActivityThread$H.handleMessage(ActivityThread.java:2066)
12-12 20:52:33.367   986   986 I GrantPermissionsActivity: 	at android.os.Handler.dispatchMessage(Handler.java:106)
12-12 20:52:33.367   986   986 I GrantPermissionsActivity: 	at android.os.Looper.loop(Looper.java:223)
12-12 20:52:33.367   986   986 I GrantPermissionsActivity: 	at android.app.ActivityThread.main(ActivityThread.java:7664)
12-12 20:52:33.367   986   986 I GrantPermissionsActivity: 	at java.lang.reflect.Method.invoke(Native Method)
